Archive member included because of file (symbol)

e:/nxp/bstudio_nxp/sdk/JN-SW-4170/Components/Library\libZPSMAC_Mini_JN516x.a(zps_mac_shim.o)
                              e:/nxp/Sensor/WL_DoorLock/Build/zcl_readAttributesRequestHandle.o (symbol from plugin) (ZPS_u16MacPibGetCoordShortAddress)
e:/nxp/bstudio_nxp/sdk/JN-SW-4170/Components/Library\libZPSMAC_Mini_JN516x.a(zps_miniMac.o)
                              zps_mac_shim.o (symbol from plugin) (ZPS_eMiniMacSetTxBuffers)
e:/nxp/bstudio_nxp/sdk/JN-SW-4170/Components/Library\libPWRM_JN516x.a(pwrm.o)
                              e:/nxp/Sensor/WL_DoorLock/Build/app_start_sensor.o (symbol from plugin) (PWRM_vInit)
e:/nxp/bstudio_nxp/sdk/JN-SW-4170/Components/Library\libPWRM_JN516x.a(pwrm_setjmp_JN516x.o)
                              pwrm.o (symbol from plugin) (setjmp)
e:/nxp/bstudio_nxp/sdk/JN-SW-4170/Components/Library\libPWRM_JN516x.a(pwrm_cold_start.o)
                              (AppColdStart)
e:/nxp/bstudio_nxp/sdk/JN-SW-4170/Components/Library\libPWRM_JN516x.a(pwrm_warm_start.o)
                              (AppWarmStart)
e:/nxp/bstudio_nxp/sdk/JN-SW-4170/Components/Library\libAES_SW_JN516x.a(aes_sw_mmo.o)
                              e:/nxp/Sensor/WL_DoorLock/Build/OTA.o (symbol from plugin) (AESSW_vMMOBlockUpdate)
e:/nxp/bstudio_nxp/sdk/JN-SW-4170/Components/Library\libPDUM_JN516x.a(pdum_nwk.o)
                              zps_miniMac.o (symbol from plugin) (PDUM_eNPduAllocate)
e:/nxp/bstudio_nxp/sdk/JN-SW-4170/Components/Library\libPDUM_JN516x.a(pdum_apl.o)
                              e:/nxp/Sensor/WL_DoorLock/Build/app_ota_client.o (symbol from plugin) (PDUM_u16APduInstanceReadNBO)
e:/nxp/bstudio_nxp/sdk/JN-SW-4170/Components/Library\libPDUM_JN516x.a(pdum.o)
                              pdum_nwk.o (symbol from plugin) (PDUM_u16SizeNBO)
e:/nxp/bstudio_nxp/sdk/JN-SW-4170/Components/Library\libZPSAPL_JN516x.a(zps_apl_version_lc.o)
                              e:/nxp/Sensor/WL_DoorLock/Build/zps_gen.o (ZPS_APL_Version_3v0)
e:/nxp/bstudio_nxp/sdk/JN-SW-4170/Components/Library\libZPSAPL_JN516x.a(zps_apl_af.o)
                              e:/nxp/Sensor/WL_DoorLock/Build/app_zlo_sensor_node.o (symbol from plugin) (ZPS_eAplAfInit)
e:/nxp/bstudio_nxp/sdk/JN-SW-4170/Components/Library\libZPSAPL_JN516x.a(zps_apl_af_apsde.o)
                              e:/nxp/Sensor/WL_DoorLock/Build/zps_gen.o (zps_vHandleApsdeDataFragIndNotSupported)
e:/nxp/bstudio_nxp/sdk/JN-SW-4170/Components/Library\libZPSAPL_JN516x.a(zps_apl_task.o)
                              zps_apl_af_apsde.o (symbol from plugin) (zps_vAplAfPostEvent)
e:/nxp/bstudio_nxp/sdk/JN-SW-4170/Components/Library\libZPSAPL_JN516x.a(zps_apl_apsde.o)
                              zps_apl_task.o (symbol from plugin) (ZPS_vAplRegisterApsdeDcfmIndCallbacks)
e:/nxp/bstudio_nxp/sdk/JN-SW-4170/Components/Library\libZPSAPL_JN516x.a(zps_apl_apsme.o)
                              zps_apl_task.o (symbol from plugin) (ZPS_vAplRegisterApsmeDcfmIndCallbacks)
e:/nxp/bstudio_nxp/sdk/JN-SW-4170/Components/Library\libZPSAPL_JN516x.a(zps_apl_aps_nlde.o)
                              zps_apl_task.o (symbol from plugin) (zps_vAplApsHandleNldeDcfmInd)
e:/nxp/bstudio_nxp/sdk/JN-SW-4170/Components/Library\libZPSAPL_JN516x.a(zps_apl_sec.o)
                              zps_apl_apsme.o (symbol from plugin) (zps_vGenerateHashForVerifiedKey)
e:/nxp/bstudio_nxp/sdk/JN-SW-4170/Components/Library\libZPSAPL_JN516x.a(zps_apl_aib.o)
                              e:/nxp/Sensor/WL_DoorLock/Build/App_WL_DoorLock.o (symbol from plugin) (zps_psAplAibGetAib)
e:/nxp/bstudio_nxp/sdk/JN-SW-4170/Components/Library\libZPSAPL_JN516x.a(zps_apl_zdo_nwkmanager.o)
                              zps_apl_apsme.o (symbol from plugin) (zps_vAplSaveRecord)
e:/nxp/bstudio_nxp/sdk/JN-SW-4170/Components/Library\libZPSAPL_JN516x.a(zps_apl_zdo_handle_zdp_event.o)
                              zps_apl_task.o (symbol from plugin) (zps_bAplZdoHandleZdpEvent)
e:/nxp/bstudio_nxp/sdk/JN-SW-4170/Components/Library\libZPSAPL_JN516x.a(zps_apl_zdo_trust_center.o)
                              zps_apl_aps_nlde.o (symbol from plugin) (zps_eAplTrustCenterFindDevice)
e:/nxp/bstudio_nxp/sdk/JN-SW-4170/Components/Library\libZPSAPL_JN516x.a(zps_apl_zdo_common.o)
                              zps_apl_zdo_nwkmanager.o (symbol from plugin) (zps_eAplZdoNlmeleaveWrapper)
e:/nxp/bstudio_nxp/sdk/JN-SW-4170/Components/Library\libZPSAPL_JN516x.a(zps_apl_zdo_group.o)
                              e:/nxp/Sensor/WL_DoorLock/Build/GroupsTableManager.o (symbol from plugin) (zps_eAplZdoGroupEndpointAdd)
e:/nxp/bstudio_nxp/sdk/JN-SW-4170/Components/Library\libZPSAPL_JN516x.a(zps_apl_zdo_default_server.o)
                              e:/nxp/Sensor/WL_DoorLock/Build/zps_gen.o (zps_vAplZdoDefaultServerInit)
e:/nxp/bstudio_nxp/sdk/JN-SW-4170/Components/Library\libZPSAPL_JN516x.a(zps_apl_zdo_bind_manager.o)
[...]
Memory Configuration

Name             Origin             Length             Attributes
flash            0x0000000000080000 0x0000000000080000
ram              0x000000000400004c 0x0000000000007fb4
*default*        0x0000000000000000 0xffffffffffffffff

Linker script and memory map

                0x0000000000001770                __stack_size = 0x1770
                0x00000000000007d0                __minimum_heap_size = 0x7d0
START GROUP
LOAD e:/nxp/Sensor/WL_DoorLock/Build/irq_JN516x.o
LOAD e:/nxp/Sensor/WL_DoorLock/Build/pdum_apdu.o
LOAD e:/nxp/Sensor/WL_DoorLock/Build/pdum_gen.o
LOAD e:/nxp/Sensor/WL_DoorLock/Build/zps_gen.o
LOAD e:/nxp/Sensor/WL_DoorLock/Build/app_pdm.o
LOAD C:\Users\raise\AppData\Local\Temp\ccGuxrag.ltrans0.ltrans.o
LOAD C:\Users\raise\AppData\Local\Temp\ccGuxrag.ltrans1.ltrans.o
LOAD C:\Users\raise\AppData\Local\Temp\ccGuxrag.ltrans2.ltrans.o
LOAD C:\Users\raise\AppData\Local\Temp\ccGuxrag.ltrans3.ltrans.o
LOAD C:\Users\raise\AppData\Local\Temp\ccGuxrag.ltrans4.ltrans.o
LOAD C:\Users\raise\AppData\Local\Temp\ccGuxrag.ltrans5.ltrans.o
LOAD C:\Users\raise\AppData\Local\Temp\ccGuxrag.ltrans6.ltrans.o
LOAD C:\Users\raise\AppData\Local\Temp\ccGuxrag.ltrans7.ltrans.o
LOAD C:\Users\raise\AppData\Local\Temp\ccGuxrag.ltrans8.ltrans.o
LOAD C:\Users\raise\AppData\Local\Temp\ccGuxrag.ltrans9.ltrans.o
LOAD C:\Users\raise\AppData\Local\Temp\ccGuxrag.ltrans10.ltrans.o
LOAD C:\Users\raise\AppData\Local\Temp\ccGuxrag.ltrans11.ltrans.o
LOAD C:\Users\raise\AppData\Local\Temp\ccGuxrag.ltrans12.ltrans.o
LOAD C:\Users\raise\AppData\Local\Temp\ccGuxrag.ltrans13.ltrans.o
LOAD C:\Users\raise\AppData\Local\Temp\ccGuxrag.ltrans14.ltrans.o
LOAD C:\Users\raise\AppData\Local\Temp\ccGuxrag.ltrans15.ltrans.o
LOAD C:\Users\raise\AppData\Local\Temp\ccGuxrag.ltrans16.ltrans.o
LOAD C:\Users\raise\AppData\Local\Temp\ccGuxrag.ltrans17.ltrans.o
LOAD C:\Users\raise\AppData\Local\Temp\ccGuxrag.ltrans18.ltrans.o
LOAD C:\Users\raise\AppData\Local\Temp\ccGuxrag.ltrans19.ltrans.o
LOAD C:\Users\raise\AppData\Local\Temp\ccGuxrag.ltrans20.ltrans.o
LOAD C:\Users\raise\AppData\Local\Temp\ccGuxrag.ltrans21.ltrans.o
LOAD C:\Users\raise\AppData\Local\Temp\ccGuxrag.ltrans22.ltrans.o
LOAD C:\Users\raise\AppData\Local\Temp\ccGuxrag.ltrans23.ltrans.o
LOAD C:\Users\raise\AppData\Local\Temp\ccGuxrag.ltrans24.ltrans.o
LOAD C:\Users\raise\AppData\Local\Temp\ccGuxrag.ltrans25.ltrans.o
LOAD C:\Users\raise\AppData\Local\Temp\ccGuxrag.ltrans26.ltrans.o
LOAD C:\Users\raise\AppData\Local\Temp\ccGuxrag.ltrans27.ltrans.o
LOAD C:\Users\raise\AppData\Local\Temp\ccGuxrag.ltrans28.ltrans.o
LOAD C:\Users\raise\AppData\Local\Temp\ccGuxrag.ltrans29.ltrans.o
LOAD C:\Users\raise\AppData\Local\Temp\ccGuxrag.ltrans30.ltrans.o
LOAD C:\Users\raise\AppData\Local\Temp\ccGuxrag.ltrans31.ltrans.o
LOAD e:/nxp/bstudio_nxp/sdk/tools/ba-elf-ba2-r36379/bin/../lib/gcc/ba-elf/4.7.4/../../../../ba-elf/lib/mcpu_jn51xx_sizeopt\libc.a
LOAD e:/nxp/bstudio_nxp/sdk/tools/ba-elf-ba2-r36379/bin/../lib/gcc/ba-elf/4.7.4/mcpu_jn51xx_sizeopt\libgcc.a
LOAD e:/nxp/bstudio_nxp/sdk/tools/ba-elf-ba2-r36379/bin/../lib/gcc/ba-elf/4.7.4/../../../../ba-elf/lib/mcpu_jn51xx_sizeopt\libc.a
LOAD e:/nxp/Sensor/WL_DoorLock/Build/app_main.o
LOAD e:/nxp/Sensor/WL_DoorLock/Build/app_reporting.o
LOAD e:/nxp/Sensor/WL_DoorLock/Build/app_start_sensor.o
LOAD e:/nxp/Sensor/WL_DoorLock/Build/App_WL_DoorLock.o
LOAD e:/nxp/Sensor/WL_DoorLock/Build/app_zlo_sensor_node.o
LOAD e:/nxp/Sensor/WL_DoorLock/Build/app_zcl_sensor_task.o
LOAD e:/nxp/Sensor/WL_DoorLock/Build/app_occupancy_buttons.o
LOAD e:/nxp/Sensor/WL_DoorLock/Build/app_SampleDoorLock_Uart.o
LOAD e:/nxp/Sensor/WL_DoorLock/Build/app_ota_client.o
LOAD e:/nxp/Sensor/WL_DoorLock/Build/app_occupancy_sensor_state_machine.o
LOAD e:/nxp/Sensor/WL_DoorLock/Build/app_sleep_handler.o
LOAD e:/nxp/Sensor/WL_DoorLock/Build/app_nwk_event_handler.o
LOAD e:/nxp/Sensor/WL_DoorLock/Build/app_event_handler.o
LOAD e:/nxp/Sensor/WL_DoorLock/Build/app_PIR_OpenCollector_events.o
LOAD e:/nxp/Sensor/WL_DoorLock/Build/app_zcl_tick_handler.o
LOAD e:/nxp/Sensor/WL_DoorLock/Build/app_blink_led.o
LOAD e:/nxp/Sensor/WL_DoorLock/Build/Alarms.o
LOAD e:/nxp/Sensor/WL_DoorLock/Build/AlarmsClientCommands.o
LOAD e:/nxp/Sensor/WL_DoorLock/Build/AlarmsCommandHandler.o
LOAD e:/nxp/Sensor/WL_DoorLock/Build/AlarmsServerCommands.o
LOAD e:/nxp/Sensor/WL_DoorLock/Build/AlarmsTableManager.o
LOAD e:/nxp/Sensor/WL_DoorLock/Build/AnalogInputBasic.o
LOAD e:/nxp/Sensor/WL_DoorLock/Build/AnalogOutputBasic.o
LOAD e:/nxp/Sensor/WL_DoorLock/Build/Basic.o
LOAD e:/nxp/Sensor/WL_DoorLock/Build/BasicClientCommands.o
LOAD e:/nxp/Sensor/WL_DoorLock/Build/BasicCommandHandler.o
LOAD e:/nxp/Sensor/WL_DoorLock/Build/BinaryInputBasic.o
LOAD e:/nxp/Sensor/WL_DoorLock/Build/BinaryOutputBasic.o
LOAD e:/nxp/Sensor/WL_DoorLock/Build/DeviceTemperatureConfiguration.o
LOAD e:/nxp/Sensor/WL_DoorLock/Build/Diagnostics.o
LOAD e:/nxp/Sensor/WL_DoorLock/Build/Groups.o
LOAD e:/nxp/Sensor/WL_DoorLock/Build/GroupsClientCommands.o
LOAD e:/nxp/Sensor/WL_DoorLock/Build/GroupsCommandHandler.o
LOAD e:/nxp/Sensor/WL_DoorLock/Build/GroupsServerCommands.o
LOAD e:/nxp/Sensor/WL_DoorLock/Build/GroupsTableManager.o
LOAD e:/nxp/Sensor/WL_DoorLock/Build/Identify.o
LOAD e:/nxp/Sensor/WL_DoorLock/Build/IdentifyClientCommands.o
LOAD e:/nxp/Sensor/WL_DoorLock/Build/IdentifyCommandHandler.o
LOAD e:/nxp/Sensor/WL_DoorLock/Build/IdentifyServerCommands.o
LOAD e:/nxp/Sensor/WL_DoorLock/Build/LevelControl.o
LOAD e:/nxp/Sensor/WL_DoorLock/Build/LevelControlClientCommands.o
LOAD e:/nxp/Sensor/WL_DoorLock/Build/LevelControlCommandHandler.o
LOAD e:/nxp/Sensor/WL_DoorLock/Build/MultistateInputBasic.o
LOAD e:/nxp/Sensor/WL_DoorLock/Build/MultistateOutputBasic.o
LOAD e:/nxp/Sensor/WL_DoorLock/Build/OOSC.o
LOAD e:/nxp/Sensor/WL_DoorLock/Build/OnOff.o
LOAD e:/nxp/Sensor/WL_DoorLock/Build/OnOffCommandHandler.o
LOAD e:/nxp/Sensor/WL_DoorLock/Build/OnOffCommands.o
LOAD e:/nxp/Sensor/WL_DoorLock/Build/PollControl.o
LOAD e:/nxp/Sensor/WL_DoorLock/Build/PollControlClientCommands.o
LOAD e:/nxp/Sensor/WL_DoorLock/Build/PollControlCommandHandler.o
LOAD e:/nxp/Sensor/WL_DoorLock/Build/PollControlServerCommands.o
LOAD e:/nxp/Sensor/WL_DoorLock/Build/PowerConfiguration.o
LOAD e:/nxp/Sensor/WL_DoorLock/Build/PowerProfile.o
LOAD e:/nxp/Sensor/WL_DoorLock/Build/PowerProfileClientCommands.o
LOAD e:/nxp/Sensor/WL_DoorLock/Build/PowerProfileCommandHandler.o
LOAD e:/nxp/Sensor/WL_DoorLock/Build/PowerProfileServerCommands.o
LOAD e:/nxp/Sensor/WL_DoorLock/Build/Scenes.o
LOAD e:/nxp/Sensor/WL_DoorLock/Build/ScenesClientCommands.o
LOAD e:/nxp/Sensor/WL_DoorLock/Build/ScenesClusterManagement.o
LOAD e:/nxp/Sensor/WL_DoorLock/Build/ScenesCommandHandler.o
LOAD e:/nxp/Sensor/WL_DoorLock/Build/ScenesServerCommands.o
LOAD e:/nxp/Sensor/WL_DoorLock/Build/ScenesTableManager.o
LOAD e:/nxp/Sensor/WL_DoorLock/Build/TC.o
LOAD e:/nxp/Sensor/WL_DoorLock/Build/Time.o
LOAD e:/nxp/Sensor/WL_DoorLock/Build/base_device.o
LOAD e:/nxp/Sensor/WL_DoorLock/Build/mains_power_outlet.o
LOAD e:/nxp/Sensor/WL_DoorLock/Build/on_off_output.o
LOAD e:/nxp/Sensor/WL_DoorLock/Build/remote_control.o
LOAD e:/nxp/Sensor/WL_DoorLock/Build/simple_sensor.o
LOAD e:/nxp/Sensor/WL_DoorLock/Build/ElectricalMeasurement.o
LOAD e:/nxp/Sensor/WL_DoorLock/Build/FlowMeasurement.o
LOAD e:/nxp/Sensor/WL_DoorLock/Build/IlluminanceLevelSensing.o
LOAD e:/nxp/Sensor/WL_DoorLock/Build/IlluminanceMeasurement.o
LOAD e:/nxp/Sensor/WL_DoorLock/Build/OccupancySensing.o
LOAD e:/nxp/Sensor/WL_DoorLock/Build/PressureMeasurement.o
LOAD e:/nxp/Sensor/WL_DoorLock/Build/RelativeHumidityMeasurement.o
LOAD e:/nxp/Sensor/WL_DoorLock/Build/TemperatureMeasurement.o
LOAD e:/nxp/Sensor/WL_DoorLock/Build/BallastConfiguration.o
LOAD e:/nxp/Sensor/WL_DoorLock/Build/ColourControl.o
LOAD e:/nxp/Sensor/WL_DoorLock/Build/ColourControlClientCommands.o
LOAD e:/nxp/Sensor/WL_DoorLock/Build/ColourControlCommandHandler.o
LOAD e:/nxp/Sensor/WL_DoorLock/Build/ColourControlConversions.o
LOAD e:/nxp/Sensor/WL_DoorLock/Build/colour_controller.o
LOAD e:/nxp/Sensor/WL_DoorLock/Build/colour_dimmable_light.o
LOAD e:/nxp/Sensor/WL_DoorLock/Build/colour_dimmer_switch.o
LOAD e:/nxp/Sensor/WL_DoorLock/Build/colour_scene_controller.o
LOAD e:/nxp/Sensor/WL_DoorLock/Build/colour_temperature_light.o
LOAD e:/nxp/Sensor/WL_DoorLock/Build/commission_endpoint.o
LOAD e:/nxp/Sensor/WL_DoorLock/Build/control_bridge.o
LOAD e:/nxp/Sensor/WL_DoorLock/Build/dimmable_ballast.o
LOAD e:/nxp/Sensor/WL_DoorLock/Build/dimmable_light.o
LOAD e:/nxp/Sensor/WL_DoorLock/Build/dimmable_plug.o
LOAD e:/nxp/Sensor/WL_DoorLock/Build/dimmer_switch.o
LOAD e:/nxp/Sensor/WL_DoorLock/Build/extended_colour_light.o
LOAD e:/nxp/Sensor/WL_DoorLock/Build/light_level_sensor.o
LOAD e:/nxp/Sensor/WL_DoorLock/Build/light_sensor.o
LOAD e:/nxp/Sensor/WL_DoorLock/Build/non_colour_controller.o
LOAD e:/nxp/Sensor/WL_DoorLock/Build/non_colour_scene_controller.o
LOAD e:/nxp/Sensor/WL_DoorLock/Build/occupancy_sensor.o
LOAD e:/nxp/Sensor/WL_DoorLock/Build/on_off_ballast.o
LOAD e:/nxp/Sensor/WL_DoorLock/Build/on_off_light.o
LOAD e:/nxp/Sensor/WL_DoorLock/Build/on_off_light_switch.o
LOAD e:/nxp/Sensor/WL_DoorLock/Build/on_off_plug.o
LOAD e:/nxp/Sensor/WL_DoorLock/Build/on_off_sensor.o
LOAD e:/nxp/Sensor/WL_DoorLock/Build/DoorLock.o
LOAD e:/nxp/Sensor/WL_DoorLock/Build/DoorLockCommandHandler.o
LOAD e:/nxp/Sensor/WL_DoorLock/Build/DoorLockCommands.o
LOAD e:/nxp/Sensor/WL_DoorLock/Build/door_lock.o
LOAD e:/nxp/Sensor/WL_DoorLock/Build/door_lock_controller.o
LOAD e:/nxp/Sensor/WL_DoorLock/Build/IASACE.o
LOAD e:/nxp/Sensor/WL_DoorLock/Build/IASACEClientCommands.o
LOAD e:/nxp/Sensor/WL_DoorLock/Build/IASACECommandHandler.o
LOAD e:/nxp/Sensor/WL_DoorLock/Build/IASACEServerCommands.o
LOAD e:/nxp/Sensor/WL_DoorLock/Build/IASWD.o
LOAD e:/nxp/Sensor/WL_DoorLock/Build/IASWDCommandHandler.o
LOAD e:/nxp/Sensor/WL_DoorLock/Build/IASWDCommands.o
LOAD e:/nxp/Sensor/WL_DoorLock/Build/IASZone.o
LOAD e:/nxp/Sensor/WL_DoorLock/Build/IASZoneCommandHandler.o
LOAD e:/nxp/Sensor/WL_DoorLock/Build/IASZoneCommands.o
LOAD e:/nxp/Sensor/WL_DoorLock/Build/ancillary_control_equipment.o
LOAD e:/nxp/Sensor/WL_DoorLock/Build/control_and_indicating_equipment.o
LOAD e:/nxp/Sensor/WL_DoorLock/Build/warning_device.o
LOAD e:/nxp/Sensor/WL_DoorLock/Build/zone.o
LOAD e:/nxp/Sensor/WL_DoorLock/Build/OTA.o
LOAD e:/nxp/Sensor/WL_DoorLock/Build/OTA_ClientUpgradeManager.o
LOAD e:/nxp/Sensor/WL_DoorLock/Build/OTA_CustomCommandHandler.o
LOAD e:/nxp/Sensor/WL_DoorLock/Build/OTA_CustomReceiveCommands.o
LOAD e:/nxp/Sensor/WL_DoorLock/Build/OTA_ServerUpgradeManager.o
LOAD e:/nxp/Sensor/WL_DoorLock/Build/OTA_client.o
LOAD e:/nxp/Sensor/WL_DoorLock/Build/OTA_common.o
LOAD e:/nxp/Sensor/WL_DoorLock/Build/OTA_server.o
LOAD e:/nxp/Sensor/WL_DoorLock/Build/Commissioning.o
LOAD e:/nxp/Sensor/WL_DoorLock/Build/CommissioningClientCommands.o
LOAD e:/nxp/Sensor/WL_DoorLock/Build/CommissioningCmdHandler.o
LOAD e:/nxp/Sensor/WL_DoorLock/Build/CommissioningServerCommands.o
LOAD e:/nxp/Sensor/WL_DoorLock/Build/zll_CommissionCmdHandler.o
LOAD e:/nxp/Sensor/WL_DoorLock/Build/zll_UtilityCmdHandler.o
LOAD e:/nxp/Sensor/WL_DoorLock/Build/zll_commission.o
LOAD e:/nxp/Sensor/WL_DoorLock/Build/zll_utility.o
LOAD e:/nxp/Sensor/WL_DoorLock/Build/dlist.o
LOAD e:/nxp/Sensor/WL_DoorLock/Build/zcl.o
LOAD e:/nxp/Sensor/WL_DoorLock/Build/zcl_CustomCommandReceive.o
LOAD e:/nxp/Sensor/WL_DoorLock/Build/zcl_CustomCommandSend.o
LOAD e:/nxp/Sensor/WL_DoorLock/Build/zcl_PDUbufferReadWrite.o
LOAD e:/nxp/Sensor/WL_DoorLock/Build/zcl_PDUbufferReadWriteString.o
LOAD e:/nxp/Sensor/WL_DoorLock/Build/zcl_WriteAttributesRequestHandle.o
LOAD e:/nxp/Sensor/WL_DoorLock/Build/zcl_WriteAttributesRequestSend.o
LOAD e:/nxp/Sensor/WL_DoorLock/Build/zcl_WriteAttributesResponseHandle.o
LOAD e:/nxp/Sensor/WL_DoorLock/Build/zcl_attribute.o
LOAD e:/nxp/Sensor/WL_DoorLock/Build/zcl_buffer.o
LOAD e:/nxp/Sensor/WL_DoorLock/Build/zcl_clusterCommand.o
LOAD e:/nxp/Sensor/WL_DoorLock/Build/zcl_command.o
LOAD e:/nxp/Sensor/WL_DoorLock/Build/zcl_common.o
LOAD e:/nxp/Sensor/WL_DoorLock/Build/zcl_configureReportingCommandHandle.o
LOAD e:/nxp/Sensor/WL_DoorLock/Build/zcl_configureReportingCommandSend.o
LOAD e:/nxp/Sensor/WL_DoorLock/Build/zcl_configureReportingResponseHandle.o
LOAD e:/nxp/Sensor/WL_DoorLock/Build/zcl_defaultResponse.o
LOAD e:/nxp/Sensor/WL_DoorLock/Build/zcl_discoverAttributesExtendedRequestHandle.o
LOAD e:/nxp/Sensor/WL_DoorLock/Build/zcl_discoverAttributesExtendedRequestSend.o
LOAD e:/nxp/Sensor/WL_DoorLock/Build/zcl_discoverAttributesExtendedResponseHandle.o
LOAD e:/nxp/Sensor/WL_DoorLock/Build/zcl_discoverAttributesRequestHandle.o
LOAD e:/nxp/Sensor/WL_DoorLock/Build/zcl_discoverAttributesRequestSend.o
LOAD e:/nxp/Sensor/WL_DoorLock/Build/zcl_discoverAttributesResponseHandle.o
LOAD e:/nxp/Sensor/WL_DoorLock/Build/zcl_discoverCommandsRequestHandle.o
LOAD e:/nxp/Sensor/WL_DoorLock/Build/zcl_discoverCommandsRequestSend.o
LOAD e:/nxp/Sensor/WL_DoorLock/Build/zcl_discoverCommandsResponseHandle.o
LOAD e:/nxp/Sensor/WL_DoorLock/Build/zcl_event.o
LOAD e:/nxp/Sensor/WL_DoorLock/Build/zcl_heap.o
LOAD e:/nxp/Sensor/WL_DoorLock/Build/zcl_library_options.o
LOAD e:/nxp/Sensor/WL_DoorLock/Build/zcl_readAttributesRequestHandle.o
LOAD e:/nxp/Sensor/WL_DoorLock/Build/zcl_readAttributesRequestSend.o
LOAD e:/nxp/Sensor/WL_DoorLock/Build/zcl_readAttributesResponseHandle.o
LOAD e:/nxp/Sensor/WL_DoorLock/Build/zcl_readReportingConfigurationCommandHandle.o
LOAD e:/nxp/Sensor/WL_DoorLock/Build/zcl_readReportingConfigurationCommandSend.o
LOAD e:/nxp/Sensor/WL_DoorLock/Build/zcl_readReportingConfigurationResponseHandle.o
LOAD e:/nxp/Sensor/WL_DoorLock/Build/zcl_reportManager.o
LOAD e:/nxp/Sensor/WL_DoorLock/Build/zcl_reportMaths.o
LOAD e:/nxp/Sensor/WL_DoorLock/Build/zcl_reportScheduler.o
LOAD e:/nxp/Sensor/WL_DoorLock/Build/zcl_reportStringHandling.o
LOAD e:/nxp/Sensor/WL_DoorLock/Build/zcl_reportStructure.o
LOAD e:/nxp/Sensor/WL_DoorLock/Build/zcl_search.o
LOAD e:/nxp/Sensor/WL_DoorLock/Build/zcl_timer.o
LOAD e:/nxp/Sensor/WL_DoorLock/Build/zcl_transmit.o
LOAD e:/nxp/Sensor/WL_DoorLock/Build/bdb_fr.o
LOAD e:/nxp/Sensor/WL_DoorLock/Build/bdb_link_keys.o
LOAD e:/nxp/Sensor/WL_DoorLock/Build/bdb_start.o
LOAD e:/nxp/Sensor/WL_DoorLock/Build/bdb_state_machine.o
LOAD e:/nxp/Sensor/WL_DoorLock/Build/ZQueue.o
LOAD e:/nxp/Sensor/WL_DoorLock/Build/ZTimer.o
LOAD e:/nxp/Sensor/WL_DoorLock/Build/appZdpExtraction.o
LOAD e:/nxp/Sensor/WL_DoorLock/Build/appZpsBeaconHandler.o
LOAD e:/nxp/Sensor/WL_DoorLock/Build/appZpsExtendedDebug.o
LOAD e:/nxp/Sensor/WL_DoorLock/Build/port.o
LOAD e:/nxp/Sensor/WL_DoorLock/Build/portasm.o
LOAD e:/nxp/Sensor/WL_DoorLock/Build/bdb_ns.o
LOAD e:/nxp/Sensor/WL_DoorLock/Build/bdb_tl_end_device_initiator_target.o
LOAD e:/nxp/Sensor/WL_DoorLock/Build/bdb_tl_common.o
LOAD e:/nxp/Sensor/WL_DoorLock/Build/ecb_decrypt.o
LOAD e:/nxp/Sensor/WL_DoorLock/Build/bdb_fb_common.o
LOAD e:/nxp/Sensor/WL_DoorLock/Build/bdb_fb_initiator.o
LOAD e:/nxp/bstudio_nxp/sdk/JN-SW-4170/Components/Library\libZPSMAC_Mini_JN516x.a
LOAD e:/nxp/bstudio_nxp/sdk/JN-SW-4170/Components/Library\libPWRM_JN516x.a
LOAD e:/nxp/bstudio_nxp/sdk/JN-SW-4170/Components/Library\libZPSTSV_JN516x.a
LOAD e:/nxp/bstudio_nxp/sdk/JN-SW-4170/Components/Library\libAES_SW_JN516x.a
LOAD e:/nxp/bstudio_nxp/sdk/JN-SW-4170/Components/Library\libPDUM_JN516x.a
LOAD e:/nxp/bstudio_nxp/sdk/JN-SW-4170/Components/Library\libZPSAPL_JN516x.a
LOAD e:/nxp/bstudio_nxp/sdk/JN-SW-4170/Components/Library\libRandom_JN516x.a
LOAD e:/nxp/bstudio_nxp/sdk/JN-SW-4170/Components/Library\libPDM_EEPROM_NO_RTOS_JN516x.a
LOAD e:/nxp/bstudio_nxp/sdk/JN-SW-4170/Components/Library\libDBG_JN516x.a
LOAD e:/nxp/bstudio_nxp/sdk/JN-SW-4170/Components/Library\libZPSZLL_ZED_JN516x.a
LOAD e:/nxp/bstudio_nxp/sdk/JN-SW-4170/Components/Library\libZPSNWK_ZED_JN516x.a
LOAD e:/nxp/bstudio_nxp/sdk/JN-SW-4170/Components/Library\libMiniMac_JN5169.a
LOAD e:/nxp/bstudio_nxp/sdk/JN-SW-4170/Components/Library\libMiniMacShim_JN516x.a
LOAD e:/nxp/bstudio_nxp/sdk/JN-SW-4170/Components/Library\libMMAC_JN5169.a
LOAD e:/nxp/bstudio_nxp/sdk/JN-SW-4170/Components/Library\libJPT_JN5169.a
LOAD e:/nxp/bstudio_nxp/sdk/JN-SW-4170/Components/Library\libAes_JN516x.a
LOAD e:/nxp/bstudio_nxp/sdk/JN-SW-4170/Components/Library\libHardwareApi_JN5169.a
LOAD e:/nxp/bstudio_nxp/sdk/JN-SW-4170/Components/Library\libMicroSpecific_JN516x.a
LOAD e:/nxp/bstudio_nxp/sdk/JN-SW-4170/Components/Library\libBoot_JN516x.a
LOAD e:/nxp/bstudio_nxp/sdk/JN-SW-4170/Platform/DK4/Library\libBoardLib_JN516x.a
LOAD e:/nxp/bstudio_nxp/sdk/tools/ba-elf-ba2-r36379/bin/../lib/gcc/ba-elf/4.7.4/../../../../ba-elf/lib/mcpu_jn51xx_sizeopt\libm.a
END GROUP
LOAD e:/nxp/bstudio_nxp/sdk/tools/ba-elf-ba2-r36379/bin/../lib/gcc/ba-elf/4.7.4/../../../../ba-elf/lib/mcpu_jn51xx_sizeopt\libc.a
LOAD e:/nxp/bstudio_nxp/sdk/tools/ba-elf-ba2-r36379/bin/../lib/gcc/ba-elf/4.7.4/mcpu_jn51xx_sizeopt\libgcc.a
LOAD e:/nxp/bstudio_nxp/sdk/tools/ba-elf-ba2-r36379/bin/../lib/gcc/ba-elf/4.7.4/../../../../ba-elf/lib/mcpu_jn51xx_sizeopt\libc.a
                0x0000000000080038                exception_vsr_table = 0x80038
                0x0000000004000000                pSPIflashFncTable = 0x4000000
                0x0000000000000044                restore_state = 0x44
                0x000000000000004a                bZSPIWaitWIPClear = 0x4a
                0x0000000000000050                u16ZSPIflashRDID = 0x50
                0x0000000000000056                u8SelectFlashChipType = 0x56
                0x000000000000005c                memcpy = 0x5c
                0x0000000000000066                vBootFlashProg = 0x66
                [0x00000000000007d0]                __minimum_heap_size = DEFINED (__minimum_heap_size)?__minimum_heap_size:0xd16
                [0x0000000000001770]                __stack_size = DEFINED (__stack_size)?__stack_size:0x800
                0x0000000000000000                _SwConfig = (DEFINED (g_bSWConf_Debug) | (DEFINED (g_bSWConf_AltDebugPort) << 0x1))

.version        0x000000000007fffc        0x4
                0x000000000007fffc        0x4 LONG 0xf03000b

.bir            0x0000000000080000       0x10
                0x0000000000080000                _flash_start = ABSOLUTE (.)
                0x0000000000080000                _flash_beg = ABSOLUTE (.)
                0x0000000000080000        0x4 LONG 0x12345678
                0x0000000000080004        0x4 LONG 0x11223344
                0x0000000000080008        0x4 LONG 0x55667788
                0x000000000008000c        0x1 BYTE 0x8
                0x000000000008000d        0x1 BYTE 0x1
                0x000000000008000e        0x2 SHORT 0x0

.flashheader    0x0000000000080010       0x28
                0x0000000000080010        0x4 LONG 0x0
                0x0000000000080014        0x4 LONG 0x0
                0x0000000000080018        0x4 LONG 0x0
                0x000000000008001c        0x2 SHORT 0x0
                0x000000000008001e        0x2 SHORT 0x0 ABSOLUTE (_SwConfig)
                0x0000000000080020                _enc_start = ABSOLUTE (.)
                0x0000000000080020        0x4 LONG 0x29324 ABSOLUTE (_image_len)
                0x0000000000080024        0x4 LONG 0xa8d44 ABSOLUTE (_flash_data_start)
                0x0000000000080028        0x2 SHORT 0x13 ((ABSOLUTE (_ram_data_start) / 0x4) & 0xffff)
                0x000000000008002a        0x2 SHORT 0x178 ((ABSOLUTE (_ram_data_len) / 0x4) & 0xffff)
                0x000000000008002c        0x2 SHORT 0x18b ((ABSOLUTE (_bss_start) / 0x4) & 0xffff)
                0x000000000008002e        0x2 SHORT 0x13f8 ((ABSOLUTE (_bss_len) / 0x4) & 0xffff)
                0x0000000000080030        0x4 LONG 0xa6ac9 ABSOLUTE (AppWarmStart)
                0x0000000000080034        0x4 LONG 0xa6ae3 ABSOLUTE (AppColdStart)
                0x0000000000000000                _enc_offset = (_enc_start & 0xf)

.ro_mac_address
                0x0000000000080040       0x10
                0x0000000000080040                _FlsMACAddress = ABSOLUTE (.)
 *(.ro_mac_address)
 .ro_mac_address
                0x0000000000080040        0x8 C:\Users\raise\AppData\Local\Temp\ccGuxrag.ltrans7.ltrans.o
                0x0000000000080050                . = ALIGN (0x10)
 *fill*         0x0000000000080048        0x8 00

.ro_ota_header  0x0000000000080050       0x50
                0x0000000000080050                _FlsOtaHeader = ABSOLUTE (.)
 *(.ro_ota_header)
 .ro_ota_header
                0x0000000000080050       0x45 C:\Users\raise\AppData\Local\Temp\ccGuxrag.ltrans15.ltrans.o
                0x0000000000080050                au8OtaHeader
                0x00000000000800a0                . = ALIGN (0x10)
 *fill*         0x0000000000080095        0xb 00

.ro_se_lnkKey   0x00000000000800a0       0x10
                0x00000000000800a0                _FlsLinkKey = ABSOLUTE (.)
 *(.ro_se_lnkKey)
 .ro_se_lnkKey  0x00000000000800a0       0x10 C:\Users\raise\AppData\Local\Temp\ccGuxrag.ltrans30.ltrans.o
                0x00000000000800b0                . = ALIGN (0x10)

.rodata         0x00000000000800b0     0x4270
 *(.rodata*)
 .rodata.g_u32NwkFcSaveCountBitShift
                0x00000000000800b0        0x4 e:/nxp/Sensor/WL_DoorLock/Build/zps_gen.o
                0x00000000000800b0                g_u32NwkFcSaveCountBitShift
 .rodata.g_u32ApsFcSaveCountBitShift
                0x00000000000800b4        0x4 e:/nxp/Sensor/WL_DoorLock/Build/zps_gen.o
                0x00000000000800b4                g_u32ApsFcSaveCountBitShift
 .rodata.s_sNwkTblSize
                0x00000000000800b8       0x10 e:/nxp/Sensor/WL_DoorLock/Build/zps_gen.o
 .rodata.s_sNwkTbl
                0x00000000000800c8       0x3c e:/nxp/Sensor/WL_DoorLock/Build/zps_gen.o
 .rodata.s_asAplZdoServers
                0x0000000000080104       0x90 e:/nxp/Sensor/WL_DoorLock/Build/zps_gen.o
 .rodata.s_sNodePowerDescriptor
                0x0000000000080194        0x4 e:/nxp/Sensor/WL_DoorLock/Build/zps_gen.o
 .rodata.s_sNibInitialValues
                0x0000000000080198       0x1c e:/nxp/Sensor/WL_DoorLock/Build/zps_gen.o
 .rodata.s_au16Endpoint0InputClusterList
                0x00000000000801b4       0xa6 e:/nxp/Sensor/WL_DoorLock/Build/zps_gen.o
 .rodata.s_au16Endpoint0OutputClusterList
                0x000000000008025a       0xa6 e:/nxp/Sensor/WL_DoorLock/Build/zps_gen.o
 .rodata.s_ahEndpoint0InputClusterAPdus
                0x0000000000080300      0x14c e:/nxp/Sensor/WL_DoorLock/Build/zps_gen.o
 .rodata.s_au16Endpoint1InputClusterList
                0x000000000008044c       0x10 e:/nxp/Sensor/WL_DoorLock/Build/zps_gen.o
 .rodata.s_au16Endpoint1OutputClusterList
                0x000000000008045c        0xc e:/nxp/Sensor/WL_DoorLock/Build/zps_gen.o
 .rodata.s_ahEndpoint1InputClusterAPdus
                0x0000000000080468       0x20 e:/nxp/Sensor/WL_DoorLock/Build/zps_gen.o
 .rodata.str1.1
                0x0000000000080488      0x10e C:\Users\raise\AppData\Local\Temp\ccGuxrag.ltrans0.ltrans.o
                                        0x124 (size before relaxing)
 *fill*         0x0000000000080596        0x2 00
 .rodata        0x0000000000080598      0x164 C:\Users\raise\AppData\Local\Temp\ccGuxrag.ltrans0.ltrans.o
                0x0000000000080598                zps_pacNwkFrmStdByteFmt
                0x000000000008059c                zps_pacNwkFrmStdLongFmt
                0x00000000000805a0                zps_pacNwkFrmStdHalfFmt
 .rodata        0x00000000000806fc       0x88 C:\Users\raise\AppData\Local\Temp\ccGuxrag.ltrans1.ltrans.o
 .rodata        0x0000000000080784       0x20 C:\Users\raise\AppData\Local\Temp\ccGuxrag.ltrans2.ltrans.o
 .rodata.str1.1
                0x0000000000000000        0x3 C:\Users\raise\AppData\Local\Temp\ccGuxrag.ltrans2.ltrans.o
 .rodata.str1.1
                0x00000000000807a4        0x5 C:\Users\raise\AppData\Local\Temp\ccGuxrag.ltrans3.ltrans.o
                                         0x10 (size before relaxing)
 .rodata        0x00000000000807a9        0x6 C:\Users\raise\AppData\Local\Temp\ccGuxrag.ltrans3.ltrans.o
 .rodata.str1.1
                0x00000000000807af       0xc1 C:\Users\raise\AppData\Local\Temp\ccGuxrag.ltrans4.ltrans.o
 .rodata.str1.1
                0x0000000000080870       0x3f C:\Users\raise\AppData\Local\Temp\ccGuxrag.ltrans5.ltrans.o
 .rodata.str1.1
                0x00000000000808af       0x8b C:\Users\raise\AppData\Local\Temp\ccGuxrag.ltrans6.ltrans.o
                                         0x96 (size before relaxing)
 .rodata        0x000000000008093a       0x2b C:\Users\raise\AppData\Local\Temp\ccGuxrag.ltrans6.ltrans.o
                0x0000000000080956                u8ZpsAplSecurityOverrideLevel
                0x0000000000080957                bOverrideApsSecurity
 .rodata.str1.1
                0x0000000000080965      0x35f C:\Users\raise\AppData\Local\Temp\ccGuxrag.ltrans7.ltrans.o
                                        0x375 (size before relaxing)
 .rodata        0x0000000000080cc4        0x6 C:\Users\raise\AppData\Local\Temp\ccGuxrag.ltrans7.ltrans.o
 .rodata.str1.1
                0x0000000000000000      0x35f C:\Users\raise\AppData\Local\Temp\ccGuxrag.ltrans8.ltrans.o
                                          0x4 (size before relaxing)
 *fill*         0x0000000000080cca        0x2 00
 .rodata        0x0000000000080ccc       0x2c C:\Users\raise\AppData\Local\Temp\ccGuxrag.ltrans8.ltrans.o
                0x0000000000080ccc                s_aprActvStHandleCme.190800
                0x0000000000080ce4                s_aprIdleStHandleCme.193918
                0x0000000000080cf4                u32ScanAttemptDelayTime
 .rodata.str1.1
                0x0000000000080cf8      0x606 C:\Users\raise\AppData\Local\Temp\ccGuxrag.ltrans9.ltrans.o
                                        0x611 (size before relaxing)
 *fill*         0x00000000000812fe        0x2 00
 .rodata        0x0000000000081300       0x10 C:\Users\raise\AppData\Local\Temp\ccGuxrag.ltrans9.ltrans.o
 .rodata        0x0000000000081310       0x20 C:\Users\raise\AppData\Local\Temp\ccGuxrag.ltrans10.ltrans.o
                0x0000000000081310                au32NwkPdmRecordOffsets
 .rodata.str1.1
                0x0000000000081330       0x68 C:\Users\raise\AppData\Local\Temp\ccGuxrag.ltrans11.ltrans.o
                                         0x87 (size before relaxing)
 .rodata.str1.1
                0x0000000000000000       0x13 C:\Users\raise\AppData\Local\Temp\ccGuxrag.ltrans12.ltrans.o
 .rodata.str1.1
                0x0000000000081398       0x26 C:\Users\raise\AppData\Local\Temp\ccGuxrag.ltrans13.ltrans.o
 *fill*         0x00000000000813be        0x2 00
 .rodata        0x00000000000813c0      0x114 C:\Users\raise\AppData\Local\Temp\ccGuxrag.ltrans13.ltrans.o
                0x00000000000813c0                gu32ZCLVersion
                0x00000000000813c4                ZPS_g_u32MacVersion
                0x00000000000813c8                PDUM_g_u32Version
                0x00000000000813cc                ZPS_g_u32TsvVersion
 .rodata.str1.1
                0x00000000000814d4       0x38 C:\Users\raise\AppData\Local\Temp\ccGuxrag.ltrans14.ltrans.o
 .rodata        0x000000000008150c       0x1c C:\Users\raise\AppData\Local\Temp\ccGuxrag.ltrans14.ltrans.o
                0x000000000008150c                pfnCallbackMcps
 .rodata.str1.1
                0x0000000000081528      0x7e5 C:\Users\raise\AppData\Local\Temp\ccGuxrag.ltrans15.ltrans.o
                                        0x876 (size before relaxing)
 .rodata.str1.1
                0x0000000000081d0d       0x1a C:\Users\raise\AppData\Local\Temp\ccGuxrag.ltrans16.ltrans.o
 .rodata        0x0000000000081d27        0x4 C:\Users\raise\AppData\Local\Temp\ccGuxrag.ltrans16.ltrans.o
 .rodata.str1.1
                0x0000000000081d2b      0x4e6 C:\Users\raise\AppData\Local\Temp\ccGuxrag.ltrans17.ltrans.o
                                        0x4fa (size before relaxing)
 .rodata.str1.1
                0x0000000000082211        0x3 C:\Users\raise\AppData\Local\Temp\ccGuxrag.ltrans18.ltrans.o
                                         0x14 (size before relaxing)
 .rodata.str1.1
                0x0000000000082214      0x1f2 C:\Users\raise\AppData\Local\Temp\ccGuxrag.ltrans19.ltrans.o
 *fill*         0x0000000000082406        0x2 00
 .rodata        0x0000000000082408       0x48 C:\Users\raise\AppData\Local\Temp\ccGuxrag.ltrans19.ltrans.o
 .rodata.str1.1
                0x0000000000082450      0x450 C:\Users\raise\AppData\Local\Temp\ccGuxrag.ltrans20.ltrans.o
                                        0x48a (size before relaxing)
 .rodata.str1.1
                0x00000000000828a0        0xa C:\Users\raise\AppData\Local\Temp\ccGuxrag.ltrans21.ltrans.o
 *fill*         0x00000000000828aa        0x2 00
 .rodata        0x00000000000828ac       0x3c C:\Users\raise\AppData\Local\Temp\ccGuxrag.ltrans21.ltrans.o
                0x00000000000828ac                au32EndDeviceTimeoutConstants
 .rodata.str1.1
                0x00000000000828e8      0x382 C:\Users\raise\AppData\Local\Temp\ccGuxrag.ltrans22.ltrans.o
                                        0x3a3 (size before relaxing)
 .rodata.str1.1
                0x0000000000082c6a      0x66b C:\Users\raise\AppData\Local\Temp\ccGuxrag.ltrans23.ltrans.o
                                        0x69c (size before relaxing)
 .rodata.str1.1
                0x00000000000832d5       0x8b C:\Users\raise\AppData\Local\Temp\ccGuxrag.ltrans24.ltrans.o
                                         0x91 (size before relaxing)
 .rodata.str1.1
                0x0000000000083360       0x69 C:\Users\raise\AppData\Local\Temp\ccGuxrag.ltrans25.ltrans.o
                                         0x6f (size before relaxing)
 *fill*         0x00000000000833c9        0x3 00
 .rodata        0x00000000000833cc      0x1a0 C:\Users\raise\AppData\Local\Temp\ccGuxrag.ltrans25.ltrans.o
 .rodata.str1.1
                0x000000000008356c        0xa C:\Users\raise\AppData\Local\Temp\ccGuxrag.ltrans26.ltrans.o
                                         0x24 (size before relaxing)
 .rodata.str1.1
                0x0000000000083576      0x25f C:\Users\raise\AppData\Local\Temp\ccGuxrag.ltrans27.ltrans.o
 .rodata        0x00000000000837d5        0xa C:\Users\raise\AppData\Local\Temp\ccGuxrag.ltrans27.ltrans.o
 .rodata.str1.1
                0x00000000000837df       0x14 C:\Users\raise\AppData\Local\Temp\ccGuxrag.ltrans28.ltrans.o
                                         0x25 (size before relaxing)
 .rodata.str1.1
                0x00000000000837f3      0x111 C:\Users\raise\AppData\Local\Temp\ccGuxrag.ltrans29.ltrans.o
                                        0x129 (size before relaxing)
 .rodata        0x0000000000083904        0x8 C:\Users\raise\AppData\Local\Temp\ccGuxrag.ltrans29.ltrans.o
                0x0000000000083904                au32UartAddrOffset
 .rodata.str1.1
                0x000000000008390c      0xa02 C:\Users\raise\AppData\Local\Temp\ccGuxrag.ltrans30.ltrans.o
                                        0xa3b (size before relaxing)
 .rodata.str1.1
                0x000000000008430e       0x12 C:\Users\raise\AppData\Local\Temp\ccGuxrag.ltrans31.ltrans.o
                                         0x28 (size before relaxing)

.text           0x0000000000084320    0x24a22
 *(.text*)
 .text          0x0000000000084320       0x50 e:/nxp/Sensor/WL_DoorLock/Build/irq_JN516x.o
                0x0000000000084320                PIC_ChannelPriorities
                0x0000000000084330                PIC_SwVectTable
 .text.PDUM_vInit
                0x0000000000084370       0x1f e:/nxp/Sensor/WL_DoorLock/Build/pdum_gen.o
                0x0000000000084370                PDUM_vInit
 .text.zps_vGetZpsMutex
                0x000000000008438f        0x9 e:/nxp/Sensor/WL_DoorLock/Build/zps_gen.o
                0x000000000008438f                zps_vGetZpsMutex
 .text.vZdoServersInit
                0x0000000000084398      0x11e e:/nxp/Sensor/WL_DoorLock/Build/zps_gen.o
 .text.ZPS_vGetGpContext
                0x00000000000844b6        0x9 e:/nxp/Sensor/WL_DoorLock/Build/zps_gen.o
                0x00000000000844b6                ZPS_vGetGpContext
 .text.ZPS_vDefaultKeyInit
                0x00000000000844bf        0xf e:/nxp/Sensor/WL_DoorLock/Build/zps_gen.o
                0x00000000000844bf                ZPS_vDefaultKeyInit
 .text.ZPS_vGetOptionalFeatures
                0x00000000000844ce        0x3 e:/nxp/Sensor/WL_DoorLock/Build/zps_gen.o
                0x00000000000844ce                ZPS_vGetOptionalFeatures
 *fill*         0x00000000000844d1        0x3 00
 .text          0x00000000000844d4     0x1db0 C:\Users\raise\AppData\Local\Temp\ccGuxrag.ltrans0.ltrans.o
                0x00000000000844d4                vAppMain
 .text          0x0000000000086284     0x1890 C:\Users\raise\AppData\Local\Temp\ccGuxrag.ltrans1.ltrans.o
                0x000000000008638f                zps_vSendJoinDcfm
                0x00000000000863d5                ZPS_eTsvOpen
                0x00000000000863ef                zps_vNwkMcpsMgrInit
                0x000000000008646c                ZPS_u16NwkNibFindNwkAddr
                0x0000000000086512                u8CLD_PollControlFindCheckinEntry
                0x0000000000086584                u8PDM_CalculateLargestDataRecordStored
                0x00000000000865b5                psCLD_AlarmsGetEarliestEntry.18773
                0x00000000000865ec                vAHI_DioSetPullup.constprop.226
                0x0000000000086600                vAHI_WakeTimerStart.part.1.202352.constprop.225
                0x0000000000086641                vMicroIntEnableOnly.constprop.214
                0x000000000008666d                PDM_vEnterCriticalSection
                0x000000000008669b                vACI_OptimisedCcmStar.constprop.203
                0x0000000000086887                bACI_ECBencodeBuffer.part.0.201449.constprop.193
                0x00000000000868e7                vAHI_SpiReadConfiguration.constprop.189
                0x0000000000086918                vConfigureSpi
                0x0000000000086958                vAHI_SpiRestoreConfiguration.constprop.186
                0x0000000000086999                bAHI_FullFlashRead
                0x00000000000869dc                vOtaFlashRead
                0x00000000000869de                bAHI_FlashInit.constprop.185
                0x0000000000086b58                vOtaFlashInitHw
                0x0000000000086b5a                vMiniMac_MLME_SetReq_PanId
                0x0000000000086b97                vMiniMac_MLME_SetReq_ShortAddr
                0x0000000000086ba5                pvZCL_HeapAlloc.part.0.89599.constprop.141
                0x0000000000086bdf                ZTIMER_eOpen.constprop.107
                0x0000000000086c1e                bStartXtal32k.201703
                0x0000000000086d26                ZPS_eTsvStop
                0x0000000000086d5d                zps_vAplApsStopPollTimer.part.2.115087
                0x0000000000086de4                eEdTimeoutRequestDataDcfm.184543
                0x0000000000086e05                zps_vNwkBttMgrInit
                0x0000000000086e33                ZPS_vNwkNibClearTables
                0x0000000000086f4f                pvHeap_Alloc
                0x0000000000086f52                vMicroIntRestoreState
                0x0000000000086f5e                vSetChannelAndPower
                0x00000000000870fe                vMiniMac_PLME_SetReq_Power
                0x0000000000087112                vMiniMac_PLME_SetReq_Channel
                0x000000000008711a                ZPS_eTsvStart
                0x0000000000087196                zps_vNwkDiscUpdateNT.part.1.191356
                0x00000000000871e9                zps_eAplZdoBdrmRequestSend
                0x0000000000087261                zps_eNwkHandleSceNwkUpdate
                0x0000000000087285                vProcessTimedList.185620
                0x0000000000087350                zps_eNwkBtrMatch
                0x00000000000873dd                zps_vNwkJoinStStartResponseTimer
                0x0000000000087417                ZQ_bQueueReceive
                0x000000000008748c                ZQ_bQueueSend
                0x0000000000087509                vPostVsMcpsDcfmInd.130513
                0x0000000000087551                vPostMlmeDcfmInd.130499
                0x0000000000087619                zps_vAplAfPostTimerEvent
                0x0000000000087659                ZPS_u8GrabMutexLock.constprop.184
                0x0000000000087694                ZPS_u8ReleaseMutexLock.constprop.213
                0x00000000000876b9                PDM_vExitCriticalSection
                0x00000000000876dc                vAHI_TickTimerConfigure
                0x00000000000876f7                bAHI_WriteEEPROMfixSegmentData
                0x0000000000087755                bAHI_InitialiseEEPROM
                0x000000000008779d                vAHI_ReadDataFromEEPROMregister
                0x00000000000877ca                vAHI_WriteDataIntoEEPROMregister
                0x00000000000877fa                iAHI_WriteDataIntoEEPROMsegment.constprop.205
                0x0000000000087848                iPDM_WriteSegmentHeaderDataIntoEEPROMsegment
                0x0000000000087877                u32RaiseDigitalVoltage
                0x0000000000087897                u8AHI_WakeTimerFiredStatus
                0x00000000000878ab                vAHI_WakeTimerStop.part.3.202364
                0x00000000000878cb                vAHI_WakeTimerEnable.part.0.202348
                0x0000000000087920                vAHI_UartReset.part.4.202118
                0x0000000000087958                vAHI_UartDisable.part.8.202251
                0x00000000000879c4                vAHI_UartSetBaudDivisor.part.1.202098
                0x0000000000087a03                vAHI_OptimiseWaitStates
                0x0000000000087a4f                bAHI_GetClkSource
                0x0000000000087a5c                vAHI_Sleep
                0x0000000000087b00                vStartXtal32kExternalRc.201693
 .text.unlikely
                0x0000000000087b14       0xc8 C:\Users\raise\AppData\Local\Temp\ccGuxrag.ltrans1.ltrans.o
 .text          0x0000000000087bdc     0x1d43 C:\Users\raise\AppData\Local\Temp\ccGuxrag.ltrans2.ltrans.o
                0x0000000000087bdc                vTimerCallback.201679
                0x0000000000087be7                eBasicTxCompleteHandler
                0x0000000000087bec                vTxRxTimeout.200134
                0x0000000000087c4c                zps_eNwkHandleSmeOrphanInd
                0x0000000000087c53                eSmeASFlBeaconInd.192584
                0x0000000000087c75                eSmeUDNTScanDcfm.192032
                0x0000000000087c91                zps_eSceGenlIllegal
                0x0000000000087c98                zps_eSmeGenlIllegal
                0x0000000000087c9f                DBG_vUartFailedAssert
                0x0000000000087ca3                zps_bAplZdoBindRequestServer
                0x0000000000087dca                psGetVsMcpsBuf.130510
                0x0000000000087dd3                psGetMlmeBuf.130496
                0x0000000000087ddc                psGetMcpsBuf.130503
                0x0000000000087de5                zps_vExpireRequestKeyReq.121912
                0x0000000000087e5f                psGetNlmeBuf.112706
                0x0000000000087e68                psGetNldeBuf.112727
                0x0000000000087e71                psGetApsmeBuf.112713
                0x0000000000087e77                psGetApsdeBuf.112720
                0x0000000000087e7d                vLoopbackTimerCallback
                0x0000000000087eac                vAHI_SwReset
                0x0000000000087edd                u32AHI_DioWakeStatus
                0x0000000000087eee                vAHI_DioWakeEnable
                0x0000000000087f0e                vAHI_DioSetOutput
                0x0000000000087f22                APP_ButtonsStopWakeUp
                0x0000000000087f2a                vAHI_DioSetDirection
                0x0000000000087f3e                bIssueACIcommand
                0x0000000000087fd4                vACI_CmdWaitBusy
                0x0000000000087fe1                vEcbEncodeStripe.201485
                0x0000000000088038                MAC_u64GetExtAddr
                0x0000000000088053                psSearchForFrameToSend
                0x00000000000880a2                eMiniMac_FrameInProgress
                0x00000000000880cd                vRemoveFromTxQueue
                0x0000000000088109                vAddToTxQueue
                0x000000000008813f                u8GetHeaderSize
                0x0000000000088167                vMiniMac_PLME_SetReq_CcaMode
                0x000000000008817b                vMiniMac_MLME_SetReq_MinBe
                0x00000000000881a0                zps_psNwkSlistRemoveFromHead
                0x00000000000881b7                zps_psNwkSlistRemove
                0x00000000000881ef                zps_bNwkMcpsMgrRemoveDescrFromLists
                0x000000000008822d                zps_vNwkSlistAddToTail
                0x0000000000088247                zps_vNwkMcpsMgrFreeReqDescr
                0x0000000000088271                zps_vNwkRemoveConflictedBroadcast
                0x00000000000882c6                zps_vNwkMcpsMgrTidyBtrReqDescr
                0x0000000000088309                ZPS_bNwkSecHaveNetworkKey
                0x000000000008833d                ZPS_u64NwkNibGetMappedIeeeAddr
                0x000000000008835f                ZPS_vNwkSecResetDevice
                0x00000000000883a4                ZPS_bNwkNibNtActvMatch
                0x000000000008845c                ZPS_u64NwkNibFindExtAddr
                0x0000000000088507                bCheckNwkAddr
                0x0000000000088555                zps_eAplTrustCenterFindDevice
                0x0000000000088599                ZPS_vSetExtendedStatus
                0x00000000000885ab                eAllocateNPDU.109546
                0x000000000008860e                PDUM_eNPduClone
                0x000000000008865a                PDUM_hAPduAllocateAPduInstance
                0x00000000000886b4                hZCL_AllocateAPduInstance
                0x00000000000886f0                zps_eAplZdoSendZdpResponse
                0x0000000000088739                bSendResponse.146529
                0x000000000008877c                zps_psApsApsAllocateDcfmRecord
                0x00000000000887ea                zps_u8CalcLinkCost
                0x0000000000088826                ZPS_u8NwkNibNtDiscMatch
                0x000000000008890a                zps_u64NwkLibFromPayload
                0x0000000000088aa7                eSmeAcScBeaconInd.192592
                0x0000000000088baf                eSmeUDNTBeaconInd.192568
                0x0000000000088bd2                zps_vNwkLibU64ToPayload
                0x0000000000088bff                zps_eNwkDcfmIndPost
                0x0000000000088c22                zps_psNwkDcfmIndGetBuf
                0x0000000000088c44                zps_eNwkHandleSmePollDcfm
                0x0000000000088c6e                zps_vSendJoinInd
                0x0000000000088cde                eSmeEdScScanDcfm.192572
                0x0000000000088d27                eSmeGenlScanDcfm.192576
                0x0000000000088d85                eNldeDataDcfm.187756
                0x0000000000088db5                zps_vSendNwkStatusInd
                0x0000000000088de5                DBG_vInit
                0x0000000000088e27                psSLISTsearch
                0x0000000000088e67                psSLISTremove
                0x0000000000088ee5                psSLISTgetNext
                0x0000000000088f09                u8PDM_CalculateFileSystemCapacity
                0x0000000000088f27                bPDM_ImageBitmapRepairCheck
                0x0000000000088f4f                u8PDM_ReadSequenceNumber
                0x0000000000088f72                boSegmentNumberDeleteSearchMatch.179047
                0x0000000000088f8d                u32PDM_ReadFileSystemHeaderWearCount
                0x0000000000088fa3                boSearchForWearCountSubstitute.179361
                0x0000000000088fc9                boSearchForWearCountInsertPoint.178626
                0x0000000000088fe7                vPDM_WriteFileSystemHeaderWearCount
                0x0000000000088ff9                u8PDM_CalculateSegmentsRequired.part.0.177784
                0x0000000000089027                vPDM_ReadBitmapHeader.177561
                0x0000000000089046                RND_u32GetRand256
                0x0000000000089063                zps_vDefaultNwkLayer
                0x0000000000089202                RND_u32GetRand
                0x0000000000089229                u16CalculateFailedTxCount.147743
                0x0000000000089253                vZdoIeeeAddrServerSendExtendResponse.part.0.134339
                0x00000000000892b4                vZdoNwkAddrServerSendExtendResponse.part.0.133126
                0x0000000000089315                zps_bAplZdoServerHandleConfirmAcks
                0x000000000008935f                zps_bPerformLeaveActionDecider
                0x0000000000089377                vHandleUpdateDeviceIndication.121943
                0x00000000000893a1                bDuplicateCheck.116927
                0x00000000000894ae                zps_vInitAPSMECmdHdr
                0x00000000000894e7                bIsBindTableMatch.116616
                0x0000000000089538                eRemoveEntryInBindingTable.116644
                0x00000000000895b7                zps_vAplApsFillAndPostApsAck
                0x0000000000089621                zps_u8AplApsFreeMsgHandle
                0x000000000008968b                bCheckProfile.112389
                0x00000000000896c9                ZPS_bIsGroupPresent
                0x0000000000089701                PDUM_u16APduInstanceWriteStrNBO
                0x0000000000089880                PDUM_eNPduReadHeaderNBO
                0x00000000000898d3                PDUM_u16APduInstanceReadNBO
 .text          0x000000000008991f     0x1430 C:\Users\raise\AppData\Local\Temp\ccGuxrag.ltrans3.ltrans.o
                0x000000000008991f                DBG_vUartFlush
                0x000000000008994c                DBG_vUartPutch
                0x0000000000089a3d                vPostMcpsDcfmInd.130506
                0x0000000000089bf1                eZCL_SearchForAttributeEntry
                0x0000000000089caa                eZCL_SetLocalAttributeValue.constprop.147
                0x0000000000089d56                iPDM_SearchForBufferIdInList
                0x0000000000089d8b                iPDM_SearchForBufferIdInFileSystem
                0x0000000000089d9e                iPDM_GetLengthOfDataInBufferWithIdFromFileSystem
                0x0000000000089dfa                iPDM_SearchForSpecificSegmentInList
                0x0000000000089e2c                vPDM_WriteFileSystemRecordAndSegmentDataIntoEEPROMsegment
                0x0000000000089e6f                iPDM_ReadUserDataFromEEPROMsegment
                0x0000000000089ef1                iPDM_ReadUserDataFromFileSystemRecord
                0x0000000000089f1b                iPDM_ReadUserDataFromSegmentWithId
                0x0000000000089f50                PDM_eReadDataFromRecord.part.0.177898
                0x0000000000089fd7                PDM_eReadDataFromRecord
                0x0000000000089ff7                vLoadAplRecord.121992
                0x000000000008a025                vLoadNwkRecord.186460
                0x000000000008a05d                iPDM_ReCalculateWearCountAndChecksumAndWriteFileSystemHeader
                0x000000000008a0a7                vPDM_SetEEPROMandFileSystemValidState
                0x000000000008a0ce                vRadioToOff
                0x000000000008a0eb                iPDM_FilterDuplicateAppendedSegmentsOnList.179697
                0x000000000008a141                PWRM_vWakeInterruptCallback
                0x000000000008a18d                PWRM_vManagePower
                0x000000000008a303                u32AHI_WakeTimerCalibrate
                0x000000000008a32f                vStartWakeTimer
                0x000000000008a34e                u16ZCL_APduInstanceWriteNBO
                0x000000000008a3da                u16ZCL_WriteCommandHeader
                0x000000000008a452                u16ZCL_APduInstanceReadNBO
                0x000000000008a537                u16ZCL_ReadCommandHeader.part.0.81543
                0x000000000008a5ae                u16ZCL_APduInstanceWriteStringNBO.part.0.78216
                0x000000000008a69f                u16ZCL_APduInstanceReadStringNBO
                0x000000000008a774                eZCL_GetAttributeTypeSizeFromBuffer
                0x000000000008a7eb                u16ZCL_GetTxPayloadSize
                0x000000000008a82b                u8ZdoBindUnbindServerUnpackApdu
                0x000000000008a87a                eOtaFindCluster.constprop.146
                0x000000000008a8c2                eOTA_RestoreClientData
                0x000000000008a949                eOTA_SetServerAddress
                0x000000000008a984                vOtaTimerClickCallback
                0x000000000008a9d6                eOtaClientReqSeqNoUpdate
                0x000000000008a9f3                eOTA_GetCurrentOtaHeader.part.5.69736.constprop.71
                0x000000000008aa24                vEnableReceive.200139
                0x000000000008aa7c                vStartReceive
                0x000000000008aa97                iPDM_ReadSegmentHeaderDataFromEEPROMsegment
                0x000000000008aaf0                zps_psAllocateAndFormatMacHdr
                0x000000000008ac2e                zps_psNwkInitCmdFrame
                0x000000000008ad17                vGiveUp.195126
 *fill*         0x000000000008ad4f        0x1 00
 .text          0x000000000008ad50     0x14bc C:\Users\raise\AppData\Local\Temp\ccGuxrag.ltrans4.ltrans.o
                0x000000000008ad50                vZCL_EventHandler
 .text          0x000000000008c20c     0x13f5 C:\Users\raise\AppData\Local\Temp\ccGuxrag.ltrans5.ltrans.o
                0x000000000008c2b6                pwrm_PreSleep.4254
                0x000000000008c390                zps_eNwkHandleSceNwkEdTimeoutRsp
                0x000000000008c4ef                vIncrementFrameCounterInPdm.isra.0.186913
                0x000000000008c6cb                zps_vByteCopy
                0x000000000008c6fa                vPDM_ImageBitmapRepair.178547
                0x000000000008c75b                vRestetOTADiscovery.11057
                0x000000000008c787                vOTAResetPersist
                0x000000000008c7cb                zps_vAplSaveRecord
                0x000000000008c89c                zps_eAplApsmeBindReqRsp
                0x000000000008c976                zps_bNwkFindAddIeeeAddr
                0x000000000008caa8                zps_eAplZdoAddReplaceLinkKey_W
                0x000000000008cb67                ZPS_bNwkNibAddrMapAddEntry
                0x000000000008cd13                zps_eAplZdoBind
                0x000000000008cdaa                eCheckAddrConflict.isra.5.184751
                0x000000000008ce40                vAplSecRemoveLinkKey.122041
                0x000000000008ced7                ZPS_vNtSetUsedStatus
                0x000000000008cfbf                zps_sNwkNibNtCheckJoin
                0x000000000008d216                zps_vNwkHandleCmeDirectJoinReq
                0x000000000008d290                zps_vJoinInitNtParent
                0x000000000008d346                zps_vCheckActvNtForDuplicate
                0x000000000008d39d                ZPS_vNwkNibSetNwkAddr
                0x000000000008d3bb                zps_eNwkHandleSceRejnResponse
                0x000000000008d418                ZPS_vNwkNibSetExtPanId
                0x000000000008d46a                vFinish.195565
                0x000000000008d4b2                eSmeOrphScanDcfm.195575
                0x000000000008d52a                ZPS_vNwkNibSetUpdateId
                0x000000000008d573                ZPS_vNwkNibSetPanId
                0x000000000008d591                vHandleNwkRemoteUpdateAfterBcast.184514
 .text.unlikely
                0x000000000008d601       0x4c C:\Users\raise\AppData\Local\Temp\ccGuxrag.ltrans5.ltrans.o
                0x000000000008d601                vOTA_EncodeString
 .text          0x000000000008d64d     0x1169 C:\Users\raise\AppData\Local\Temp\ccGuxrag.ltrans6.ltrans.o
                0x000000000008d64d                vCLD_IdentifyTimerClickCallback.23899
                0x000000000008d7db                vOtaUpgManClientStateCountDown.70549
                0x000000000008d924                vOtaFlashWrite
                0x000000000008d926                vPDM_AddFileSystemElementToListInAscendingWearCountOrder
                0x000000000008da1d                zps_u8AplApsConstructAndPostLoopBackDataInd.115198
                0x000000000008db56                u8PostUnicastMsgToNHLE.115206
                0x000000000008db8f                AESSW_vMMOFinalUpdate
                0x000000000008dc51                AESSW_vHMAC_MMO.constprop.190
                0x000000000008dce9                zps_pvAesGetKeyFromInstallCode
                0x000000000008de39                BDB_vSetKeys
                0x000000000008de91                ZPS_bSecEncrypt
                0x000000000008e04c                bHasTimerFired.96222
                0x000000000008e0b6                u16ZCL_WriteAttributeValueIntoBuffer
                0x000000000008e13c                psGetTxFrameBuffer
                0x000000000008e18f                SOC_MAC_vHandleMcpsVsReqRsp.constprop.208
                0x000000000008e30d                ZllCommissonCommandScanSend
                0x000000000008e675                psGetAndBuildCoordRealignment
                0x000000000008e6cd                eBuildAndSend.199847
                0x000000000008e742                zps_vInitBeaconPayload
 *fill*         0x000000000008e7b6        0x2 00
 .text          0x000000000008e7b8     0x13cc C:\Users\raise\AppData\Local\Temp\ccGuxrag.ltrans7.ltrans.o
                0x000000000008e7ee                DBG_iUartGetChar
                0x000000000008e8b2                eBeaconReqSent.199843
                0x000000000008e8d9                dbg_vPrintfImplNoneVerbose
                0x000000000008ed60                App_CheckAtrributeFF33DataBuffer
                0x000000000008ee86                vAppInitOTA
                0x000000000008f0c5                vScheduleSleep.isra.0.12364
                0x000000000008f23e                vStartPollTimer
                0x000000000008f26d                vAppSampleDoorLockPollChange
                0x000000000008f2cd                eCLD_DoorLockSceneEventHandler.60623
                0x000000000008f318                DBG_vDumpStack
                0x000000000008f35a                vShowException
                0x000000000008f3e3                eCLD_GroupsSetIdentifying
                0x000000000008f425                ZPS_bSecDecrypt
                0x000000000008f532                boPDM_IsBitmapSaturated.177597
                0x000000000008f57b                zps_bAplZdoMatchDescServer.part.0.135571
                0x000000000008f8b6                vAHI_UartConfigureFIFOs.part.5.202217
                0x000000000008f926                DBG_vUartInitHardware
                0x000000000008f9f9                vDLISTaddToHead
                0x000000000008fa22                vDLISTaddToTail
                0x000000000008fa45                psDLISTremove
                0x000000000008faa7                eZCL_TimerRegister.part.1.98195.constprop.66
                0x000000000008fae8                eCLD_IdentifyRegisterTimeServer.part.0.23906
                0x000000000008fb08                vOtaClientUpgMgrMapStates
 .text          0x000000000008fb84     0x125c C:\Users\raise\AppData\Local\Temp\ccGuxrag.ltrans8.ltrans.o
                0x000000000008fb84                vMiniMac_InterruptHandler
                0x000000000008ff07                eAssocRespSent.199072
                0x000000000008ff5f                zps_eNwkHandleSmeBeaconNotifyInd
                0x0000000000090016                zps_vReAttemptScanTimerHandleExpiry
                0x000000000009006e                zps_vNwkHandleCmeNwkDiscReq
                0x00000000000900e8                zps_vNwkHandleCmeEdScanReq
                0x0000000000090127                zps_vNwkHandleCmeSyncReq
                0x00000000000901da                zps_vNwkHandleCmeNwkJoinReq
                0x00000000000904a1                zps_vNwkHandleCmeNwkActvJoinReq
                0x00000000000905ef                vHandleRejoinExpiry.195122
                0x000000000009064d                zps_eRejoinDataDcfm
                0x0000000000090691                eSmeAsocAssocDcfm.195735
                0x0000000000090715                eSmeRjPCPollDcfm.195731
                0x0000000000090756                eSceRjRsRejoinRsp.195699
                0x000000000009081a                vStartScanTimerExpiry.147739
                0x0000000000090856                zps_eNwkSendJoinResponse
                0x0000000000090aae                zps_eProcessAddrConflict
                0x0000000000090c5b                ZPS_vNwkNibCheckAndUpdateAddresses
                0x0000000000090cc1                zps_eNwkHandleSceNwkStatus
 .text          0x0000000000090de0     0x16a4 C:\Users\raise\AppData\Local\Temp\ccGuxrag.ltrans9.ltrans.o
                0x0000000000090de0                vfExtendedStatusCallBack.4247
                0x0000000000090e1f                APP_ZCL_cbGeneralCallback.8901
                0x0000000000090ea4                App_cbTimerRemoteOperationPermit
                0x0000000000090ec9                APP_cbTimerZCLBasicWriteAttr
                0x0000000000090f9f                APP_cbTimerButtonScan
                0x0000000000090fd8                APP_cbTimerSerialDioSet
                0x0000000000090ffc                APP_cbTimerSerialTimeout
                0x000000000009101f                eZCL_SetReceiveEventAddressStructure
                0x000000000009109e                vMiniMac_ReturnTxBufferCallback
                0x00000000000910c8                vPostTxActions.200225
                0x0000000000091105                vMiniMac_TxComplete
                0x000000000009129f                vMiniMac_NextTransaction
                0x0000000000091309                vMiniMac_Init
                0x000000000009167c                eTransmit
                0x0000000000091759                vMiniMac_McpsCallback
                0x00000000000918e5                eMcpsTxCompleteHandler.199184
                0x0000000000091913                APP_vSetUpHardware
                0x0000000000091a24                App_Start_Recv_BasicResponse_TimerBit
                0x0000000000091a4f                APP_bNodeIsInRunningState
                0x0000000000091a77                APP_bButtonInitialise
                0x0000000000091ac8                APP_UARTInitialise
                0x0000000000091b93                pwrm_Wakeup.4250
                0x0000000000091c7a                HAL_UART_Write
                0x0000000000091cfb                APP_cbTimerWriteSerial
                0x0000000000091dbb                App_AckSleepInTime
                0x0000000000091e34                App_SerialSendAddTempoaryPassword
                0x0000000000091fb4                App_ResendTempoaryPassword
                0x0000000000091fbc                App_SerialSendRemoteUnlock.part.4.9635
                0x000000000009206d                App_SendDataImmediatelyOrSaveIntoCacheBuffer
                0x0000000000092221                APP_SerialSendPwdOperationDataForYinghua
                0x00000000000923ca                App_StopSerialPrepareEnterSleep
 .text          0x0000000000092484     0x1078 C:\Users\raise\AppData\Local\Temp\ccGuxrag.ltrans10.ltrans.o
                0x0000000000092484                iPDM_WriteSegmentHeaderAndData
                0x000000000009268d                iPDM_SegmentCopyAndAppendData.constprop.197
                0x00000000000926e7                vPDM_MoveAllDataFromListToList
                0x0000000000092750                vPDM_MoveAllDataWithBufferIdAndStateFromListToList
                0x00000000000927db                vPDM_MoveAllDataWithBufferIdFromListToList
                0x000000000009289c                vPDM_DeleteSegmentsWithIdFromFileSystem
                0x00000000000928bd                PDM_vDeleteDataRecord
                0x00000000000928f4                vPDM_MoveFileRecordFromListToList
                0x0000000000092a03                iPDM_VerifyDataSequenceWithBufferId
                0x0000000000092aa9                vPDM_MoveRecordToDeAllocList
                0x0000000000092ac9                iPDM_ReconstructReplacedDataTable
                0x0000000000092c70                iPDM_ReplaceChangedSegmentInSequence
                0x0000000000092d5f                vPDM_DeleteAppendedSequence
                0x0000000000092f64                PDM_eSaveRecordData
                0x0000000000093240                ZPS_vNwkSaveRecord
                0x000000000009326c                ZPS_vNwkNibSetCapabilityInfo
                0x0000000000093298                ZPS_vNwkNibSetChannel
                0x00000000000932af                ZPS_vNwkSaveNt
                0x00000000000932c2                zps_eNwkHandleSmeCommStatusInd
                0x0000000000093402                eUnsolicitedRejoinRspDataDcfm.184518
                0x000000000009342d                eRejoinRspDataDcfm.194396
 *fill*         0x00000000000934fc        0x0 00
 .text          0x00000000000934fc     0x11fc C:\Users\raise\AppData\Local\Temp\ccGuxrag.ltrans11.ltrans.o
                0x00000000000935ab                vZdoBdrmSendNextTimedRequest
                0x000000000009383b                zps_eZdpNwkAddrResponse
                0x000000000009391e                zps_eZdpIeeeAddrResponse
                0x0000000000093a01                zps_eZdpMgmtNwkUpdateNotifyResponse
                0x0000000000093ab3                zps_eZdpNodeDescResponse
                0x0000000000093b5b                zps_eZdpPowerDescResponse
                0x0000000000093bf8                zps_eZdpSimpleDescResponse
                0x0000000000093d05                zps_eZdpActiveEpResponse
                0x0000000000093d9b                zps_eZdpMatchDescResponse
                0x0000000000093e31                zps_eZdpSystemServerDiscoveryResponse
                0x0000000000093ea0                zps_eAplZdpMgmtLqiResponse
                0x0000000000093fb0                zps_eAplZdpBindResponse
                0x0000000000093fd1                zps_eZdpUnbindResponse
                0x0000000000093ff2                zps_eZdpMgmtLeaveResponse
                0x0000000000094013                eZCL_TransmitDataRequest
                0x000000000009433d                eSendDeviceAnnounce.150444
                0x0000000000094447                zps_eAplZdpRequestApsdeReq
                0x00000000000944bc                vNsSendPermitJoin.104427
                0x000000000009453a                vFbSendSimpleDescReq.106821
                0x00000000000945b5                zps_eAplZdpIeeeAddrRequest.constprop.20
                0x0000000000094627                BDB_vZclEventHandler
 .text          0x00000000000946f8     0x129e C:\Users\raise\AppData\Local\Temp\ccGuxrag.ltrans12.ltrans.o
                0x00000000000949c9                vMcpsMgrExpiry.185548
                0x00000000000949f1                ZPS_vNwkSaveAllRecords
                0x0000000000094a26                ZPS_pvNwkCtor.part.0.183538
                0x0000000000094be0                zps_vNwkMcpsMgrPost
                0x0000000000094c04                zps_psSendFrm.constprop.201
                0x0000000000094de7                ZPS_vNwkHandleNldeReqRsp
                0x0000000000094ff6                zps_eAplApsmeCmdMgrSendCommand
                0x00000000000950d3                zps_vAplApsmeCmdMgrRetryTimeout.116608
                0x0000000000095178                zps_vNwkHandleCmeLeaveReq
                0x00000000000951e0                zps_eNwkHandleSceLeave
                0x0000000000095350                zps_psSendNetworkStatusCmd
                0x00000000000953c8                zps_eDefaultDataDcfm
                0x000000000009554c                vSendNetworkReport.184506
                0x0000000000095626                zps_psNwkSendRejoinReqCmd
                0x0000000000095688                zps_u8NwkHandleRejoinReq
                0x0000000000095754                zps_vProcessLocalAddrConflict.part.1.184523
                0x000000000009578e                vContinueRejoin.194392
                0x000000000009583d                zps_eNwkHandleSdeActvDcfmData
                0x0000000000095924                vMcpsMgrTimeoutExpiry
 .text          0x0000000000095996     0x146e C:\Users\raise\AppData\Local\Temp\ccGuxrag.ltrans13.ltrans.o
                0x0000000000095aa9                vMacMlmeCallBackHandler.107864
                0x0000000000095abe                vMacMcpsCallBackHandler.107868
                0x0000000000095acf                App_cbTimerWakeUpTimeOut
                0x0000000000095ad8                bCLD_AlarmsSearchForAlarm.18769
                0x0000000000095b10                pdum_u16ReadNBO
                0x0000000000095c71                PDUM_u16SizeNBO
                0x0000000000095ccf                PDUM_u16APduInstanceWriteNBO
                0x0000000000095d39                PDUM_thAPduInstanceGetApdu
                0x0000000000095d54                PDUM_eAPduFreeAPduInstance
                0x0000000000095dba                PDUM_eAPduInstanceSetPayloadSize
                0x0000000000095de2                PDUM_eNPduWriteDataFromBuffer
                0x0000000000095e3c                PDUM_eNPduWriteDataToBuffer
                0x0000000000095e9a                PDUM_eNPduWriteFromBuffer
                0x0000000000095ec3                PDUM_eNPduDescend
                0x0000000000095ee9                PDUM_eNPduAscend
                0x0000000000095f0f                PDUM_eNPduClaimData
                0x0000000000095f7c                PDUM_eNPduAppendDataNBO
                0x0000000000095fd9                PDUM_eNPduClaimHeader
                0x0000000000095ffc                PDUM_eNPduPrependHeaderNBO
                0x0000000000096057                PDUM_eNPduFree
                0x00000000000960b5                PDUM_eNPduInitDescending
                0x00000000000960d0                ZTIMER_eGetState
                0x00000000000960e1                u8NumberOfTimersTaskTimers.12356
                0x0000000000096121                ZTIMER_eStop
                0x000000000009616a                BDB_vFbExitAsInitiator
                0x000000000009618d                ZTIMER_eStart
                0x00000000000961e2                vWakeCallBack.12354
                0x0000000000096207                eZCL_SearchForClusterEntry
                0x000000000009626b                eZCL_BuildTransmitAddressStructure
                0x00000000000962d8                eZCL_SearchForEPentry
                0x0000000000096309                eZCL_SearchForEPentryAndCheckManufacturerId
                0x0000000000096347                vZCL_PassEventToUser
                0x0000000000096374                eZCL_DoesAttributeHaveReportableChange
                0x0000000000096391                eZCL_GetAttributeReportableEntry
                0x0000000000096449                vZCL_AlignNumericAttributeValueTo64.95676
                0x0000000000096558                vZCL_SetDefaultReporting
                0x000000000009658a                eZCL_BuildClientTransmitAddressStructure
                0x00000000000965bb                u8GetTransactionSequenceNumber
                0x00000000000965cd                bZCL_CheckAttributeDirectionFlagMatch
                0x00000000000965f1                eZCL_GetAttributeTypeSize
                0x0000000000096610                vZCL_MarkAttributeInvalid
                0x00000000000966df                u8ZCL_GetAttributeAllignToFourBytesBoundary
                0x00000000000966f4                pvZCL_GetAttributePointer
                0x000000000009676a                eZCL_StoreChangeAttributeValue
                0x0000000000096809                vReverseMemcpy.part.2.76764
                0x000000000009683e                vReverseMemcpy
                0x0000000000096856                sOtaGetHeader
                0x0000000000096964                u16ZCL_GetStringStructureSize
                0x00000000000969a1                u16ZCL_GetStringAttributeTypeSizeFromBuffer
                0x0000000000096a12                u16ZCL_GetStringSizeAndBufferFromStructure
                0x0000000000096aa1                eZCL_GetAttributeTypeSizeFromStructure
                0x0000000000096b1a                vZCL_InitializeClusterInstance
                0x0000000000096b2f                vOtaFlashLockWrite
                0x0000000000096b75                vOtaFlashLockRead
                0x0000000000096bbb                eOtaSetEventTypeAndGiveCallBack
                0x0000000000096bd6                vUART_TxCharCRC
                0x0000000000096bfc                APP_SerialSendJoinIndication
                0x0000000000096cc7                App_SerialSendNetworkIndication
                0x0000000000096d83                vAPP_ZCL_DeviceSpecific_Init
 .text.unlikely
                0x0000000000096e04       0x36 C:\Users\raise\AppData\Local\Temp\ccGuxrag.ltrans13.ltrans.o
                0x0000000000096e04                eOTA_retOtaUseKey
 *fill*         0x0000000000096e3a        0x2 00
 .text          0x0000000000096e3c     0x13ac C:\Users\raise\AppData\Local\Temp\ccGuxrag.ltrans14.ltrans.o
                0x0000000000096e3c                vMiniMac_MlmeCallback
                0x0000000000097126                vSendMlmeCommStatusFromTxFrame
                0x000000000009717c                SOC_MAC_vHandleMlmeVsReqRsp.constprop.167
                0x0000000000097a3c                vScanBeaconReceived
                0x0000000000097a86                vRunningRxCallback
                0x0000000000097d5a                vPostDcfm.199858
                0x0000000000097dc3                vScanNextChannel.199864
                0x0000000000097f63                zps_vSaveAllZpsRecords
                0x0000000000097f86                APP_vFactoryResetRecords
                0x00000000000981a1                vHandleZdoLeaveRequest.7070
 .text          0x00000000000981e8     0x1400 C:\Users\raise\AppData\Local\Temp\ccGuxrag.ltrans15.ltrans.o
                0x000000000009832d                APP_cbTimerOTAStart
                0x00000000000987a8                eOTA_ClientUpgradeEndRequest
                0x0000000000098854                vOtaUpgManClientStateDownloadComplete.70541
                0x0000000000098a32                vOtaAbortDownload.70586
                0x0000000000098aa9                vOtaHandleTimedBlockRequest.70580
                0x0000000000098b73                vOtaUpgManClientStateIdle.70528
 .text          0x00000000000995e8     0x1084 C:\Users\raise\AppData\Local\Temp\ccGuxrag.ltrans16.ltrans.o
                0x00000000000995e8                vReportTimerClickCallback
                0x0000000000099a3b                eZCL_SendDefaultResponse
                0x0000000000099b3a                eZCL_CustomCommandReceive
                0x0000000000099ca8                eOtaCommandHandler
                0x000000000009a24f                eCLD_BasicCommandHandler
                0x000000000009a2be                eCLD_GroupsCommandHandler
                0x000000000009a3d9                eCLD_DoorLockCommandHandler
                0x000000000009a48d                vZCL_HandleAttributesReadResponse
 .text          0x000000000009a66c     0x14b7 C:\Users\raise\AppData\Local\Temp\ccGuxrag.ltrans17.ltrans.o
                0x000000000009a66c                vOtaUpgManClientStateWaitForRunCommand.70545
                0x000000000009a78b                vOtaUpgManClientStateDownloadInProgress.70537
                0x000000000009b159                vAppHandleSerialEvent.part.0.14602
 .text          0x000000000009bb23     0x1183 C:\Users\raise\AppData\Local\Temp\ccGuxrag.ltrans18.ltrans.o
                0x000000000009bb23                zps_bAplZdoMgmtNWKUpdateServer
                0x000000000009be73                zps_vAplZdoMgmtNWKUpdateServerInit
                0x000000000009be7c                zps_bAplZdoMgmtLeaveServer
                0x000000000009c012                zps_vAplZdoMgmtLeaveServerInit
                0x000000000009c01b                zps_bAplZdoMgmtLqiServer
                0x000000000009c2a1                zps_vAplZdoMgmtLqiServerInit
                0x000000000009c2aa                zps_bAplZdoSystemServerDiscoveryServer
                0x000000000009c367                zps_vAplZdoSystemServerDiscoveryServerInit
                0x000000000009c370                zps_bAplZdoDeviceAnnceServer
                0x000000000009c5b5                zps_vAplZdoDeviceAnnceServerInit
                0x000000000009c5b8                zps_bAplZdoActiveEpServer
                0x000000000009c6ce                zps_vAplZdoActiveEpServerInit
                0x000000000009c6d7                zps_bAplZdoPowerDescServer
                0x000000000009c824                zps_vAplZdoPowerDescServerInit
                0x000000000009c82d                zps_bAplZdoSimpleDescServer
                0x000000000009caac                zps_vAplZdoSimpleDescServerInit
                0x000000000009cab5                zps_bAplZdoNodeDescServer
                0x000000000009cc51                zps_vAplZdoNodeDescServerInit
                0x000000000009cc5a                zps_bAplZdoMatchDescServer
 .text          0x000000000009cca6     0x11b4 C:\Users\raise\AppData\Local\Temp\ccGuxrag.ltrans19.ltrans.o
                0x000000000009ce9d                vHandleEdTimeoutReqExpiry.184510
                0x000000000009cf44                ZPS_vNwkHandleNlmeReqRsp
                0x000000000009cfbe                zps_vAplApsPollTimer
                0x000000000009d01d                eRejoinNetwork.121979
                0x000000000009d0e4                eStartRouter.122010
                0x000000000009d1cc                vAplSecAuthPollTimerExpiry.121920
                0x000000000009d224                vAplSecAuthTimerExpiry.121916
                0x000000000009d2b2                zps_eAplZdoPoll
                0x000000000009d318                APP_cbTimerPoll
                0x000000000009d5a2                zps_vAplAfPostEvent
                0x000000000009d9ca                vPostApsdeDcfmInd.112723
                0x000000000009dbbb                zps_eAplZdoNlmeleaveWrapper
                0x000000000009dc39                App_cbTimerLeaveAndFactoryNew
                0x000000000009dcf5                vNsLeaveNwk.104437
                0x000000000009dd23                vChangeChannelTimerExpiry.147735
                0x000000000009dd83                eLeaveReset.196539
                0x000000000009ddee                eLeaveDataDcfmLocalLeave.196544
 .text          0x000000000009de5a     0x111a C:\Users\raise\AppData\Local\Temp\ccGuxrag.ltrans20.ltrans.o
                0x000000000009e01b                APP_cbTimerZclTick
                0x000000000009e058                eZCL_CustomCommandSend.constprop.180
                0x000000000009e30a                eCLD_AlarmsCommandHandler
                0x000000000009e53e                eFbSendIdentifyQuery.106813
                0x000000000009e580                App_SendOperationEventNotification
                0x000000000009e669                App_SampleDoorLockResetAlarmCode
                0x000000000009e6db                App_SampleDoorLockSendAlarmCmd
                0x000000000009e7e8                eZCL_ReportAttribute.constprop.173
                0x000000000009e96c                App_AskOneOfCache
                0x000000000009e997                App_AskNumberOfCache
                0x000000000009e9bc                APP_cbGetNumGetWay
                0x000000000009e9d9                vDioEventHandler.14606
                0x000000000009eb43                App_SendReportPollControlSendCacheAck
                0x000000000009eb97                vSendDoorLockOtherInfoReport
                0x000000000009ebe9                App_SendReportDoorLockState
                0x000000000009ec0e                vSendBasicDeviceEnabledReport
                0x000000000009ec32                vSendBasicReport
                0x000000000009ec60                vSendReportPowerConfig
                0x000000000009ec84                App_cbTimerStartResend
                0x000000000009ee7e                APP_cbDelayAskOneOfNumGetWay
                0x000000000009ef25                vHandleNetworkJoinEndDevice
 .text          0x000000000009ef74      0xe7c C:\Users\raise\AppData\Local\Temp\ccGuxrag.ltrans21.ltrans.o
                0x000000000009ef74                eOrphanNotificationSent.199839
                0x000000000009efbd                zps_eNwkHandleSmeAssocInd
                0x000000000009f1b2                vTransformKey.isra.0.118270
                0x000000000009f213                zps_bGetFlashCredential
                0x000000000009f218                zps_psFindKeyDescr
                0x000000000009f2fc                zps_eAplSecEncryptPacket
                0x000000000009f3fb                zps_eAplSendApsmeCmdFrame
                0x000000000009f6b4                vPostNlmeDcfmInd.112709
 .text          0x000000000009fdf0      0xe94 C:\Users\raise\AppData\Local\Temp\ccGuxrag.ltrans22.ltrans.o
                0x000000000009fdf0                eCLD_IdentifyCommandHandler
                0x000000000009ffb6                eOTA_ClientQueryNextImageRequest
                0x00000000000a0077                BDB_vRejoinCycle.constprop.130
                0x00000000000a035a                BDB_vRejoinTimerCb
                0x00000000000a035d                BDB_vStart
                0x00000000000a0524                APP_cbStartNWKJoin
                0x00000000000a055e                bdb_taskBDB
 .text          0x00000000000a0c84     0x116c C:\Users\raise\AppData\Local\Temp\ccGuxrag.ltrans23.ltrans.o
                0x00000000000a0c84                APP_vBdbCallback
                0x00000000000a1261                BDB_vRejoinSuccess
                0x00000000000a12c2                vNsTerminateNwkSteering.104425
                0x00000000000a12e0                vNsDiscoverNwk.104439
                0x00000000000a146f                BDB_eNsStartNwkSteering
                0x00000000000a151a                vNsTryNwkJoin.isra.0.104441
                0x00000000000a1715                vNsAfterNwkJoin.104429
                0x00000000000a1815                BDB_vNsTimerCb
                0x00000000000a18ec                vFbBindCluster.107680
                0x00000000000a1d2d                BDB_vFbTimerCb
 .text          0x00000000000a1df0      0xf6c C:\Users\raise\AppData\Local\Temp\ccGuxrag.ltrans24.ltrans.o
                0x00000000000a2266                eCLD_ZllCommissionCommandHandler
                0x00000000000a24e3                eCLD_PollControlCommandHandler
                0x00000000000a26fc                eCLD_IASWDCommandHandler
                0x00000000000a2826                vZCL_HandleAttributesWriteRequest
 .text          0x00000000000a2d5c     0x1064 C:\Users\raise\AppData\Local\Temp\ccGuxrag.ltrans25.ltrans.o
                0x00000000000a2d5c                vPostApsmeDcfmInd.112716
                0x00000000000a3394                eZLO_RegisterOccupancySensorEndPoint.constprop.46
 .text          0x00000000000a3dc0      0xef8 C:\Users\raise\AppData\Local\Temp\ccGuxrag.ltrans26.ltrans.o
                0x00000000000a3dc0                vPostNldeDcfmInd.112730
 .text          0x00000000000a4cb8      0xbde C:\Users\raise\AppData\Local\Temp\ccGuxrag.ltrans27.ltrans.o
                0x00000000000a4cb8                APP_vInitialiseNode
 .text          0x00000000000a5896      0xafb C:\Users\raise\AppData\Local\Temp\ccGuxrag.ltrans28.ltrans.o
                0x00000000000a5bff                vApsmeResendTimeOutHandler
                0x00000000000a5c2e                ZPS_vAplHandleApsdeReqRsp
                0x00000000000a6062                zps_eAplZdpApsdeReqInternal
                0x00000000000a60d1                zps_eAplZdpGenStatusOnlyResponse
                0x00000000000a612c                vNsTclkSendReqKey.104435
                0x00000000000a61d0                vHandleTransportKeyFrame.118074
 .text          0x00000000000a6391      0xa41 C:\Users\raise\AppData\Local\Temp\ccGuxrag.ltrans29.ltrans.o
                0x00000000000a6391                zps_vAplZdoMatchDescServerInit
                0x00000000000a639a                zps_bAplZdoIeeeAddrServer
                0x00000000000a6526                zps_vAplZdoIeeeAddrServerInit
                0x00000000000a652f                zps_bAplZdoNwkAddrServer
                0x00000000000a66e6                zps_vAplZdoNwkAddrServerInit
                0x00000000000a66ef                zps_isrMAC
                0x00000000000a6709                zps_bAplZdoDefaultServer
                0x00000000000a6984                zps_vAplZdoDefaultServerInit
                0x00000000000a698d                zps_vHandleApsdeDataFragIndNotSupported
                0x00000000000a6a35                pdum_vAPduInit
                0x00000000000a6a89                pdum_vNPduInit
                0x00000000000a6ac9                AppWarmStart
                0x00000000000a6ae3                AppColdStart
                0x00000000000a6b72                vUnclaimedInterrupt
                0x00000000000a6b87                vBusErrorHandler
                0x00000000000a6b96                vAlignmentErrorHandler
                0x00000000000a6ba5                vIllegalInstructionHandler
                0x00000000000a6bb4                vTrapHandler
                0x00000000000a6bc3                vGenericHandler
                0x00000000000a6bd2                vUnclaimedException
                0x00000000000a6be1                vStackOverflowHandler
                0x00000000000a6bf0                ISR_vTickTimer
                0x00000000000a6c28                APP_vGenCallback
                0x00000000000a6c6f                vUART_HandleUartInterrupt
                0x00000000000a6d53                vISR_SystemController
 *fill*         0x00000000000a6dd2        0x2 00
 .text          0x00000000000a6dd4      0xe3c C:\Users\raise\AppData\Local\Temp\ccGuxrag.ltrans30.ltrans.o
                0x00000000000a6dd4                APP_ZCL_cbEndpointCallback.8898
 .text          0x00000000000a7c10      0x7b5 C:\Users\raise\AppData\Local\Temp\ccGuxrag.ltrans31.ltrans.o
                0x00000000000a7c10                zps_bAplZdoMgmtBindServer
                0x00000000000a7e34                zps_vAplZdoMgmtBindServerInit
                0x00000000000a7e3d                zps_bAplZdoZdoClient
                0x00000000000a7fdd                zps_vAplZdoZdoClientInit
                0x00000000000a7fe9                zps_vAplZdoBindRequestServerInit
                0x00000000000a804a                zps_bAplZdoBindUnbindServer
                0x00000000000a83bc                zps_vAplZdoBindUnbindServerInit
 .text          0x00000000000a83c5       0x25 e:/nxp/bstudio_nxp/sdk/tools/ba-elf-ba2-r36379/bin/../lib/gcc/ba-elf/4.7.4/../../../../ba-elf/lib/mcpu_jn51xx_sizeopt\libc.a(lib_a-memcmp.o)
                0x00000000000a83c5                memcmp
 .text          0x00000000000a83ea       0x19 e:/nxp/bstudio_nxp/sdk/tools/ba-elf-ba2-r36379/bin/../lib/gcc/ba-elf/4.7.4/../../../../ba-elf/lib/mcpu_jn51xx_sizeopt\libc.a(lib_a-memcpy.o)
 .text          0x00000000000a8403       0x12 e:/nxp/bstudio_nxp/sdk/tools/ba-elf-ba2-r36379/bin/../lib/gcc/ba-elf/4.7.4/../../../../ba-elf/lib/mcpu_jn51xx_sizeopt\libc.a(lib_a-memset.o)
                0x00000000000a8403                memset
 *fill*         0x00000000000a8415        0x3 00
 .text          0x00000000000a8418      0x204 e:/nxp/bstudio_nxp/sdk/tools/ba-elf-ba2-r36379/bin/../lib/gcc/ba-elf/4.7.4/mcpu_jn51xx_sizeopt\libgcc.a(__udivsi3.o)
                0x00000000000a8418                __udivsi3
 .text          0x00000000000a861c       0x30 e:/nxp/bstudio_nxp/sdk/tools/ba-elf-ba2-r36379/bin/../lib/gcc/ba-elf/4.7.4/mcpu_jn51xx_sizeopt\libgcc.a(__divsi3.o)
                0x00000000000a861c                __divsi3
 .text          0x00000000000a864c      0x1b0 e:/nxp/bstudio_nxp/sdk/tools/ba-elf-ba2-r36379/bin/../lib/gcc/ba-elf/4.7.4/mcpu_jn51xx_sizeopt\libgcc.a(__umodsi3.o)
                0x00000000000a864c                __umodsi3
 .text          0x00000000000a87fc       0x24 e:/nxp/bstudio_nxp/sdk/tools/ba-elf-ba2-r36379/bin/../lib/gcc/ba-elf/4.7.4/mcpu_jn51xx_sizeopt\libgcc.a(__modsi3.o)
                0x00000000000a87fc                __modsi3
 .text          0x00000000000a8820       0x52 e:/nxp/bstudio_nxp/sdk/tools/ba-elf-ba2-r36379/bin/../lib/gcc/ba-elf/4.7.4/mcpu_jn51xx_sizeopt\libgcc.a(_muldi3.o)
                0x00000000000a8820                __muldi3
 .text          0x00000000000a8872       0x27 e:/nxp/bstudio_nxp/sdk/tools/ba-elf-ba2-r36379/bin/../lib/gcc/ba-elf/4.7.4/mcpu_jn51xx_sizeopt\libgcc.a(_lshrdi3.o)
                0x00000000000a8872                __lshrdi3
 .text          0x00000000000a8899      0x350 e:/nxp/bstudio_nxp/sdk/tools/ba-elf-ba2-r36379/bin/../lib/gcc/ba-elf/4.7.4/mcpu_jn51xx_sizeopt\libgcc.a(_udivdi3.o)
                0x00000000000a8899                __udivdi3
 *fill*         0x00000000000a8be9        0x3 00
 .text          0x00000000000a8bec       0xd0 e:/nxp/Sensor/WL_DoorLock/Build/portasm.o
                0x00000000000a8bec                OSMIUM_HwVectTable
                0x00000000000a8c28                vExternalException
 .text          0x00000000000a8cbc       0x48 e:/nxp/bstudio_nxp/sdk/JN-SW-4170/Components/Library\libPWRM_JN516x.a(pwrm_setjmp_JN516x.o)
                0x00000000000a8cbc                setjmp
                0x00000000000a8ce0                PWRM_longjmp
 .text          0x00000000000a8d04        0x0 e:/nxp/bstudio_nxp/sdk/JN-SW-4170/Components/Library\libZPSAPL_JN516x.a(zps_apl_version_lc.o)
                0x00000000000a8d04                ZPS_APL_Version_3v0
 .text          0x00000000000a8d04        0x0 e:/nxp/bstudio_nxp/sdk/JN-SW-4170/Components/Library\libZPSNWK_ZED_JN516x.a(zps_nwk_version_lc.o)
                0x00000000000a8d04                ZPS_NWK_Version_3v0
 .text          0x00000000000a8d04       0x27 e:/nxp/bstudio_nxp/sdk/JN-SW-4170/Components/Library\libHardwareApi_JN5169.a(AHI_Interrupt.o)
                0x00000000000a8d04                vAHI_InterruptSetPriority
                0x00000000000a8d22                vAHI_InterruptSetActivePriorityLevel
 .text.vMicroSyscall
                0x00000000000a8d2b       0x17 e:/nxp/bstudio_nxp/sdk/JN-SW-4170/Components/Library\libMicroSpecific_JN516x.a(MicroSyscall_ba.o)
                0x00000000000a8d2b                vMicroSyscall
                0x00000000000a8d42                _flash_end = ABSOLUTE (.)

.rela.dyn       0x00000000000a8d44        0x0
 .rela.text     0x0000000000000000        0x0 e:/nxp/Sensor/WL_DoorLock/Build/irq_JN516x.o
 .rela.data.s_asAPduPool
                0x0000000000000000        0x0 e:/nxp/Sensor/WL_DoorLock/Build/irq_JN516x.o
 .rela.text.vZdoServersInit
                0x0000000000000000        0x0 e:/nxp/Sensor/WL_DoorLock/Build/irq_JN516x.o
 .rela.text.ZPS_vDefaultKeyInit
                0x0000000000000000        0x0 e:/nxp/Sensor/WL_DoorLock/Build/irq_JN516x.o
 .rela.data.s_sApl
                0x0000000000000000        0x0 e:/nxp/Sensor/WL_DoorLock/Build/irq_JN516x.o
 .rela.rodata.s_asAplZdoServers
                0x0000000000000000        0x0 e:/nxp/Sensor/WL_DoorLock/Build/irq_JN516x.o
 .rela.rodata   0x0000000000000000        0x0 e:/nxp/Sensor/WL_DoorLock/Build/irq_JN516x.o
 .rela.data     0x0000000000000000        0x0 e:/nxp/Sensor/WL_DoorLock/Build/irq_JN516x.o
                0x000000000400004c                . = ORIGIN (ram)

.data           0x000000000400004c      0x5e0 load address 0x00000000000a8d44
                0x000000000400004c                _ram_data_start = ABSOLUTE (.)
 *(.data*)
 .data.s_asAPduPool
                0x000000000400004c       0x18 e:/nxp/Sensor/WL_DoorLock/Build/pdum_apdu.o
                0x000000000400004c                pdum_apduZDP
                0x000000000400004c                s_asAPduPool
                0x0000000004000058                pdum_apduZCL
 .data.s_asapduZCLInstances
                0x0000000004000064       0xb4 e:/nxp/Sensor/WL_DoorLock/Build/pdum_gen.o
                0x0000000004000064                s_asapduZCLInstances
 .data.s_asapduZDPInstances
                0x0000000004000118       0xc0 e:/nxp/Sensor/WL_DoorLock/Build/pdum_gen.o
                0x0000000004000118                s_asapduZDPInstances
 .data.zps_g_pvApl
                0x00000000040001d8        0x4 e:/nxp/Sensor/WL_DoorLock/Build/zps_gen.o
                0x00000000040001d8                zps_g_pvApl
 .data.u8ZpsConfigStackProfileId
                0x00000000040001dc        0x1 e:/nxp/Sensor/WL_DoorLock/Build/zps_gen.o
                0x00000000040001dc                u8ZpsConfigStackProfileId
 .data.au8EpMapPresent
                0x00000000040001dd        0x1 e:/nxp/Sensor/WL_DoorLock/Build/zps_gen.o
                0x00000000040001dd                au8EpMapPresent
 .data.u8MaxZpsConfigEp
                0x00000000040001de        0x1 e:/nxp/Sensor/WL_DoorLock/Build/zps_gen.o
                0x00000000040001de                u8MaxZpsConfigEp
 *fill*         0x00000000040001df        0x1 00
 .data.s_keyPairTableStorage
                0x00000000040001e0       0x48 e:/nxp/Sensor/WL_DoorLock/Build/zps_gen.o
 .data.s_sApl   0x0000000004000228      0x150 e:/nxp/Sensor/WL_DoorLock/Build/zps_gen.o
 .data.s_sAplAib
                0x0000000004000378       0x38 e:/nxp/Sensor/WL_DoorLock/Build/zps_gen.o
 .data.s_sNodeDescriptor
                0x00000000040003b0       0x10 e:/nxp/Sensor/WL_DoorLock/Build/zps_gen.o
 .data.s_asSimpleDescConts
                0x00000000040003c0       0x40 e:/nxp/Sensor/WL_DoorLock/Build/zps_gen.o
 .data.s_sApsDuplicateTable
                0x0000000004000400       0x10 e:/nxp/Sensor/WL_DoorLock/Build/zps_gen.o
 .data.s_sApsmeCmdContainer_1
                0x0000000004000410       0x38 e:/nxp/Sensor/WL_DoorLock/Build/zps_gen.o
 .data.s_bindingTables
                0x0000000004000448        0x8 e:/nxp/Sensor/WL_DoorLock/Build/zps_gen.o
 .data.s_keyPairTable
                0x0000000004000450        0x8 e:/nxp/Sensor/WL_DoorLock/Build/zps_gen.o
 .data.s_au8Endpoint1InputClusterDiscFlags
                0x0000000004000458        0x1 e:/nxp/Sensor/WL_DoorLock/Build/zps_gen.o
 .data.s_au8Endpoint1OutputClusterDiscFlags
                0x0000000004000459        0x1 e:/nxp/Sensor/WL_DoorLock/Build/zps_gen.o
 *fill*         0x000000000400045a        0x2 00
 .data.s_sApsmeCmdContainer_2
                0x000000000400045c       0x38 e:/nxp/Sensor/WL_DoorLock/Build/zps_gen.o
 *fill*         0x0000000004000494        0x4 00
 .data.s_bindingTable
                0x0000000004000498       0x10 e:/nxp/Sensor/WL_DoorLock/Build/zps_gen.o
 .data.s_sApsmeCmdContainer_3
                0x00000000040004a8       0x38 e:/nxp/Sensor/WL_DoorLock/Build/zps_gen.o
 .data          0x00000000040004e0       0x14 C:\Users\raise\AppData\Local\Temp\ccGuxrag.ltrans0.ltrans.o
                0x00000000040004e0                u8AhiBaudRate.179883
                0x00000000040004e4                u32OTAQueryTimeinSec.11578
                0x00000000040004e8                WhetherAskCacheAllCnt
                0x00000000040004ec                u8OTAStartMachine
 .data          0x00000000040004f4        0x4 C:\Users\raise\AppData\Local\Temp\ccGuxrag.ltrans1.ltrans.o
                0x00000000040004f4                u32HeapStart
 .data          0x00000000040004f8        0x4 C:\Users\raise\AppData\Local\Temp\ccGuxrag.ltrans3.ltrans.o
 .data          0x00000000040004fc        0x4 C:\Users\raise\AppData\Local\Temp\ccGuxrag.ltrans6.ltrans.o
                0x00000000040004fc                bCanLoopback.115429
 .data          0x0000000004000500        0x1 C:\Users\raise\AppData\Local\Temp\ccGuxrag.ltrans7.ltrans.o
 *fill*         0x0000000004000501        0x1 00
 .data          0x0000000004000502        0x4 C:\Users\raise\AppData\Local\Temp\ccGuxrag.ltrans9.ltrans.o
 .data          0x0000000004000506        0x1 C:\Users\raise\AppData\Local\Temp\ccGuxrag.ltrans17.ltrans.o
 *fill*         0x0000000004000507        0x1 00
 .data          0x0000000004000508        0x8 C:\Users\raise\AppData\Local\Temp\ccGuxrag.ltrans19.ltrans.o
                0x0000000004000508                u32PollTime.13167
 .data          0x0000000004000510        0x4 C:\Users\raise\AppData\Local\Temp\ccGuxrag.ltrans20.ltrans.o
                0x0000000004000510                bReadWriteAttrFlg
 .data          0x0000000004000514       0xcc C:\Users\raise\AppData\Local\Temp\ccGuxrag.ltrans25.ltrans.o
 .data          0x00000000040005e0       0x31 C:\Users\raise\AppData\Local\Temp\ccGuxrag.ltrans27.ltrans.o
                0x00000000040005e0                u8MiniMacConfig_MaxConcurrentAssocResponses
 *fill*         0x0000000004000611        0x3 00
 .data          0x0000000004000614       0x10 C:\Users\raise\AppData\Local\Temp\ccGuxrag.ltrans29.ltrans.o
 .data          0x0000000004000624        0x8 C:\Users\raise\AppData\Local\Temp\ccGuxrag.ltrans30.ltrans.o
                0x0000000004000624                u32CmdCountID.9795
                0x0000000004000628                RetryRequestNextCacheNum
                0x0000000004000629                RecordRequestNextCacheNum
 *(.data.*)
                0x000000000400062c                . = ALIGN (0x4)
                0x000000000400062c                _ram_data_end = ABSOLUTE (.)
