Archive member included because of file (symbol)

e:/NXP/bstudio_nxp/sdk/JN-SW-4170/Components/Library\libPWRM_JN516x.a(pwrm.o)
                              e:/NXP/Sensor/OccupancySensor/Build/app_start_sensor.o (symbol from plugin) (PWRM_vInit)
e:/NXP/bstudio_nxp/sdk/JN-SW-4170/Components/Library\libPWRM_JN516x.a(pwrm_setjmp_JN516x.o)
                              pwrm.o (symbol from plugin) (setjmp)
e:/NXP/bstudio_nxp/sdk/JN-SW-4170/Components/Library\libPWRM_JN516x.a(pwrm_cold_start.o)
                              (AppColdStart)
e:/NXP/bstudio_nxp/sdk/JN-SW-4170/Components/Library\libPWRM_JN516x.a(pwrm_warm_start.o)
                              (AppWarmStart)
e:/NXP/bstudio_nxp/sdk/JN-SW-4170/Components/Library\libAES_SW_JN516x.a(aes_sw_mmo.o)
                              e:/NXP/Sensor/OccupancySensor/Build/OTA.o (symbol from plugin) (AESSW_vMMOBlockUpdate)
e:/NXP/bstudio_nxp/sdk/JN-SW-4170/Components/Library\libPDUM_JN516x.a(pdum_nwk.o)
                              e:/NXP/Sensor/OccupancySensor/Build/pdum_gen.o (pdum_vNPduInit)
e:/NXP/bstudio_nxp/sdk/JN-SW-4170/Components/Library\libPDUM_JN516x.a(pdum_apl.o)
                              e:/NXP/Sensor/OccupancySensor/Build/app_ota_client.o (symbol from plugin) (PDUM_u16APduInstanceReadNBO)
e:/NXP/bstudio_nxp/sdk/JN-SW-4170/Components/Library\libPDUM_JN516x.a(pdum.o)
                              pdum_nwk.o (symbol from plugin) (PDUM_u16SizeNBO)
e:/NXP/bstudio_nxp/sdk/JN-SW-4170/Components/Library\libZPSAPL_JN516x.a(zps_apl_version_lc.o)
                              e:/NXP/Sensor/OccupancySensor/Build/zps_gen.o (ZPS_APL_Version_3v0)
e:/NXP/bstudio_nxp/sdk/JN-SW-4170/Components/Library\libZPSAPL_JN516x.a(zps_apl_af.o)
                              e:/NXP/Sensor/OccupancySensor/Build/app_zlo_sensor_node.o (symbol from plugin) (ZPS_eAplAfInit)
e:/NXP/bstudio_nxp/sdk/JN-SW-4170/Components/Library\libZPSAPL_JN516x.a(zps_apl_af_apsde.o)
                              e:/NXP/Sensor/OccupancySensor/Build/zps_gen.o (zps_vHandleApsdeDataFragIndNotSupported)
e:/NXP/bstudio_nxp/sdk/JN-SW-4170/Components/Library\libZPSAPL_JN516x.a(zps_apl_task.o)
                              zps_apl_af_apsde.o (symbol from plugin) (zps_vAplAfPostEvent)
e:/NXP/bstudio_nxp/sdk/JN-SW-4170/Components/Library\libZPSAPL_JN516x.a(zps_apl_apsde.o)
                              zps_apl_task.o (symbol from plugin) (ZPS_vAplRegisterApsdeDcfmIndCallbacks)
e:/NXP/bstudio_nxp/sdk/JN-SW-4170/Components/Library\libZPSAPL_JN516x.a(zps_apl_apsme.o)
                              zps_apl_task.o (symbol from plugin) (ZPS_vAplRegisterApsmeDcfmIndCallbacks)
e:/NXP/bstudio_nxp/sdk/JN-SW-4170/Components/Library\libZPSAPL_JN516x.a(zps_apl_aps_nlde.o)
                              zps_apl_task.o (symbol from plugin) (zps_vAplApsHandleNldeDcfmInd)
e:/NXP/bstudio_nxp/sdk/JN-SW-4170/Components/Library\libZPSAPL_JN516x.a(zps_apl_sec.o)
                              zps_apl_apsme.o (symbol from plugin) (zps_vGenerateHashForVerifiedKey)
e:/NXP/bstudio_nxp/sdk/JN-SW-4170/Components/Library\libZPSAPL_JN516x.a(zps_apl_aib.o)
                              e:/NXP/Sensor/OccupancySensor/Build/app_zcl_sensor_task.o (symbol from plugin) (zps_psAplAibGetAib)
e:/NXP/bstudio_nxp/sdk/JN-SW-4170/Components/Library\libZPSAPL_JN516x.a(zps_apl_zdo_nwkmanager.o)
                              zps_apl_apsme.o (symbol from plugin) (zps_vAplSaveRecord)
e:/NXP/bstudio_nxp/sdk/JN-SW-4170/Components/Library\libZPSAPL_JN516x.a(zps_apl_zdo_handle_zdp_event.o)
                              zps_apl_task.o (symbol from plugin) (zps_bAplZdoHandleZdpEvent)
e:/NXP/bstudio_nxp/sdk/JN-SW-4170/Components/Library\libZPSAPL_JN516x.a(zps_apl_zdo_trust_center.o)
                              zps_apl_aps_nlde.o (symbol from plugin) (zps_eAplTrustCenterFindDevice)
e:/NXP/bstudio_nxp/sdk/JN-SW-4170/Components/Library\libZPSAPL_JN516x.a(zps_apl_zdo_common.o)
                              zps_apl_zdo_nwkmanager.o (symbol from plugin) (zps_eAplZdoNlmeleaveWrapper)
e:/NXP/bstudio_nxp/sdk/JN-SW-4170/Components/Library\libZPSAPL_JN516x.a(zps_apl_zdo_group.o)
                              e:/NXP/Sensor/OccupancySensor/Build/GroupsTableManager.o (symbol from plugin) (zps_eAplZdoGroupEndpointAdd)
e:/NXP/bstudio_nxp/sdk/JN-SW-4170/Components/Library\libZPSAPL_JN516x.a(zps_apl_zdo_default_server.o)
                              e:/NXP/Sensor/OccupancySensor/Build/zps_gen.o (zps_vAplZdoDefaultServerInit)
e:/NXP/bstudio_nxp/sdk/JN-SW-4170/Components/Library\libZPSAPL_JN516x.a(zps_apl_zdo_bind_manager.o)
                              e:/NXP/Sensor/OccupancySensor/Build/bdb_fb_initiator.o (symbol from plugin) (zps_eAplZdoBind)
e:/NXP/bstudio_nxp/sdk/JN-SW-4170/Components/Library\libZPSAPL_JN516x.a(zps_apl_mac_isr.o)
                              zps_apl_zdo_nwkmanager.o (symbol from plugin) (zps_vAplAfIsrInit)
e:/NXP/bstudio_nxp/sdk/JN-SW-4170/Components/Library\libZPSAPL_JN516x.a(zps_apl_zdo_nwk_addr_server.o)
[...]
Memory Configuration

Name             Origin             Length             Attributes
flash            0x0000000000080000 0x0000000000080000
ram              0x000000000400004c 0x0000000000007fb4
*default*        0x0000000000000000 0xffffffffffffffff

Linker script and memory map

                0x0000000000001388                __stack_size = 0x1388
                0x00000000000007d0                __minimum_heap_size = 0x7d0
START GROUP
LOAD e:/NXP/Sensor/OccupancySensor/Build/irq_JN516x.o
LOAD e:/NXP/Sensor/OccupancySensor/Build/pdum_gen.o
LOAD e:/NXP/Sensor/OccupancySensor/Build/pdum_apdu.o
LOAD e:/NXP/Sensor/OccupancySensor/Build/zps_gen.o
LOAD e:/NXP/Sensor/OccupancySensor/Build/app_pdm.o
LOAD C:\Users\ADMINI~1\AppData\Local\Temp\cc8sypa9.ltrans0.ltrans.o
LOAD C:\Users\ADMINI~1\AppData\Local\Temp\cc8sypa9.ltrans1.ltrans.o
LOAD C:\Users\ADMINI~1\AppData\Local\Temp\cc8sypa9.ltrans2.ltrans.o
LOAD C:\Users\ADMINI~1\AppData\Local\Temp\cc8sypa9.ltrans3.ltrans.o
LOAD C:\Users\ADMINI~1\AppData\Local\Temp\cc8sypa9.ltrans4.ltrans.o
LOAD C:\Users\ADMINI~1\AppData\Local\Temp\cc8sypa9.ltrans5.ltrans.o
LOAD C:\Users\ADMINI~1\AppData\Local\Temp\cc8sypa9.ltrans6.ltrans.o
LOAD C:\Users\ADMINI~1\AppData\Local\Temp\cc8sypa9.ltrans7.ltrans.o
LOAD C:\Users\ADMINI~1\AppData\Local\Temp\cc8sypa9.ltrans8.ltrans.o
LOAD C:\Users\ADMINI~1\AppData\Local\Temp\cc8sypa9.ltrans9.ltrans.o
LOAD C:\Users\ADMINI~1\AppData\Local\Temp\cc8sypa9.ltrans10.ltrans.o
LOAD C:\Users\ADMINI~1\AppData\Local\Temp\cc8sypa9.ltrans11.ltrans.o
LOAD C:\Users\ADMINI~1\AppData\Local\Temp\cc8sypa9.ltrans12.ltrans.o
LOAD C:\Users\ADMINI~1\AppData\Local\Temp\cc8sypa9.ltrans13.ltrans.o
LOAD C:\Users\ADMINI~1\AppData\Local\Temp\cc8sypa9.ltrans14.ltrans.o
LOAD C:\Users\ADMINI~1\AppData\Local\Temp\cc8sypa9.ltrans15.ltrans.o
LOAD C:\Users\ADMINI~1\AppData\Local\Temp\cc8sypa9.ltrans16.ltrans.o
LOAD C:\Users\ADMINI~1\AppData\Local\Temp\cc8sypa9.ltrans17.ltrans.o
LOAD C:\Users\ADMINI~1\AppData\Local\Temp\cc8sypa9.ltrans18.ltrans.o
LOAD C:\Users\ADMINI~1\AppData\Local\Temp\cc8sypa9.ltrans19.ltrans.o
LOAD C:\Users\ADMINI~1\AppData\Local\Temp\cc8sypa9.ltrans20.ltrans.o
LOAD C:\Users\ADMINI~1\AppData\Local\Temp\cc8sypa9.ltrans21.ltrans.o
LOAD C:\Users\ADMINI~1\AppData\Local\Temp\cc8sypa9.ltrans22.ltrans.o
LOAD C:\Users\ADMINI~1\AppData\Local\Temp\cc8sypa9.ltrans23.ltrans.o
LOAD C:\Users\ADMINI~1\AppData\Local\Temp\cc8sypa9.ltrans24.ltrans.o
LOAD C:\Users\ADMINI~1\AppData\Local\Temp\cc8sypa9.ltrans25.ltrans.o
LOAD C:\Users\ADMINI~1\AppData\Local\Temp\cc8sypa9.ltrans26.ltrans.o
LOAD C:\Users\ADMINI~1\AppData\Local\Temp\cc8sypa9.ltrans27.ltrans.o
LOAD C:\Users\ADMINI~1\AppData\Local\Temp\cc8sypa9.ltrans28.ltrans.o
LOAD C:\Users\ADMINI~1\AppData\Local\Temp\cc8sypa9.ltrans29.ltrans.o
LOAD C:\Users\ADMINI~1\AppData\Local\Temp\cc8sypa9.ltrans30.ltrans.o
LOAD C:\Users\ADMINI~1\AppData\Local\Temp\cc8sypa9.ltrans31.ltrans.o
LOAD e:/nxp/bstudio_nxp/sdk/tools/ba-elf-ba2-r36379/bin/../lib/gcc/ba-elf/4.7.4/../../../../ba-elf/lib/mcpu_jn51xx_sizeopt\libc.a
LOAD e:/nxp/bstudio_nxp/sdk/tools/ba-elf-ba2-r36379/bin/../lib/gcc/ba-elf/4.7.4/mcpu_jn51xx_sizeopt\libgcc.a
LOAD e:/nxp/bstudio_nxp/sdk/tools/ba-elf-ba2-r36379/bin/../lib/gcc/ba-elf/4.7.4/../../../../ba-elf/lib/mcpu_jn51xx_sizeopt\libc.a
LOAD e:/NXP/Sensor/OccupancySensor/Build/app_main.o
LOAD e:/NXP/Sensor/OccupancySensor/Build/app_reporting.o
LOAD e:/NXP/Sensor/OccupancySensor/Build/app_start_sensor.o
LOAD e:/NXP/Sensor/OccupancySensor/Build/App_OccupancySensor.o
LOAD e:/NXP/Sensor/OccupancySensor/Build/app_zlo_sensor_node.o
LOAD e:/NXP/Sensor/OccupancySensor/Build/app_zcl_sensor_task.o
LOAD e:/NXP/Sensor/OccupancySensor/Build/app_occupancy_buttons.o
LOAD e:/NXP/Sensor/OccupancySensor/Build/app_SampleDoorLock_Uart.o
LOAD e:/NXP/Sensor/OccupancySensor/Build/app_ota_client.o
LOAD e:/NXP/Sensor/OccupancySensor/Build/app_DB_DoorLock.o
LOAD e:/NXP/Sensor/OccupancySensor/Build/app_occupancy_sensor_state_machine.o
LOAD e:/NXP/Sensor/OccupancySensor/Build/app_sleep_handler.o
LOAD e:/NXP/Sensor/OccupancySensor/Build/app_nwk_event_handler.o
LOAD e:/NXP/Sensor/OccupancySensor/Build/app_event_handler.o
LOAD e:/NXP/Sensor/OccupancySensor/Build/app_PIR_OpenCollector_events.o
LOAD e:/NXP/Sensor/OccupancySensor/Build/app_zcl_tick_handler.o
LOAD e:/NXP/Sensor/OccupancySensor/Build/app_blink_led.o
LOAD e:/NXP/Sensor/OccupancySensor/Build/Alarms.o
LOAD e:/NXP/Sensor/OccupancySensor/Build/AlarmsClientCommands.o
LOAD e:/NXP/Sensor/OccupancySensor/Build/AlarmsCommandHandler.o
LOAD e:/NXP/Sensor/OccupancySensor/Build/AlarmsServerCommands.o
LOAD e:/NXP/Sensor/OccupancySensor/Build/AlarmsTableManager.o
LOAD e:/NXP/Sensor/OccupancySensor/Build/AnalogInputBasic.o
LOAD e:/NXP/Sensor/OccupancySensor/Build/AnalogOutputBasic.o
LOAD e:/NXP/Sensor/OccupancySensor/Build/Basic.o
LOAD e:/NXP/Sensor/OccupancySensor/Build/BasicClientCommands.o
LOAD e:/NXP/Sensor/OccupancySensor/Build/BasicCommandHandler.o
LOAD e:/NXP/Sensor/OccupancySensor/Build/BinaryInputBasic.o
LOAD e:/NXP/Sensor/OccupancySensor/Build/BinaryOutputBasic.o
LOAD e:/NXP/Sensor/OccupancySensor/Build/DeviceTemperatureConfiguration.o
LOAD e:/NXP/Sensor/OccupancySensor/Build/Diagnostics.o
LOAD e:/NXP/Sensor/OccupancySensor/Build/Groups.o
LOAD e:/NXP/Sensor/OccupancySensor/Build/GroupsClientCommands.o
LOAD e:/NXP/Sensor/OccupancySensor/Build/GroupsCommandHandler.o
LOAD e:/NXP/Sensor/OccupancySensor/Build/GroupsServerCommands.o
LOAD e:/NXP/Sensor/OccupancySensor/Build/GroupsTableManager.o
LOAD e:/NXP/Sensor/OccupancySensor/Build/Identify.o
LOAD e:/NXP/Sensor/OccupancySensor/Build/IdentifyClientCommands.o
LOAD e:/NXP/Sensor/OccupancySensor/Build/IdentifyCommandHandler.o
LOAD e:/NXP/Sensor/OccupancySensor/Build/IdentifyServerCommands.o
LOAD e:/NXP/Sensor/OccupancySensor/Build/LevelControl.o
LOAD e:/NXP/Sensor/OccupancySensor/Build/LevelControlClientCommands.o
LOAD e:/NXP/Sensor/OccupancySensor/Build/LevelControlCommandHandler.o
LOAD e:/NXP/Sensor/OccupancySensor/Build/MultistateInputBasic.o
LOAD e:/NXP/Sensor/OccupancySensor/Build/MultistateOutputBasic.o
LOAD e:/NXP/Sensor/OccupancySensor/Build/OOSC.o
LOAD e:/NXP/Sensor/OccupancySensor/Build/OnOff.o
LOAD e:/NXP/Sensor/OccupancySensor/Build/OnOffCommandHandler.o
LOAD e:/NXP/Sensor/OccupancySensor/Build/OnOffCommands.o
LOAD e:/NXP/Sensor/OccupancySensor/Build/PollControl.o
LOAD e:/NXP/Sensor/OccupancySensor/Build/PollControlClientCommands.o
LOAD e:/NXP/Sensor/OccupancySensor/Build/PollControlCommandHandler.o
LOAD e:/NXP/Sensor/OccupancySensor/Build/PollControlServerCommands.o
LOAD e:/NXP/Sensor/OccupancySensor/Build/PowerConfiguration.o
LOAD e:/NXP/Sensor/OccupancySensor/Build/PowerProfile.o
LOAD e:/NXP/Sensor/OccupancySensor/Build/PowerProfileClientCommands.o
LOAD e:/NXP/Sensor/OccupancySensor/Build/PowerProfileCommandHandler.o
LOAD e:/NXP/Sensor/OccupancySensor/Build/PowerProfileServerCommands.o
LOAD e:/NXP/Sensor/OccupancySensor/Build/Scenes.o
LOAD e:/NXP/Sensor/OccupancySensor/Build/ScenesClientCommands.o
LOAD e:/NXP/Sensor/OccupancySensor/Build/ScenesClusterManagement.o
LOAD e:/NXP/Sensor/OccupancySensor/Build/ScenesCommandHandler.o
LOAD e:/NXP/Sensor/OccupancySensor/Build/ScenesServerCommands.o
LOAD e:/NXP/Sensor/OccupancySensor/Build/ScenesTableManager.o
LOAD e:/NXP/Sensor/OccupancySensor/Build/TC.o
LOAD e:/NXP/Sensor/OccupancySensor/Build/Time.o
LOAD e:/NXP/Sensor/OccupancySensor/Build/base_device.o
LOAD e:/NXP/Sensor/OccupancySensor/Build/mains_power_outlet.o
LOAD e:/NXP/Sensor/OccupancySensor/Build/on_off_output.o
LOAD e:/NXP/Sensor/OccupancySensor/Build/remote_control.o
LOAD e:/NXP/Sensor/OccupancySensor/Build/simple_sensor.o
LOAD e:/NXP/Sensor/OccupancySensor/Build/ElectricalMeasurement.o
LOAD e:/NXP/Sensor/OccupancySensor/Build/FlowMeasurement.o
LOAD e:/NXP/Sensor/OccupancySensor/Build/IlluminanceLevelSensing.o
LOAD e:/NXP/Sensor/OccupancySensor/Build/IlluminanceMeasurement.o
LOAD e:/NXP/Sensor/OccupancySensor/Build/OccupancySensing.o
LOAD e:/NXP/Sensor/OccupancySensor/Build/PressureMeasurement.o
LOAD e:/NXP/Sensor/OccupancySensor/Build/RelativeHumidityMeasurement.o
LOAD e:/NXP/Sensor/OccupancySensor/Build/TemperatureMeasurement.o
LOAD e:/NXP/Sensor/OccupancySensor/Build/BallastConfiguration.o
LOAD e:/NXP/Sensor/OccupancySensor/Build/ColourControl.o
LOAD e:/NXP/Sensor/OccupancySensor/Build/ColourControlClientCommands.o
LOAD e:/NXP/Sensor/OccupancySensor/Build/ColourControlCommandHandler.o
LOAD e:/NXP/Sensor/OccupancySensor/Build/ColourControlConversions.o
LOAD e:/NXP/Sensor/OccupancySensor/Build/colour_controller.o
LOAD e:/NXP/Sensor/OccupancySensor/Build/colour_dimmable_light.o
LOAD e:/NXP/Sensor/OccupancySensor/Build/colour_dimmer_switch.o
LOAD e:/NXP/Sensor/OccupancySensor/Build/colour_scene_controller.o
LOAD e:/NXP/Sensor/OccupancySensor/Build/colour_temperature_light.o
LOAD e:/NXP/Sensor/OccupancySensor/Build/commission_endpoint.o
LOAD e:/NXP/Sensor/OccupancySensor/Build/control_bridge.o
LOAD e:/NXP/Sensor/OccupancySensor/Build/dimmable_ballast.o
LOAD e:/NXP/Sensor/OccupancySensor/Build/dimmable_light.o
LOAD e:/NXP/Sensor/OccupancySensor/Build/dimmable_plug.o
LOAD e:/NXP/Sensor/OccupancySensor/Build/dimmer_switch.o
LOAD e:/NXP/Sensor/OccupancySensor/Build/extended_colour_light.o
LOAD e:/NXP/Sensor/OccupancySensor/Build/light_level_sensor.o
LOAD e:/NXP/Sensor/OccupancySensor/Build/light_sensor.o
LOAD e:/NXP/Sensor/OccupancySensor/Build/non_colour_controller.o
LOAD e:/NXP/Sensor/OccupancySensor/Build/non_colour_scene_controller.o
LOAD e:/NXP/Sensor/OccupancySensor/Build/occupancy_sensor.o
LOAD e:/NXP/Sensor/OccupancySensor/Build/on_off_ballast.o
LOAD e:/NXP/Sensor/OccupancySensor/Build/on_off_light.o
LOAD e:/NXP/Sensor/OccupancySensor/Build/on_off_light_switch.o
LOAD e:/NXP/Sensor/OccupancySensor/Build/on_off_plug.o
LOAD e:/NXP/Sensor/OccupancySensor/Build/on_off_sensor.o
LOAD e:/NXP/Sensor/OccupancySensor/Build/OTA.o
LOAD e:/NXP/Sensor/OccupancySensor/Build/OTA_ClientUpgradeManager.o
LOAD e:/NXP/Sensor/OccupancySensor/Build/OTA_CustomCommandHandler.o
LOAD e:/NXP/Sensor/OccupancySensor/Build/OTA_CustomReceiveCommands.o
LOAD e:/NXP/Sensor/OccupancySensor/Build/OTA_ServerUpgradeManager.o
LOAD e:/NXP/Sensor/OccupancySensor/Build/OTA_client.o
LOAD e:/NXP/Sensor/OccupancySensor/Build/OTA_common.o
LOAD e:/NXP/Sensor/OccupancySensor/Build/OTA_server.o
LOAD e:/NXP/Sensor/OccupancySensor/Build/dlist.o
LOAD e:/NXP/Sensor/OccupancySensor/Build/zcl.o
LOAD e:/NXP/Sensor/OccupancySensor/Build/zcl_CustomCommandReceive.o
LOAD e:/NXP/Sensor/OccupancySensor/Build/zcl_CustomCommandSend.o
LOAD e:/NXP/Sensor/OccupancySensor/Build/zcl_PDUbufferReadWrite.o
LOAD e:/NXP/Sensor/OccupancySensor/Build/zcl_PDUbufferReadWriteString.o
LOAD e:/NXP/Sensor/OccupancySensor/Build/zcl_WriteAttributesRequestHandle.o
LOAD e:/NXP/Sensor/OccupancySensor/Build/zcl_WriteAttributesRequestSend.o
LOAD e:/NXP/Sensor/OccupancySensor/Build/zcl_WriteAttributesResponseHandle.o
LOAD e:/NXP/Sensor/OccupancySensor/Build/zcl_attribute.o
LOAD e:/NXP/Sensor/OccupancySensor/Build/zcl_buffer.o
LOAD e:/NXP/Sensor/OccupancySensor/Build/zcl_clusterCommand.o
LOAD e:/NXP/Sensor/OccupancySensor/Build/zcl_command.o
LOAD e:/NXP/Sensor/OccupancySensor/Build/zcl_common.o
LOAD e:/NXP/Sensor/OccupancySensor/Build/zcl_configureReportingCommandHandle.o
LOAD e:/NXP/Sensor/OccupancySensor/Build/zcl_configureReportingCommandSend.o
LOAD e:/NXP/Sensor/OccupancySensor/Build/zcl_configureReportingResponseHandle.o
LOAD e:/NXP/Sensor/OccupancySensor/Build/zcl_defaultResponse.o
LOAD e:/NXP/Sensor/OccupancySensor/Build/zcl_discoverAttributesExtendedRequestHandle.o
LOAD e:/NXP/Sensor/OccupancySensor/Build/zcl_discoverAttributesExtendedRequestSend.o
LOAD e:/NXP/Sensor/OccupancySensor/Build/zcl_discoverAttributesExtendedResponseHandle.o
LOAD e:/NXP/Sensor/OccupancySensor/Build/zcl_discoverAttributesRequestHandle.o
LOAD e:/NXP/Sensor/OccupancySensor/Build/zcl_discoverAttributesRequestSend.o
LOAD e:/NXP/Sensor/OccupancySensor/Build/zcl_discoverAttributesResponseHandle.o
LOAD e:/NXP/Sensor/OccupancySensor/Build/zcl_discoverCommandsRequestHandle.o
LOAD e:/NXP/Sensor/OccupancySensor/Build/zcl_discoverCommandsRequestSend.o
LOAD e:/NXP/Sensor/OccupancySensor/Build/zcl_discoverCommandsResponseHandle.o
LOAD e:/NXP/Sensor/OccupancySensor/Build/zcl_event.o
LOAD e:/NXP/Sensor/OccupancySensor/Build/zcl_heap.o
LOAD e:/NXP/Sensor/OccupancySensor/Build/zcl_library_options.o
LOAD e:/NXP/Sensor/OccupancySensor/Build/zcl_readAttributesRequestHandle.o
LOAD e:/NXP/Sensor/OccupancySensor/Build/zcl_readAttributesRequestSend.o
LOAD e:/NXP/Sensor/OccupancySensor/Build/zcl_readAttributesResponseHandle.o
LOAD e:/NXP/Sensor/OccupancySensor/Build/zcl_readReportingConfigurationCommandHandle.o
LOAD e:/NXP/Sensor/OccupancySensor/Build/zcl_readReportingConfigurationCommandSend.o
LOAD e:/NXP/Sensor/OccupancySensor/Build/zcl_readReportingConfigurationResponseHandle.o
LOAD e:/NXP/Sensor/OccupancySensor/Build/zcl_reportManager.o
LOAD e:/NXP/Sensor/OccupancySensor/Build/zcl_reportMaths.o
LOAD e:/NXP/Sensor/OccupancySensor/Build/zcl_reportScheduler.o
LOAD e:/NXP/Sensor/OccupancySensor/Build/zcl_reportStringHandling.o
LOAD e:/NXP/Sensor/OccupancySensor/Build/zcl_reportStructure.o
LOAD e:/NXP/Sensor/OccupancySensor/Build/zcl_search.o
LOAD e:/NXP/Sensor/OccupancySensor/Build/zcl_timer.o
LOAD e:/NXP/Sensor/OccupancySensor/Build/zcl_transmit.o
LOAD e:/NXP/Sensor/OccupancySensor/Build/bdb_fr.o
LOAD e:/NXP/Sensor/OccupancySensor/Build/bdb_link_keys.o
LOAD e:/NXP/Sensor/OccupancySensor/Build/bdb_start.o
LOAD e:/NXP/Sensor/OccupancySensor/Build/bdb_state_machine.o
LOAD e:/NXP/Sensor/OccupancySensor/Build/ZQueue.o
LOAD e:/NXP/Sensor/OccupancySensor/Build/ZTimer.o
LOAD e:/NXP/Sensor/OccupancySensor/Build/appZdpExtraction.o
LOAD e:/NXP/Sensor/OccupancySensor/Build/appZpsBeaconHandler.o
LOAD e:/NXP/Sensor/OccupancySensor/Build/appZpsExtendedDebug.o
LOAD e:/NXP/Sensor/OccupancySensor/Build/port.o
LOAD e:/NXP/Sensor/OccupancySensor/Build/portasm.o
LOAD e:/NXP/Sensor/OccupancySensor/Build/bdb_ns.o
LOAD e:/NXP/Sensor/OccupancySensor/Build/bdb_fb_common.o
LOAD e:/NXP/Sensor/OccupancySensor/Build/bdb_fb_initiator.o
LOAD e:/NXP/bstudio_nxp/sdk/JN-SW-4170/Components/Library\libZPSMAC_Mini_JN516x.a
LOAD e:/NXP/bstudio_nxp/sdk/JN-SW-4170/Components/Library\libPWRM_JN516x.a
LOAD e:/NXP/bstudio_nxp/sdk/JN-SW-4170/Components/Library\libZPSTSV_JN516x.a
LOAD e:/NXP/bstudio_nxp/sdk/JN-SW-4170/Components/Library\libAES_SW_JN516x.a
LOAD e:/NXP/bstudio_nxp/sdk/JN-SW-4170/Components/Library\libPDUM_JN516x.a
LOAD e:/NXP/bstudio_nxp/sdk/JN-SW-4170/Components/Library\libZPSAPL_JN516x.a
LOAD e:/NXP/bstudio_nxp/sdk/JN-SW-4170/Components/Library\libRandom_JN516x.a
LOAD e:/NXP/bstudio_nxp/sdk/JN-SW-4170/Components/Library\libPDM_EEPROM_NO_RTOS_JN516x.a
LOAD e:/NXP/bstudio_nxp/sdk/JN-SW-4170/Components/Library\libDBG_JN516x.a
LOAD e:/NXP/bstudio_nxp/sdk/JN-SW-4170/Components/Library\libZPSNWK_ZED_JN516x.a
LOAD e:/NXP/bstudio_nxp/sdk/JN-SW-4170/Components/Library\libMiniMac_JN5169.a
LOAD e:/NXP/bstudio_nxp/sdk/JN-SW-4170/Components/Library\libMiniMacShim_JN516x.a
LOAD e:/NXP/bstudio_nxp/sdk/JN-SW-4170/Components/Library\libMMAC_JN5169.a
LOAD e:/NXP/bstudio_nxp/sdk/JN-SW-4170/Components/Library\libJPT_JN5169.a
LOAD e:/NXP/bstudio_nxp/sdk/JN-SW-4170/Components/Library\libAes_JN516x.a
LOAD e:/NXP/bstudio_nxp/sdk/JN-SW-4170/Components/Library\libHardwareApi_JN5169.a
LOAD e:/NXP/bstudio_nxp/sdk/JN-SW-4170/Components/Library\libMicroSpecific_JN516x.a
LOAD e:/NXP/bstudio_nxp/sdk/JN-SW-4170/Components/Library\libBoot_JN516x.a
LOAD e:/NXP/bstudio_nxp/sdk/JN-SW-4170/Platform/DK4/Library\libBoardLib_JN516x.a
LOAD e:/nxp/bstudio_nxp/sdk/tools/ba-elf-ba2-r36379/bin/../lib/gcc/ba-elf/4.7.4/../../../../ba-elf/lib/mcpu_jn51xx_sizeopt\libm.a
END GROUP
LOAD e:/nxp/bstudio_nxp/sdk/tools/ba-elf-ba2-r36379/bin/../lib/gcc/ba-elf/4.7.4/../../../../ba-elf/lib/mcpu_jn51xx_sizeopt\libc.a
LOAD e:/nxp/bstudio_nxp/sdk/tools/ba-elf-ba2-r36379/bin/../lib/gcc/ba-elf/4.7.4/mcpu_jn51xx_sizeopt\libgcc.a
LOAD e:/nxp/bstudio_nxp/sdk/tools/ba-elf-ba2-r36379/bin/../lib/gcc/ba-elf/4.7.4/../../../../ba-elf/lib/mcpu_jn51xx_sizeopt\libc.a
                0x0000000000080038                exception_vsr_table = 0x80038
                0x0000000004000000                pSPIflashFncTable = 0x4000000
                0x0000000000000044                restore_state = 0x44
                0x000000000000004a                bZSPIWaitWIPClear = 0x4a
                0x0000000000000050                u16ZSPIflashRDID = 0x50
                0x0000000000000056                u8SelectFlashChipType = 0x56
                0x000000000000005c                memcpy = 0x5c
                0x0000000000000066                vBootFlashProg = 0x66
                [0x00000000000007d0]                __minimum_heap_size = DEFINED (__minimum_heap_size)?__minimum_heap_size:0xd16
                [0x0000000000001388]                __stack_size = DEFINED (__stack_size)?__stack_size:0x800
                0x0000000000000000                _SwConfig = (DEFINED (g_bSWConf_Debug) | (DEFINED (g_bSWConf_AltDebugPort) << 0x1))

.version        0x000000000007fffc        0x4
                0x000000000007fffc        0x4 LONG 0xf03000b

.bir            0x0000000000080000       0x10
                0x0000000000080000                _flash_start = ABSOLUTE (.)
                0x0000000000080000                _flash_beg = ABSOLUTE (.)
                0x0000000000080000        0x4 LONG 0x12345678
                0x0000000000080004        0x4 LONG 0x11223344
                0x0000000000080008        0x4 LONG 0x55667788
                0x000000000008000c        0x1 BYTE 0x8
                0x000000000008000d        0x1 BYTE 0x1
                0x000000000008000e        0x2 SHORT 0x0

.flashheader    0x0000000000080010       0x28
                0x0000000000080010        0x4 LONG 0x0
                0x0000000000080014        0x4 LONG 0x0
                0x0000000000080018        0x4 LONG 0x0
                0x000000000008001c        0x2 SHORT 0x0
                0x000000000008001e        0x2 SHORT 0x0 ABSOLUTE (_SwConfig)
                0x0000000000080020                _enc_start = ABSOLUTE (.)
                0x0000000000080020        0x4 LONG 0x25850 ABSOLUTE (_image_len)
                0x0000000000080024        0x4 LONG 0xa52e0 ABSOLUTE (_flash_data_start)
                0x0000000000080028        0x2 SHORT 0x13 ((ABSOLUTE (_ram_data_start) / 0x4) & 0xffff)
                0x000000000008002a        0x2 SHORT 0x15c ((ABSOLUTE (_ram_data_len) / 0x4) & 0xffff)
                0x000000000008002c        0x2 SHORT 0x16f ((ABSOLUTE (_bss_start) / 0x4) & 0xffff)
                0x000000000008002e        0x2 SHORT 0x103c ((ABSOLUTE (_bss_len) / 0x4) & 0xffff)
                0x0000000000080030        0x4 LONG 0xa382b ABSOLUTE (AppWarmStart)
                0x0000000000080034        0x4 LONG 0x84244 ABSOLUTE (AppColdStart)
                0x0000000000000000                _enc_offset = (_enc_start & 0xf)

.ro_mac_address
                0x0000000000080040       0x10
                0x0000000000080040                _FlsMACAddress = ABSOLUTE (.)
 *(.ro_mac_address)
 .ro_mac_address
                0x0000000000080040        0x8 C:\Users\ADMINI~1\AppData\Local\Temp\cc8sypa9.ltrans5.ltrans.o
                0x0000000000080050                . = ALIGN (0x10)
 *fill*         0x0000000000080048        0x8 00

.ro_ota_header  0x0000000000080050       0x50
                0x0000000000080050                _FlsOtaHeader = ABSOLUTE (.)
 *(.ro_ota_header)
 .ro_ota_header
                0x0000000000080050       0x45 C:\Users\ADMINI~1\AppData\Local\Temp\cc8sypa9.ltrans24.ltrans.o
                0x0000000000080050                au8OtaHeader
                0x00000000000800a0                . = ALIGN (0x10)
 *fill*         0x0000000000080095        0xb 00

.ro_se_lnkKey   0x00000000000800a0       0x10
                0x00000000000800a0                _FlsLinkKey = ABSOLUTE (.)
 *(.ro_se_lnkKey)
 .ro_se_lnkKey  0x00000000000800a0       0x10 C:\Users\ADMINI~1\AppData\Local\Temp\cc8sypa9.ltrans16.ltrans.o
                0x00000000000800a0                s_au8LnkKeyArray
                0x00000000000800b0                . = ALIGN (0x10)

.rodata         0x00000000000800b0     0x3fe8
 *(.rodata*)
 .rodata.g_u32NwkFcSaveCountBitShift
                0x00000000000800b0        0x4 e:/NXP/Sensor/OccupancySensor/Build/zps_gen.o
                0x00000000000800b0                g_u32NwkFcSaveCountBitShift
 .rodata.g_u32ApsFcSaveCountBitShift
                0x00000000000800b4        0x4 e:/NXP/Sensor/OccupancySensor/Build/zps_gen.o
                0x00000000000800b4                g_u32ApsFcSaveCountBitShift
 .rodata.s_sNwkTblSize
                0x00000000000800b8       0x10 e:/NXP/Sensor/OccupancySensor/Build/zps_gen.o
 .rodata.s_sNwkTbl
                0x00000000000800c8       0x3c e:/NXP/Sensor/OccupancySensor/Build/zps_gen.o
 .rodata.s_asAplZdoServers
                0x0000000000080104       0x90 e:/NXP/Sensor/OccupancySensor/Build/zps_gen.o
 .rodata.s_sNodePowerDescriptor
                0x0000000000080194        0x4 e:/NXP/Sensor/OccupancySensor/Build/zps_gen.o
 .rodata.s_sNibInitialValues
                0x0000000000080198       0x1c e:/NXP/Sensor/OccupancySensor/Build/zps_gen.o
 .rodata.s_au16Endpoint0InputClusterList
                0x00000000000801b4       0xa6 e:/NXP/Sensor/OccupancySensor/Build/zps_gen.o
 .rodata.s_au16Endpoint0OutputClusterList
                0x000000000008025a       0xa6 e:/NXP/Sensor/OccupancySensor/Build/zps_gen.o
 .rodata.s_ahEndpoint0InputClusterAPdus
                0x0000000000080300      0x14c e:/NXP/Sensor/OccupancySensor/Build/zps_gen.o
 .rodata.s_au16Endpoint1InputClusterList
                0x000000000008044c        0xc e:/NXP/Sensor/OccupancySensor/Build/zps_gen.o
 .rodata.s_au16Endpoint1OutputClusterList
                0x0000000000080458        0x8 e:/NXP/Sensor/OccupancySensor/Build/zps_gen.o
 .rodata.s_ahEndpoint1InputClusterAPdus
                0x0000000000080460       0x18 e:/NXP/Sensor/OccupancySensor/Build/zps_gen.o
 .rodata.str1.1
                0x0000000000080478      0x32c C:\Users\ADMINI~1\AppData\Local\Temp\cc8sypa9.ltrans0.ltrans.o
                                        0x33a (size before relaxing)
 .rodata        0x00000000000807a4      0x164 C:\Users\ADMINI~1\AppData\Local\Temp\cc8sypa9.ltrans0.ltrans.o
                0x00000000000807a4                zps_pacNwkFrmStdByteFmt
                0x00000000000807a8                zps_pacNwkFrmStdLongFmt
                0x00000000000807ac                zps_pacNwkFrmStdHalfFmt
 .rodata.str1.1
                0x0000000000080908        0x5 C:\Users\ADMINI~1\AppData\Local\Temp\cc8sypa9.ltrans1.ltrans.o
                                          0x8 (size before relaxing)
 *fill*         0x000000000008090d        0x3 00
 .rodata        0x0000000000080910       0x98 C:\Users\ADMINI~1\AppData\Local\Temp\cc8sypa9.ltrans1.ltrans.o
                0x0000000000080910                au8FlashWaitStatesHSRCO.167541
                0x0000000000080918                au8FlashWaitStates32MXO.167540
 .rodata        0x00000000000809a8       0x12 C:\Users\ADMINI~1\AppData\Local\Temp\cc8sypa9.ltrans2.ltrans.o
 .rodata.str1.1
                0x0000000000000000        0x3 C:\Users\ADMINI~1\AppData\Local\Temp\cc8sypa9.ltrans2.ltrans.o
 .rodata.str1.1
                0x0000000000000000        0x5 C:\Users\ADMINI~1\AppData\Local\Temp\cc8sypa9.ltrans3.ltrans.o
                                          0x8 (size before relaxing)
 .rodata        0x00000000000809ba        0x6 C:\Users\ADMINI~1\AppData\Local\Temp\cc8sypa9.ltrans3.ltrans.o
 .rodata.str1.1
                0x00000000000809c0      0x1d1 C:\Users\ADMINI~1\AppData\Local\Temp\cc8sypa9.ltrans4.ltrans.o
                                        0x1e3 (size before relaxing)
 .rodata        0x0000000000080b91        0x6 C:\Users\ADMINI~1\AppData\Local\Temp\cc8sypa9.ltrans4.ltrans.o
 .rodata.str1.1
                0x0000000000080b97      0x57f C:\Users\ADMINI~1\AppData\Local\Temp\cc8sypa9.ltrans5.ltrans.o
                                        0x59b (size before relaxing)
 *fill*         0x0000000000081116        0x2 00
 .rodata        0x0000000000081118       0x10 C:\Users\ADMINI~1\AppData\Local\Temp\cc8sypa9.ltrans5.ltrans.o
 .rodata        0x0000000000081128      0x134 C:\Users\ADMINI~1\AppData\Local\Temp\cc8sypa9.ltrans6.ltrans.o
                0x0000000000081144                u8ZpsAplSecurityOverrideLevel
                0x0000000000081145                bOverrideApsSecurity
 .rodata.str1.1
                0x000000000008125c       0x4d C:\Users\ADMINI~1\AppData\Local\Temp\cc8sypa9.ltrans6.ltrans.o
 .rodata.str1.1
                0x00000000000812a9       0x92 C:\Users\ADMINI~1\AppData\Local\Temp\cc8sypa9.ltrans7.ltrans.o
                                         0x97 (size before relaxing)
 .rodata.str1.1
                0x000000000008133b       0x5a C:\Users\ADMINI~1\AppData\Local\Temp\cc8sypa9.ltrans8.ltrans.o
 *fill*         0x0000000000081395        0x3 00
 .rodata        0x0000000000081398       0x20 C:\Users\ADMINI~1\AppData\Local\Temp\cc8sypa9.ltrans9.ltrans.o
                0x0000000000081398                au32NwkPdmRecordOffsets
 .rodata.str1.1
                0x00000000000813b8       0x35 C:\Users\ADMINI~1\AppData\Local\Temp\cc8sypa9.ltrans10.ltrans.o
 *fill*         0x00000000000813ed        0x3 00
 .rodata        0x00000000000813f0       0x1c C:\Users\ADMINI~1\AppData\Local\Temp\cc8sypa9.ltrans10.ltrans.o
                0x00000000000813f0                pfnCallbackMcps
 .rodata.str1.1
                0x000000000008140c        0x4 C:\Users\ADMINI~1\AppData\Local\Temp\cc8sypa9.ltrans11.ltrans.o
                                         0x13 (size before relaxing)
 .rodata.str1.1
                0x0000000000081410       0x24 C:\Users\ADMINI~1\AppData\Local\Temp\cc8sypa9.ltrans12.ltrans.o
 .rodata        0x0000000000081434      0x114 C:\Users\ADMINI~1\AppData\Local\Temp\cc8sypa9.ltrans12.ltrans.o
                0x0000000000081434                gu32ZCLVersion
                0x0000000000081438                PDUM_g_u32Version
                0x000000000008143c                ZPS_g_u32MacVersion
                0x0000000000081440                ZPS_g_u32TsvVersion
 .rodata.str1.1
                0x0000000000081548      0x3cf C:\Users\ADMINI~1\AppData\Local\Temp\cc8sypa9.ltrans13.ltrans.o
 *fill*         0x0000000000081917        0x1 00
 .rodata        0x0000000000081918       0x40 C:\Users\ADMINI~1\AppData\Local\Temp\cc8sypa9.ltrans13.ltrans.o
 .rodata.str1.1
                0x0000000000081958       0x28 C:\Users\ADMINI~1\AppData\Local\Temp\cc8sypa9.ltrans14.ltrans.o
                                         0x43 (size before relaxing)
 .rodata.str1.1
                0x0000000000081980       0x17 C:\Users\ADMINI~1\AppData\Local\Temp\cc8sypa9.ltrans15.ltrans.o
                                         0x1e (size before relaxing)
 .rodata.str1.1
                0x0000000000081997      0xb4a C:\Users\ADMINI~1\AppData\Local\Temp\cc8sypa9.ltrans16.ltrans.o
                                        0xb54 (size before relaxing)
 .rodata.str1.1
                0x00000000000824e1       0x38 C:\Users\ADMINI~1\AppData\Local\Temp\cc8sypa9.ltrans17.ltrans.o
                                         0x4c (size before relaxing)
 .rodata.str1.1
                0x0000000000082519      0x1a6 C:\Users\ADMINI~1\AppData\Local\Temp\cc8sypa9.ltrans18.ltrans.o
 *fill*         0x00000000000826bf        0x1 00
 .rodata        0x00000000000826c0       0x90 C:\Users\ADMINI~1\AppData\Local\Temp\cc8sypa9.ltrans18.ltrans.o
                0x00000000000826c0                s_aprIdleStHandleCme.161368
                0x00000000000826d0                s_aprActvStHandleCme.158250
                0x00000000000826e8                CSWTCH.35.167703.167703
                0x00000000000826fc                au32EndDeviceTimeoutConstants
 .rodata.str1.1
                0x0000000000082750      0x65d C:\Users\ADMINI~1\AppData\Local\Temp\cc8sypa9.ltrans19.ltrans.o
                                        0x687 (size before relaxing)
 .rodata.str1.1
                0x0000000000082dad       0x78 C:\Users\ADMINI~1\AppData\Local\Temp\cc8sypa9.ltrans20.ltrans.o
                                         0xaa (size before relaxing)
 .rodata        0x0000000000082e25        0x4 C:\Users\ADMINI~1\AppData\Local\Temp\cc8sypa9.ltrans20.ltrans.o
 .rodata.str1.1
                0x0000000000082e29        0x3 C:\Users\ADMINI~1\AppData\Local\Temp\cc8sypa9.ltrans21.ltrans.o
                                         0x14 (size before relaxing)
 .rodata.str1.1
                0x0000000000082e2c        0x3 C:\Users\ADMINI~1\AppData\Local\Temp\cc8sypa9.ltrans22.ltrans.o
                                         0x24 (size before relaxing)
 .rodata.str1.1
                0x0000000000082e2f      0x61d C:\Users\ADMINI~1\AppData\Local\Temp\cc8sypa9.ltrans23.ltrans.o
                                        0x621 (size before relaxing)
 .rodata.str1.1
                0x000000000008344c      0x5c8 C:\Users\ADMINI~1\AppData\Local\Temp\cc8sypa9.ltrans24.ltrans.o
                                        0x5df (size before relaxing)
 .rodata        0x0000000000083a14       0x4c C:\Users\ADMINI~1\AppData\Local\Temp\cc8sypa9.ltrans25.ltrans.o
                0x0000000000083a14                u32ScanAttemptDelayTime
 .rodata.str1.1
                0x0000000000083a60      0x3ca C:\Users\ADMINI~1\AppData\Local\Temp\cc8sypa9.ltrans26.ltrans.o
                                        0x52a (size before relaxing)
 .rodata.str1.1
                0x0000000000000000        0x4 C:\Users\ADMINI~1\AppData\Local\Temp\cc8sypa9.ltrans27.ltrans.o
 .rodata.str1.1
                0x0000000000083e2a       0x1b C:\Users\ADMINI~1\AppData\Local\Temp\cc8sypa9.ltrans28.ltrans.o
                                         0x33 (size before relaxing)
 .rodata.str1.1
                0x0000000000083e45       0x12 C:\Users\ADMINI~1\AppData\Local\Temp\cc8sypa9.ltrans29.ltrans.o
                                         0x28 (size before relaxing)
 .rodata.str1.1
                0x0000000000000000        0x6 C:\Users\ADMINI~1\AppData\Local\Temp\cc8sypa9.ltrans30.ltrans.o
 .rodata.str1.1
                0x0000000000083e57      0x239 C:\Users\ADMINI~1\AppData\Local\Temp\cc8sypa9.ltrans31.ltrans.o
                                        0x23e (size before relaxing)
 .rodata        0x0000000000084090        0x8 C:\Users\ADMINI~1\AppData\Local\Temp\cc8sypa9.ltrans31.ltrans.o
                0x0000000000084090                au32UartAddrOffset

.text           0x0000000000084098    0x21246
 *(.text*)
 .text          0x0000000000084098       0x50 e:/NXP/Sensor/OccupancySensor/Build/irq_JN516x.o
                0x0000000000084098                PIC_ChannelPriorities
                0x00000000000840a8                PIC_SwVectTable
 .text.PDUM_vInit
                0x00000000000840e8       0x1e e:/NXP/Sensor/OccupancySensor/Build/pdum_gen.o
                0x00000000000840e8                PDUM_vInit
 .text.zps_vGetZpsMutex
                0x0000000000084106        0x9 e:/NXP/Sensor/OccupancySensor/Build/zps_gen.o
                0x0000000000084106                zps_vGetZpsMutex
 .text.vZdoServersInit
                0x000000000008410f      0x117 e:/NXP/Sensor/OccupancySensor/Build/zps_gen.o
 .text.ZPS_vGetGpContext
                0x0000000000084226        0x9 e:/NXP/Sensor/OccupancySensor/Build/zps_gen.o
                0x0000000000084226                ZPS_vGetGpContext
 .text.ZPS_vDefaultKeyInit
                0x000000000008422f        0xf e:/NXP/Sensor/OccupancySensor/Build/zps_gen.o
                0x000000000008422f                ZPS_vDefaultKeyInit
 .text.ZPS_vGetOptionalFeatures
                0x000000000008423e        0x3 e:/NXP/Sensor/OccupancySensor/Build/zps_gen.o
                0x000000000008423e                ZPS_vGetOptionalFeatures
 *fill*         0x0000000000084241        0x3 00
 .text          0x0000000000084244     0x1d1c C:\Users\ADMINI~1\AppData\Local\Temp\cc8sypa9.ltrans0.ltrans.o
                0x0000000000084244                AppColdStart
 .text          0x0000000000085f60     0x1710 C:\Users\ADMINI~1\AppData\Local\Temp\cc8sypa9.ltrans1.ltrans.o
                0x0000000000085f60                eBasicTxCompleteHandler
                0x0000000000085f65                vTxRxTimeout.171774
                0x0000000000085fc5                vMacMlmeCallBackHandler.168680
                0x0000000000085fda                vMacMcpsCallBackHandler.168684
                0x0000000000086056                eCLD_GroupsSetIdentifying
                0x0000000000086098                u16PDM_CalculateRecordChecksum
                0x0000000000086143                u8ZdoBindUnbindServerUnpackApdu
                0x0000000000086192                ZPS_u16NwkNibFindNwkAddr
                0x0000000000086238                ZPS_eTsvOpen
                0x0000000000086252                zps_vNwkMcpsMgrInit
                0x00000000000862cf                u8PDM_CalculateLargestDataRecordStored
                0x0000000000086300                vAHI_WakeTimerStart.part.1.168023.constprop.209
                0x0000000000086341                vMicroIntEnableOnly.constprop.199
                0x000000000008636d                PDM_vEnterCriticalSection
                0x000000000008639b                vACI_OptimisedCcmStar.constprop.188
                0x0000000000086586                bACI_ECBencodeBuffer.part.0.167120.constprop.177
                0x00000000000865e6                vAHI_SpiReadConfiguration.constprop.173
                0x0000000000086617                vConfigureSpi
                0x0000000000086657                vAHI_SpiRestoreConfiguration.constprop.170
                0x0000000000086698                bAHI_FullFlashRead
                0x00000000000866db                vOtaFlashRead
                0x00000000000866dd                bAHI_FlashInit.constprop.169
                0x0000000000086854                vOtaFlashInitHw
                0x0000000000086856                vMiniMac_MLME_SetReq_PanId
                0x0000000000086893                vMiniMac_MLME_SetReq_ShortAddr
                0x00000000000868a1                pvZCL_HeapAlloc.part.0.63369.constprop.139
                0x00000000000868da                ZTIMER_eOpen.constprop.106
                0x0000000000086919                vStartTimer.part.0.167558.constprop.86
                0x000000000008693d                vAHI_TimerEnable.part.1.167570.constprop.81
                0x0000000000086986                psSearchForFrameToSend
                0x00000000000869d4                eMiniMac_FrameInProgress
                0x00000000000869ff                vRemoveFromTxQueue
                0x0000000000086a3b                vAddToTxQueue
                0x0000000000086a71                ZPS_eTsvStop
                0x0000000000086aa8                zps_vAplApsStopPollTimer.part.2.84418
                0x0000000000086b2f                eEdTimeoutRequestDataDcfm.151993
                0x0000000000086b50                zps_vNwkBttMgrInit
                0x0000000000086b7e                ZPS_vNwkNibClearTables
                0x0000000000086c96                u8GetHeaderSize
                0x0000000000086cbe                vMiniMac_MLME_SetReq_MinBe
                0x0000000000086ce3                pvHeap_Alloc
                0x0000000000086ce6                vMicroIntRestoreState
                0x0000000000086cf2                ZPS_eTsvStart
                0x0000000000086d6e                zps_vNwkDiscUpdateNT.part.1.158806
                0x0000000000086dc1                zps_eAplZdoBdrmRequestSend
                0x0000000000086e39                zps_eNwkHandleSceNwkUpdate
                0x0000000000086e5d                vProcessTimedList.153070
                0x0000000000086f28                zps_eNwkBtrMatch
                0x0000000000086fb5                zps_vNwkJoinStStartResponseTimer
                0x0000000000086fef                vSetChannelAndPower
                0x000000000008718f                ZQ_bQueueReceive
                0x0000000000087204                ZQ_bQueueSend
                0x0000000000087281                vPostVsMcpsDcfmInd.99844
                0x00000000000872c9                vPostMlmeDcfmInd.99830
                0x0000000000087391                zps_vAplAfPostTimerEvent
                0x00000000000873d1                ZPS_u8GrabMutexLock.constprop.168
                0x000000000008740c                vEnableReceive.171779
                0x0000000000087464                ZPS_u8ReleaseMutexLock.constprop.198
                0x0000000000087489                PDM_vExitCriticalSection
                0x00000000000874ac                vAHI_TickTimerConfigure
                0x00000000000874c7                bAHI_WriteEEPROMfixSegmentData
                0x0000000000087525                bAHI_InitialiseEEPROM
                0x000000000008756d                iAHI_WriteDataIntoEEPROMsegment.constprop.190
                0x00000000000875bb                vAHI_ReadDataFromEEPROMregister
                0x00000000000875e8                iPDM_ReadSegmentHeaderDataFromEEPROMsegment
                0x0000000000087641                iPDM_WriteSegmentHeaderDataIntoEEPROMsegment
 .text.unlikely
                0x0000000000087670       0xc8 C:\Users\ADMINI~1\AppData\Local\Temp\cc8sypa9.ltrans1.ltrans.o
                0x0000000000087685                vAHI_MemoryHold.167467
 .text          0x0000000000087738     0x1bae C:\Users\ADMINI~1\AppData\Local\Temp\cc8sypa9.ltrans2.ltrans.o
                0x0000000000087738                vTimerCallback.167350
                0x0000000000087743                zps_eNwkHandleSmeOrphanInd
                0x000000000008774a                eSmeASFlBeaconInd.160034
                0x000000000008776c                eSmeUDNTScanDcfm.159482
                0x0000000000087788                zps_eSceGenlIllegal
                0x000000000008778f                zps_eSmeGenlIllegal
                0x0000000000087796                DBG_vUartFailedAssert
                0x000000000008779a                zps_bAplZdoBindRequestServer
                0x00000000000878c1                psGetVsMcpsBuf.99841
                0x00000000000878ca                psGetMlmeBuf.99827
                0x00000000000878d3                psGetMcpsBuf.99834
                0x00000000000878dc                zps_vExpireRequestKeyReq.91243
                0x0000000000087956                psGetNlmeBuf.82037
                0x000000000008795f                psGetNldeBuf.82058
                0x0000000000087968                psGetApsmeBuf.82044
                0x000000000008796e                psGetApsdeBuf.82051
                0x0000000000087974                vLoopbackTimerCallback
                0x00000000000879a3                vAHI_WriteDataIntoEEPROMregister
                0x00000000000879d3                u32RaiseDigitalVoltage
                0x00000000000879f3                u8AHI_WakeTimerFiredStatus
                0x0000000000087a07                vAHI_WakeTimerStop.part.3.168035
                0x0000000000087a27                u32AHI_WakeTimerCalibrate
                0x0000000000087a53                vAHI_WakeTimerEnable.part.0.168019
                0x0000000000087aa8                vAHI_UartReset.part.4.167789
                0x0000000000087ae0                vAHI_UartSetBaudDivisor.part.1.167769
                0x0000000000087b1f                vAHI_OptimiseWaitStates
                0x0000000000087b6b                bAHI_GetClkSource
                0x0000000000087b78                vStartXtal32kExternalRc.167364
                0x0000000000087b89                vAHI_SwReset
                0x0000000000087bb9                u32AHI_DioWakeStatus
                0x0000000000087bca                vAHI_DioWakeEnable
                0x0000000000087bea                vAHI_DioSetOutput
                0x0000000000087c06                APP_cbTimerSerialDioSet
                0x0000000000087c1c                APP_ButtonsStopWakeUp
                0x0000000000087c24                APP_vSetLED.part.0.9494
                0x0000000000087c2a                vAHI_DioSetDirection
                0x0000000000087c3e                bIssueACIcommand
                0x0000000000087cd4                vACI_CmdWaitBusy
                0x0000000000087ce1                vEcbEncodeStripe.167156
                0x0000000000087d38                MAC_u64GetExtAddr
                0x0000000000087d53                zps_psNwkSlistRemoveFromHead
                0x0000000000087d6a                zps_psNwkSlistRemove
                0x0000000000087da2                zps_bNwkMcpsMgrRemoveDescrFromLists
                0x0000000000087de0                zps_vNwkSlistAddToTail
                0x0000000000087dfa                zps_vNwkMcpsMgrFreeReqDescr
                0x0000000000087e24                zps_vNwkRemoveConflictedBroadcast
                0x0000000000087e79                zps_vNwkMcpsMgrTidyBtrReqDescr
                0x0000000000087ebc                ZPS_bNwkSecHaveNetworkKey
                0x0000000000087ef0                ZPS_u64NwkNibGetMappedIeeeAddr
                0x0000000000087f12                ZPS_vNwkSecResetDevice
                0x0000000000087f57                ZPS_bNwkNibNtActvMatch
                0x000000000008800f                ZPS_u64NwkNibFindExtAddr
                0x00000000000880ba                bCheckNwkAddr
                0x0000000000088108                zps_eAplTrustCenterFindDevice
                0x000000000008814c                ZPS_vSetExtendedStatus
                0x000000000008815e                eAllocateNPDU.78877
                0x00000000000881c1                PDUM_eNPduClone
                0x000000000008820d                PDUM_hAPduAllocateAPduInstance
                0x0000000000088267                hZCL_AllocateAPduInstance
                0x00000000000882a3                zps_eAplZdoSendZdpResponse
                0x00000000000882ec                bSendResponse.115860
                0x000000000008832f                zps_psApsApsAllocateDcfmRecord
                0x000000000008839d                zps_u8CalcLinkCost
                0x00000000000883d9                ZPS_u8NwkNibNtDiscMatch
                0x00000000000884bd                zps_u64NwkLibFromPayload
                0x000000000008865a                eSmeAcScBeaconInd.160042
                0x0000000000088762                eSmeUDNTBeaconInd.160018
                0x0000000000088785                zps_vNwkLibU64ToPayload
                0x00000000000887b2                zps_eNwkDcfmIndPost
                0x00000000000887d5                zps_psNwkDcfmIndGetBuf
                0x00000000000887f7                zps_eNwkHandleSmePollDcfm
                0x0000000000088821                zps_vSendJoinInd
                0x0000000000088891                eSmeEdScScanDcfm.160022
                0x00000000000888da                eSmeGenlScanDcfm.160026
                0x0000000000088938                eNldeDataDcfm.155206
                0x0000000000088968                zps_vSendNwkStatusInd
                0x0000000000088998                DBG_vInit
                0x00000000000889da                psSLISTsearch
                0x0000000000088a1a                iPDM_SearchForSpecificSegmentInList
                0x0000000000088a4c                psSLISTremove
                0x0000000000088aca                psSLISTgetNext
                0x0000000000088aee                u8PDM_CalculateFileSystemCapacity
                0x0000000000088b0c                bPDM_ImageBitmapRepairCheck
                0x0000000000088b34                u8PDM_ReadSequenceNumber
                0x0000000000088b57                boSegmentNumberDeleteSearchMatch.148378
                0x0000000000088b72                u32PDM_ReadFileSystemHeaderWearCount
                0x0000000000088b88                boSearchForWearCountSubstitute.148692
                0x0000000000088bae                boSearchForWearCountInsertPoint.147957
                0x0000000000088bcc                vPDM_WriteFileSystemHeaderWearCount
                0x0000000000088bde                u8PDM_CalculateSegmentsRequired.part.0.147115
                0x0000000000088c0c                vPDM_ReadBitmapHeader.146892
                0x0000000000088c2b                RND_u32GetRand256
                0x0000000000088c48                zps_vDefaultNwkLayer
                0x0000000000088de7                RND_u32GetRand
                0x0000000000088e0e                u16CalculateFailedTxCount.117074
                0x0000000000088e38                vZdoIeeeAddrServerSendExtendResponse.part.0.103670
                0x0000000000088e99                vZdoNwkAddrServerSendExtendResponse.part.0.102457
                0x0000000000088efa                zps_bAplZdoServerHandleConfirmAcks
                0x0000000000088f44                zps_bPerformLeaveActionDecider
                0x0000000000088f5c                vHandleUpdateDeviceIndication.91274
                0x0000000000088f86                bDuplicateCheck.86258
                0x0000000000089093                zps_vInitAPSMECmdHdr
                0x00000000000890cc                bIsBindTableMatch.85947
                0x000000000008911d                eRemoveEntryInBindingTable.85975
                0x000000000008919c                zps_vAplApsFillAndPostApsAck
                0x0000000000089206                zps_u8AplApsFreeMsgHandle
                0x0000000000089270                bCheckProfile.81720
                0x00000000000892ae                ZPS_bIsGroupPresent
 *fill*         0x00000000000892e6        0x2 00
 .text          0x00000000000892e8     0x1238 C:\Users\ADMINI~1\AppData\Local\Temp\cc8sypa9.ltrans3.ltrans.o
                0x00000000000892e8                DBG_vUartFlush
                0x0000000000089315                DBG_vUartPutch
                0x0000000000089383                boIdValueSearchMatch.147961
                0x00000000000893dd                psDLISTremove
                0x000000000008943f                eZCL_SearchForAttributeEntry
                0x00000000000894f8                eZCL_SetLocalAttributeValue.constprop.162
                0x00000000000895a4                iPDM_SearchForBufferIdInList
                0x00000000000895d9                iPDM_SearchForBufferIdInFileSystem
                0x00000000000895ec                iPDM_GetLengthOfDataInBufferWithIdFromFileSystem
                0x0000000000089648                vPDM_WriteFileSystemRecordAndSegmentDataIntoEEPROMsegment
                0x000000000008968b                u8NumberOfTimersTaskTimers.7364
                0x00000000000896c5                iPDM_ReadUserDataFromEEPROMsegment
                0x0000000000089747                iPDM_ReCalculateWearCountAndChecksumAndWriteFileSystemHeader
                0x0000000000089791                vPDM_SetEEPROMandFileSystemValidState
                0x00000000000897b8                iPDM_ReadUserDataFromFileSystemRecord
                0x00000000000897e2                iPDM_ReadUserDataFromSegmentWithId
                0x0000000000089817                PDM_eReadDataFromRecord.part.0.147229
                0x000000000008989e                vLoadNwkRecord.153910
                0x00000000000898dc                vRadioToOff
                0x00000000000898f9                vStartReceive
                0x0000000000089915                iPDM_FilterDuplicateAppendedSegmentsOnList.149028
                0x000000000008996b                u16ZCL_APduInstanceWriteNBO
                0x00000000000899f7                u16ZCL_WriteCommandHeader
                0x0000000000089a6f                u16ZCL_APduInstanceReadNBO
                0x0000000000089b54                u16ZCL_ReadCommandHeader.part.0.55314
                0x0000000000089bcb                u16ZCL_APduInstanceWriteStringNBO.part.0.52066
                0x0000000000089ca7                u16ZCL_APduInstanceReadStringNBO.part.3.52107
                0x0000000000089d80                eZCL_GetAttributeTypeSizeFromBuffer
                0x0000000000089df7                u16ZCL_GetTxPayloadSize
                0x0000000000089e37                zps_u8AplApsConstructAndPostLoopBackDataInd.84529
                0x0000000000089f70                u8PostUnicastMsgToNHLE.84537
                0x0000000000089fa9                vScheduleSleep.isra.0.7372
                0x000000000008a0cd                PWRM_vWakeInterruptCallback
                0x000000000008a119                zps_psAllocateAndFormatMacHdr
                0x000000000008a257                zps_psNwkInitCmdFrame
                0x000000000008a340                vStopBlinkTimer
                0x000000000008a34d                eOtaFindCluster.constprop.161
                0x000000000008a395                eOTA_RestoreClientData
                0x000000000008a41c                vOtaClientUpgMgrMapStates
                0x000000000008a497                eOTA_SetServerAddress
                0x000000000008a4d2                eOtaClientReqSeqNoUpdate
                0x000000000008a4ef                eOTA_GetCurrentOtaHeader.part.5.46826.constprop.67
 .text          0x000000000008a520     0x14d1 C:\Users\ADMINI~1\AppData\Local\Temp\cc8sypa9.ltrans4.ltrans.o
                0x000000000008a556                DBG_iUartGetChar
                0x000000000008a5a6                vOtaFlashErase
                0x000000000008a678                eOrphanNotificationSent.171479
                0x000000000008a6c1                dbg_vPrintfImplNoneVerbose
                0x000000000008ab48                APP_cbTimerWriteSerial
                0x000000000008abaf                App_DB_ConfigHeartPeriod.6997
                0x000000000008aca9                vStartWakeTimer
                0x000000000008acfc                vStartPollTimer
                0x000000000008ad29                App_DB_ConfigCacheNumber.6994
                0x000000000008ad6d                APP_cbTimerSpecialHeartBeat
                0x000000000008ad94                eZCL_SearchForEPentryAndCheckManufacturerId
                0x000000000008add2                ZTIMER_eStop
                0x000000000008ae3d                vStopPollTimerTask
                0x000000000008ae60                BDB_vFbExitAsInitiator
                0x000000000008ae83                DBG_vDumpStack
                0x000000000008aec5                vShowException
                0x000000000008af4e                APP_SerialSendJoinIndication
                0x000000000008afb5                ZPS_bSecDecrypt
                0x000000000008b0c2                bStartXtal32k.167374
                0x000000000008b1ca                boPDM_IsBitmapSaturated.146928
                0x000000000008b213                zps_bAplZdoMatchDescServer.part.0.104902
                0x000000000008b54e                vAHI_UartConfigureFIFOs.part.5.167888
                0x000000000008b5be                DBG_vUartInitHardware
                0x000000000008b690                vDLISTaddToHead
                0x000000000008b6b9                vDLISTaddToTail
                0x000000000008b6dc                eZCLAddReport
                0x000000000008b990                eZCL_TimerRegister.part.1.71228.constprop.58
                0x000000000008b9d1                eCLD_IdentifyRegisterTimeServer.part.0.15097
 *fill*         0x000000000008b9f1        0x3 00
 .text          0x000000000008b9f4     0x13c0 C:\Users\ADMINI~1\AppData\Local\Temp\cc8sypa9.ltrans5.ltrans.o
                0x000000000008b9f4                vfExtendedStatusCallBack.2007
                0x000000000008b9ff                APP_ZCL_cbGeneralCallback.5195
                0x000000000008ba84                vOtaTimerClickCallback
                0x000000000008bae9                pwrm_PreSleep.2014
                0x000000000008bc96                APP_cbTimerButtonScan
                0x000000000008bcdd                APP_cbTimerSerialTimeout
                0x000000000008bd1d                bAHI_FullFlashProgram
                0x000000000008bdd3                zps_vInitBeaconPayload
                0x000000000008be47                vLoadAplRecord.91323
                0x000000000008be7b                eZCL_SetReceiveEventAddressStructure
                0x000000000008befa                vMiniMac_ReturnTxBufferCallback
                0x000000000008bf23                vPostTxActions.171865
                0x000000000008bf60                vMiniMac_TxComplete
                0x000000000008c0fa                vMiniMac_NextTransaction
                0x000000000008c164                vMiniMac_Init
                0x000000000008c4d7                eTransmit
                0x000000000008c5b4                vMiniMac_McpsCallback
                0x000000000008c740                eMcpsTxCompleteHandler.170824
                0x000000000008c76e                vAppInitOTA
                0x000000000008ca62                APP_vSetUpHardware
                0x000000000008cb73                APP_bNodeIsInRunningState
                0x000000000008cb9b                APP_UARTInitialise
                0x000000000008cc48                pwrm_Wakeup.2010
                0x000000000008cd42                APP_SerialSendAcknowlegement
 .text          0x000000000008cdb4     0x143b C:\Users\ADMINI~1\AppData\Local\Temp\cc8sypa9.ltrans6.ltrans.o
                0x000000000008ce04                eBeaconReqSent.171483
                0x000000000008cedc                vPostMcpsDcfmInd.99837
                0x000000000008d036                vCLD_IdentifyTimerClickCallback.15090
                0x000000000008d0be                vOtaFlashWrite
                0x000000000008d0c1                vOtaUpgManClientStateCountDown.47639
                0x000000000008d1f6                vPDM_AddFileSystemElementToListInAscendingWearCountOrder
                0x000000000008d2ed                PWRM_vManagePower
                0x000000000008d463                eZLO_RegisterOccupancySensorEndPoint.constprop.49
                0x000000000008daa4                AESSW_vMMOFinalUpdate
                0x000000000008db66                AESSW_vHMAC_MMO.constprop.174
                0x000000000008dbfe                zps_pvAesGetKeyFromInstallCode
                0x000000000008dd4e                BDB_vSetKeys
                0x000000000008dda6                zps_vSendJoinDcfm
                0x000000000008ddec                vGiveUp.162576
                0x000000000008de24                ZPS_bSecEncrypt
                0x000000000008dfdf                bHasTimerFired.69253
                0x000000000008e049                u16ZCL_WriteAttributeValueIntoBuffer
                0x000000000008e0cf                psGetTxFrameBuffer
                0x000000000008e122                psGetAndBuildCoordRealignment
                0x000000000008e17a                eBuildAndSend.171487
 .text.unlikely
                0x000000000008e1ef       0x4c C:\Users\ADMINI~1\AppData\Local\Temp\cc8sypa9.ltrans6.ltrans.o
                0x000000000008e1ef                vOTA_EncodeString
 .text          0x000000000008e23b     0x1458 C:\Users\ADMINI~1\AppData\Local\Temp\cc8sypa9.ltrans7.ltrans.o
                0x000000000008e2e5                APP_cbTimerZCLBasicWriteAttr
                0x000000000008e3ee                zps_eNwkHandleSceNwkEdTimeoutRsp
                0x000000000008e54d                vIncrementFrameCounterInPdm.isra.0.154363
                0x000000000008e729                zps_vByteCopy
                0x000000000008e758                vPDM_DeleteAllSegmentsWithIdFromFileSystemList.constprop.10
                0x000000000008e79a                vRestetOTADiscovery.5608
                0x000000000008e7c6                vOTAPersist.5612
                0x000000000008e7fa                vOTAResetPersist
                0x000000000008e81e                zps_vAplSaveRecord
                0x000000000008e8ef                zps_eAplApsmeBindReqRsp
                0x000000000008e9c9                zps_eAplAibSetApsChannelMask
                0x000000000008e9dc                zps_bNwkFindAddIeeeAddr
                0x000000000008eb0e                zps_eAplZdoAddReplaceLinkKey_W
                0x000000000008ebcd                ZPS_bNwkNibAddrMapAddEntry
                0x000000000008ed79                zps_eAplZdoBind
                0x000000000008ee10                eCheckAddrConflict.isra.5.152201
                0x000000000008eea6                vAplSecRemoveLinkKey.91372
                0x000000000008ef3d                ZPS_vNtSetUsedStatus
                0x000000000008f025                zps_sNwkNibNtCheckJoin
                0x000000000008f27c                zps_vNwkHandleCmeDirectJoinReq
                0x000000000008f2f6                zps_vJoinInitNtParent
                0x000000000008f3ac                zps_vCheckActvNtForDuplicate
                0x000000000008f403                ZPS_vNwkNibSetNwkAddr
                0x000000000008f421                zps_eNwkHandleSceRejnResponse
                0x000000000008f47e                ZPS_vNwkNibSetExtPanId
                0x000000000008f4d0                vFinish.163015
                0x000000000008f518                eSmeOrphScanDcfm.163025
                0x000000000008f590                ZPS_vNwkNibSetUpdateId
                0x000000000008f5d9                ZPS_vNwkNibSetPanId
                0x000000000008f5f7                vHandleNwkRemoteUpdateAfterBcast.151964
                0x000000000008f666                ZPS_vNwkNibSetCapabilityInfo
 *fill*         0x000000000008f693        0x1 00
 .text          0x000000000008f694     0x1278 C:\Users\ADMINI~1\AppData\Local\Temp\cc8sypa9.ltrans8.ltrans.o
                0x000000000008f694                vZCL_EventHandler
 .text          0x000000000009090c      0xfeb C:\Users\ADMINI~1\AppData\Local\Temp\cc8sypa9.ltrans9.ltrans.o
                0x000000000009090c                vPDM_MoveAllDataFromListToList.constprop.183
                0x0000000000090949                vPDM_MoveAllDataWithBufferIdFromListToList
                0x00000000000909cb                vPDM_MoveAllDataWithBufferIdAndStateFromListToList
                0x0000000000090a78                iPDM_WriteSegmentHeaderAndData
                0x0000000000090c81                iPDM_SegmentCopyAndAppendData.constprop.181
                0x0000000000090cdb                vPDM_MoveFileRecordFromListToList
                0x0000000000090de6                iPDM_VerifyDataSequenceWithBufferId
                0x0000000000090e86                vPDM_MoveRecordToDeAllocList
                0x0000000000090ea6                vPDM_DeleteAppendedSequence
                0x00000000000910ab                iPDM_ReconstructReplacedDataTable
                0x0000000000091341                PDM_eSaveRecordData
                0x000000000009161d                ZPS_vNwkSaveRecord
                0x0000000000091649                ZPS_vNwkSaveNt
                0x000000000009165c                zps_eNwkHandleSmeCommStatusInd
                0x000000000009179c                eUnsolicitedRejoinRspDataDcfm.151968
                0x00000000000917c7                eRejoinRspDataDcfm.161846
                0x0000000000091896                vPDM_ImageBitmapRepair.147878
 *fill*         0x00000000000918f7        0x1 00
 .text          0x00000000000918f8     0x13fc C:\Users\ADMINI~1\AppData\Local\Temp\cc8sypa9.ltrans10.ltrans.o
                0x00000000000918f8                vMiniMac_MlmeCallback
                0x0000000000091be2                vSendMlmeCommStatusFromTxFrame
                0x0000000000091c38                SOC_MAC_vHandleMlmeVsReqRsp.constprop.153
                0x000000000009216c                zps_sNwkLibSubmitScan
                0x000000000009253d                vScanBeaconReceived
                0x0000000000092587                vRunningRxCallback
                0x000000000009285a                vPostDcfm.171498
                0x00000000000928c9                vScanNextChannel.171504
                0x0000000000092a6e                zps_vSaveAllZpsRecords
                0x0000000000092a91                APP_vFactoryResetRecords
                0x0000000000092cac                vHandleZdoLeaveRequest.3182
 .text          0x0000000000092cf4     0x11bb C:\Users\ADMINI~1\AppData\Local\Temp\cc8sypa9.ltrans11.ltrans.o
                0x0000000000093092                vMcpsMgrExpiry.152998
                0x00000000000930ba                ZPS_vNwkSaveAllRecords
                0x00000000000930ee                ZPS_pvNwkCtor.part.0.150988
                0x00000000000932ae                zps_vNwkMcpsMgrPost
                0x00000000000932d2                zps_psSendFrm.constprop.186
                0x00000000000934b5                ZPS_vNwkHandleNldeReqRsp
                0x00000000000936c4                zps_eAplApsmeCmdMgrSendCommand
                0x00000000000937a1                zps_vAplApsmeCmdMgrRetryTimeout.85939
                0x0000000000093846                zps_vNwkHandleCmeLeaveReq
                0x00000000000938ae                zps_eNwkHandleSceLeave
                0x0000000000093a1e                zps_psSendNetworkStatusCmd
                0x0000000000093a96                zps_eDefaultDataDcfm
                0x0000000000093c1a                vSendNetworkReport.151956
                0x0000000000093cf4                zps_psNwkSendRejoinReqCmd
                0x0000000000093d56                zps_eNwkHandleSdeActvDcfmData
                0x0000000000093e3d                vMcpsMgrTimeoutExpiry
 .text          0x0000000000093eaf     0x136b C:\Users\ADMINI~1\AppData\Local\Temp\cc8sypa9.ltrans12.ltrans.o
                0x0000000000093fc2                APP_cbStartNWKJoin
                0x0000000000093fc5                pdum_u16ReadNBO
                0x0000000000094126                PDUM_u16SizeNBO
                0x0000000000094184                PDUM_u16APduInstanceWriteStrNBO
                0x0000000000094303                PDUM_u16APduInstanceReadNBO
                0x000000000009434e                PDUM_u16APduInstanceWriteNBO
                0x00000000000943b8                PDUM_thAPduInstanceGetApdu
                0x00000000000943d3                PDUM_eAPduFreeAPduInstance
                0x0000000000094439                PDUM_eAPduInstanceSetPayloadSize
                0x0000000000094461                PDUM_eNPduWriteDataFromBuffer
                0x00000000000944bb                PDUM_eNPduWriteDataToBuffer
                0x0000000000094519                PDUM_eNPduWriteFromBuffer
                0x0000000000094542                PDUM_eNPduDescend
                0x0000000000094568                PDUM_eNPduAscend
                0x000000000009458e                PDUM_eNPduClaimData
                0x00000000000945fb                PDUM_eNPduAppendDataNBO
                0x0000000000094658                PDUM_eNPduClaimHeader
                0x000000000009467b                PDUM_eNPduReadHeaderNBO
                0x00000000000946ce                PDUM_eNPduPrependHeaderNBO
                0x0000000000094729                PDUM_eNPduFree
                0x0000000000094787                PDUM_eNPduInitDescending
                0x00000000000947a2                ZTIMER_eStart
                0x00000000000947f7                eZCL_SearchForClusterEntry
                0x000000000009485b                eZCL_BuildTransmitAddressStructure
                0x00000000000948c8                eZCL_SearchForEPentry
                0x00000000000948f9                vZCL_PassEventToUser
                0x0000000000094926                eZCL_DoesAttributeHaveReportableChange
                0x0000000000094943                eZCL_GetAttributeReportableEntry
                0x00000000000949fb                vZCL_AlignNumericAttributeValueTo64.68707
                0x0000000000094b0a                vZCL_SetDefaultReporting
                0x0000000000094b3c                u8GetTransactionSequenceNumber
                0x0000000000094b4e                bZCL_CheckAttributeDirectionFlagMatch
                0x0000000000094b72                eZCL_GetAttributeTypeSize
                0x0000000000094b91                vZCL_MarkAttributeInvalid
                0x0000000000094c60                u8ZCL_GetAttributeAllignToFourBytesBoundary
                0x0000000000094c75                pvZCL_GetAttributePointer
                0x0000000000094ceb                eZCL_StoreChangeAttributeValue
                0x0000000000094d8a                vReverseMemcpy.part.2.50613
                0x0000000000094dbf                vReverseMemcpy
                0x0000000000094dd7                sOtaGetHeader
                0x0000000000094ee5                u16ZCL_GetStringStructureSize
                0x0000000000094f22                u16ZCL_GetStringAttributeTypeSizeFromBuffer
                0x0000000000094f93                u16ZCL_GetStringSizeAndBufferFromStructure
                0x0000000000095022                eZCL_GetAttributeTypeSizeFromStructure
                0x000000000009509b                vZCL_InitializeClusterInstance
                0x00000000000950b0                vOtaFlashLockWrite
                0x00000000000950f6                vOtaFlashLockRead
                0x000000000009513c                eOtaSetEventTypeAndGiveCallBack
                0x0000000000095157                eOTA_retOtaUseKey
                0x000000000009518d                vAPP_ZCL_DeviceSpecific_Init
 .text          0x000000000009521a      0xe37 C:\Users\ADMINI~1\AppData\Local\Temp\cc8sypa9.ltrans13.ltrans.o
                0x000000000009521a                APP_vInitialiseNode
                0x0000000000095f9f                zps_eAplZdoPoll
                0x0000000000096005                APP_cbTimerPoll
 *fill*         0x0000000000096051        0x3 00
 .text          0x0000000000096054     0x1094 C:\Users\ADMINI~1\AppData\Local\Temp\cc8sypa9.ltrans14.ltrans.o
                0x0000000000096103                vZdoBdrmSendNextTimedRequest
                0x0000000000096393                zps_eAplZdpMgmtLqiResponse
                0x00000000000964a3                zps_eZdpNodeDescResponse
                0x000000000009654b                zps_eZdpPowerDescResponse
                0x00000000000965e8                zps_eZdpSimpleDescResponse
                0x00000000000966f5                zps_eZdpMgmtNwkUpdateNotifyResponse
                0x00000000000967a7                zps_eZdpNwkAddrResponse
                0x000000000009688a                zps_eZdpIeeeAddrResponse
                0x000000000009696d                eZCL_TransmitDataRequest
                0x0000000000096c95                vReportTimerClickCallback
 .text          0x00000000000970e8      0xe30 C:\Users\ADMINI~1\AppData\Local\Temp\cc8sypa9.ltrans15.ltrans.o
                0x00000000000970e8                vTransformKey.isra.0.87601
                0x0000000000097149                zps_bGetFlashCredential
                0x000000000009714e                zps_psFindKeyDescr
                0x0000000000097232                zps_eAplSecEncryptPacket
                0x0000000000097331                zps_eAplSendApsmeCmdFrame
                0x00000000000974a2                vHandleTransportKeyFrame.87405
                0x00000000000977da                vPostNlmeDcfmInd.82040
 .text          0x0000000000097f18     0x12ee C:\Users\ADMINI~1\AppData\Local\Temp\cc8sypa9.ltrans16.ltrans.o
                0x0000000000097f18                vOtaUpgManClientStateWaitForRunCommand.47635
                0x0000000000098037                vOtaUpgManClientStateDownloadInProgress.47627
                0x0000000000098a20                APP_ZCL_cbEndpointCallback.5192
 .text          0x0000000000099206      0xdf3 C:\Users\ADMINI~1\AppData\Local\Temp\cc8sypa9.ltrans17.ltrans.o
                0x000000000009956f                ZPS_vAplHandleApsdeReqRsp
                0x00000000000999a3                zps_eAplZdpApsdeReqInternal
                0x0000000000099a12                zps_eZdpActiveEpResponse
                0x0000000000099aa8                zps_eZdpMatchDescResponse
                0x0000000000099b3e                eSendDeviceAnnounce.119775
                0x0000000000099c48                zps_eAplZdpRequestApsdeReq
                0x0000000000099cbd                vNsSendPermitJoin.76580
                0x0000000000099d3b                vFbSendSimpleDescReq.77689
                0x0000000000099db6                zps_eAplZdpIeeeAddrRequest.constprop.25
                0x0000000000099e28                zps_eZdpSystemServerDiscoveryResponse
                0x0000000000099ef2                zps_eAplZdpBindResponse
                0x0000000000099f13                zps_eZdpUnbindResponse
                0x0000000000099f34                zps_eZdpMgmtLeaveResponse
                0x0000000000099f55                vNsTclkSendReqKey.76588
 *fill*         0x0000000000099ff9        0x3 00
 .text          0x0000000000099ffc      0xd4c C:\Users\ADMINI~1\AppData\Local\Temp\cc8sypa9.ltrans18.ltrans.o
                0x0000000000099ffc                zps_eNwkHandleSmeAssocInd
                0x000000000009a1f1                vISR_Timer0.5340
                0x000000000009a3ae                ZPS_vNwkNibSetChannel
                0x000000000009a499                zps_vProcessLocalAddrConflict.part.1.151973
                0x000000000009a4d3                zps_eNwkHandleSceNwkStatus
                0x000000000009a5ef                ZPS_vNwkNibCheckAndUpdateAddresses
                0x000000000009a704                zps_vNwkHandleCmeNwkJoinReq
                0x000000000009a9cd                zps_vNwkHandleCmeNwkActvJoinReq
                0x000000000009ab1b                vHandleRejoinExpiry.162572
                0x000000000009abbe                eSmeAsocAssocDcfm.163185
                0x000000000009ac42                eSmeRjPCPollDcfm.163181
                0x000000000009ac83                eSceRjRsRejoinRsp.163149
 .text          0x000000000009ad48     0x1160 C:\Users\ADMINI~1\AppData\Local\Temp\cc8sypa9.ltrans19.ltrans.o
                0x000000000009aea5                APP_cbTimerZclTick
                0x000000000009aef5                eZCL_CustomCommandSend.constprop.164
                0x000000000009b1a7                vSendReportPowerConfig
                0x000000000009b1f5                vSendImmediateReport
                0x000000000009b241                vHandleNewJoinEvent
                0x000000000009b2ca                APP_vBdbCallback
                0x000000000009b79f                vNsAfterNwkJoin.76582
                0x000000000009b89f                BDB_vNsTimerCb
                0x000000000009b973                vFbBindCluster.78548
                0x000000000009bdb4                BDB_vFbTimerCb
 .text          0x000000000009bea8      0xeec C:\Users\ADMINI~1\AppData\Local\Temp\cc8sypa9.ltrans20.ltrans.o
                0x000000000009bea8                eZCL_SendDefaultResponse
                0x000000000009bfa7                vZCL_HandleAttributesWriteRequest
                0x000000000009c4d2                eZCL_CustomCommandReceive
                0x000000000009c660                eOtaCommandHandler
                0x000000000009cc07                eCLD_BasicCommandHandler
                0x000000000009cc76                eCLD_GroupsCommandHandler
 .text          0x000000000009cd94      0xf81 C:\Users\ADMINI~1\AppData\Local\Temp\cc8sypa9.ltrans21.ltrans.o
                0x000000000009cd94                zps_bAplZdoMgmtNWKUpdateServer
                0x000000000009d0dc                zps_vAplZdoMgmtNWKUpdateServerInit
                0x000000000009d0e5                zps_bAplZdoMgmtLeaveServer
                0x000000000009d27b                zps_vAplZdoMgmtLeaveServerInit
                0x000000000009d284                zps_bAplZdoMgmtLqiServer
                0x000000000009d50a                zps_vAplZdoMgmtLqiServerInit
                0x000000000009d513                zps_bAplZdoSystemServerDiscoveryServer
                0x000000000009d5d0                zps_vAplZdoSystemServerDiscoveryServerInit
                0x000000000009d5d9                zps_bAplZdoDeviceAnnceServer
                0x000000000009d81e                zps_vAplZdoDeviceAnnceServerInit
                0x000000000009d821                zps_bAplZdoActiveEpServer
                0x000000000009d937                zps_vAplZdoActiveEpServerInit
                0x000000000009d940                zps_bAplZdoPowerDescServer
                0x000000000009da8d                zps_vAplZdoPowerDescServerInit
                0x000000000009da96                zps_bAplZdoSimpleDescServer
 *fill*         0x000000000009dd15        0x3 00
 .text          0x000000000009dd18      0xef8 C:\Users\ADMINI~1\AppData\Local\Temp\cc8sypa9.ltrans22.ltrans.o
                0x000000000009dd18                vPostNldeDcfmInd.82061
 .text          0x000000000009ec10      0xed4 C:\Users\ADMINI~1\AppData\Local\Temp\cc8sypa9.ltrans23.ltrans.o
                0x000000000009efa7                BDB_eNsStartNwkSteering
                0x000000000009f052                BDB_vRejoinCycle.constprop.131
                0x000000000009f340                bdb_taskBDB
                0x000000000009fa58                vAppHandleStartup
 .text          0x000000000009fae4      0xf54 C:\Users\ADMINI~1\AppData\Local\Temp\cc8sypa9.ltrans24.ltrans.o
                0x000000000009fc29                eOTA_ClientUpgradeEndRequest
                0x000000000009fccc                vOtaUpgManClientStateDownloadComplete.47631
                0x000000000009feaa                vOtaAbortDownload.47676
                0x000000000009ff21                vOtaHandleTimedBlockRequest.47670
                0x000000000009ffdc                vOtaUpgManClientStateIdle.47618
 .text          0x00000000000a0a38      0xd26 C:\Users\ADMINI~1\AppData\Local\Temp\cc8sypa9.ltrans25.ltrans.o
                0x00000000000a0a38                zps_vNwkHandleCmeSyncReq
                0x00000000000a0c78                vHandleEdTimeoutReqExpiry.151960
                0x00000000000a0d1f                zps_vReAttemptScanTimerHandleExpiry
                0x00000000000a0d77                zps_vNwkHandleCmeNwkDiscReq
                0x00000000000a0df1                zps_vNwkHandleCmeEdScanReq
                0x00000000000a0e30                zps_eNwkHandleSmeBeaconNotifyInd
                0x00000000000a0ee7                ZPS_vNwkHandleNlmeReqRsp
                0x00000000000a0f61                zps_vAplAfPostEvent
                0x00000000000a1389                vPostApsdeDcfmInd.82054
                0x00000000000a157b                zps_eAplZdoNlmeleaveWrapper
                0x00000000000a15f9                vNsLeaveNwk.76590
                0x00000000000a1627                vChangeChannelTimerExpiry.117066
                0x00000000000a1687                eLeaveReset.163989
                0x00000000000a16f2                eLeaveDataDcfmLocalLeave.163994
 *fill*         0x00000000000a175e        0x2 00
 .text          0x00000000000a1760      0xc58 C:\Users\ADMINI~1\AppData\Local\Temp\cc8sypa9.ltrans26.ltrans.o
                0x00000000000a1760                eCLD_IdentifyCommandHandler
                0x00000000000a193c                BDB_vRejoinTimerCb
                0x00000000000a198c                eOTA_ClientQueryNextImageRequest
                0x00000000000a1a4d                APP_cbTimerOTAStart
                0x00000000000a1eb5                BDB_vStart
                0x00000000000a208e                vDioEventHandler.8555
                0x00000000000a21c7                vAppHandleSerialEvent
 .text          0x00000000000a23b8      0xb41 C:\Users\ADMINI~1\AppData\Local\Temp\cc8sypa9.ltrans27.ltrans.o
                0x00000000000a23b8                vMiniMac_InterruptHandler
                0x00000000000a273b                eAssocRespSent.170712
                0x00000000000a275a                vStartScanTimerExpiry.117070
                0x00000000000a2796                zps_vAplApsPollTimer
                0x00000000000a27f5                vAplSecAuthPollTimerExpiry.91251
                0x00000000000a284d                vAplSecAuthTimerExpiry.91247
                0x00000000000a28db                vCheckSleepingSendPoll.part.1.163127
                0x00000000000a2945                zps_eNwkSendJoinResponse
                0x00000000000a2ada                zps_vProcessChildAddrConflict
                0x00000000000a2b9d                zps_eProcessAddrConflict
                0x00000000000a2d4a                eRejoinNetwork.91310
                0x00000000000a2e11                eStartRouter.91341
 .text          0x00000000000a2ef9      0x94c C:\Users\ADMINI~1\AppData\Local\Temp\cc8sypa9.ltrans28.ltrans.o
                0x00000000000a2ef9                zps_vAplZdoSimpleDescServerInit
                0x00000000000a2f02                zps_bAplZdoNodeDescServer
                0x00000000000a309e                zps_vAplZdoNodeDescServerInit
                0x00000000000a30a7                zps_bAplZdoMatchDescServer
                0x00000000000a30f3                zps_vAplZdoMatchDescServerInit
                0x00000000000a30fc                zps_bAplZdoIeeeAddrServer
                0x00000000000a3288                zps_vAplZdoIeeeAddrServerInit
                0x00000000000a3291                zps_bAplZdoNwkAddrServer
                0x00000000000a3448                zps_vAplZdoNwkAddrServerInit
                0x00000000000a3451                zps_isrMAC
                0x00000000000a346b                zps_bAplZdoDefaultServer
                0x00000000000a36e6                zps_vAplZdoDefaultServerInit
                0x00000000000a36ef                zps_vHandleApsdeDataFragIndNotSupported
                0x00000000000a3797                pdum_vAPduInit
                0x00000000000a37eb                pdum_vNPduInit
                0x00000000000a382b                AppWarmStart
 .text          0x00000000000a3845      0x7ad C:\Users\ADMINI~1\AppData\Local\Temp\cc8sypa9.ltrans29.ltrans.o
                0x00000000000a3845                zps_bAplZdoMgmtBindServer
                0x00000000000a3a69                zps_vAplZdoMgmtBindServerInit
                0x00000000000a3a72                zps_bAplZdoZdoClient
                0x00000000000a3c10                zps_vAplZdoZdoClientInit
                0x00000000000a3c1c                zps_vAplZdoBindRequestServerInit
                0x00000000000a3c7d                zps_bAplZdoBindUnbindServer
                0x00000000000a3fe9                zps_vAplZdoBindUnbindServerInit
 *fill*         0x00000000000a3ff2        0x2 00
 .text          0x00000000000a3ff4      0x648 C:\Users\ADMINI~1\AppData\Local\Temp\cc8sypa9.ltrans30.ltrans.o
                0x00000000000a3ff4                vPostApsmeDcfmInd.82047
 .text          0x00000000000a463c      0x350 C:\Users\ADMINI~1\AppData\Local\Temp\cc8sypa9.ltrans31.ltrans.o
                0x00000000000a463c                vUnclaimedInterrupt
                0x00000000000a4651                vBusErrorHandler
                0x00000000000a4660                vAlignmentErrorHandler
                0x00000000000a466f                vIllegalInstructionHandler
                0x00000000000a467e                vTrapHandler
                0x00000000000a468d                vGenericHandler
                0x00000000000a469c                vUnclaimedException
                0x00000000000a46ab                vStackOverflowHandler
                0x00000000000a46ba                ISR_vTickTimer
                0x00000000000a46f2                APP_vGenCallback
                0x00000000000a4733                vUART_HandleUartInterrupt
                0x00000000000a48da                vISR_SystemController
 .text          0x00000000000a498c       0x25 e:/nxp/bstudio_nxp/sdk/tools/ba-elf-ba2-r36379/bin/../lib/gcc/ba-elf/4.7.4/../../../../ba-elf/lib/mcpu_jn51xx_sizeopt\libc.a(lib_a-memcmp.o)
                0x00000000000a498c                memcmp
 .text          0x00000000000a49b1       0x19 e:/nxp/bstudio_nxp/sdk/tools/ba-elf-ba2-r36379/bin/../lib/gcc/ba-elf/4.7.4/../../../../ba-elf/lib/mcpu_jn51xx_sizeopt\libc.a(lib_a-memcpy.o)
 .text          0x00000000000a49ca       0x12 e:/nxp/bstudio_nxp/sdk/tools/ba-elf-ba2-r36379/bin/../lib/gcc/ba-elf/4.7.4/../../../../ba-elf/lib/mcpu_jn51xx_sizeopt\libc.a(lib_a-memset.o)
                0x00000000000a49ca                memset
 .text          0x00000000000a49dc      0x204 e:/nxp/bstudio_nxp/sdk/tools/ba-elf-ba2-r36379/bin/../lib/gcc/ba-elf/4.7.4/mcpu_jn51xx_sizeopt\libgcc.a(__udivsi3.o)
                0x00000000000a49dc                __udivsi3
 .text          0x00000000000a4be0       0x30 e:/nxp/bstudio_nxp/sdk/tools/ba-elf-ba2-r36379/bin/../lib/gcc/ba-elf/4.7.4/mcpu_jn51xx_sizeopt\libgcc.a(__divsi3.o)
                0x00000000000a4be0                __divsi3
 .text          0x00000000000a4c10      0x1b0 e:/nxp/bstudio_nxp/sdk/tools/ba-elf-ba2-r36379/bin/../lib/gcc/ba-elf/4.7.4/mcpu_jn51xx_sizeopt\libgcc.a(__umodsi3.o)
                0x00000000000a4c10                __umodsi3
 .text          0x00000000000a4dc0       0x24 e:/nxp/bstudio_nxp/sdk/tools/ba-elf-ba2-r36379/bin/../lib/gcc/ba-elf/4.7.4/mcpu_jn51xx_sizeopt\libgcc.a(__modsi3.o)
                0x00000000000a4dc0                __modsi3
 .text          0x00000000000a4de4       0x52 e:/nxp/bstudio_nxp/sdk/tools/ba-elf-ba2-r36379/bin/../lib/gcc/ba-elf/4.7.4/mcpu_jn51xx_sizeopt\libgcc.a(_muldi3.o)
                0x00000000000a4de4                __muldi3
 .text          0x00000000000a4e36      0x350 e:/nxp/bstudio_nxp/sdk/tools/ba-elf-ba2-r36379/bin/../lib/gcc/ba-elf/4.7.4/mcpu_jn51xx_sizeopt\libgcc.a(_udivdi3.o)
                0x00000000000a4e36                __udivdi3
 *fill*         0x00000000000a5186        0x2 00
 .text          0x00000000000a5188       0xd0 e:/NXP/Sensor/OccupancySensor/Build/portasm.o
                0x00000000000a5188                OSMIUM_HwVectTable
                0x00000000000a51c4                vExternalException
 .text          0x00000000000a5258       0x48 e:/NXP/bstudio_nxp/sdk/JN-SW-4170/Components/Library\libPWRM_JN516x.a(pwrm_setjmp_JN516x.o)
                0x00000000000a5258                setjmp
                0x00000000000a527c                PWRM_longjmp
 .text          0x00000000000a52a0        0x0 e:/NXP/bstudio_nxp/sdk/JN-SW-4170/Components/Library\libZPSAPL_JN516x.a(zps_apl_version_lc.o)
                0x00000000000a52a0                ZPS_APL_Version_3v0
 .text          0x00000000000a52a0        0x0 e:/NXP/bstudio_nxp/sdk/JN-SW-4170/Components/Library\libZPSNWK_ZED_JN516x.a(zps_nwk_version_lc.o)
                0x00000000000a52a0                ZPS_NWK_Version_3v0
 .text          0x00000000000a52a0       0x27 e:/NXP/bstudio_nxp/sdk/JN-SW-4170/Components/Library\libHardwareApi_JN5169.a(AHI_Interrupt.o)
                0x00000000000a52a0                vAHI_InterruptSetPriority
                0x00000000000a52be                vAHI_InterruptSetActivePriorityLevel
 .text.vMicroSyscall
                0x00000000000a52c7       0x17 e:/NXP/bstudio_nxp/sdk/JN-SW-4170/Components/Library\libMicroSpecific_JN516x.a(MicroSyscall_ba.o)
                0x00000000000a52c7                vMicroSyscall
                0x00000000000a52de                _flash_end = ABSOLUTE (.)

.rela.dyn       0x00000000000a52e0        0x0
 .rela.text     0x0000000000000000        0x0 e:/NXP/Sensor/OccupancySensor/Build/irq_JN516x.o
 .rela.text.PDUM_vInit
                0x0000000000000000        0x0 e:/NXP/Sensor/OccupancySensor/Build/irq_JN516x.o
 .rela.text.vZdoServersInit
                0x0000000000000000        0x0 e:/NXP/Sensor/OccupancySensor/Build/irq_JN516x.o
 .rela.text.ZPS_vDefaultKeyInit
                0x0000000000000000        0x0 e:/NXP/Sensor/OccupancySensor/Build/irq_JN516x.o
 .rela.data.s_sApl
                0x0000000000000000        0x0 e:/NXP/Sensor/OccupancySensor/Build/irq_JN516x.o
 .rela.rodata.s_asAplZdoServers
                0x0000000000000000        0x0 e:/NXP/Sensor/OccupancySensor/Build/irq_JN516x.o
 .rela.data     0x0000000000000000        0x0 e:/NXP/Sensor/OccupancySensor/Build/irq_JN516x.o
 .rela.rodata   0x0000000000000000        0x0 e:/NXP/Sensor/OccupancySensor/Build/irq_JN516x.o
                0x000000000400004c                . = ORIGIN (ram)

.data           0x000000000400004c      0x570 load address 0x00000000000a52e0
                0x000000000400004c                _ram_data_start = ABSOLUTE (.)
 *(.data*)
 .data.s_asapduZCLInstances
                0x000000000400004c       0xb4 e:/NXP/Sensor/OccupancySensor/Build/pdum_gen.o
                0x000000000400004c                s_asapduZCLInstances
 .data.s_asapduZDPInstances
                0x0000000004000100       0xc0 e:/NXP/Sensor/OccupancySensor/Build/pdum_gen.o
                0x0000000004000100                s_asapduZDPInstances
 .data.s_asAPduPool
                0x00000000040001c0       0x18 e:/NXP/Sensor/OccupancySensor/Build/pdum_apdu.o
                0x00000000040001c0                pdum_apduZDP
                0x00000000040001c0                s_asAPduPool
                0x00000000040001cc                pdum_apduZCL
 .data.zps_g_pvApl
                0x00000000040001d8        0x4 e:/NXP/Sensor/OccupancySensor/Build/zps_gen.o
                0x00000000040001d8                zps_g_pvApl
 .data.u8ZpsConfigStackProfileId
                0x00000000040001dc        0x1 e:/NXP/Sensor/OccupancySensor/Build/zps_gen.o
                0x00000000040001dc                u8ZpsConfigStackProfileId
 .data.au8EpMapPresent
                0x00000000040001dd        0x1 e:/NXP/Sensor/OccupancySensor/Build/zps_gen.o
                0x00000000040001dd                au8EpMapPresent
 .data.u8MaxZpsConfigEp
                0x00000000040001de        0x1 e:/NXP/Sensor/OccupancySensor/Build/zps_gen.o
                0x00000000040001de                u8MaxZpsConfigEp
 *fill*         0x00000000040001df        0x1 00
 .data.s_keyPairTableStorage
                0x00000000040001e0       0x48 e:/NXP/Sensor/OccupancySensor/Build/zps_gen.o
 .data.s_sApl   0x0000000004000228      0x150 e:/NXP/Sensor/OccupancySensor/Build/zps_gen.o
 .data.s_sAplAib
                0x0000000004000378       0x38 e:/NXP/Sensor/OccupancySensor/Build/zps_gen.o
 .data.s_sNodeDescriptor
                0x00000000040003b0       0x10 e:/NXP/Sensor/OccupancySensor/Build/zps_gen.o
 .data.s_asSimpleDescConts
                0x00000000040003c0       0x40 e:/NXP/Sensor/OccupancySensor/Build/zps_gen.o
 .data.s_sApsDuplicateTable
                0x0000000004000400       0x10 e:/NXP/Sensor/OccupancySensor/Build/zps_gen.o
 .data.s_sApsmeCmdContainer_1
                0x0000000004000410       0x38 e:/NXP/Sensor/OccupancySensor/Build/zps_gen.o
 .data.s_bindingTables
                0x0000000004000448        0x8 e:/NXP/Sensor/OccupancySensor/Build/zps_gen.o
 .data.s_keyPairTable
                0x0000000004000450        0x8 e:/NXP/Sensor/OccupancySensor/Build/zps_gen.o
 .data.s_au8Endpoint1InputClusterDiscFlags
                0x0000000004000458        0x1 e:/NXP/Sensor/OccupancySensor/Build/zps_gen.o
 .data.s_au8Endpoint1OutputClusterDiscFlags
                0x0000000004000459        0x1 e:/NXP/Sensor/OccupancySensor/Build/zps_gen.o
 *fill*         0x000000000400045a        0x2 00
 .data.s_sApsmeCmdContainer_2
                0x000000000400045c       0x38 e:/NXP/Sensor/OccupancySensor/Build/zps_gen.o
 *fill*         0x0000000004000494        0x4 00
 .data.s_bindingTable
                0x0000000004000498       0x10 e:/NXP/Sensor/OccupancySensor/Build/zps_gen.o
 .data.s_sApsmeCmdContainer_3
                0x00000000040004a8       0x38 e:/NXP/Sensor/OccupancySensor/Build/zps_gen.o
 .data          0x00000000040004e0       0x18 C:\Users\ADMINI~1\AppData\Local\Temp\cc8sypa9.ltrans0.ltrans.o
                0x00000000040004e0                u8AhiBaudRate.149214
 .data          0x00000000040004f8        0x4 C:\Users\ADMINI~1\AppData\Local\Temp\cc8sypa9.ltrans1.ltrans.o
                0x00000000040004f8                u32HeapStart
 .data          0x00000000040004fc        0x4 C:\Users\ADMINI~1\AppData\Local\Temp\cc8sypa9.ltrans3.ltrans.o
                0x00000000040004fc                bCanLoopback.84760
 .data          0x0000000004000500        0x8 C:\Users\ADMINI~1\AppData\Local\Temp\cc8sypa9.ltrans4.ltrans.o
 .data          0x0000000004000508        0x4 C:\Users\ADMINI~1\AppData\Local\Temp\cc8sypa9.ltrans5.ltrans.o
 .data          0x000000000400050c       0x64 C:\Users\ADMINI~1\AppData\Local\Temp\cc8sypa9.ltrans6.ltrans.o
 .data          0x0000000004000570       0x31 C:\Users\ADMINI~1\AppData\Local\Temp\cc8sypa9.ltrans13.ltrans.o
                0x0000000004000570                u8MiniMacConfig_MaxConcurrentAssocResponses
 *fill*         0x00000000040005a1        0x3 00
 .data          0x00000000040005a4        0x8 C:\Users\ADMINI~1\AppData\Local\Temp\cc8sypa9.ltrans16.ltrans.o
                0x00000000040005a4                u8OTAStartMachine
                0x00000000040005a8                u32OTAQueryTimeinSec.6125
 .data          0x00000000040005ac        0xc C:\Users\ADMINI~1\AppData\Local\Temp\cc8sypa9.ltrans18.ltrans.o
                0x00000000040005ac                u32PreviousDioState.5397
 .data          0x00000000040005b8        0x1 C:\Users\ADMINI~1\AppData\Local\Temp\cc8sypa9.ltrans31.ltrans.o
 *(.data.*)
                0x00000000040005bc                . = ALIGN (0x4)
 *fill*         0x00000000040005b9        0x3 00
                0x00000000040005bc                _ram_data_end = ABSOLUTE (.)

.bss            0x00000000040005bc     0x40f0 load address 0x00000000000a5850
                0x00000000040005bc                _bss_start = ABSOLUTE (.)
 *(.bss*)
 .bss.s_asNPduPool
                0x00000000040005bc      0xc00 e:/NXP/Sensor/OccupancySensor/Build/pdum_gen.o
 .bss.s_au8apduZCLInstance0Storage
                0x00000000040011bc       0x64 e:/NXP/Sensor/OccupancySensor/Build/pdum_gen.o
 .bss.s_au8apduZCLInstance1Storage
                0x0000000004001220       0x64 e:/NXP/Sensor/OccupancySensor/Build/pdum_gen.o
 .bss.s_au8apduZCLInstance2Storage
                0x0000000004001284       0x64 e:/NXP/Sensor/OccupancySensor/Build/pdum_gen.o
 .bss.s_au8apduZCLInstance3Storage
                0x00000000040012e8       0x64 e:/NXP/Sensor/OccupancySensor/Build/pdum_gen.o
 .bss.s_au8apduZCLInstance4Storage
                0x000000000400134c       0x64 e:/NXP/Sensor/OccupancySensor/Build/pdum_gen.o
 .bss.s_au8apduZCLInstance5Storage
                0x00000000040013b0       0x64 e:/NXP/Sensor/OccupancySensor/Build/pdum_gen.o
 .bss.s_au8apduZCLInstance6Storage
                0x0000000004001414       0x64 e:/NXP/Sensor/OccupancySensor/Build/pdum_gen.o
 .bss.s_au8apduZCLInstance7Storage
                0x0000000004001478       0x64 e:/NXP/Sensor/OccupancySensor/Build/pdum_gen.o
 .bss.s_au8apduZCLInstance8Storage
                0x00000000040014dc       0x64 e:/NXP/Sensor/OccupancySensor/Build/pdum_gen.o
 .bss.s_au8apduZCLInstance9Storage
                0x0000000004001540       0x64 e:/NXP/Sensor/OccupancySensor/Build/pdum_gen.o
 .bss.s_au8apduZCLInstance10Storage
                0x00000000040015a4       0x64 e:/NXP/Sensor/OccupancySensor/Build/pdum_gen.o
 .bss.s_au8apduZCLInstance11Storage
                0x0000000004001608       0x64 e:/NXP/Sensor/OccupancySensor/Build/pdum_gen.o
 .bss.s_au8apduZCLInstance12Storage
                0x000000000400166c       0x64 e:/NXP/Sensor/OccupancySensor/Build/pdum_gen.o
 .bss.s_au8apduZCLInstance13Storage
                0x00000000040016d0       0x64 e:/NXP/Sensor/OccupancySensor/Build/pdum_gen.o
 .bss.s_au8apduZCLInstance14Storage
                0x0000000004001734       0x64 e:/NXP/Sensor/OccupancySensor/Build/pdum_gen.o
 .bss.s_au8apduZDPInstance0Storage
                0x0000000004001798       0x64 e:/NXP/Sensor/OccupancySensor/Build/pdum_gen.o
 .bss.s_au8apduZDPInstance1Storage
                0x00000000040017fc       0x64 e:/NXP/Sensor/OccupancySensor/Build/pdum_gen.o
 .bss.s_au8apduZDPInstance2Storage
                0x0000000004001860       0x64 e:/NXP/Sensor/OccupancySensor/Build/pdum_gen.o
 .bss.s_au8apduZDPInstance3Storage
                0x00000000040018c4       0x64 e:/NXP/Sensor/OccupancySensor/Build/pdum_gen.o
 .bss.s_au8apduZDPInstance4Storage
                0x0000000004001928       0x64 e:/NXP/Sensor/OccupancySensor/Build/pdum_gen.o
 .bss.s_au8apduZDPInstance5Storage
                0x000000000400198c       0x64 e:/NXP/Sensor/OccupancySensor/Build/pdum_gen.o
 .bss.s_au8apduZDPInstance6Storage
                0x00000000040019f0       0x64 e:/NXP/Sensor/OccupancySensor/Build/pdum_gen.o
 .bss.s_au8apduZDPInstance7Storage
                0x0000000004001a54       0x64 e:/NXP/Sensor/OccupancySensor/Build/pdum_gen.o
 .bss.s_au8apduZDPInstance8Storage
                0x0000000004001ab8       0x64 e:/NXP/Sensor/OccupancySensor/Build/pdum_gen.o
 .bss.s_au8apduZDPInstance9Storage
                0x0000000004001b1c       0x64 e:/NXP/Sensor/OccupancySensor/Build/pdum_gen.o
 .bss.s_au8apduZDPInstance10Storage
                0x0000000004001b80       0x64 e:/NXP/Sensor/OccupancySensor/Build/pdum_gen.o
 .bss.s_au8apduZDPInstance11Storage
                0x0000000004001be4       0x64 e:/NXP/Sensor/OccupancySensor/Build/pdum_gen.o
 .bss.s_au8apduZDPInstance12Storage
                0x0000000004001c48       0x64 e:/NXP/Sensor/OccupancySensor/Build/pdum_gen.o
 .bss.s_au8apduZDPInstance13Storage
                0x0000000004001cac       0x64 e:/NXP/Sensor/OccupancySensor/Build/pdum_gen.o
 .bss.s_au8apduZDPInstance14Storage
                0x0000000004001d10       0x64 e:/NXP/Sensor/OccupancySensor/Build/pdum_gen.o
 .bss.s_au8apduZDPInstance15Storage
                0x0000000004001d74       0x64 e:/NXP/Sensor/OccupancySensor/Build/pdum_gen.o
 .bss.s_groupPdmTable
                0x0000000004001dd8        0x8 e:/NXP/Sensor/OccupancySensor/Build/zps_gen.o
                0x0000000004001dd8                s_groupPdmTable
 .bss.g_psGreenPowerContext
                0x0000000004001de0        0x4 e:/NXP/Sensor/OccupancySensor/Build/zps_gen.o
                0x0000000004001de0                g_psGreenPowerContext
 .bss.g_pbZpsMutex
                0x0000000004001de4        0x1 e:/NXP/Sensor/OccupancySensor/Build/zps_gen.o
                0x0000000004001de4                g_pbZpsMutex