Archive member included because of file (symbol)

../../../../sdk/JN-SW-4170/Components/Library\libPWRM_JN516x.a(pwrm.o)
                              app_start.o (symbol from plugin) (PWRM_vInit)
../../../../sdk/JN-SW-4170/Components/Library\libPWRM_JN516x.a(pwrm_setjmp_JN516x.o)
                              pwrm.o (symbol from plugin) (setjmp)
../../../../sdk/JN-SW-4170/Components/Library\libPWRM_JN516x.a(pwrm_cold_start.o)
                              (AppColdStart)
../../../../sdk/JN-SW-4170/Components/Library\libPWRM_JN516x.a(pwrm_warm_start.o)
                              (AppWarmStart)
../../../../sdk/JN-SW-4170/Components/Library\libPDUM_JN516x.a(pdum_nwk.o)
                              pdum_gen.o (symbol from plugin) (pdum_vNPduInit)
../../../../sdk/JN-SW-4170/Components/Library\libPDUM_JN516x.a(pdum_apl.o)
                              appZdpExtraction.o (symbol from plugin) (PDUM_u16APduInstanceReadNBO)
../../../../sdk/JN-SW-4170/Components/Library\libPDUM_JN516x.a(pdum.o)
                              pdum_nwk.o (symbol from plugin) (PDUM_u16SizeNBO)
../../../../sdk/JN-SW-4170/Components/Library\libZPSAPL_JN516x.a(zps_apl_af.o)
                              app_router.o (symbol from plugin) (ZPS_eAplAfInit)
../../../../sdk/JN-SW-4170/Components/Library\libZPSAPL_JN516x.a(zps_apl_af_apsde.o)
                              zps_gen.o (symbol from plugin) (zps_vHandleApsdeDataFragIndNotSupported)
../../../../sdk/JN-SW-4170/Components/Library\libZPSAPL_JN516x.a(zps_apl_task.o)
                              zps_apl_af_apsde.o (symbol from plugin) (zps_vAplAfPostEvent)
../../../../sdk/JN-SW-4170/Components/Library\libZPSAPL_JN516x.a(zps_apl_apsde.o)
                              zps_apl_task.o (symbol from plugin) (ZPS_vAplRegisterApsdeDcfmIndCallbacks)
../../../../sdk/JN-SW-4170/Components/Library\libZPSAPL_JN516x.a(zps_apl_apsme.o)
                              zps_apl_task.o (symbol from plugin) (ZPS_vAplRegisterApsmeDcfmIndCallbacks)
../../../../sdk/JN-SW-4170/Components/Library\libZPSAPL_JN516x.a(zps_apl_aps_nlde.o)
                              zps_apl_task.o (symbol from plugin) (zps_vAplApsHandleNldeDcfmInd)
../../../../sdk/JN-SW-4170/Components/Library\libZPSAPL_JN516x.a(zps_apl_sec.o)
                              zps_apl_apsme.o (symbol from plugin) (zps_vGenerateHashForVerifiedKey)
../../../../sdk/JN-SW-4170/Components/Library\libZPSAPL_JN516x.a(zps_apl_aib.o)
                              app_router.o (symbol from plugin) (zps_psAplAibGetAib)
../../../../sdk/JN-SW-4170/Components/Library\libZPSAPL_JN516x.a(zps_apl_zdo_nwkmanager.o)
                              zps_apl_apsme.o (symbol from plugin) (zps_vAplSaveRecord)
../../../../sdk/JN-SW-4170/Components/Library\libZPSAPL_JN516x.a(zps_apl_zdo_handle_zdp_event.o)
                              zps_apl_task.o (symbol from plugin) (zps_bAplZdoHandleZdpEvent)
../../../../sdk/JN-SW-4170/Components/Library\libZPSAPL_JN516x.a(zps_apl_zdo_trust_center.o)
                              zps_apl_aps_nlde.o (symbol from plugin) (zps_eAplTrustCenterFindDevice)
../../../../sdk/JN-SW-4170/Components/Library\libZPSAPL_JN516x.a(zps_apl_zdo_common.o)
                              zps_apl_zdo_nwkmanager.o (symbol from plugin) (zps_eAplZdoNlmeleaveWrapper)
../../../../sdk/JN-SW-4170/Components/Library\libZPSAPL_JN516x.a(zps_apl_zdo_default_server.o)
                              zps_gen.o (symbol from plugin) (zps_vAplZdoDefaultServerInit)
../../../../sdk/JN-SW-4170/Components/Library\libZPSAPL_JN516x.a(zps_apl_mac_isr.o)
                              zps_apl_zdo_nwkmanager.o (symbol from plugin) (zps_vAplAfIsrInit)
../../../../sdk/JN-SW-4170/Components/Library\libZPSAPL_JN516x.a(zps_apl_zdo_nwk_addr_server.o)
                              zps_gen.o (symbol from plugin) (zps_vAplZdoNwkAddrServerInit)
../../../../sdk/JN-SW-4170/Components/Library\libZPSAPL_JN516x.a(zps_apl_zdo_ieee_addr_server.o)
                              zps_gen.o (symbol from plugin) (zps_vAplZdoIeeeAddrServerInit)
../../../../sdk/JN-SW-4170/Components/Library\libZPSAPL_JN516x.a(zps_apl_zdo_match_desc_server.o)
                              zps_gen.o (symbol from plugin) (zps_vAplZdoMatchDescServerInit)
../../../../sdk/JN-SW-4170/Components/Library\libZPSAPL_JN516x.a(zps_apl_zdo_node_desc_server.o)
                              zps_gen.o (symbol from plugin) (zps_vAplZdoNodeDescServerInit)
../../../../sdk/JN-SW-4170/Components/Library\libZPSAPL_JN516x.a(zps_apl_zdo_simple_desc_server.o)
                              zps_gen.o (symbol from plugin) (zps_vAplZdoSimpleDescServerInit)
../../../../sdk/JN-SW-4170/Components/Library\libZPSAPL_JN516x.a(zps_apl_zdo_power_desc_server.o)
                              zps_gen.o (symbol from plugin) (zps_vAplZdoPowerDescServerInit)
../../../../sdk/JN-SW-4170/Components/Library\libZPSAPL_JN516x.a(zps_apl_zdo_active_ep_server.o)
                              zps_gen.o (symbol from plugin) (zps_vAplZdoActiveEpServerInit)
[...]
Memory Configuration

Name             Origin             Length             Attributes
flash            0x0000000000080000 0x0000000000080000
ram              0x000000000400004c 0x0000000000007fb4
*default*        0x0000000000000000 0xffffffffffffffff

Linker script and memory map

                0x0000000000001388                __stack_size = 0x1388
                0x00000000000007d0                __minimum_heap_size = 0x7d0
START GROUP
LOAD irq_JN516x.o
LOAD portasm.o
LOAD port.o
LOAD C:\Users\ADMINI~1\AppData\Local\Temp\cckNo1YJ.ltrans0.ltrans.o
LOAD C:\Users\ADMINI~1\AppData\Local\Temp\cckNo1YJ.ltrans1.ltrans.o
LOAD C:\Users\ADMINI~1\AppData\Local\Temp\cckNo1YJ.ltrans2.ltrans.o
LOAD C:\Users\ADMINI~1\AppData\Local\Temp\cckNo1YJ.ltrans3.ltrans.o
LOAD C:\Users\ADMINI~1\AppData\Local\Temp\cckNo1YJ.ltrans4.ltrans.o
LOAD C:\Users\ADMINI~1\AppData\Local\Temp\cckNo1YJ.ltrans5.ltrans.o
LOAD C:\Users\ADMINI~1\AppData\Local\Temp\cckNo1YJ.ltrans6.ltrans.o
LOAD C:\Users\ADMINI~1\AppData\Local\Temp\cckNo1YJ.ltrans7.ltrans.o
LOAD C:\Users\ADMINI~1\AppData\Local\Temp\cckNo1YJ.ltrans8.ltrans.o
LOAD C:\Users\ADMINI~1\AppData\Local\Temp\cckNo1YJ.ltrans9.ltrans.o
LOAD C:\Users\ADMINI~1\AppData\Local\Temp\cckNo1YJ.ltrans10.ltrans.o
LOAD C:\Users\ADMINI~1\AppData\Local\Temp\cckNo1YJ.ltrans11.ltrans.o
LOAD C:\Users\ADMINI~1\AppData\Local\Temp\cckNo1YJ.ltrans12.ltrans.o
LOAD C:\Users\ADMINI~1\AppData\Local\Temp\cckNo1YJ.ltrans13.ltrans.o
LOAD C:\Users\ADMINI~1\AppData\Local\Temp\cckNo1YJ.ltrans14.ltrans.o
LOAD C:\Users\ADMINI~1\AppData\Local\Temp\cckNo1YJ.ltrans15.ltrans.o
LOAD C:\Users\ADMINI~1\AppData\Local\Temp\cckNo1YJ.ltrans16.ltrans.o
LOAD C:\Users\ADMINI~1\AppData\Local\Temp\cckNo1YJ.ltrans17.ltrans.o
LOAD C:\Users\ADMINI~1\AppData\Local\Temp\cckNo1YJ.ltrans18.ltrans.o
LOAD C:\Users\ADMINI~1\AppData\Local\Temp\cckNo1YJ.ltrans19.ltrans.o
LOAD C:\Users\ADMINI~1\AppData\Local\Temp\cckNo1YJ.ltrans20.ltrans.o
LOAD C:\Users\ADMINI~1\AppData\Local\Temp\cckNo1YJ.ltrans21.ltrans.o
LOAD C:\Users\ADMINI~1\AppData\Local\Temp\cckNo1YJ.ltrans22.ltrans.o
LOAD C:\Users\ADMINI~1\AppData\Local\Temp\cckNo1YJ.ltrans23.ltrans.o
LOAD C:\Users\ADMINI~1\AppData\Local\Temp\cckNo1YJ.ltrans24.ltrans.o
LOAD C:\Users\ADMINI~1\AppData\Local\Temp\cckNo1YJ.ltrans25.ltrans.o
LOAD C:\Users\ADMINI~1\AppData\Local\Temp\cckNo1YJ.ltrans26.ltrans.o
LOAD C:\Users\ADMINI~1\AppData\Local\Temp\cckNo1YJ.ltrans27.ltrans.o
LOAD C:\Users\ADMINI~1\AppData\Local\Temp\cckNo1YJ.ltrans28.ltrans.o
LOAD C:\Users\ADMINI~1\AppData\Local\Temp\cckNo1YJ.ltrans29.ltrans.o
LOAD C:\Users\ADMINI~1\AppData\Local\Temp\cckNo1YJ.ltrans30.ltrans.o
LOAD C:\Users\ADMINI~1\AppData\Local\Temp\cckNo1YJ.ltrans31.ltrans.o
LOAD e:/sdk/tools/ba-elf-ba2-r36379/bin/../lib/gcc/ba-elf/4.7.4/../../../../ba-elf/lib/mcpu_jn51xx_sizeopt\libc.a
LOAD e:/sdk/tools/ba-elf-ba2-r36379/bin/../lib/gcc/ba-elf/4.7.4/mcpu_jn51xx_sizeopt\libgcc.a
LOAD e:/sdk/tools/ba-elf-ba2-r36379/bin/../lib/gcc/ba-elf/4.7.4/../../../../ba-elf/lib/mcpu_jn51xx_sizeopt\libc.a
LOAD ZQueue.o
LOAD ZTimer.o
LOAD pdum_gen.o
LOAD pdum_apdu.o
LOAD zps_gen.o
LOAD app_start.o
LOAD app_router.o
LOAD app_endpoint.o
LOAD appZdpExtraction.o
LOAD appZpsBeaconHandler.o
LOAD app_pdm.o
LOAD app_SampleDoorLock_Uart.o
LOAD ../../../../sdk/JN-SW-4170/Components/Library\libZPSMAC_Mini_JN516x.a
LOAD ../../../../sdk/JN-SW-4170/Components/Library\libPWRM_JN516x.a
LOAD ../../../../sdk/JN-SW-4170/Components/Library\libZPSTSV_JN516x.a
LOAD ../../../../sdk/JN-SW-4170/Components/Library\libAES_SW_JN516x.a
LOAD ../../../../sdk/JN-SW-4170/Components/Library\libPDUM_JN516x.a
LOAD ../../../../sdk/JN-SW-4170/Components/Library\libZPSAPL_JN516x.a
LOAD ../../../../sdk/JN-SW-4170/Components/Library\libRandom_JN516x.a
LOAD ../../../../sdk/JN-SW-4170/Components/Library\libPDM_EEPROM_NO_RTOS_JN516x.a
LOAD ../../../../sdk/JN-SW-4170/Components/Library\libDBG_JN516x.a
LOAD ../../../../sdk/JN-SW-4170/Components/Library\libZPSNWK_JN516x.a
LOAD ../../../../sdk/JN-SW-4170/Components/Library\libMiniMac_JN5169.a
LOAD ../../../../sdk/JN-SW-4170/Components/Library\libMiniMacShim_JN516x.a
LOAD ../../../../sdk/JN-SW-4170/Components/Library\libMMAC_JN5169.a
LOAD ../../../../sdk/JN-SW-4170/Components/Library\libJPT_JN5169.a
LOAD ../../../../sdk/JN-SW-4170/Components/Library\libAes_JN516x.a
LOAD ../../../../sdk/JN-SW-4170/Components/Library\libHardwareApi_JN5169.a
LOAD ../../../../sdk/JN-SW-4170/Components/Library\libMicroSpecific_JN516x.a
LOAD ../../../../sdk/JN-SW-4170/Components/Library\libBoot_JN516x.a
LOAD ../../../../sdk/JN-SW-4170/Platform/DK4/Library\libBoardLib_JN516x.a
END GROUP
LOAD e:/sdk/tools/ba-elf-ba2-r36379/bin/../lib/gcc/ba-elf/4.7.4/../../../../ba-elf/lib/mcpu_jn51xx_sizeopt\libc.a
LOAD e:/sdk/tools/ba-elf-ba2-r36379/bin/../lib/gcc/ba-elf/4.7.4/mcpu_jn51xx_sizeopt\libgcc.a
LOAD e:/sdk/tools/ba-elf-ba2-r36379/bin/../lib/gcc/ba-elf/4.7.4/../../../../ba-elf/lib/mcpu_jn51xx_sizeopt\libc.a
                0x0000000000080038                exception_vsr_table = 0x80038
                0x0000000004000000                pSPIflashFncTable = 0x4000000
                0x0000000000000044                restore_state = 0x44
                0x000000000000004a                bZSPIWaitWIPClear = 0x4a
                0x0000000000000050                u16ZSPIflashRDID = 0x50
                0x0000000000000056                u8SelectFlashChipType = 0x56
                0x000000000000005c                memcpy = 0x5c
                0x0000000000000066                vBootFlashProg = 0x66
                [0x00000000000007d0]                __minimum_heap_size = DEFINED (__minimum_heap_size)?__minimum_heap_size:0xd16
                [0x0000000000001388]                __stack_size = DEFINED (__stack_size)?__stack_size:0x800
                0x0000000000000000                _SwConfig = (DEFINED (g_bSWConf_Debug) | (DEFINED (g_bSWConf_AltDebugPort) << 0x1))

.version        0x000000000007fffc        0x4
                0x000000000007fffc        0x4 LONG 0xf03000b

.bir            0x0000000000080000       0x10
                0x0000000000080000                _flash_start = ABSOLUTE (.)
                0x0000000000080000                _flash_beg = ABSOLUTE (.)
                0x0000000000080000        0x4 LONG 0x12345678
                0x0000000000080004        0x4 LONG 0x11223344
                0x0000000000080008        0x4 LONG 0x55667788
                0x000000000008000c        0x1 BYTE 0x8
                0x000000000008000d        0x1 BYTE 0x1
                0x000000000008000e        0x2 SHORT 0x0

.flashheader    0x0000000000080010       0x28
                0x0000000000080010        0x4 LONG 0x0
                0x0000000000080014        0x4 LONG 0x0
                0x0000000000080018        0x4 LONG 0x0
                0x000000000008001c        0x2 SHORT 0x0
                0x000000000008001e        0x2 SHORT 0x0 ABSOLUTE (_SwConfig)
                0x0000000000080020                _enc_start = ABSOLUTE (.)
                0x0000000000080020        0x4 LONG 0x18b3c ABSOLUTE (_image_len)
                0x0000000000080024        0x4 LONG 0x98730 ABSOLUTE (_flash_data_start)
                0x0000000000080028        0x2 SHORT 0x13 ((ABSOLUTE (_ram_data_start) / 0x4) & 0xffff)
                0x000000000008002a        0x2 SHORT 0x103 ((ABSOLUTE (_ram_data_len) / 0x4) & 0xffff)
                0x000000000008002c        0x2 SHORT 0x116 ((ABSOLUTE (_bss_start) / 0x4) & 0xffff)
                0x000000000008002e        0x2 SHORT 0x9e7 ((ABSOLUTE (_bss_len) / 0x4) & 0xffff)
                0x0000000000080030        0x4 LONG 0x97f2e ABSOLUTE (AppWarmStart)
                0x0000000000080034        0x4 LONG 0x80e1c ABSOLUTE (AppColdStart)
                0x0000000000000000                _enc_offset = (_enc_start & 0xf)

.ro_mac_address
                0x0000000000080040        0x0
                0x0000000000080040                _FlsMACAddress = ABSOLUTE (.)
 *(.ro_mac_address)
                0x0000000000080040                . = ALIGN (0x10)

.ro_ota_header  0x0000000000080040        0x0
                0x0000000000080040                _FlsOtaHeader = ABSOLUTE (.)
 *(.ro_ota_header)
                0x0000000000080040                . = ALIGN (0x10)

.ro_se_lnkKey   0x0000000000080040        0x0
                0x0000000000080040                _FlsLinkKey = ABSOLUTE (.)
 *(.ro_se_lnkKey)
                0x0000000000080040                . = ALIGN (0x10)

.rodata         0x0000000000080038      0xcc3
 *(.rodata*)
 .rodata.str1.1
                0x0000000000080038       0x71 C:\Users\ADMINI~1\AppData\Local\Temp\cckNo1YJ.ltrans0.ltrans.o
 *fill*         0x00000000000800a9        0x3 00
 .rodata        0x00000000000800ac      0x3bc C:\Users\ADMINI~1\AppData\Local\Temp\cckNo1YJ.ltrans0.ltrans.o
                0x00000000000800ac                g_u32ApsFcSaveCountBitShift
                0x00000000000800b0                u8MaxZpsConfigEp
                0x00000000000800b1                au8EpMapPresent
                0x00000000000800b4                s_groupPdmTable
                0x00000000000800bc                zps_g_pvApl
                0x00000000000800c0                au32UartAddrOffset
                0x00000000000800c8                pwrm_psWakeupCallbacks
 .rodata.str1.1
                0x0000000000080468      0x1d1 C:\Users\ADMINI~1\AppData\Local\Temp\cckNo1YJ.ltrans1.ltrans.o
                                        0x1df (size before relaxing)
 .rodata.str1.1
                0x0000000000080639        0xf C:\Users\ADMINI~1\AppData\Local\Temp\cckNo1YJ.ltrans2.ltrans.o
                                         0x24 (size before relaxing)
 .rodata        0x0000000000080648       0x38 C:\Users\ADMINI~1\AppData\Local\Temp\cckNo1YJ.ltrans3.ltrans.o
 .rodata.str1.1
                0x0000000000000000        0x8 C:\Users\ADMINI~1\AppData\Local\Temp\cckNo1YJ.ltrans3.ltrans.o
 .rodata        0x0000000000080680       0x7b C:\Users\ADMINI~1\AppData\Local\Temp\cckNo1YJ.ltrans4.ltrans.o
                0x0000000000080680                au8FlashWaitStatesHSRCO.88452
                0x0000000000080688                au8FlashWaitStates32MXO.88451
 .rodata.str1.1
                0x0000000000000000        0xf C:\Users\ADMINI~1\AppData\Local\Temp\cckNo1YJ.ltrans5.ltrans.o
                                          0x3 (size before relaxing)
 .rodata.str1.1
                0x00000000000806fb       0xb2 C:\Users\ADMINI~1\AppData\Local\Temp\cckNo1YJ.ltrans6.ltrans.o
 *fill*         0x00000000000807ad        0x3 00
 .rodata        0x00000000000807b0       0x14 C:\Users\ADMINI~1\AppData\Local\Temp\cckNo1YJ.ltrans6.ltrans.o
                0x00000000000807b0                u8ZpsAplSecurityOverrideLevel
                0x00000000000807b1                bOverrideApsSecurity
 .rodata        0x00000000000807c4        0x6 C:\Users\ADMINI~1\AppData\Local\Temp\cckNo1YJ.ltrans7.ltrans.o
 *fill*         0x00000000000807ca        0x2 00
 .rodata        0x00000000000807cc       0x20 C:\Users\ADMINI~1\AppData\Local\Temp\cckNo1YJ.ltrans9.ltrans.o
                0x00000000000807cc                au32NwkPdmRecordOffsets
 .rodata.str1.1
                0x00000000000807ec       0x11 C:\Users\ADMINI~1\AppData\Local\Temp\cckNo1YJ.ltrans10.ltrans.o
                                         0x17 (size before relaxing)
 .rodata.str1.1
                0x00000000000807fd        0x6 C:\Users\ADMINI~1\AppData\Local\Temp\cckNo1YJ.ltrans11.ltrans.o
 .rodata.str1.1
                0x0000000000080803        0x3 C:\Users\ADMINI~1\AppData\Local\Temp\cckNo1YJ.ltrans12.ltrans.o
                                          0x7 (size before relaxing)
 .rodata.str1.1
                0x0000000000000000        0x3 C:\Users\ADMINI~1\AppData\Local\Temp\cckNo1YJ.ltrans13.ltrans.o
 .rodata.str1.1
                0x0000000000000000        0xf C:\Users\ADMINI~1\AppData\Local\Temp\cckNo1YJ.ltrans14.ltrans.o
 *fill*         0x0000000000080806        0x2 00
 .rodata        0x0000000000080808       0x24 C:\Users\ADMINI~1\AppData\Local\Temp\cckNo1YJ.ltrans15.ltrans.o
                0x0000000000080808                s_aprActvStHandleCme.77861
 .rodata.str1.1
                0x000000000008082c      0x133 C:\Users\ADMINI~1\AppData\Local\Temp\cckNo1YJ.ltrans16.ltrans.o
                                        0x137 (size before relaxing)
 .rodata.str1.1
                0x000000000008095f        0x5 C:\Users\ADMINI~1\AppData\Local\Temp\cckNo1YJ.ltrans18.ltrans.o
                                          0xa (size before relaxing)
 .rodata.str1.1
                0x0000000000000000        0x5 C:\Users\ADMINI~1\AppData\Local\Temp\cckNo1YJ.ltrans19.ltrans.o
                                          0x8 (size before relaxing)
 .rodata        0x0000000000080964       0x18 C:\Users\ADMINI~1\AppData\Local\Temp\cckNo1YJ.ltrans19.ltrans.o
                0x0000000000080964                s_aprIdleStHandleCme.81738
                0x0000000000080978                bDisableSourceRouting
 .rodata.str1.1
                0x000000000008097c       0x25 C:\Users\ADMINI~1\AppData\Local\Temp\cckNo1YJ.ltrans22.ltrans.o
                                         0x45 (size before relaxing)
 .rodata.str1.1
                0x00000000000809a1       0x12 C:\Users\ADMINI~1\AppData\Local\Temp\cckNo1YJ.ltrans23.ltrans.o
                                         0x35 (size before relaxing)
 .rodata.str1.1
                0x0000000000000000        0x3 C:\Users\ADMINI~1\AppData\Local\Temp\cckNo1YJ.ltrans25.ltrans.o
 .rodata.str1.1
                0x00000000000809b3       0x1a C:\Users\ADMINI~1\AppData\Local\Temp\cckNo1YJ.ltrans26.ltrans.o
                                         0x24 (size before relaxing)
 .rodata.str1.1
                0x0000000000000000       0x1a C:\Users\ADMINI~1\AppData\Local\Temp\cckNo1YJ.ltrans27.ltrans.o
                                          0x6 (size before relaxing)
 *fill*         0x00000000000809cd        0x3 00
 .rodata        0x00000000000809d0       0x4c C:\Users\ADMINI~1\AppData\Local\Temp\cckNo1YJ.ltrans27.ltrans.o
                0x00000000000809d0                g_u32NwkFcSaveCountBitShift
 .rodata.str1.1
                0x0000000000080a1c        0xd C:\Users\ADMINI~1\AppData\Local\Temp\cckNo1YJ.ltrans28.ltrans.o
                                         0x1b (size before relaxing)
 *fill*         0x0000000000080a29        0x3 00
 .rodata        0x0000000000080a2c      0x1f0 C:\Users\ADMINI~1\AppData\Local\Temp\cckNo1YJ.ltrans29.ltrans.o
                0x0000000000080a2c                s_apsStSceTbl.71687
                0x0000000000080a40                s_apsStSmeTbl.71770
                0x0000000000080a54                au32EndDeviceTimeoutConstants
                0x0000000000080a90                zps_sJoinSceTbl
                0x0000000000080a9c                zps_sActvSceTbl
                0x0000000000080aa8                zps_sDiscSmeTbl
                0x0000000000080ab4                zps_sFormSmeTbl
                0x0000000000080ac0                zps_sJoinSmeTbl
                0x0000000000080acc                zps_sActvSmeTbl
 .rodata.str1.1
                0x0000000000080c1c       0xdf C:\Users\ADMINI~1\AppData\Local\Temp\cckNo1YJ.ltrans30.ltrans.o

.text           0x0000000000080cfc    0x17a33
 *(.text*)
 .text          0x0000000000080cfc       0x50 irq_JN516x.o
                0x0000000000080cfc                PIC_ChannelPriorities
                0x0000000000080d0c                PIC_SwVectTable
 .text          0x0000000000080d4c       0xd0 portasm.o
                0x0000000000080d4c                OSMIUM_HwVectTable
                0x0000000000080d88                vExternalException
 .text          0x0000000000080e1c     0x18c4 C:\Users\ADMINI~1\AppData\Local\Temp\cckNo1YJ.ltrans0.ltrans.o
                0x0000000000080e1c                AppColdStart
 .text          0x00000000000826e0     0x135a C:\Users\ADMINI~1\AppData\Local\Temp\cckNo1YJ.ltrans1.ltrans.o
                0x00000000000826e0                app_vMainloop
 *fill*         0x0000000000083a3a        0x2 00
 .text          0x0000000000083a3c      0xef8 C:\Users\ADMINI~1\AppData\Local\Temp\cckNo1YJ.ltrans2.ltrans.o
                0x0000000000083a3c                vPostNldeDcfmInd.8528
 .text          0x0000000000084934     0x1146 C:\Users\ADMINI~1\AppData\Local\Temp\cckNo1YJ.ltrans3.ltrans.o
                0x0000000000084934                eBasicTxCompleteHandler
                0x0000000000084939                vTxRxTimeout.92755
                0x0000000000084999                vPermitJoinHandleExpiry.74683
                0x00000000000849a2                vMacMlmeCallBackHandler.89629
                0x00000000000849b7                vMacMcpsCallBackHandler.89633
                0x00000000000849c8                eSmeAcScBeaconInd.79843
                0x0000000000084a24                eSmeASFlBeaconInd.79679
                0x0000000000084a46                eSmeUDNTScanDcfm.79122
                0x0000000000084acd                zps_eNwkHandleSmePollDcfm
                0x0000000000084af7                eSmeGenlScanDcfm.79671
                0x0000000000084b55                eSmeEdScScanDcfm.79667
                0x0000000000084cfc                eSmeAcScBeaconInd.79687
                0x0000000000084e04                eSmeUDNTBeaconInd.79663
                0x0000000000084e27                eMiniMac_FrameInProgress
                0x0000000000084e52                vRemoveFromTxQueue
                0x0000000000084e8e                vAddToTxQueue
                0x0000000000084ec4                ZPS_eTsvStop
                0x0000000000084efb                zps_vAplApsStopPollTimer.part.2.10885
                0x0000000000084f82                eEdTimeoutRequestDataDcfm.70359
                0x0000000000084fa3                ZPS_eTsvOpen
                0x0000000000084fbd                zps_vNwkBttMgrInit
                0x0000000000084feb                u8GetHeaderSize
                0x0000000000085013                vMiniMac_MLME_SetReq_MinBe
                0x0000000000085038                pvHeap_Alloc
                0x000000000008503b                vMicroIntRestoreState
                0x0000000000085047                PDM_vExitCriticalSection
                0x000000000008506a                bAHI_WriteEEPROMfixSegmentData
                0x00000000000850c8                bAHI_InitialiseEEPROM
                0x0000000000085110                vAHI_ReadDataFromEEPROMregister
                0x000000000008513d                vAHI_WriteDataIntoEEPROMregister
                0x000000000008516d                iPDM_WriteSegmentHeaderDataIntoEEPROMsegment
                0x000000000008519c                u8AHI_WakeTimerFiredStatus
                0x00000000000851b0                vAHI_WakeTimerStop.part.3.88946
                0x00000000000851d0                vAHI_UartSetClockDivisor
                0x000000000008522e                vAHI_UartReset.part.4.88700
                0x0000000000085266                vAHI_OptimiseWaitStates
                0x00000000000852b2                bAHI_GetClkSource
                0x00000000000852bf                bIssueACIcommand
                0x0000000000085355                vACI_CmdWaitBusy
                0x0000000000085362                vEcbEncodeStripe.88200
                0x00000000000853b9                MAC_u64GetExtAddr
                0x00000000000853d4                ZPS_u64NwkNibFindExtAddr
                0x000000000008547f                zps_vSendJoinInd
                0x00000000000854f0                zps_psFormatCmdFrameGeneral
                0x000000000008559c                zps_eNwkFormStInit
                0x00000000000855b1                vSendDcfm.80371
                0x00000000000855d6                bCheckMatchingEntry.79838
                0x00000000000855fc                zps_psNwkSlistRemoveFromHead
                0x0000000000085613                zps_psNwkSlistRemove
                0x000000000008564b                zps_bNwkMcpsMgrRemoveDescrFromLists
                0x0000000000085689                zps_vNwkSlistAddToTail
                0x00000000000856a3                zps_vNwkMcpsMgrFreeReqDescr
                0x00000000000856cd                zps_vNwkRemoveConflictedBroadcast
                0x0000000000085722                zps_vNwkMcpsMgrTidyBtrReqDescr
                0x0000000000085765                zps_vDefaultNwkLayer
                0x0000000000085904                ZPS_vNwkSecResetDevice
                0x0000000000085949                ZPS_bNwkSecHaveNetworkKey
                0x000000000008597d                zps_eNwkRtMatch
 .text          0x0000000000085a7a      0xded C:\Users\ADMINI~1\AppData\Local\Temp\cckNo1YJ.ltrans4.ltrans.o
                0x0000000000085a7a                vZdoServersInit.2464
                0x0000000000085bbb                vMicroIntEnableOnly.constprop.150
                0x0000000000085be7                ZPS_eTsvStart
                0x0000000000085c63                vNwkMcpsSendTimedDfcm
                0x0000000000085ca7                zps_vExpireOldRoutes
                0x0000000000085d08                zps_eNwkBtrMatch
                0x0000000000085dff                zps_vNwkJoinStStartResponseTimer
                0x0000000000085e39                vSetChannelAndPower
                0x0000000000085fd9                PDM_vEnterCriticalSection
                0x0000000000086008                ZQ_bQueueReceive
                0x000000000008607d                ZQ_bQueueSend
                0x00000000000860fa                zps_vAplAfPostTimerEvent
                0x000000000008619a                APP_vGenCallback
                0x00000000000861ad                vEnableReceive.92760
                0x0000000000086205                ZPS_u8ReleaseMutexLock.constprop.148
                0x000000000008622a                ZPS_u8GrabMutexLock.constprop.149
                0x0000000000086265                ZTIMER_eStart.part.3.1451.constprop.141
                0x00000000000862af                vMiniMac_MLME_SetReq_PanId
                0x00000000000862ec                vMiniMac_MLME_SetReq_ShortAddr
                0x00000000000862fa                iAHI_WriteDataIntoEEPROMsegment.constprop.98
                0x0000000000086348                vACI_OptimisedCcmStar.constprop.75
                0x0000000000086533                zps_eNwkRtDiscMatch.constprop.71
                0x0000000000086586                AESSW_vMMOFinalUpdate
                0x0000000000086648                AESSW_vHMAC_MMO.constprop.13
                0x00000000000866e0                zps_pvAesGetKeyFromInstallCode
                0x0000000000086766                PDUM_u16APduInstanceReadNBO.constprop.22
                0x00000000000867af                vAHI_SpiReadConfiguration.constprop.21
                0x00000000000867e0                psSearchForFrameToSend
                0x000000000008682e                vRadioToOff
                0x000000000008684b                vStartReceive
 .text.unlikely
                0x0000000000086867       0xc8 C:\Users\ADMINI~1\AppData\Local\Temp\cckNo1YJ.ltrans4.ltrans.o
                0x000000000008687c                vAHI_MemoryHold.88378
 .text          0x000000000008692f      0xc96 C:\Users\ADMINI~1\AppData\Local\Temp\cckNo1YJ.ltrans5.ltrans.o
                0x000000000008692f                zps_bAplZdoNodeDescServer
                0x0000000000086acb                zps_bAplZdoPowerDescServer
                0x0000000000086c18                zps_bAplZdoActiveEpServer
                0x0000000000086d2e                zps_bAplZdoSystemServerDiscoveryServer
                0x0000000000086deb                boIdValueSearchMatch.66191
                0x0000000000086e45                vPostVsMcpsDcfmInd.23946
                0x0000000000086e76                zps_bAplZdoSimpleDescServer
                0x00000000000870f3                zps_vNwkHandleCmePermitJoinReq
                0x000000000008715b                vPostMlmeDcfmInd.23932
                0x0000000000087223                zps_eNwkHandleSceNwkUpdate
                0x0000000000087247                iPDM_ReadSegmentHeaderDataFromEEPROMsegment
                0x00000000000872a0                zps_psNwkMcpsMgrFindPendingByNwkDstAddr
                0x00000000000872d6                ZPS_u16NwkNibFindNwkAddr
                0x000000000008737c                ZPS_vNwkNibClearTables
                0x0000000000087494                zps_vBuildSortedActvNTList
                0x000000000008753a                u8PDM_CalculateLargestDataRecordStored
                0x000000000008756b                vProcessTimedList.71481
                0x00000000000875b2                zps_vNwkMcpsMgrPostTimed
 .text          0x00000000000875c5      0xdfa C:\Users\ADMINI~1\AppData\Local\Temp\cckNo1YJ.ltrans6.ltrans.o
                0x00000000000875fb                ZPS_bSecEncrypt
                0x00000000000877b6                psGetTxFrameBuffer
                0x0000000000087809                SOC_MAC_vHandleMcpsVsReqRsp.constprop.77
                0x0000000000087987                psGetAndBuildCoordRealignment
                0x00000000000879df                eBuildAndSend.92468
                0x0000000000087a54                zps_vInitBeaconPayload
                0x0000000000087ac2                vLoadNwkRecord.72386
                0x0000000000087b00                dbg_vPrintfImplNoneVerbose
                0x0000000000087f87                vShowException
                0x0000000000088049                vfExtendedStatusCallBack.3116
                0x0000000000088054                vMiniMac_Init
 .text          0x00000000000883bf      0xb1b C:\Users\ADMINI~1\AppData\Local\Temp\cckNo1YJ.ltrans7.ltrans.o
                0x00000000000883bf                DBG_vUartFlush
                0x00000000000883ec                DBG_vUartPutch
                0x00000000000884dd                zps_psAllocateAndFormatMacHdr
                0x0000000000088821                vAHI_UartConfigureFIFOs.part.5.88799
                0x0000000000088891                vAHI_UartEnable.part.7.88827
                0x0000000000088921                DBG_vUartInitHardware
                0x0000000000088965                iPDM_SearchForBufferIdInList
                0x000000000008899a                iPDM_SearchForBufferIdInFileSystem
                0x00000000000889ad                iPDM_GetLengthOfDataInBufferWithIdFromFileSystem
                0x0000000000088a09                iPDM_SearchForSpecificSegmentInList
                0x0000000000088a3b                iPDM_ReadUserDataFromEEPROMsegment
                0x0000000000088abd                iPDM_ReCalculateWearCountAndChecksumAndWriteFileSystemHeader
                0x0000000000088b07                vPDM_SetEEPROMandFileSystemValidState
                0x0000000000088b2e                iPDM_ReadUserDataFromFileSystemRecord
                0x0000000000088b58                iPDM_ReadUserDataFromSegmentWithId
                0x0000000000088b8d                PDM_eReadDataFromRecord.part.0.65459
                0x0000000000088c14                vLoadAplRecord.17790
                0x0000000000088c48                vPDM_WriteFileSystemRecordAndSegmentDataIntoEEPROMsegment
                0x0000000000088c8b                iPDM_FilterDuplicateAppendedSegmentsOnList.67258
                0x0000000000088ce1                PWRM_vWakeInterruptCallback
                0x0000000000088d68                zps_u8AplApsConstructAndPostLoopBackDataInd.10996
                0x0000000000088ea1                u8PostUnicastMsgToNHLE.11004
 .text          0x0000000000088eda     0x1075 C:\Users\ADMINI~1\AppData\Local\Temp\cckNo1YJ.ltrans8.ltrans.o
                0x0000000000088eda                vNwkMcpsTimerCallback
                0x0000000000088ef4                zps_eSceGenlIllegal
                0x0000000000088efb                zps_eSmeGenlIllegal
                0x0000000000088f02                DBG_vUartFailedAssert
                0x0000000000088f06                psGetVsMcpsBuf.23943
                0x0000000000088f0f                psGetMlmeBuf.23929
                0x0000000000088f18                psGetMcpsBuf.23936
                0x0000000000088f21                zps_vExpireRequestKeyReq.17710
                0x0000000000088f5d                zps_eNwkRctMatchNwkAddr
                0x0000000000088fc4                ZPS_u8NwkCalcNldeReqOverhead
                0x0000000000088fff                zps_vRemoveNextHop
                0x000000000008908a                zps_vRemoveRoute
                0x0000000000089109                zps_psNwkRtMatchNwkAddr
                0x0000000000089158                ZPS_u64NwkNibGetMappedIeeeAddr
                0x000000000008917a                ZPS_bNwkNibNtActvMatch
                0x0000000000089232                bCheckNwkAddr
                0x0000000000089280                zps_eAplTrustCenterFindDevice
                0x00000000000892c4                ZPS_vSetExtendedStatus
                0x00000000000892d6                eAllocateNPDU.5344
                0x0000000000089339                PDUM_eNPduClone
                0x0000000000089385                PDUM_hAPduAllocateAPduInstance
                0x00000000000893df                zps_eAplZdoSendZdpResponse
                0x0000000000089428                bSendResponse.42356
                0x000000000008946b                zps_psApsApsAllocateDcfmRecord
                0x00000000000894d9                zps_u8CalcLinkCost
                0x0000000000089515                ZPS_u8NwkNibNtDiscMatch
                0x00000000000895f9                zps_u64NwkLibFromPayload
                0x0000000000089638                zps_vNwkLibU64ToPayload
                0x0000000000089665                zps_eNwkDcfmIndPost
                0x0000000000089687                zps_psNwkDcfmIndGetBuf
                0x00000000000896a9                eRouteRequestDataDcfm.75840
                0x00000000000896fd                eNldeDataDcfm.73680
                0x000000000008972d                zps_vSendNwkStatusInd
                0x000000000008975d                psSLISTsearch
                0x000000000008979d                psSLISTremove
                0x000000000008981b                psSLISTgetNext
                0x000000000008983f                u8PDM_CalculateFileSystemCapacity
                0x000000000008985d                bPDM_ImageBitmapRepairCheck
                0x0000000000089885                u8PDM_ReadSequenceNumber
                0x00000000000898a8                boSegmentNumberDeleteSearchMatch.66608
                0x00000000000898c3                u32PDM_ReadFileSystemHeaderWearCount
                0x00000000000898d9                boSearchForWearCountSubstitute.66922
                0x00000000000898ff                boSearchForWearCountInsertPoint.66187
                0x000000000008991d                vPDM_WriteFileSystemHeaderWearCount
                0x000000000008992f                u8PDM_CalculateSegmentsRequired.part.0.65345
                0x000000000008995d                vPDM_ReadBitmapHeader.65122
                0x000000000008997c                RND_u32GetRand256
                0x0000000000089999                RND_u32GetRand
                0x00000000000899c0                u16CalculateFailedTxCount.43570
                0x00000000000899ea                vZdoIeeeAddrServerSendExtendResponse.part.0.27772
                0x0000000000089a4b                vZdoNwkAddrServerSendExtendResponse.part.0.26559
                0x0000000000089aac                zps_bAplZdoServerHandleConfirmAcks
                0x0000000000089af6                zps_bAplZdoMgmtLqiServer
                0x0000000000089d7c                zps_bAplZdoMgmtRtgServer
                0x0000000000089ef5                zps_bPerformLeaveActionDecider
                0x0000000000089efa                vHandleUpdateDeviceIndication.17741
                0x0000000000089f24                u32GetScanChannels.17724
 .text          0x0000000000089f4f      0x964 C:\Users\ADMINI~1\AppData\Local\Temp\cckNo1YJ.ltrans9.ltrans.o
                0x0000000000089f4f                iPDM_WriteSegmentHeaderAndData
                0x000000000008a158                iPDM_SegmentCopyAndAppendData.constprop.109
                0x000000000008a1b2                iPDM_ReconstructReplacedDataTable
                0x000000000008a359                iPDM_ReplaceChangedSegmentInSequence
                0x000000000008a5ab                PDM_eSaveRecordData
                0x000000000008a887                ZPS_vNwkSaveRecord
 .text          0x000000000008a8b3      0xe7b C:\Users\ADMINI~1\AppData\Local\Temp\cckNo1YJ.ltrans10.ltrans.o
                0x000000000008a8b3                vSendNetworkReport.70308
                0x000000000008aa9f                zps_eNwkHandleSceNwkEdTimeoutReq
                0x000000000008ab91                zps_eNwkHandleSceRouteRequest
                0x000000000008afd7                zps_eNwkHandleSceRouteReply
                0x000000000008b258                vContinueRejoin.82217
                0x000000000008b307                zps_psNwkInitiateRouteDiscovery
                0x000000000008b48d                zps_psSendNetworkStatusCmd
                0x000000000008b4fa                zps_eDefaultDataDcfm
                0x000000000008b683                zps_vProcessLocalAddrConflict
 .text          0x000000000008b72e      0xc35 C:\Users\ADMINI~1\AppData\Local\Temp\cckNo1YJ.ltrans11.ltrans.o
                0x000000000008b72e                zps_vAplSaveRecord
                0x000000000008b7cf                zps_bNwkFindAddIeeeAddr
                0x000000000008b904                vAplSecRemoveLinkKey.17839
                0x000000000008b99b                ZPS_vRemoveEntryFromAddressMap
                0x000000000008b9e4                ZPS_vNwkNibSetNwkAddr
                0x000000000008ba02                zps_eNwkHandleSceRejnResponse
                0x000000000008ba5f                ZPS_vNwkNibSetExtPanId
                0x000000000008bab1                vFinish.83405
                0x000000000008bb06                ZPS_vNwkNibSetDepth
                0x000000000008bb0f                ZPS_vNwkNibSetUpdateId
                0x000000000008bb58                vSendNetworkUpdate.70316
                0x000000000008bc88                ZPS_vNwkNibSetPanId
                0x000000000008bca6                ZPS_vNwkNibSetCapabilityInfo
                0x000000000008bcd3                ZPS_vNwkNibSetChannel
                0x000000000008bcf1                ZPS_vNwkSaveNt
                0x000000000008be01                ZPS_vNtSetUsedStatus
                0x000000000008beea                zps_vJoinInitNtParent
                0x000000000008bfa0                zps_vCheckActvNtForDuplicate
                0x000000000008bffc                eSmeOrphScanDcfm.83415
                0x000000000008c074                eLeaveDataDcfmRemoteLeave.84399
                0x000000000008c0ba                zps_vCleanUnAuthenHandleExpiry
                0x000000000008c127                zps_eNwkHandleSmeCommStatusInd
                0x000000000008c269                eUnsolicitedRejoinRspDataDcfm.70324
                0x000000000008c294                eRejoinRspDataDcfm.82221
 .text          0x000000000008c363      0xd42 C:\Users\ADMINI~1\AppData\Local\Temp\cckNo1YJ.ltrans12.ltrans.o
                0x000000000008c363                DBG_iUartGetChar
                0x000000000008c3b3                eOrphanNotificationSent.92460
                0x000000000008c3fc                vNwkBttTimerExpiry.77909
                0x000000000008c853                zps_bAplZdoMatchDescServer
                0x000000000008c89e                vMiniMac_ReturnTxBufferCallback
                0x000000000008c8c7                vPostTxActions.92846
                0x000000000008c904                vMiniMac_TxComplete
                0x000000000008ca9e                vMiniMac_NextTransaction
                0x000000000008cb08                eTransmit
                0x000000000008cbe5                ZPS_vMacPibSetRxOnWhenIdle.constprop.92
                0x000000000008cbed                vMiniMac_McpsCallback
                0x000000000008cd79                eMcpsTxCompleteHandler.91805
                0x000000000008cda7                ZPS_bSecDecrypt
                0x000000000008ceb4                boPDM_IsBitmapSaturated.65158
                0x000000000008cefd                zps_psNwkInitCmdFrame
                0x000000000008cf73                eSendLinkStatusDataDcfm.part.1.69246
 .text          0x000000000008d0a5      0xd27 C:\Users\ADMINI~1\AppData\Local\Temp\cckNo1YJ.ltrans13.ltrans.o
                0x000000000008d0a5                vIncrementFrameCounterInPdm.isra.0.72824
                0x000000000008d281                zps_eNwkSecEncryptPacket
                0x000000000008d35a                vProcessListsForSubmission.71557
                0x000000000008d530                zps_vNwkMcpsMgrPost
                0x000000000008d553                zps_psNwkSendRejoinReqCmd
                0x000000000008d5bc                zps_u8NwkHandleRejoinReq
                0x000000000008d718                zps_vNwkHandleCmeLeaveReq
                0x000000000008d7e6                zps_eNwkHandleSceLeave
                0x000000000008d975                zps_eNwkHandleSdeActvDcfmData
                0x000000000008da61                vMcpsMgrTimeoutExpiry
                0x000000000008dad3                zps_sNwkNibNtCheckJoin
                0x000000000008dd4d                zps_vNwkHandleCmeDirectJoinReq
 *fill*         0x000000000008ddcc        0x0 00
 .text          0x000000000008ddcc      0xdbc C:\Users\ADMINI~1\AppData\Local\Temp\cckNo1YJ.ltrans14.ltrans.o
                0x000000000008ddcc                vMcpsMgrExpiry.71397
                0x000000000008de2b                ZPS_vNwkMacDataPollRequest
                0x000000000008df83                zps_vNwkHandleCmeRouteDiscoveryReq
                0x000000000008e13e                zps_eNwkHandleSceRouteRecord
                0x000000000008e1f3                vMiniMac_MlmeCallback
                0x000000000008e4de                bBeaconNotify.92472
                0x000000000008e61b                vPostDcfm.92479
                0x000000000008e68a                vScanNextChannel.92485
                0x000000000008e82e                ZPS_vNwkSaveAllRecords
                0x000000000008e858                zps_psSendFrm
                0x000000000008eb2a                zps_psSendBroadcastFrm.part.0.81023
 .text          0x000000000008eb88      0xab0 C:\Users\ADMINI~1\AppData\Local\Temp\cckNo1YJ.ltrans15.ltrans.o
                0x000000000008eb88                vMiniMac_InterruptHandler
                0x000000000008ef39                eAssocRespSent.91693
                0x000000000008ef58                zps_vNwkHandleCmeSyncReq
                0x000000000008f0e3                vHandleRejoinExpiry.82957
                0x000000000008f141                zps_eRejoinDataDcfm
                0x000000000008f185                eSmeAsocAssocDcfm.83575
                0x000000000008f209                eSmeRjPCPollDcfm.83571
                0x000000000008f24a                eSceRjRsRejoinRsp.83539
                0x000000000008f30e                ZPS_vNwkHandleNldeReqRsp
                0x000000000008f532                zps_eAplApsmeCmdMgrSendCommand
                0x000000000008f60f                zps_vAplApsmeCmdMgrRetryTimeout.12406
 *fill*         0x000000000008f638        0x0 00
 .text          0x000000000008f638      0xa4c C:\Users\ADMINI~1\AppData\Local\Temp\cckNo1YJ.ltrans16.ltrans.o
                0x000000000008f638                vPdmEventHandlerCallback
                0x000000000008f6dd                zps_bAplZdoNwkAddrServer
                0x000000000008f892                zps_bAplZdoIeeeAddrServer
                0x000000000008fa1c                vPDM_AddFileSystemElementToListInAscendingWearCountOrder
                0x000000000008fb13                vPDM_MoveAllDataFromListToList
                0x000000000008fb51                vPDM_MoveAllDataToDeAllocList.constprop.110
                0x000000000008fb7c                vPDM_MoveAllDataWithBufferIdAndStateFromListToList
                0x000000000008fc07                vPDM_MoveAllDataWithBufferIdFromListToList
                0x000000000008fc8c                vPDM_DeleteAllSegmentsWithIdFromFileSystemList.constprop.12
                0x000000000008fcce                vPDM_MoveFileRecordFromListToList
                0x000000000008fddd                iPDM_VerifyDataSequenceWithBufferId
                0x000000000008fe83                vPDM_MoveRecordToDeAllocList
                0x000000000008fea3                vPDM_DeleteAppendedSequence
                0x000000000008ff45                vFreePendingReqDescr
                0x000000000008ffa8                vHandleRouteDiscoveryExpiry.75393
                0x0000000000090003                zps_vSendJoinDcfm
                0x0000000000090049                vGiveUp.82961
 .text          0x0000000000090084      0xbcb C:\Users\ADMINI~1\AppData\Local\Temp\cckNo1YJ.ltrans17.ltrans.o
                0x0000000000090149                eBeaconReqSent.92464
                0x0000000000090170                vPostMcpsDcfmInd.23939
                0x00000000000902ca                zps_eNwkHandleSceLinkStatus
                0x000000000009040b                zps_vByteCopy
                0x000000000009043a                zps_bAreCredPresent
                0x00000000000905c3                PWRM_vManagePower
                0x000000000009070d                vPDM_ImageBitmapRepair.66108
                0x000000000009076e                vInitUnknownNeighbor.71462.constprop.68
                0x00000000000907ce                zps_eAplZdoAddReplaceLinkKey_W
                0x000000000009088d                ZPS_bNwkNibAddrMapAddEntry
                0x0000000000090a39                zps_vAgeRouter
                0x0000000000090a73                zps_vNwkSecondTickHandleExpiry
                0x0000000000090bb9                eCheckAddrConflict.isra.6.70580
 *fill*         0x0000000000090c4f        0x1 00
 .text          0x0000000000090c50      0xad8 C:\Users\ADMINI~1\AppData\Local\Temp\cckNo1YJ.ltrans18.ltrans.o
                0x0000000000090c50                vTransformKey.isra.0.14068
                0x0000000000090cb1                zps_eAplSecEncryptPacket
                0x0000000000090da6                zps_eAplSendApsmeCmdFrame
                0x000000000009105f                vPostNlmeDcfmInd.8507
 .text          0x0000000000091728      0xb9c C:\Users\ADMINI~1\AppData\Local\Temp\cckNo1YJ.ltrans19.ltrans.o
                0x0000000000091728                zps_vNwkHandleCmeNwkJoinReq
                0x00000000000919ac                zps_vNwkHandleCmeNwkActvJoinReq
                0x00000000000919b8                zps_eNwkHandleSmeOrphanInd
                0x00000000000919c9                vCheckSleepingSendPoll.part.1.83517
                0x0000000000091a33                zps_eNwkSendJoinResponse
                0x0000000000091c9a                zps_eProcessAddrConflict
                0x0000000000091e47                ZPS_vNwkNibCheckAndUpdateAddresses
                0x0000000000091ea8                zps_bAplZdoDeviceAnnceServer
                0x0000000000092107                zps_eNwkHandleSceNwkStatus
 .text          0x00000000000922c4      0xbe6 C:\Users\ADMINI~1\AppData\Local\Temp\cckNo1YJ.ltrans20.ltrans.o
                0x00000000000922c4                vStartScanTimerExpiry.43566
                0x0000000000092300                zps_vAplApsPollTimer
                0x000000000009235f                vAplSecAuthPollTimerExpiry.17718
                0x00000000000923b7                vAplSecAuthTimerExpiry.17714
                0x0000000000092445                zps_eNwkHandleSmeOrphanInd.part.2.82353
                0x00000000000924f4                eRejoinNetwork.17777.constprop.83
                0x0000000000092596                eStartNetworkDiscovery.17802
                0x0000000000092600                zps_eAplZdoStartStack
                0x0000000000092702                eStartRouter.17808
                0x00000000000927ea                zps_vAplAfPostEvent
                0x0000000000092c12                vPostApsdeDcfmInd.8521
                0x0000000000092e03                zps_vHandleApsdeDataFragIndNotSupported
 .text          0x0000000000092eaa      0xb67 C:\Users\ADMINI~1\AppData\Local\Temp\cckNo1YJ.ltrans21.ltrans.o
                0x0000000000092f12                zps_vNwkHandleCmeActvStartRouterReq
                0x0000000000092fa9                zps_vNwkHandleCmeIdleNwkFormReq
                0x00000000000930a9                zps_vNwkHandleCmeNwkDiscReq
                0x0000000000093123                eSmeEdScScanDcfm.80380
                0x00000000000931b3                zps_vNwkHandleCmeEdScanReq
                0x00000000000931f2                zps_sNwkStart
                0x0000000000093291                ZPS_pvNwkCtor.constprop.86
                0x00000000000935b2                eSmeAcScScanDcfm.80375
                0x0000000000093871                zps_vNwkDiscUpdateNT
                0x000000000009390f                zps_eNwkHandleSmeBeaconNotifyInd
                0x0000000000093993                zps_eNwkHandleSceNwkReport
 .text          0x0000000000093a11      0xac6 C:\Users\ADMINI~1\AppData\Local\Temp\cckNo1YJ.ltrans22.ltrans.o
                0x0000000000093a11                zps_eZdpPowerDescResponse
                0x0000000000093aae                zps_eZdpSimpleDescResponse
                0x0000000000093bbb                zps_eZdpActiveEpResponse
                0x0000000000093c51                zps_eZdpMatchDescResponse
                0x0000000000093ce7                zps_eZdpSystemServerDiscoveryResponse
                0x0000000000093d56                zps_bAplZdoDefaultServer
                0x0000000000093fed                zps_bAplZdoMgmtNWKUpdateServer
                0x000000000009433b                zps_bAplZdoZdoClient
 *fill*         0x00000000000944d7        0x1 00
 .text          0x00000000000944d8      0xa2c C:\Users\ADMINI~1\AppData\Local\Temp\cckNo1YJ.ltrans23.ltrans.o
                0x00000000000944d8                vPostApsmeDcfmInd.8514
                0x0000000000094b1a                zps_eAplZdpMgmtRtgResponse
                0x0000000000094be1                zps_eZdpMgmtNwkUpdateNotifyResponse
                0x0000000000094c93                zps_eZdpNwkAddrResponse
                0x0000000000094d76                zps_eZdpIeeeAddrResponse
                0x0000000000094e59                zps_eZdpNodeDescResponse
 .text          0x0000000000094f04      0xb44 C:\Users\ADMINI~1\AppData\Local\Temp\cckNo1YJ.ltrans24.ltrans.o
                0x0000000000095155                vSendMlmeCommStatusFromTxFrame
                0x00000000000951ab                SOC_MAC_vHandleMlmeVsReqRsp.constprop.101
                0x00000000000956e0                zps_sNwkLibSubmitScan
                0x0000000000095727                vScanBeaconReceived
                0x0000000000095772                vRunningRxCallback
 .text          0x0000000000095a48      0xbac C:\Users\ADMINI~1\AppData\Local\Temp\cckNo1YJ.ltrans25.ltrans.o
                0x0000000000095a86                psGetNlmeBuf.8504
                0x0000000000095a8f                psGetNldeBuf.8525
                0x0000000000095a98                psGetApsmeBuf.8511
                0x0000000000095a9e                psGetApsdeBuf.8518
                0x0000000000095bb7                zps_vGetZpsMutex
                0x0000000000095bc0                vLoopbackTimerCallback
                0x0000000000095bef                bDuplicateCheck.12725
                0x0000000000095cfc                zps_vAplApsFillAndPostApsAck
                0x0000000000095d66                zps_u8AplApsFreeMsgHandle
                0x0000000000095dd0                bCheckProfile.8187
                0x0000000000095e0e                ZPS_bIsGroupPresent
                0x0000000000095e46                pdum_u16ReadNBO
                0x0000000000095fa7                PDUM_u16SizeNBO
                0x0000000000096005                PDUM_u16APduInstanceWriteStrNBO
                0x0000000000096184                PDUM_u16APduInstanceWriteNBO
                0x00000000000961ee                PDUM_eAPduFreeAPduInstance
                0x0000000000096254                PDUM_eAPduInstanceSetPayloadSize
                0x000000000009627c                PDUM_eNPduWriteDataFromBuffer
                0x00000000000962d6                PDUM_eNPduWriteDataToBuffer
                0x0000000000096334                PDUM_eNPduWriteFromBuffer
                0x000000000009635d                PDUM_eNPduDescend
                0x0000000000096383                PDUM_eNPduAscend
                0x00000000000963a9                PDUM_eNPduClaimData
                0x0000000000096416                PDUM_eNPduAppendDataNBO
                0x0000000000096473                PDUM_eNPduClaimHeader
                0x0000000000096496                PDUM_eNPduReadHeaderNBO
                0x00000000000964e9                PDUM_eNPduPrependHeaderNBO
                0x0000000000096544                PDUM_eNPduFree
                0x00000000000965a2                PDUM_eNPduInitDescending
                0x00000000000965bd                zps_vInitAPSMECmdHdr
 .text          0x00000000000965f4      0x78d C:\Users\ADMINI~1\AppData\Local\Temp\cckNo1YJ.ltrans26.ltrans.o
                0x00000000000965f4                vAckTimeOutHandler
                0x00000000000966a1                zps_eAplZdpApsdeReqInternal
                0x0000000000096ad0                eSendDeviceAnnounce.45033
                0x0000000000096bd4                zps_eAplZdpMgmtLqiResponse
                0x0000000000096d3f                zps_eZdpMgmtLeaveResponse
                0x0000000000096d60                zps_eZdpMgmtPermitJoiningResponse
 .text          0x0000000000096d81      0x842 C:\Users\ADMINI~1\AppData\Local\Temp\cckNo1YJ.ltrans27.ltrans.o
                0x0000000000096f65                vHandleEdTimeoutReqExpiry.70312
                0x000000000009700c                vHandleNwkLocalUpdateAfterBcast.70329
                0x0000000000097060                vHandleNwkRemoteUpdateAfterBcast.70320
                0x00000000000970b3                ZPS_vNwkHandleNlmeReqRsp
                0x00000000000971ae                zps_bAplZdoMgmtLeaveServer
                0x0000000000097342                zps_eAplZdoNlmePermitJoiningWrapper
                0x000000000009736a                zps_bAplZdoPermitJoiningServer
                0x000000000009748c                vChangeChannelTimerExpiry.43562
                0x00000000000974ec                eLeaveReset.84385
                0x0000000000097557                eLeaveDataDcfmLocalLeave.84390
 .text          0x00000000000975c3      0x4ac C:\Users\ADMINI~1\AppData\Local\Temp\cckNo1YJ.ltrans28.ltrans.o
                0x00000000000975c3                vApsmeResendTimeOutHandler
                0x00000000000975f2                eUnfragmentedUnicastTransmission.10979
                0x00000000000978ae                vHandleTransportKeyFrame.13872
 .text          0x0000000000097a6f      0x3b5 C:\Users\ADMINI~1\AppData\Local\Temp\cckNo1YJ.ltrans29.ltrans.o
                0x0000000000097d40                zps_psFindKeyDescr
 .text          0x0000000000097e24       0xf0 C:\Users\ADMINI~1\AppData\Local\Temp\cckNo1YJ.ltrans30.ltrans.o
                0x0000000000097e24                vuart1int
                0x0000000000097e5e                ISR_vTickTimer
                0x0000000000097e96                vUnclaimedInterrupt
                0x0000000000097eab                vBusErrorHandler
                0x0000000000097eba                vAlignmentErrorHandler
                0x0000000000097ec9                vIllegalInstructionHandler
                0x0000000000097ed8                vTrapHandler
                0x0000000000097ee7                vGenericHandler
                0x0000000000097ef6                vUnclaimedException
                0x0000000000097f05                vStackOverflowHandler
 .text          0x0000000000097f14       0x34 C:\Users\ADMINI~1\AppData\Local\Temp\cckNo1YJ.ltrans31.ltrans.o
                0x0000000000097f14                zps_isrMAC
                0x0000000000097f2e                AppWarmStart
 .text          0x0000000000097f48       0x25 e:/sdk/tools/ba-elf-ba2-r36379/bin/../lib/gcc/ba-elf/4.7.4/../../../../ba-elf/lib/mcpu_jn51xx_sizeopt\libc.a(lib_a-memcmp.o)
                0x0000000000097f48                memcmp
 .text          0x0000000000097f6d       0x19 e:/sdk/tools/ba-elf-ba2-r36379/bin/../lib/gcc/ba-elf/4.7.4/../../../../ba-elf/lib/mcpu_jn51xx_sizeopt\libc.a(lib_a-memcpy.o)
 .text          0x0000000000097f86       0x12 e:/sdk/tools/ba-elf-ba2-r36379/bin/../lib/gcc/ba-elf/4.7.4/../../../../ba-elf/lib/mcpu_jn51xx_sizeopt\libc.a(lib_a-memset.o)
                0x0000000000097f86                memset
 *fill*         0x0000000000097f98        0x0 00
 .text          0x0000000000097f98      0x204 e:/sdk/tools/ba-elf-ba2-r36379/bin/../lib/gcc/ba-elf/4.7.4/mcpu_jn51xx_sizeopt\libgcc.a(__udivsi3.o)
                0x0000000000097f98                __udivsi3
 .text          0x000000000009819c      0x1b0 e:/sdk/tools/ba-elf-ba2-r36379/bin/../lib/gcc/ba-elf/4.7.4/mcpu_jn51xx_sizeopt\libgcc.a(__umodsi3.o)
                0x000000000009819c                __umodsi3
 .text          0x000000000009834c       0x24 e:/sdk/tools/ba-elf-ba2-r36379/bin/../lib/gcc/ba-elf/4.7.4/mcpu_jn51xx_sizeopt\libgcc.a(__modsi3.o)
                0x000000000009834c                __modsi3
 .text          0x0000000000098370      0x350 e:/sdk/tools/ba-elf-ba2-r36379/bin/../lib/gcc/ba-elf/4.7.4/mcpu_jn51xx_sizeopt\libgcc.a(_udivdi3.o)
                0x0000000000098370                __udivdi3
 *fill*         0x00000000000986c0        0x0 00
 .text          0x00000000000986c0       0x48 ../../../../sdk/JN-SW-4170/Components/Library\libPWRM_JN516x.a(pwrm_setjmp_JN516x.o)
                0x00000000000986c0                setjmp
                0x00000000000986e4                PWRM_longjmp
 .text          0x0000000000098708       0x27 ../../../../sdk/JN-SW-4170/Components/Library\libHardwareApi_JN5169.a(AHI_Interrupt.o)
                0x0000000000098708                vAHI_InterruptSetPriority
                0x0000000000098726                vAHI_InterruptSetActivePriorityLevel
 .text          0x000000000009872f        0x0 ../../../../sdk/JN-SW-4170/Components/Library\libZPSAPL_JN516x.a(zps_apl_version_lc.o)
                0x000000000009872f                ZPS_APL_Version_3v0
 .text          0x000000000009872f        0x0 ../../../../sdk/JN-SW-4170/Components/Library\libZPSNWK_JN516x.a(zps_nwk_version_lc.o)
                0x000000000009872f                ZPS_NWK_Version_3v0
                0x000000000009872f                _flash_end = ABSOLUTE (.)

.rela.dyn       0x0000000000098730        0x0
 .rela.text     0x0000000000000000        0x0 irq_JN516x.o
 .rela.data     0x0000000000000000        0x0 irq_JN516x.o
 .rela.rodata   0x0000000000000000        0x0 irq_JN516x.o
                0x000000000400004c                . = ORIGIN (ram)

.data           0x000000000400004c      0x40c load address 0x0000000000098730
                0x000000000400004c                _ram_data_start = ABSOLUTE (.)
 *(.data*)
 *fill*         0x000000000400004c        0x4 00
 .data          0x0000000004000050      0x3a8 C:\Users\ADMINI~1\AppData\Local\Temp\cckNo1YJ.ltrans0.ltrans.o
                0x0000000004000050                s_sApl.2509
                0x00000000040001a0                u8AhiBaudRate.67444
                0x00000000040001a1                u8MiniMacConfig_MaxConcurrentAssocResponses
 .data          0x00000000040003f8        0x2 C:\Users\ADMINI~1\AppData\Local\Temp\cckNo1YJ.ltrans1.ltrans.o
 *fill*         0x00000000040003fa        0x2 00
 .data          0x00000000040003fc        0x4 C:\Users\ADMINI~1\AppData\Local\Temp\cckNo1YJ.ltrans3.ltrans.o
                0x00000000040003fc                u32HeapStart
 .data          0x0000000004000400        0x2 C:\Users\ADMINI~1\AppData\Local\Temp\cckNo1YJ.ltrans6.ltrans.o
 *fill*         0x0000000004000402        0x2 00
 .data          0x0000000004000404        0x4 C:\Users\ADMINI~1\AppData\Local\Temp\cckNo1YJ.ltrans7.ltrans.o
                0x0000000004000404                bCanLoopback.11227
 .data          0x0000000004000408        0x2 C:\Users\ADMINI~1\AppData\Local\Temp\cckNo1YJ.ltrans12.ltrans.o
 .data          0x000000000400040a        0x6 C:\Users\ADMINI~1\AppData\Local\Temp\cckNo1YJ.ltrans17.ltrans.o
 .data          0x0000000004000410       0x30 C:\Users\ADMINI~1\AppData\Local\Temp\cckNo1YJ.ltrans25.ltrans.o
                0x0000000004000410                s_asapduMyDataInstances
                0x000000000400041c                s_asapduZDPInstances
 .data.s_asAPduPool
                0x0000000004000440       0x18 pdum_apdu.o
                0x0000000004000440                pdum_apduZDP
                0x0000000004000440                s_asAPduPool
                0x000000000400044c                pdum_apduMyData
 *(.data.*)
                0x0000000004000458                . = ALIGN (0x4)
                0x0000000004000458                _ram_data_end = ABSOLUTE (.)

.bss            0x0000000004000458     0x279c load address 0x0000000000098b3c
                0x0000000004000458                _bss_start = ABSOLUTE (.)
 *(.bss*)
 *fill*         0x0000000004000458        0x8 00
 .bss           0x0000000004000460     0x2340 C:\Users\ADMINI~1\AppData\Local\Temp\cckNo1YJ.ltrans0.ltrans.o
                0x0000000004000460                s_sDefaultServerContext.2582
                0x0000000004000468                s_sMgmtRtgServerContext.2506
                0x0000000004000470                s_sPermitJoiningServerContext.2507
                0x0000000004000478                s_sMgmtNWKUpdateServerContext.2508
                0x00000000040004b8                s_sMgmtLeaveServerContext.2581
                0x00000000040004e0                s_sMgmtLqiServerContext.2580
                0x00000000040004e8                s_sSimpleDescServerContext.2579
                0x00000000040004f0                s_sMatchDescServerContext.2578
                0x00000000040004f8                s_sPowerDescServerContext.2577
                0x0000000004000500                s_sNodeDescServerContext.2576
                0x0000000004000508                s_sSystemServerDiscoveryServerContext.2575
                0x0000000004000510                s_sIeeeAddrServerContext.2574
                0x0000000004000518                s_sNwkAddrServerContext.2573
                0x0000000004000520                s_sActiveEpServerContext.2572
                0x0000000004000528                s_sZdoClientContext.2570
                0x0000000004000528                s_sDeviceAnnceServerContext.2571
                0x0000000004000530                vFlushFn.67388
                0x0000000004000534                vPutchFn.67383
                0x0000000004000538                u8AhiUart.67443
                0x000000000400053c                psNextWake.5271
                0x0000000004000540                s_bWakeTimerActive.5272
                0x0000000004000541                s_ePowerMode.5273
                0x0000000004000542                gu16NumberOfSegments.89410
                0x0000000004000544                u8MaxNpdu.5487
                0x0000000004000545                u8Count.5486
                0x0000000004000548                s_psNPduPoolEnd.5484
                0x000000000400054c                s_psNPduPoolStart.5483
                0x0000000004000550                s_psFreeListHead.5485
                0x0000000004000554                s_asAPduPool.5583
                0x0000000004000558                pfExtendedStatusCallBack.69828
                0x000000000400055c                ZTIMER_sCommon.1495
                0x0000000004000564                APP_msgMyEndPointEvents
                0x000000000400057c                APP_msgZpsEvents
                0x0000000004000594                u8App_tmr1sec
                0x0000000004000598                psPDM_Common
                0x000000000400059c                s_u32x.65098
                0x00000000040005a0                s_prExpireFn.91198
                0x00000000040005a4                psShadowRxBuffer
                0x00000000040005a8                pvRxStore
                0x00000000040005ac                pvTxStore
                0x00000000040005b0                gMAC_u8MaxBuffers
                0x00000000040005b4                g_pvAplHandle
                0x00000000040005b8                s_sDcfmIndMgr.90941
                0x00000000040005c0                prAppMcpsGetBuffer
                0x00000000040005c4                prAppMlmeGetBuffer
                0x00000000040005c8                prAppMcpsCallback
                0x00000000040005cc                prAppMlmeCallback
                0x00000000040005d0                s_pvAplHandle.90204
                0x00000000040005d4                s_prMcpsCallBack.90202
                0x00000000040005d8                s_prMlmeCallBack.90203
                0x00000000040005dc                u8MiniMac_RunTimeOptions
                0x00000000040005e0                psFreeMsgListHead
                0x00000000040005e4                psActiveMsgListHead
                0x00000000040005e8                sMiniMacPib
                0x0000000004000680                psAplDefaultZLLAPSLinkKey
                0x0000000004000684                sZpsIntStore
                0x0000000004000688                s_eDeviceState.3566
 .bss           0x00000000040027a0       0x54 C:\Users\ADMINI~1\AppData\Local\Temp\cckNo1YJ.ltrans1.ltrans.o
                0x00000000040027a0                bCheckChild
                0x00000000040027a4                uMacDcfmInd
 .bss           0x00000000040027f4        0xc C:\Users\ADMINI~1\AppData\Local\Temp\cckNo1YJ.ltrans2.ltrans.o
                0x00000000040027f4                sAfFlashInfoSetLocal
                0x00000000040027fc                s_u16ActivityCounter
 .bss           0x0000000004002800        0xc C:\Users\ADMINI~1\AppData\Local\Temp\cckNo1YJ.ltrans3.ltrans.o
 .bss           0x000000000400280c       0x18 C:\Users\ADMINI~1\AppData\Local\Temp\cckNo1YJ.ltrans4.ltrans.o
                0x000000000400280c                sIntStorage.67020
 .bss.initinboot
                0x0000000004002824        0x1 C:\Users\ADMINI~1\AppData\Local\Temp\cckNo1YJ.ltrans4.ltrans.o
                0x0000000004002824                bMutexTaken.89233
 *fill*         0x0000000004002825        0x3 00
 .bss           0x0000000004002828       0x2c C:\Users\ADMINI~1\AppData\Local\Temp\cckNo1YJ.ltrans5.ltrans.o
 .bss           0x0000000004002854        0x8 C:\Users\ADMINI~1\AppData\Local\Temp\cckNo1YJ.ltrans6.ltrans.o
                0x0000000004002854                sMiniMacIntStore.90924
                0x0000000004002858                bIgnoreBroadcast
 .bss           0x000000000400285c       0x38 C:\Users\ADMINI~1\AppData\Local\Temp\cckNo1YJ.ltrans7.ltrans.o
 .bss           0x0000000004002894        0x3 C:\Users\ADMINI~1\AppData\Local\Temp\cckNo1YJ.ltrans8.ltrans.o
                0x0000000004002894                u8ApduCount.5584
 *fill*         0x0000000004002897        0x1 00
 .bss           0x0000000004002898        0xc C:\Users\ADMINI~1\AppData\Local\Temp\cckNo1YJ.ltrans9.ltrans.o
                0x0000000004002898                a16NwkPdmRecordSizes
 .bss           0x00000000040028a4        0x1 C:\Users\ADMINI~1\AppData\Local\Temp\cckNo1YJ.ltrans10.ltrans.o
 *fill*         0x00000000040028a5        0x3 00
 .bss           0x00000000040028a8       0x30 C:\Users\ADMINI~1\AppData\Local\Temp\cckNo1YJ.ltrans11.ltrans.o
                0x00000000040028a8                apvAplPdmRecordsAddress
                0x00000000040028bc                au16AplPdmRecordsSize
 .bss           0x00000000040028d8        0x2 C:\Users\ADMINI~1\AppData\Local\Temp\cckNo1YJ.ltrans12.ltrans.o
 .bss.initinboot
                0x00000000040028da        0x1 C:\Users\ADMINI~1\AppData\Local\Temp\cckNo1YJ.ltrans12.ltrans.o
 *fill*         0x00000000040028db        0x1 00
 .bss           0x00000000040028dc        0x4 C:\Users\ADMINI~1\AppData\Local\Temp\cckNo1YJ.ltrans14.ltrans.o
 .bss           0x00000000040028e0       0x74 C:\Users\ADMINI~1\AppData\Local\Temp\cckNo1YJ.ltrans15.ltrans.o
                0x00000000040028e0                pfnDataReqCallback
                0x00000000040028e4                psTimerServerList
                0x00000000040028e8                aprTimerCallback
                0x0000000004002908                au32TimerCounter
                0x0000000004002928                sMiniMacInternal
 .bss           0x0000000004002954       0x38 C:\Users\ADMINI~1\AppData\Local\Temp\cckNo1YJ.ltrans17.ltrans.o
                0x0000000004002954                g_tSpiConfiguration
 *fill*         0x000000000400298c        0x4 00
 .bss           0x0000000004002990       0x48 C:\Users\ADMINI~1\AppData\Local\Temp\cckNo1YJ.ltrans18.ltrans.o
 .bss           0x00000000040029d8        0x4 C:\Users\ADMINI~1\AppData\Local\Temp\cckNo1YJ.ltrans19.ltrans.o
                0x00000000040029d8                sMiniMacPhyPib
 .bss           0x00000000040029dc       0x28 C:\Users\ADMINI~1\AppData\Local\Temp\cckNo1YJ.ltrans21.ltrans.o
                0x00000000040029dc                zps_psNwk
 .bss           0x0000000004002a04        0x1 C:\Users\ADMINI~1\AppData\Local\Temp\cckNo1YJ.ltrans22.ltrans.o
                0x0000000004002a04                bDefaultServerIgnoreHandleMgmtUpdate
 .bss           0x0000000004002a05        0x1 C:\Users\ADMINI~1\AppData\Local\Temp\cckNo1YJ.ltrans23.ltrans.o
                0x0000000004002a05                bZpsMyLastJoinWasRejoin.18426
 .bss           0x0000000004002a06        0x1 C:\Users\ADMINI~1\AppData\Local\Temp\cckNo1YJ.ltrans24.ltrans.o
                0x0000000004002a06                u8ScanBeaconsSeen.90977
 *fill*         0x0000000004002a07        0x1 00
 .bss           0x0000000004002a08      0x174 C:\Users\ADMINI~1\AppData\Local\Temp\cckNo1YJ.ltrans25.ltrans.o
 .bss           0x0000000004002b7c        0x8 C:\Users\ADMINI~1\AppData\Local\Temp\cckNo1YJ.ltrans27.ltrans.o
                0x0000000004002b7c                sThisDeviceMacAddr
 .bss           0x0000000004002b84        0x4 C:\Users\ADMINI~1\AppData\Local\Temp\cckNo1YJ.ltrans28.ltrans.o
 .bss           0x0000000004002b88       0x2c C:\Users\ADMINI~1\AppData\Local\Temp\cckNo1YJ.ltrans31.ltrans.o
                0x0000000004002b88                pwrm_CPUContext
                0x0000000004002bac                s_psVsMcpsDcfmInd.25272
                0x0000000004002bb0                s_psMacDcfmInd.25271
 .bss.dontinitinboot
                0x0000000004002bb4       0x40 ../../../../sdk/JN-SW-4170/Components/Library\libBoot_JN516x.a(ExceptionHandler.o)
                0x0000000004002bb4                isr_handlers
 *(.bss.*)
 *(.scommon*)
 *(.scommon.*)
 *(COMMON)
                0x0000000004002bf4                . = ALIGN (0x4)
                0x0000000004002bf4                _bss_end = ABSOLUTE (.)

.heap           0x0000000004002bf4      0x7d0 load address 0x000000000009b2d8
                0x0000000004002bf4                _heap_start = ABSOLUTE (.)
                0x00000000040033c4                . = (. + __minimum_heap_size)
 *fill*         0x0000000004002bf4      0x7d0 00

.stack          0x0000000004006c78     0x1388 load address 0x000000000009f35c
                0x0000000004006c78                _heap_end = ABSOLUTE (.)
                0x0000000004006c78                _stack_low_water_mark = ABSOLUTE (.)
                0x0000000004008000                . = (. + __stack_size)
 *fill*         0x0000000004006c78     0x1388 00

.test           0x0000000000098b3c        0x1
                0x0000000000098b3c        0x1 BYTE 0xff
                0x0000000000098730                _flash_data_start = LOADADDR (.data)
                0x000000000000040c                _ram_data_len = (((_ram_data_end - _ram_data_start) + 0x3) & 0xfffffffffffffffc)
                0x000000000000279c                _bss_len = (((_bss_end - _bss_start) + 0x3) & 0xfffffffffffffffc)
                0x0000000000018b3c                _image_len = ((((_flash_end - _flash_start) + _ram_data_len) + 0x3) & 0xfffffffffffffffc)
                0x0000000004008000                _ram_top = (ABSOLUTE (ORIGIN (ram)) + 0x7fb4)
                0x0000000004008000                ram_top = (ABSOLUTE (ORIGIN (ram)) + 0x7fb4)
                0x0000000001001580                _app_ram_start = 0x1001580
                0x00000000040003fc                PROVIDE (_heap_location, u32HeapStart)
                0x00000000040003fc                PROVIDE (heap_location, u32HeapStart)
OUTPUT(AN1229_ZBP_Router_JN5169.elf elf32-ba)

.comment        0x0000000000000000       0x11
 .comment       0x0000000000000000       0x11 C:\Users\ADMINI~1\AppData\Local\Temp\cckNo1YJ.ltrans0.ltrans.o
                                         0x12 (size before relaxing)
 .comment       0x0000000000000000       0x12 C:\Users\ADMINI~1\AppData\Local\Temp\cckNo1YJ.ltrans1.ltrans.o
 .comment       0x0000000000000000       0x12 C:\Users\ADMINI~1\AppData\Local\Temp\cckNo1YJ.ltrans2.ltrans.o
 .comment       0x0000000000000000       0x12 C:\Users\ADMINI~1\AppData\Local\Temp\cckNo1YJ.ltrans3.ltrans.o
 .comment       0x0000000000000000       0x12 C:\Users\ADMINI~1\AppData\Local\Temp\cckNo1YJ.ltrans4.ltrans.o
 .comment       0x0000000000000000       0x12 C:\Users\ADMINI~1\AppData\Local\Temp\cckNo1YJ.ltrans5.ltrans.o
 .comment       0x0000000000000000       0x12 C:\Users\ADMINI~1\AppData\Local\Temp\cckNo1YJ.ltrans6.ltrans.o
 .comment       0x0000000000000000       0x12 C:\Users\ADMINI~1\AppData\Local\Temp\cckNo1YJ.ltrans7.ltrans.o
 .comment       0x0000000000000000       0x12 C:\Users\ADMINI~1\AppData\Local\Temp\cckNo1YJ.ltrans8.ltrans.o
 .comment       0x0000000000000000       0x12 C:\Users\ADMINI~1\AppData\Local\Temp\cckNo1YJ.ltrans9.ltrans.o
 .comment       0x0000000000000000       0x12 C:\Users\ADMINI~1\AppData\Local\Temp\cckNo1YJ.ltrans10.ltrans.o
 .comment       0x0000000000000000       0x12 C:\Users\ADMINI~1\AppData\Local\Temp\cckNo1YJ.ltrans11.ltrans.o
 .comment       0x0000000000000000       0x12 C:\Users\ADMINI~1\AppData\Local\Temp\cckNo1YJ.ltrans12.ltrans.o
 .comment       0x0000000000000000       0x12 C:\Users\ADMINI~1\AppData\Local\Temp\cckNo1YJ.ltrans13.ltrans.o
 .comment       0x0000000000000000       0x12 C:\Users\ADMINI~1\AppData\Local\Temp\cckNo1YJ.ltrans14.ltrans.o
 .comment       0x0000000000000000       0x12 C:\Users\ADMINI~1\AppData\Local\Temp\cckNo1YJ.ltrans15.ltrans.o
 .comment       0x0000000000000000       0x12 C:\Users\ADMINI~1\AppData\Local\Temp\cckNo1YJ.ltrans16.ltrans.o
 .comment       0x0000000000000000       0x12 C:\Users\ADMINI~1\AppData\Local\Temp\cckNo1YJ.ltrans17.ltrans.o
 .comment       0x0000000000000000       0x12 C:\Users\ADMINI~1\AppData\Local\Temp\cckNo1YJ.ltrans18.ltrans.o
 .comment       0x0000000000000000       0x12 C:\Users\ADMINI~1\AppData\Local\Temp\cckNo1YJ.ltrans19.ltrans.o
 .comment       0x0000000000000000       0x12 C:\Users\ADMINI~1\AppData\Local\Temp\cckNo1YJ.ltrans20.ltrans.o
 .comment       0x0000000000000000       0x12 C:\Users\ADMINI~1\AppData\Local\Temp\cckNo1YJ.ltrans21.ltrans.o
 .comment       0x0000000000000000       0x12 C:\Users\ADMINI~1\AppData\Local\Temp\cckNo1YJ.ltrans22.ltrans.o
 .comment       0x0000000000000000       0x12 C:\Users\ADMINI~1\AppData\Local\Temp\cckNo1YJ.ltrans23.ltrans.o
 .comment       0x0000000000000000       0x12 C:\Users\ADMINI~1\AppData\Local\Temp\cckNo1YJ.ltrans24.ltrans.o
 .comment       0x0000000000000000       0x12 C:\Users\ADMINI~1\AppData\Local\Temp\cckNo1YJ.ltrans25.ltrans.o
 .comment       0x0000000000000000       0x12 C:\Users\ADMINI~1\AppData\Local\Temp\cckNo1YJ.ltrans26.ltrans.o
 .comment       0x0000000000000000       0x12 C:\Users\ADMINI~1\AppData\Local\Temp\cckNo1YJ.ltrans27.ltrans.o
 .comment       0x0000000000000000       0x12 C:\Users\ADMINI~1\AppData\Local\Temp\cckNo1YJ.ltrans28.ltrans.o
 .comment       0x0000000000000000       0x12 C:\Users\ADMINI~1\AppData\Local\Temp\cckNo1YJ.ltrans29.ltrans.o
 .comment       0x0000000000000000       0x12 C:\Users\ADMINI~1\AppData\Local\Temp\cckNo1YJ.ltrans30.ltrans.o
 .comment       0x0000000000000000       0x12 C:\Users\ADMINI~1\AppData\Local\Temp\cckNo1YJ.ltrans31.ltrans.o
 .comment       0x0000000000000000       0x12 e:/sdk/tools/ba-elf-ba2-r36379/bin/../lib/gcc/ba-elf/4.7.4/../../../../ba-elf/lib/mcpu_jn51xx_sizeopt\libc.a(lib_a-memcmp.o)
 .comment       0x0000000000000000       0x12 e:/sdk/tools/ba-elf-ba2-r36379/bin/../lib/gcc/ba-elf/4.7.4/../../../../ba-elf/lib/mcpu_jn51xx_sizeopt\libc.a(lib_a-memcpy.o)
 .comment       0x0000000000000000       0x12 e:/sdk/tools/ba-elf-ba2-r36379/bin/../lib/gcc/ba-elf/4.7.4/../../../../ba-elf/lib/mcpu_jn51xx_sizeopt\libc.a(lib_a-memset.o)
 .comment       0x0000000000000000       0x12 e:/sdk/tools/ba-elf-ba2-r36379/bin/../lib/gcc/ba-elf/4.7.4/mcpu_jn51xx_sizeopt\libgcc.a(_udivdi3.o)

.debug_info     0x0000000000000000      0xbb6
 .debug_info    0x0000000000000000       0xf3 e:/sdk/tools/ba-elf-ba2-r36379/bin/../lib/gcc/ba-elf/4.7.4/../../../../ba-elf/lib/mcpu_jn51xx_sizeopt\libc.a(lib_a-memcmp.o)
 .debug_info    0x00000000000000f3      0x106 e:/sdk/tools/ba-elf-ba2-r36379/bin/../lib/gcc/ba-elf/4.7.4/../../../../ba-elf/lib/mcpu_jn51xx_sizeopt\libc.a(lib_a-memcpy.o)
 .debug_info    0x00000000000001f9       0xd7 e:/sdk/tools/ba-elf-ba2-r36379/bin/../lib/gcc/ba-elf/4.7.4/../../../../ba-elf/lib/mcpu_jn51xx_sizeopt\libc.a(lib_a-memset.o)
 .debug_info    0x00000000000002d0       0xb4 e:/sdk/tools/ba-elf-ba2-r36379/bin/../lib/gcc/ba-elf/4.7.4/mcpu_jn51xx_sizeopt\libgcc.a(__udivsi3.o)
 .debug_info    0x0000000000000384       0xb4 e:/sdk/tools/ba-elf-ba2-r36379/bin/../lib/gcc/ba-elf/4.7.4/mcpu_jn51xx_sizeopt\libgcc.a(__umodsi3.o)
 .debug_info    0x0000000000000438       0xb4 e:/sdk/tools/ba-elf-ba2-r36379/bin/../lib/gcc/ba-elf/4.7.4/mcpu_jn51xx_sizeopt\libgcc.a(__modsi3.o)
 .debug_info    0x00000000000004ec      0x648 e:/sdk/tools/ba-elf-ba2-r36379/bin/../lib/gcc/ba-elf/4.7.4/mcpu_jn51xx_sizeopt\libgcc.a(_udivdi3.o)
 .debug_info    0x0000000000000b34       0x82 ../../../../sdk/JN-SW-4170/Components/Library\libBoot_JN516x.a(ExceptionHandler.o)

.debug_abbrev   0x0000000000000000      0x36d
 .debug_abbrev  0x0000000000000000       0x8e e:/sdk/tools/ba-elf-ba2-r36379/bin/../lib/gcc/ba-elf/4.7.4/../../../../ba-elf/lib/mcpu_jn51xx_sizeopt\libc.a(lib_a-memcmp.o)
 .debug_abbrev  0x000000000000008e       0xa4 e:/sdk/tools/ba-elf-ba2-r36379/bin/../lib/gcc/ba-elf/4.7.4/../../../../ba-elf/lib/mcpu_jn51xx_sizeopt\libc.a(lib_a-memcpy.o)
 .debug_abbrev  0x0000000000000132       0x8e e:/sdk/tools/ba-elf-ba2-r36379/bin/../lib/gcc/ba-elf/4.7.4/../../../../ba-elf/lib/mcpu_jn51xx_sizeopt\libc.a(lib_a-memset.o)
 .debug_abbrev  0x00000000000001c0       0x14 e:/sdk/tools/ba-elf-ba2-r36379/bin/../lib/gcc/ba-elf/4.7.4/mcpu_jn51xx_sizeopt\libgcc.a(__udivsi3.o)
 .debug_abbrev  0x00000000000001d4       0x14 e:/sdk/tools/ba-elf-ba2-r36379/bin/../lib/gcc/ba-elf/4.7.4/mcpu_jn51xx_sizeopt\libgcc.a(__umodsi3.o)
 .debug_abbrev  0x00000000000001e8       0x14 e:/sdk/tools/ba-elf-ba2-r36379/bin/../lib/gcc/ba-elf/4.7.4/mcpu_jn51xx_sizeopt\libgcc.a(__modsi3.o)
 .debug_abbrev  0x00000000000001fc      0x15d e:/sdk/tools/ba-elf-ba2-r36379/bin/../lib/gcc/ba-elf/4.7.4/mcpu_jn51xx_sizeopt\libgcc.a(_udivdi3.o)
 .debug_abbrev  0x0000000000000359       0x14 ../../../../sdk/JN-SW-4170/Components/Library\libBoot_JN516x.a(ExceptionHandler.o)

.debug_loc      0x0000000000000000      0xb66
 .debug_loc     0x0000000000000000       0x73 e:/sdk/tools/ba-elf-ba2-r36379/bin/../lib/gcc/ba-elf/4.7.4/../../../../ba-elf/lib/mcpu_jn51xx_sizeopt\libc.a(lib_a-memcmp.o)
 .debug_loc     0x0000000000000073       0x39 e:/sdk/tools/ba-elf-ba2-r36379/bin/../lib/gcc/ba-elf/4.7.4/../../../../ba-elf/lib/mcpu_jn51xx_sizeopt\libc.a(lib_a-memcpy.o)
 .debug_loc     0x00000000000000ac       0x3f e:/sdk/tools/ba-elf-ba2-r36379/bin/../lib/gcc/ba-elf/4.7.4/../../../../ba-elf/lib/mcpu_jn51xx_sizeopt\libc.a(lib_a-memset.o)
 .debug_loc     0x00000000000000eb      0xa7b e:/sdk/tools/ba-elf-ba2-r36379/bin/../lib/gcc/ba-elf/4.7.4/mcpu_jn51xx_sizeopt\libgcc.a(_udivdi3.o)

.debug_aranges  0x0000000000000000      0x100
 .debug_aranges
                0x0000000000000000       0x20 e:/sdk/tools/ba-elf-ba2-r36379/bin/../lib/gcc/ba-elf/4.7.4/../../../../ba-elf/lib/mcpu_jn51xx_sizeopt\libc.a(lib_a-memcmp.o)
 .debug_aranges
                0x0000000000000020       0x20 e:/sdk/tools/ba-elf-ba2-r36379/bin/../lib/gcc/ba-elf/4.7.4/../../../../ba-elf/lib/mcpu_jn51xx_sizeopt\libc.a(lib_a-memcpy.o)
 .debug_aranges
                0x0000000000000040       0x20 e:/sdk/tools/ba-elf-ba2-r36379/bin/../lib/gcc/ba-elf/4.7.4/../../../../ba-elf/lib/mcpu_jn51xx_sizeopt\libc.a(lib_a-memset.o)
 .debug_aranges
                0x0000000000000060       0x20 e:/sdk/tools/ba-elf-ba2-r36379/bin/../lib/gcc/ba-elf/4.7.4/mcpu_jn51xx_sizeopt\libgcc.a(__udivsi3.o)
 .debug_aranges
                0x0000000000000080       0x20 e:/sdk/tools/ba-elf-ba2-r36379/bin/../lib/gcc/ba-elf/4.7.4/mcpu_jn51xx_sizeopt\libgcc.a(__umodsi3.o)
 .debug_aranges
                0x00000000000000a0       0x20 e:/sdk/tools/ba-elf-ba2-r36379/bin/../lib/gcc/ba-elf/4.7.4/mcpu_jn51xx_sizeopt\libgcc.a(__modsi3.o)
 .debug_aranges
                0x00000000000000c0       0x20 e:/sdk/tools/ba-elf-ba2-r36379/bin/../lib/gcc/ba-elf/4.7.4/mcpu_jn51xx_sizeopt\libgcc.a(_udivdi3.o)
 .debug_aranges
                0x00000000000000e0       0x20 ../../../../sdk/JN-SW-4170/Components/Library\libBoot_JN516x.a(ExceptionHandler.o)

.debug_line     0x0000000000000000      0xff9
 .debug_line    0x0000000000000000      0x154 e:/sdk/tools/ba-elf-ba2-r36379/bin/../lib/gcc/ba-elf/4.7.4/../../../../ba-elf/lib/mcpu_jn51xx_sizeopt\libc.a(lib_a-memcmp.o)
 .debug_line    0x0000000000000154      0x148 e:/sdk/tools/ba-elf-ba2-r36379/bin/../lib/gcc/ba-elf/4.7.4/../../../../ba-elf/lib/mcpu_jn51xx_sizeopt\libc.a(lib_a-memcpy.o)
 .debug_line    0x000000000000029c      0x13e e:/sdk/tools/ba-elf-ba2-r36379/bin/../lib/gcc/ba-elf/4.7.4/../../../../ba-elf/lib/mcpu_jn51xx_sizeopt\libc.a(lib_a-memset.o)
 .debug_line    0x00000000000003da      0x47b e:/sdk/tools/ba-elf-ba2-r36379/bin/../lib/gcc/ba-elf/4.7.4/mcpu_jn51xx_sizeopt\libgcc.a(__udivsi3.o)
 .debug_line    0x0000000000000855      0x3c7 e:/sdk/tools/ba-elf-ba2-r36379/bin/../lib/gcc/ba-elf/4.7.4/mcpu_jn51xx_sizeopt\libgcc.a(__umodsi3.o)
 .debug_line    0x0000000000000c1c       0xa3 e:/sdk/tools/ba-elf-ba2-r36379/bin/../lib/gcc/ba-elf/4.7.4/mcpu_jn51xx_sizeopt\libgcc.a(__modsi3.o)
 .debug_line    0x0000000000000cbf      0x1b7 e:/sdk/tools/ba-elf-ba2-r36379/bin/../lib/gcc/ba-elf/4.7.4/mcpu_jn51xx_sizeopt\libgcc.a(_udivdi3.o)
 .debug_line    0x0000000000000e76      0x183 ../../../../sdk/JN-SW-4170/Components/Library\libBoot_JN516x.a(ExceptionHandler.o)

.debug_str      0x0000000000000000      0x2e8
 .debug_str     0x0000000000000000      0x119 e:/sdk/tools/ba-elf-ba2-r36379/bin/../lib/gcc/ba-elf/4.7.4/../../../../ba-elf/lib/mcpu_jn51xx_sizeopt\libc.a(lib_a-memcmp.o)
                                        0x152 (size before relaxing)
 .debug_str     0x0000000000000119       0x5d e:/sdk/tools/ba-elf-ba2-r36379/bin/../lib/gcc/ba-elf/4.7.4/../../../../ba-elf/lib/mcpu_jn51xx_sizeopt\libc.a(lib_a-memcpy.o)
                                        0x166 (size before relaxing)
 .debug_str     0x0000000000000176       0x49 e:/sdk/tools/ba-elf-ba2-r36379/bin/../lib/gcc/ba-elf/4.7.4/../../../../ba-elf/lib/mcpu_jn51xx_sizeopt\libc.a(lib_a-memset.o)
                                        0x152 (size before relaxing)
 .debug_str     0x00000000000001bf      0x129 e:/sdk/tools/ba-elf-ba2-r36379/bin/../lib/gcc/ba-elf/4.7.4/mcpu_jn51xx_sizeopt\libgcc.a(_udivdi3.o)
                                        0x1d4 (size before relaxing)

.debug_frame    0x0000000000000000       0x60
 .debug_frame   0x0000000000000000       0x20 e:/sdk/tools/ba-elf-ba2-r36379/bin/../lib/gcc/ba-elf/4.7.4/../../../../ba-elf/lib/mcpu_jn51xx_sizeopt\libc.a(lib_a-memcmp.o)
 .debug_frame   0x0000000000000020       0x20 e:/sdk/tools/ba-elf-ba2-r36379/bin/../lib/gcc/ba-elf/4.7.4/../../../../ba-elf/lib/mcpu_jn51xx_sizeopt\libc.a(lib_a-memcpy.o)
 .debug_frame   0x0000000000000040       0x20 e:/sdk/tools/ba-elf-ba2-r36379/bin/../lib/gcc/ba-elf/4.7.4/../../../../ba-elf/lib/mcpu_jn51xx_sizeopt\libc.a(lib_a-memset.o)

.debug_ranges   0x0000000000000000       0xa0
 .debug_ranges  0x0000000000000000       0xa0 e:/sdk/tools/ba-elf-ba2-r36379/bin/../lib/gcc/ba-elf/4.7.4/mcpu_jn51xx_sizeopt\libgcc.a(_udivdi3.o)
