Archive member included because of file (symbol)

e:/NXP/bstudio_nxp/sdk/JN-SW-4170/Components/Library\libPWRM_JN516x.a(pwrm.o)
                              e:/NXP/Sensor/LightSensor/Build/app_start_sensor.o (symbol from plugin) (PWRM_vInit)
e:/NXP/bstudio_nxp/sdk/JN-SW-4170/Components/Library\libPWRM_JN516x.a(pwrm_setjmp_JN516x.o)
                              pwrm.o (symbol from plugin) (setjmp)
e:/NXP/bstudio_nxp/sdk/JN-SW-4170/Components/Library\libPWRM_JN516x.a(pwrm_cold_start.o)
                              (AppColdStart)
e:/NXP/bstudio_nxp/sdk/JN-SW-4170/Components/Library\libPWRM_JN516x.a(pwrm_warm_start.o)
                              (AppWarmStart)
e:/NXP/bstudio_nxp/sdk/JN-SW-4170/Components/Library\libPDUM_JN516x.a(pdum_nwk.o)
                              e:/NXP/Sensor/LightSensor/Build/pdum_gen.o (pdum_vNPduInit)
e:/NXP/bstudio_nxp/sdk/JN-SW-4170/Components/Library\libPDUM_JN516x.a(pdum_apl.o)
                              e:/NXP/Sensor/LightSensor/Build/appZdpExtraction.o (symbol from plugin) (PDUM_u16APduInstanceReadNBO)
e:/NXP/bstudio_nxp/sdk/JN-SW-4170/Components/Library\libPDUM_JN516x.a(pdum.o)
                              pdum_nwk.o (symbol from plugin) (PDUM_u16SizeNBO)
e:/NXP/bstudio_nxp/sdk/JN-SW-4170/Components/Library\libZPSAPL_JN516x.a(zps_apl_version_lc.o)
                              e:/NXP/Sensor/LightSensor/Build/zps_gen.o (ZPS_APL_Version_3v0)
e:/NXP/bstudio_nxp/sdk/JN-SW-4170/Components/Library\libZPSAPL_JN516x.a(zps_apl_af.o)
                              e:/NXP/Sensor/LightSensor/Build/app_zlo_sensor_node.o (symbol from plugin) (ZPS_eAplAfInit)
e:/NXP/bstudio_nxp/sdk/JN-SW-4170/Components/Library\libZPSAPL_JN516x.a(zps_apl_af_apsde.o)
                              e:/NXP/Sensor/LightSensor/Build/zps_gen.o (zps_vHandleApsdeDataFragIndNotSupported)
e:/NXP/bstudio_nxp/sdk/JN-SW-4170/Components/Library\libZPSAPL_JN516x.a(zps_apl_task.o)
                              zps_apl_af_apsde.o (symbol from plugin) (zps_vAplAfPostEvent)
e:/NXP/bstudio_nxp/sdk/JN-SW-4170/Components/Library\libZPSAPL_JN516x.a(zps_apl_apsde.o)
                              zps_apl_task.o (symbol from plugin) (ZPS_vAplRegisterApsdeDcfmIndCallbacks)
e:/NXP/bstudio_nxp/sdk/JN-SW-4170/Components/Library\libZPSAPL_JN516x.a(zps_apl_apsme.o)
                              zps_apl_task.o (symbol from plugin) (ZPS_vAplRegisterApsmeDcfmIndCallbacks)
e:/NXP/bstudio_nxp/sdk/JN-SW-4170/Components/Library\libZPSAPL_JN516x.a(zps_apl_aps_nlde.o)
                              zps_apl_task.o (symbol from plugin) (zps_vAplApsHandleNldeDcfmInd)
e:/NXP/bstudio_nxp/sdk/JN-SW-4170/Components/Library\libZPSAPL_JN516x.a(zps_apl_sec.o)
                              e:/NXP/Sensor/LightSensor/Build/bdb_DeviceCommissioning.o (symbol from plugin) (zps_pvAesGetKeyFromInstallCode)
e:/NXP/bstudio_nxp/sdk/JN-SW-4170/Components/Library\libZPSAPL_JN516x.a(zps_apl_aib.o)
                              e:/NXP/Sensor/LightSensor/Build/app_zcl_sensor_task.o (symbol from plugin) (zps_psAplAibGetAib)
e:/NXP/bstudio_nxp/sdk/JN-SW-4170/Components/Library\libZPSAPL_JN516x.a(zps_apl_zdo_nwkmanager.o)
                              zps_apl_apsme.o (symbol from plugin) (zps_vAplSaveRecord)
e:/NXP/bstudio_nxp/sdk/JN-SW-4170/Components/Library\libZPSAPL_JN516x.a(zps_apl_zdo_handle_zdp_event.o)
                              zps_apl_task.o (symbol from plugin) (zps_bAplZdoHandleZdpEvent)
e:/NXP/bstudio_nxp/sdk/JN-SW-4170/Components/Library\libZPSAPL_JN516x.a(zps_apl_zdo_trust_center.o)
                              zps_apl_aps_nlde.o (symbol from plugin) (zps_eAplTrustCenterFindDevice)
e:/NXP/bstudio_nxp/sdk/JN-SW-4170/Components/Library\libZPSAPL_JN516x.a(zps_apl_zdo_common.o)
                              zps_apl_zdo_nwkmanager.o (symbol from plugin) (zps_eAplZdoNlmeleaveWrapper)
e:/NXP/bstudio_nxp/sdk/JN-SW-4170/Components/Library\libZPSAPL_JN516x.a(zps_apl_zdo_group.o)
                              e:/NXP/Sensor/LightSensor/Build/GroupsTableManager.o (symbol from plugin) (zps_eAplZdoGroupEndpointAdd)
e:/NXP/bstudio_nxp/sdk/JN-SW-4170/Components/Library\libZPSAPL_JN516x.a(zps_apl_zdo_default_server.o)
                              e:/NXP/Sensor/LightSensor/Build/zps_gen.o (zps_vAplZdoDefaultServerInit)
e:/NXP/bstudio_nxp/sdk/JN-SW-4170/Components/Library\libZPSAPL_JN516x.a(zps_apl_zdo_bind_manager.o)
                              e:/NXP/Sensor/LightSensor/Build/bdb_fb_initiator.o (symbol from plugin) (zps_eAplZdoBind)
e:/NXP/bstudio_nxp/sdk/JN-SW-4170/Components/Library\libZPSAPL_JN516x.a(zps_apl_mac_isr.o)
                              zps_apl_zdo_nwkmanager.o (symbol from plugin) (zps_vAplAfIsrInit)
e:/NXP/bstudio_nxp/sdk/JN-SW-4170/Components/Library\libZPSAPL_JN516x.a(zps_apl_zdo_nwk_addr_server.o)
                              e:/NXP/Sensor/LightSensor/Build/zps_gen.o (zps_vAplZdoNwkAddrServerInit)
e:/NXP/bstudio_nxp/sdk/JN-SW-4170/Components/Library\libZPSAPL_JN516x.a(zps_apl_zdo_ieee_addr_server.o)
[...]
Memory Configuration

Name             Origin             Length             Attributes
flash            0x0000000000080000 0x0000000000080000
ram              0x000000000400004c 0x0000000000007fb4
*default*        0x0000000000000000 0xffffffffffffffff

Linker script and memory map

                0x0000000000001388                __stack_size = 0x1388
                0x00000000000007d0                __minimum_heap_size = 0x7d0
START GROUP
LOAD e:/NXP/Sensor/LightSensor/Build/irq_JN516x.o
LOAD e:/NXP/Sensor/LightSensor/Build/pdum_gen.o
LOAD e:/NXP/Sensor/LightSensor/Build/pdum_apdu.o
LOAD e:/NXP/Sensor/LightSensor/Build/zps_gen.o
LOAD e:/NXP/Sensor/LightSensor/Build/app_pdm.o
LOAD C:\Users\ADMINI~1\AppData\Local\Temp\cc5Fnurc.ltrans0.ltrans.o
LOAD C:\Users\ADMINI~1\AppData\Local\Temp\cc5Fnurc.ltrans1.ltrans.o
LOAD C:\Users\ADMINI~1\AppData\Local\Temp\cc5Fnurc.ltrans2.ltrans.o
LOAD C:\Users\ADMINI~1\AppData\Local\Temp\cc5Fnurc.ltrans3.ltrans.o
LOAD C:\Users\ADMINI~1\AppData\Local\Temp\cc5Fnurc.ltrans4.ltrans.o
LOAD C:\Users\ADMINI~1\AppData\Local\Temp\cc5Fnurc.ltrans5.ltrans.o
LOAD C:\Users\ADMINI~1\AppData\Local\Temp\cc5Fnurc.ltrans6.ltrans.o
LOAD C:\Users\ADMINI~1\AppData\Local\Temp\cc5Fnurc.ltrans7.ltrans.o
LOAD C:\Users\ADMINI~1\AppData\Local\Temp\cc5Fnurc.ltrans8.ltrans.o
LOAD C:\Users\ADMINI~1\AppData\Local\Temp\cc5Fnurc.ltrans9.ltrans.o
LOAD C:\Users\ADMINI~1\AppData\Local\Temp\cc5Fnurc.ltrans10.ltrans.o
LOAD C:\Users\ADMINI~1\AppData\Local\Temp\cc5Fnurc.ltrans11.ltrans.o
LOAD C:\Users\ADMINI~1\AppData\Local\Temp\cc5Fnurc.ltrans12.ltrans.o
LOAD C:\Users\ADMINI~1\AppData\Local\Temp\cc5Fnurc.ltrans13.ltrans.o
LOAD C:\Users\ADMINI~1\AppData\Local\Temp\cc5Fnurc.ltrans14.ltrans.o
LOAD C:\Users\ADMINI~1\AppData\Local\Temp\cc5Fnurc.ltrans15.ltrans.o
LOAD C:\Users\ADMINI~1\AppData\Local\Temp\cc5Fnurc.ltrans16.ltrans.o
LOAD C:\Users\ADMINI~1\AppData\Local\Temp\cc5Fnurc.ltrans17.ltrans.o
LOAD C:\Users\ADMINI~1\AppData\Local\Temp\cc5Fnurc.ltrans18.ltrans.o
LOAD C:\Users\ADMINI~1\AppData\Local\Temp\cc5Fnurc.ltrans19.ltrans.o
LOAD C:\Users\ADMINI~1\AppData\Local\Temp\cc5Fnurc.ltrans20.ltrans.o
LOAD C:\Users\ADMINI~1\AppData\Local\Temp\cc5Fnurc.ltrans21.ltrans.o
LOAD C:\Users\ADMINI~1\AppData\Local\Temp\cc5Fnurc.ltrans22.ltrans.o
LOAD C:\Users\ADMINI~1\AppData\Local\Temp\cc5Fnurc.ltrans23.ltrans.o
LOAD C:\Users\ADMINI~1\AppData\Local\Temp\cc5Fnurc.ltrans24.ltrans.o
LOAD C:\Users\ADMINI~1\AppData\Local\Temp\cc5Fnurc.ltrans25.ltrans.o
LOAD C:\Users\ADMINI~1\AppData\Local\Temp\cc5Fnurc.ltrans26.ltrans.o
LOAD C:\Users\ADMINI~1\AppData\Local\Temp\cc5Fnurc.ltrans27.ltrans.o
LOAD C:\Users\ADMINI~1\AppData\Local\Temp\cc5Fnurc.ltrans28.ltrans.o
LOAD C:\Users\ADMINI~1\AppData\Local\Temp\cc5Fnurc.ltrans29.ltrans.o
LOAD C:\Users\ADMINI~1\AppData\Local\Temp\cc5Fnurc.ltrans30.ltrans.o
LOAD C:\Users\ADMINI~1\AppData\Local\Temp\cc5Fnurc.ltrans31.ltrans.o
LOAD e:/nxp/bstudio_nxp/sdk/tools/ba-elf-ba2-r36379/bin/../lib/gcc/ba-elf/4.7.4/../../../../ba-elf/lib/mcpu_jn51xx_sizeopt\libc.a
LOAD e:/nxp/bstudio_nxp/sdk/tools/ba-elf-ba2-r36379/bin/../lib/gcc/ba-elf/4.7.4/mcpu_jn51xx_sizeopt\libgcc.a
LOAD e:/nxp/bstudio_nxp/sdk/tools/ba-elf-ba2-r36379/bin/../lib/gcc/ba-elf/4.7.4/../../../../ba-elf/lib/mcpu_jn51xx_sizeopt\libc.a
LOAD e:/NXP/Sensor/LightSensor/Build/app_reporting.o
LOAD e:/NXP/Sensor/LightSensor/Build/app_main.o
LOAD e:/NXP/Sensor/LightSensor/Build/app_start_sensor.o
LOAD e:/NXP/Sensor/LightSensor/Build/App_LightSensor.o
LOAD e:/NXP/Sensor/LightSensor/Build/app_zlo_sensor_node.o
LOAD e:/NXP/Sensor/LightSensor/Build/app_zcl_sensor_task.o
LOAD e:/NXP/Sensor/LightSensor/Build/app_light_sensor_buttons.o
LOAD e:/NXP/Sensor/LightSensor/Build/app_light_sensor_state_machine.o
LOAD e:/NXP/Sensor/LightSensor/Build/app_sleep_handler.o
LOAD e:/NXP/Sensor/LightSensor/Build/app_nwk_event_handler.o
LOAD e:/NXP/Sensor/LightSensor/Build/app_event_handler.o
LOAD e:/NXP/Sensor/LightSensor/Build/app_power_on_counter.o
LOAD e:/NXP/Sensor/LightSensor/Build/app_zcl_tick_handler.o
LOAD e:/NXP/Sensor/LightSensor/Build/app_blink_led.o
LOAD e:/NXP/Sensor/LightSensor/Build/app_ntag.o
LOAD e:/NXP/Sensor/LightSensor/Build/Alarms.o
LOAD e:/NXP/Sensor/LightSensor/Build/AlarmsClientCommands.o
LOAD e:/NXP/Sensor/LightSensor/Build/AlarmsCommandHandler.o
LOAD e:/NXP/Sensor/LightSensor/Build/AlarmsServerCommands.o
LOAD e:/NXP/Sensor/LightSensor/Build/AlarmsTableManager.o
LOAD e:/NXP/Sensor/LightSensor/Build/AnalogInputBasic.o
LOAD e:/NXP/Sensor/LightSensor/Build/AnalogOutputBasic.o
LOAD e:/NXP/Sensor/LightSensor/Build/Basic.o
LOAD e:/NXP/Sensor/LightSensor/Build/BasicClientCommands.o
LOAD e:/NXP/Sensor/LightSensor/Build/BasicCommandHandler.o
LOAD e:/NXP/Sensor/LightSensor/Build/BinaryInputBasic.o
LOAD e:/NXP/Sensor/LightSensor/Build/BinaryOutputBasic.o
LOAD e:/NXP/Sensor/LightSensor/Build/DeviceTemperatureConfiguration.o
LOAD e:/NXP/Sensor/LightSensor/Build/Diagnostics.o
LOAD e:/NXP/Sensor/LightSensor/Build/Groups.o
LOAD e:/NXP/Sensor/LightSensor/Build/GroupsClientCommands.o
LOAD e:/NXP/Sensor/LightSensor/Build/GroupsCommandHandler.o
LOAD e:/NXP/Sensor/LightSensor/Build/GroupsServerCommands.o
LOAD e:/NXP/Sensor/LightSensor/Build/GroupsTableManager.o
LOAD e:/NXP/Sensor/LightSensor/Build/Identify.o
LOAD e:/NXP/Sensor/LightSensor/Build/IdentifyClientCommands.o
LOAD e:/NXP/Sensor/LightSensor/Build/IdentifyCommandHandler.o
LOAD e:/NXP/Sensor/LightSensor/Build/IdentifyServerCommands.o
LOAD e:/NXP/Sensor/LightSensor/Build/LevelControl.o
LOAD e:/NXP/Sensor/LightSensor/Build/LevelControlClientCommands.o
LOAD e:/NXP/Sensor/LightSensor/Build/LevelControlCommandHandler.o
LOAD e:/NXP/Sensor/LightSensor/Build/MultistateInputBasic.o
LOAD e:/NXP/Sensor/LightSensor/Build/MultistateOutputBasic.o
LOAD e:/NXP/Sensor/LightSensor/Build/OOSC.o
LOAD e:/NXP/Sensor/LightSensor/Build/OnOff.o
LOAD e:/NXP/Sensor/LightSensor/Build/OnOffCommandHandler.o
LOAD e:/NXP/Sensor/LightSensor/Build/OnOffCommands.o
LOAD e:/NXP/Sensor/LightSensor/Build/PollControl.o
LOAD e:/NXP/Sensor/LightSensor/Build/PollControlClientCommands.o
LOAD e:/NXP/Sensor/LightSensor/Build/PollControlCommandHandler.o
LOAD e:/NXP/Sensor/LightSensor/Build/PollControlServerCommands.o
LOAD e:/NXP/Sensor/LightSensor/Build/PowerConfiguration.o
LOAD e:/NXP/Sensor/LightSensor/Build/PowerProfile.o
LOAD e:/NXP/Sensor/LightSensor/Build/PowerProfileClientCommands.o
LOAD e:/NXP/Sensor/LightSensor/Build/PowerProfileCommandHandler.o
LOAD e:/NXP/Sensor/LightSensor/Build/PowerProfileServerCommands.o
LOAD e:/NXP/Sensor/LightSensor/Build/Scenes.o
LOAD e:/NXP/Sensor/LightSensor/Build/ScenesClientCommands.o
LOAD e:/NXP/Sensor/LightSensor/Build/ScenesClusterManagement.o
LOAD e:/NXP/Sensor/LightSensor/Build/ScenesCommandHandler.o
LOAD e:/NXP/Sensor/LightSensor/Build/ScenesServerCommands.o
LOAD e:/NXP/Sensor/LightSensor/Build/ScenesTableManager.o
LOAD e:/NXP/Sensor/LightSensor/Build/TC.o
LOAD e:/NXP/Sensor/LightSensor/Build/Time.o
LOAD e:/NXP/Sensor/LightSensor/Build/base_device.o
LOAD e:/NXP/Sensor/LightSensor/Build/mains_power_outlet.o
LOAD e:/NXP/Sensor/LightSensor/Build/on_off_output.o
LOAD e:/NXP/Sensor/LightSensor/Build/remote_control.o
LOAD e:/NXP/Sensor/LightSensor/Build/simple_sensor.o
LOAD e:/NXP/Sensor/LightSensor/Build/ElectricalMeasurement.o
LOAD e:/NXP/Sensor/LightSensor/Build/FlowMeasurement.o
LOAD e:/NXP/Sensor/LightSensor/Build/IlluminanceLevelSensing.o
LOAD e:/NXP/Sensor/LightSensor/Build/IlluminanceMeasurement.o
LOAD e:/NXP/Sensor/LightSensor/Build/OccupancySensing.o
LOAD e:/NXP/Sensor/LightSensor/Build/PressureMeasurement.o
LOAD e:/NXP/Sensor/LightSensor/Build/RelativeHumidityMeasurement.o
LOAD e:/NXP/Sensor/LightSensor/Build/TemperatureMeasurement.o
LOAD e:/NXP/Sensor/LightSensor/Build/BallastConfiguration.o
LOAD e:/NXP/Sensor/LightSensor/Build/ColourControl.o
LOAD e:/NXP/Sensor/LightSensor/Build/ColourControlClientCommands.o
LOAD e:/NXP/Sensor/LightSensor/Build/ColourControlCommandHandler.o
LOAD e:/NXP/Sensor/LightSensor/Build/ColourControlConversions.o
LOAD e:/NXP/Sensor/LightSensor/Build/colour_controller.o
LOAD e:/NXP/Sensor/LightSensor/Build/colour_dimmable_light.o
LOAD e:/NXP/Sensor/LightSensor/Build/colour_dimmer_switch.o
LOAD e:/NXP/Sensor/LightSensor/Build/colour_scene_controller.o
LOAD e:/NXP/Sensor/LightSensor/Build/colour_temperature_light.o
LOAD e:/NXP/Sensor/LightSensor/Build/commission_endpoint.o
LOAD e:/NXP/Sensor/LightSensor/Build/control_bridge.o
LOAD e:/NXP/Sensor/LightSensor/Build/dimmable_ballast.o
LOAD e:/NXP/Sensor/LightSensor/Build/dimmable_light.o
LOAD e:/NXP/Sensor/LightSensor/Build/dimmable_plug.o
LOAD e:/NXP/Sensor/LightSensor/Build/dimmer_switch.o
LOAD e:/NXP/Sensor/LightSensor/Build/extended_colour_light.o
LOAD e:/NXP/Sensor/LightSensor/Build/light_level_sensor.o
LOAD e:/NXP/Sensor/LightSensor/Build/light_sensor.o
LOAD e:/NXP/Sensor/LightSensor/Build/non_colour_controller.o
LOAD e:/NXP/Sensor/LightSensor/Build/non_colour_scene_controller.o
LOAD e:/NXP/Sensor/LightSensor/Build/occupancy_sensor.o
LOAD e:/NXP/Sensor/LightSensor/Build/on_off_ballast.o
LOAD e:/NXP/Sensor/LightSensor/Build/on_off_light.o
LOAD e:/NXP/Sensor/LightSensor/Build/on_off_light_switch.o
LOAD e:/NXP/Sensor/LightSensor/Build/on_off_plug.o
LOAD e:/NXP/Sensor/LightSensor/Build/on_off_sensor.o
LOAD e:/NXP/Sensor/LightSensor/Build/dlist.o
LOAD e:/NXP/Sensor/LightSensor/Build/zcl.o
LOAD e:/NXP/Sensor/LightSensor/Build/zcl_CustomCommandReceive.o
LOAD e:/NXP/Sensor/LightSensor/Build/zcl_CustomCommandSend.o
LOAD e:/NXP/Sensor/LightSensor/Build/zcl_PDUbufferReadWrite.o
LOAD e:/NXP/Sensor/LightSensor/Build/zcl_PDUbufferReadWriteString.o
LOAD e:/NXP/Sensor/LightSensor/Build/zcl_WriteAttributesRequestHandle.o
LOAD e:/NXP/Sensor/LightSensor/Build/zcl_WriteAttributesRequestSend.o
LOAD e:/NXP/Sensor/LightSensor/Build/zcl_WriteAttributesResponseHandle.o
LOAD e:/NXP/Sensor/LightSensor/Build/zcl_attribute.o
LOAD e:/NXP/Sensor/LightSensor/Build/zcl_buffer.o
LOAD e:/NXP/Sensor/LightSensor/Build/zcl_clusterCommand.o
LOAD e:/NXP/Sensor/LightSensor/Build/zcl_command.o
LOAD e:/NXP/Sensor/LightSensor/Build/zcl_common.o
LOAD e:/NXP/Sensor/LightSensor/Build/zcl_configureReportingCommandHandle.o
LOAD e:/NXP/Sensor/LightSensor/Build/zcl_configureReportingCommandSend.o
LOAD e:/NXP/Sensor/LightSensor/Build/zcl_configureReportingResponseHandle.o
LOAD e:/NXP/Sensor/LightSensor/Build/zcl_defaultResponse.o
LOAD e:/NXP/Sensor/LightSensor/Build/zcl_discoverAttributesExtendedRequestHandle.o
LOAD e:/NXP/Sensor/LightSensor/Build/zcl_discoverAttributesExtendedRequestSend.o
LOAD e:/NXP/Sensor/LightSensor/Build/zcl_discoverAttributesExtendedResponseHandle.o
LOAD e:/NXP/Sensor/LightSensor/Build/zcl_discoverAttributesRequestHandle.o
LOAD e:/NXP/Sensor/LightSensor/Build/zcl_discoverAttributesRequestSend.o
LOAD e:/NXP/Sensor/LightSensor/Build/zcl_discoverAttributesResponseHandle.o
LOAD e:/NXP/Sensor/LightSensor/Build/zcl_discoverCommandsRequestHandle.o
LOAD e:/NXP/Sensor/LightSensor/Build/zcl_discoverCommandsRequestSend.o
LOAD e:/NXP/Sensor/LightSensor/Build/zcl_discoverCommandsResponseHandle.o
LOAD e:/NXP/Sensor/LightSensor/Build/zcl_event.o
LOAD e:/NXP/Sensor/LightSensor/Build/zcl_heap.o
LOAD e:/NXP/Sensor/LightSensor/Build/zcl_library_options.o
LOAD e:/NXP/Sensor/LightSensor/Build/zcl_readAttributesRequestHandle.o
LOAD e:/NXP/Sensor/LightSensor/Build/zcl_readAttributesRequestSend.o
LOAD e:/NXP/Sensor/LightSensor/Build/zcl_readAttributesResponseHandle.o
LOAD e:/NXP/Sensor/LightSensor/Build/zcl_readReportingConfigurationCommandHandle.o
LOAD e:/NXP/Sensor/LightSensor/Build/zcl_readReportingConfigurationCommandSend.o
LOAD e:/NXP/Sensor/LightSensor/Build/zcl_readReportingConfigurationResponseHandle.o
LOAD e:/NXP/Sensor/LightSensor/Build/zcl_reportManager.o
LOAD e:/NXP/Sensor/LightSensor/Build/zcl_reportMaths.o
LOAD e:/NXP/Sensor/LightSensor/Build/zcl_reportScheduler.o
LOAD e:/NXP/Sensor/LightSensor/Build/zcl_reportStringHandling.o
LOAD e:/NXP/Sensor/LightSensor/Build/zcl_reportStructure.o
LOAD e:/NXP/Sensor/LightSensor/Build/zcl_search.o
LOAD e:/NXP/Sensor/LightSensor/Build/zcl_timer.o
LOAD e:/NXP/Sensor/LightSensor/Build/zcl_transmit.o
LOAD e:/NXP/Sensor/LightSensor/Build/bdb_fr.o
LOAD e:/NXP/Sensor/LightSensor/Build/bdb_link_keys.o
LOAD e:/NXP/Sensor/LightSensor/Build/bdb_start.o
LOAD e:/NXP/Sensor/LightSensor/Build/bdb_state_machine.o
LOAD e:/NXP/Sensor/LightSensor/Build/ZQueue.o
LOAD e:/NXP/Sensor/LightSensor/Build/ZTimer.o
LOAD e:/NXP/Sensor/LightSensor/Build/appZdpExtraction.o
LOAD e:/NXP/Sensor/LightSensor/Build/appZpsBeaconHandler.o
LOAD e:/NXP/Sensor/LightSensor/Build/appZpsExtendedDebug.o
LOAD e:/NXP/Sensor/LightSensor/Build/port.o
LOAD e:/NXP/Sensor/LightSensor/Build/portasm.o
LOAD e:/NXP/Sensor/LightSensor/Build/bdb_ns.o
LOAD e:/NXP/Sensor/LightSensor/Build/bdb_fb_common.o
LOAD e:/NXP/Sensor/LightSensor/Build/bdb_fb_initiator.o
LOAD e:/NXP/Sensor/LightSensor/Build/bdb_DeviceCommissioning.o
LOAD e:/NXP/bstudio_nxp/sdk/JN-SW-4170/Components/Library\libZPSMAC_Mini_JN516x.a
LOAD e:/NXP/bstudio_nxp/sdk/JN-SW-4170/Components/Library\libPWRM_JN516x.a
LOAD e:/NXP/bstudio_nxp/sdk/JN-SW-4170/Components/Library\libZPSTSV_JN516x.a
LOAD e:/NXP/bstudio_nxp/sdk/JN-SW-4170/Components/Library\libAES_SW_JN516x.a
LOAD e:/NXP/bstudio_nxp/sdk/JN-SW-4170/Components/Library\libPDUM_JN516x.a
LOAD e:/NXP/bstudio_nxp/sdk/JN-SW-4170/Components/Library\libZPSAPL_JN516x.a
LOAD e:/NXP/bstudio_nxp/sdk/JN-SW-4170/Components/Library\libRandom_JN516x.a
LOAD e:/NXP/bstudio_nxp/sdk/JN-SW-4170/Components/Library\libPDM_EEPROM_NO_RTOS_JN516x.a
LOAD e:/NXP/bstudio_nxp/sdk/JN-SW-4170/Components/Library\libDBG_JN516x.a
LOAD e:/NXP/bstudio_nxp/sdk/JN-SW-4170/Components/Library\libZPSNWK_ZED_JN516x.a
LOAD e:/NXP/Sensor/NTAG/Library\libNTAG_JN516x.a
LOAD e:/NXP/bstudio_nxp/sdk/JN-SW-4170/Components/Library\libMiniMac_JN5169.a
LOAD e:/NXP/bstudio_nxp/sdk/JN-SW-4170/Components/Library\libMiniMacShim_JN516x.a
LOAD e:/NXP/bstudio_nxp/sdk/JN-SW-4170/Components/Library\libMMAC_JN5169.a
LOAD e:/NXP/bstudio_nxp/sdk/JN-SW-4170/Components/Library\libJPT_JN5169.a
LOAD e:/NXP/bstudio_nxp/sdk/JN-SW-4170/Components/Library\libAes_JN516x.a
LOAD e:/NXP/bstudio_nxp/sdk/JN-SW-4170/Components/Library\libHardwareApi_JN5169.a
LOAD e:/NXP/bstudio_nxp/sdk/JN-SW-4170/Components/Library\libMicroSpecific_JN516x.a
LOAD e:/NXP/bstudio_nxp/sdk/JN-SW-4170/Components/Library\libBoot_JN516x.a
LOAD e:/NXP/bstudio_nxp/sdk/JN-SW-4170/Platform/DK4/Library\libBoardLib_JN516x.a
LOAD e:/nxp/bstudio_nxp/sdk/tools/ba-elf-ba2-r36379/bin/../lib/gcc/ba-elf/4.7.4/../../../../ba-elf/lib/mcpu_jn51xx_sizeopt\libm.a
END GROUP
LOAD e:/nxp/bstudio_nxp/sdk/tools/ba-elf-ba2-r36379/bin/../lib/gcc/ba-elf/4.7.4/../../../../ba-elf/lib/mcpu_jn51xx_sizeopt\libc.a
LOAD e:/nxp/bstudio_nxp/sdk/tools/ba-elf-ba2-r36379/bin/../lib/gcc/ba-elf/4.7.4/mcpu_jn51xx_sizeopt\libgcc.a
LOAD e:/nxp/bstudio_nxp/sdk/tools/ba-elf-ba2-r36379/bin/../lib/gcc/ba-elf/4.7.4/../../../../ba-elf/lib/mcpu_jn51xx_sizeopt\libc.a
                0x0000000000080038                exception_vsr_table = 0x80038
                0x0000000004000000                pSPIflashFncTable = 0x4000000
                0x0000000000000044                restore_state = 0x44
                0x000000000000004a                bZSPIWaitWIPClear = 0x4a
                0x0000000000000050                u16ZSPIflashRDID = 0x50
                0x0000000000000056                u8SelectFlashChipType = 0x56
                0x000000000000005c                memcpy = 0x5c
                0x0000000000000066                vBootFlashProg = 0x66
                [0x00000000000007d0]                __minimum_heap_size = DEFINED (__minimum_heap_size)?__minimum_heap_size:0xd16
                [0x0000000000001388]                __stack_size = DEFINED (__stack_size)?__stack_size:0x800
                0x0000000000000000                _SwConfig = (DEFINED (g_bSWConf_Debug) | (DEFINED (g_bSWConf_AltDebugPort) << 0x1))

.version        0x000000000007fffc        0x4
                0x000000000007fffc        0x4 LONG 0xf03000b

.bir            0x0000000000080000       0x10
                0x0000000000080000                _flash_start = ABSOLUTE (.)
                0x0000000000080000                _flash_beg = ABSOLUTE (.)
                0x0000000000080000        0x4 LONG 0x12345678
                0x0000000000080004        0x4 LONG 0x11223344
                0x0000000000080008        0x4 LONG 0x55667788
                0x000000000008000c        0x1 BYTE 0x8
                0x000000000008000d        0x1 BYTE 0x1
                0x000000000008000e        0x2 SHORT 0x0

.flashheader    0x0000000000080010       0x28
                0x0000000000080010        0x4 LONG 0x0
                0x0000000000080014        0x4 LONG 0x0
                0x0000000000080018        0x4 LONG 0x0
                0x000000000008001c        0x2 SHORT 0x0
                0x000000000008001e        0x2 SHORT 0x0 ABSOLUTE (_SwConfig)
                0x0000000000080020                _enc_start = ABSOLUTE (.)
                0x0000000000080020        0x4 LONG 0x1fc48 ABSOLUTE (_image_len)
                0x0000000000080024        0x4 LONG 0x9f704 ABSOLUTE (_flash_data_start)
                0x0000000000080028        0x2 SHORT 0x13 ((ABSOLUTE (_ram_data_start) / 0x4) & 0xffff)
                0x000000000008002a        0x2 SHORT 0x151 ((ABSOLUTE (_ram_data_len) / 0x4) & 0xffff)
                0x000000000008002c        0x2 SHORT 0x164 ((ABSOLUTE (_bss_start) / 0x4) & 0xffff)
                0x000000000008002e        0x2 SHORT 0xfaf ((ABSOLUTE (_bss_len) / 0x4) & 0xffff)
                0x0000000000080030        0x4 LONG 0x9ad2d ABSOLUTE (AppWarmStart)
                0x0000000000080034        0x4 LONG 0x9ad47 ABSOLUTE (AppColdStart)
                0x0000000000000000                _enc_offset = (_enc_start & 0xf)

.ro_mac_address
                0x0000000000080040        0x0
                0x0000000000080040                _FlsMACAddress = ABSOLUTE (.)
 *(.ro_mac_address)
                0x0000000000080040                . = ALIGN (0x10)

.ro_ota_header  0x0000000000080040        0x0
                0x0000000000080040                _FlsOtaHeader = ABSOLUTE (.)
 *(.ro_ota_header)
                0x0000000000080040                . = ALIGN (0x10)

.ro_se_lnkKey   0x0000000000080040        0x0
                0x0000000000080040                _FlsLinkKey = ABSOLUTE (.)
 *(.ro_se_lnkKey)
                0x0000000000080040                . = ALIGN (0x10)

.rodata         0x0000000000080038     0x1a79
 *(.rodata*)
 .rodata.g_u32NwkFcSaveCountBitShift
                0x0000000000080038        0x4 e:/NXP/Sensor/LightSensor/Build/zps_gen.o
                0x0000000000080038                g_u32NwkFcSaveCountBitShift
 .rodata.g_u32ApsFcSaveCountBitShift
                0x000000000008003c        0x4 e:/NXP/Sensor/LightSensor/Build/zps_gen.o
                0x000000000008003c                g_u32ApsFcSaveCountBitShift
 .rodata.s_sNwkTblSize
                0x0000000000080040       0x10 e:/NXP/Sensor/LightSensor/Build/zps_gen.o
 .rodata.s_sNwkTbl
                0x0000000000080050       0x3c e:/NXP/Sensor/LightSensor/Build/zps_gen.o
 .rodata.s_asAplZdoServers
                0x000000000008008c       0x90 e:/NXP/Sensor/LightSensor/Build/zps_gen.o
 .rodata.s_sNodePowerDescriptor
                0x000000000008011c        0x4 e:/NXP/Sensor/LightSensor/Build/zps_gen.o
 .rodata.s_sNibInitialValues
                0x0000000000080120       0x1c e:/NXP/Sensor/LightSensor/Build/zps_gen.o
 .rodata.s_au16Endpoint0InputClusterList
                0x000000000008013c       0xa6 e:/NXP/Sensor/LightSensor/Build/zps_gen.o
 .rodata.s_au16Endpoint0OutputClusterList
                0x00000000000801e2       0xa6 e:/NXP/Sensor/LightSensor/Build/zps_gen.o
 .rodata.s_ahEndpoint0InputClusterAPdus
                0x0000000000080288      0x14c e:/NXP/Sensor/LightSensor/Build/zps_gen.o
 .rodata.s_au16Endpoint1InputClusterList
                0x00000000000803d4        0xc e:/NXP/Sensor/LightSensor/Build/zps_gen.o
 .rodata.s_au16Endpoint1OutputClusterList
                0x00000000000803e0        0x8 e:/NXP/Sensor/LightSensor/Build/zps_gen.o
 .rodata.s_ahEndpoint1InputClusterAPdus
                0x00000000000803e8       0x18 e:/NXP/Sensor/LightSensor/Build/zps_gen.o
 .rodata.str1.1
                0x0000000000080400      0x338 C:\Users\ADMINI~1\AppData\Local\Temp\cc5Fnurc.ltrans0.ltrans.o
 .rodata        0x0000000000080738      0x120 C:\Users\ADMINI~1\AppData\Local\Temp\cc5Fnurc.ltrans0.ltrans.o
                0x0000000000080748                u8MyEndpoint
 .rodata.str1.1
                0x0000000000080858        0xf C:\Users\ADMINI~1\AppData\Local\Temp\cc5Fnurc.ltrans2.ltrans.o
 *fill*         0x0000000000080867        0x1 00
 .rodata        0x0000000000080868       0x84 C:\Users\ADMINI~1\AppData\Local\Temp\cc5Fnurc.ltrans2.ltrans.o
                0x0000000000080868                au8FlashWaitStatesHSRCO.155724
                0x0000000000080870                au8FlashWaitStates32MXO.155723
 .rodata.str1.1
                0x0000000000000000        0xf C:\Users\ADMINI~1\AppData\Local\Temp\cc5Fnurc.ltrans3.ltrans.o
                                          0x3 (size before relaxing)
 .rodata        0x00000000000808ec       0x2c C:\Users\ADMINI~1\AppData\Local\Temp\cc5Fnurc.ltrans4.ltrans.o
 .rodata.str1.1
                0x0000000000080918        0x3 C:\Users\ADMINI~1\AppData\Local\Temp\cc5Fnurc.ltrans5.ltrans.o
 .rodata.str1.1
                0x000000000008091b        0x5 C:\Users\ADMINI~1\AppData\Local\Temp\cc5Fnurc.ltrans6.ltrans.o
                                         0x10 (size before relaxing)
 .rodata        0x0000000000080920        0x6 C:\Users\ADMINI~1\AppData\Local\Temp\cc5Fnurc.ltrans6.ltrans.o
 .rodata        0x0000000000080926        0x8 C:\Users\ADMINI~1\AppData\Local\Temp\cc5Fnurc.ltrans7.ltrans.o
                0x000000000008092c                u8ZpsAplSecurityOverrideLevel
                0x000000000008092d                bOverrideApsSecurity
 .rodata.str1.1
                0x0000000000000000        0x5 C:\Users\ADMINI~1\AppData\Local\Temp\cc5Fnurc.ltrans7.ltrans.o
                                          0x4 (size before relaxing)
 .rodata.str1.1
                0x000000000008092e        0xf C:\Users\ADMINI~1\AppData\Local\Temp\cc5Fnurc.ltrans8.ltrans.o
                                         0x24 (size before relaxing)
 .rodata.str1.1
                0x000000000008093d       0x35 C:\Users\ADMINI~1\AppData\Local\Temp\cc5Fnurc.ltrans9.ltrans.o
 .rodata        0x0000000000080972       0x17 C:\Users\ADMINI~1\AppData\Local\Temp\cc5Fnurc.ltrans9.ltrans.o
 *fill*         0x0000000000080989        0x3 00
 .rodata        0x000000000008098c       0x20 C:\Users\ADMINI~1\AppData\Local\Temp\cc5Fnurc.ltrans10.ltrans.o
                0x000000000008098c                au32NwkPdmRecordOffsets
 .rodata.str1.1
                0x00000000000809ac      0x231 C:\Users\ADMINI~1\AppData\Local\Temp\cc5Fnurc.ltrans11.ltrans.o
                                        0x269 (size before relaxing)
 *fill*         0x0000000000080bdd        0x3 00
 .rodata        0x0000000000080be0       0x4c C:\Users\ADMINI~1\AppData\Local\Temp\cc5Fnurc.ltrans11.ltrans.o
                0x0000000000080be0                pfnCallbackMcps
 .rodata.str1.1
                0x0000000000080c2c      0x105 C:\Users\ADMINI~1\AppData\Local\Temp\cc5Fnurc.ltrans12.ltrans.o
                                        0x119 (size before relaxing)
 *fill*         0x0000000000080d31        0x3 00
 .rodata        0x0000000000080d34        0x8 C:\Users\ADMINI~1\AppData\Local\Temp\cc5Fnurc.ltrans12.ltrans.o
                0x0000000000080d34                au32UartAddrOffset
 .rodata        0x0000000000080d3c       0x28 C:\Users\ADMINI~1\AppData\Local\Temp\cc5Fnurc.ltrans13.ltrans.o
                0x0000000000080d3c                s_aprIdleStHandleCme.149310
                0x0000000000080d4c                s_aprActvStHandleCme.146192
 .rodata.str1.1
                0x0000000000080d64        0x5 C:\Users\ADMINI~1\AppData\Local\Temp\cc5Fnurc.ltrans14.ltrans.o
                                         0x13 (size before relaxing)
 *fill*         0x0000000000080d69        0x3 00
 .rodata        0x0000000000080d6c       0xbc C:\Users\ADMINI~1\AppData\Local\Temp\cc5Fnurc.ltrans14.ltrans.o
                0x0000000000080d6c                zps_pacNwkFrmStdByteFmt
                0x0000000000080d70                zps_pacNwkFrmStdLongFmt
                0x0000000000080d74                zps_pacNwkFrmStdHalfFmt
                0x0000000000080d78                au32EndDeviceTimeoutConstants
 .rodata.str1.1
                0x0000000000080e28      0x1bc C:\Users\ADMINI~1\AppData\Local\Temp\cc5Fnurc.ltrans15.ltrans.o
 .rodata        0x0000000000080fe4       0x30 C:\Users\ADMINI~1\AppData\Local\Temp\cc5Fnurc.ltrans15.ltrans.o
 .rodata.str1.1
                0x0000000000081014       0x12 C:\Users\ADMINI~1\AppData\Local\Temp\cc5Fnurc.ltrans16.ltrans.o
                                         0x21 (size before relaxing)
 .rodata.str1.1
                0x0000000000081026       0x2c C:\Users\ADMINI~1\AppData\Local\Temp\cc5Fnurc.ltrans17.ltrans.o
                                         0x3e (size before relaxing)
 .rodata.str1.1
                0x0000000000081052       0x2c C:\Users\ADMINI~1\AppData\Local\Temp\cc5Fnurc.ltrans19.ltrans.o
                                         0x43 (size before relaxing)
 .rodata.str1.1
                0x0000000000000000        0x4 C:\Users\ADMINI~1\AppData\Local\Temp\cc5Fnurc.ltrans21.ltrans.o
 .rodata.str1.1
                0x000000000008107e       0x17 C:\Users\ADMINI~1\AppData\Local\Temp\cc5Fnurc.ltrans22.ltrans.o
                                         0x1d (size before relaxing)
 *fill*         0x0000000000081095        0x3 00
 .rodata        0x0000000000081098       0xb8 C:\Users\ADMINI~1\AppData\Local\Temp\cc5Fnurc.ltrans22.ltrans.o
 .rodata.str1.1
                0x0000000000000000       0x13 C:\Users\ADMINI~1\AppData\Local\Temp\cc5Fnurc.ltrans23.ltrans.o
 .rodata.str1.1
                0x0000000000081150       0x26 C:\Users\ADMINI~1\AppData\Local\Temp\cc5Fnurc.ltrans24.ltrans.o
 *fill*         0x0000000000081176        0x2 00
 .rodata        0x0000000000081178      0x114 C:\Users\ADMINI~1\AppData\Local\Temp\cc5Fnurc.ltrans24.ltrans.o
                0x0000000000081178                gu32ZCLVersion
                0x000000000008117c                PDUM_g_u32Version
                0x0000000000081180                ZPS_g_u32MacVersion
                0x0000000000081184                ZPS_g_u32TsvVersion
 .rodata.str1.1
                0x000000000008128c      0x112 C:\Users\ADMINI~1\AppData\Local\Temp\cc5Fnurc.ltrans25.ltrans.o
                                        0x12d (size before relaxing)
 .rodata.str1.1
                0x000000000008139e        0x3 C:\Users\ADMINI~1\AppData\Local\Temp\cc5Fnurc.ltrans26.ltrans.o
                                         0x11 (size before relaxing)
 .rodata.str1.1
                0x00000000000813a1      0x377 C:\Users\ADMINI~1\AppData\Local\Temp\cc5Fnurc.ltrans28.ltrans.o
                                        0x39b (size before relaxing)
 .rodata.str1.1
                0x0000000000081718      0x1a0 C:\Users\ADMINI~1\AppData\Local\Temp\cc5Fnurc.ltrans29.ltrans.o
                                        0x1bc (size before relaxing)
 .rodata.str1.1
                0x00000000000818b8       0x12 C:\Users\ADMINI~1\AppData\Local\Temp\cc5Fnurc.ltrans30.ltrans.o
                                         0x28 (size before relaxing)
 .rodata.str1.1
                0x00000000000818ca      0x1e7 C:\Users\ADMINI~1\AppData\Local\Temp\cc5Fnurc.ltrans31.ltrans.o

.text           0x0000000000081ab4    0x1dc4e
 *(.text*)
 .text          0x0000000000081ab4       0x50 e:/NXP/Sensor/LightSensor/Build/irq_JN516x.o
                0x0000000000081ab4                PIC_ChannelPriorities
                0x0000000000081ac4                PIC_SwVectTable
 .text.PDUM_vInit
                0x0000000000081b04       0x1e e:/NXP/Sensor/LightSensor/Build/pdum_gen.o
                0x0000000000081b04                PDUM_vInit
 .text.zps_vGetZpsMutex
                0x0000000000081b22        0x9 e:/NXP/Sensor/LightSensor/Build/zps_gen.o
                0x0000000000081b22                zps_vGetZpsMutex
 .text.vZdoServersInit
                0x0000000000081b2b      0x117 e:/NXP/Sensor/LightSensor/Build/zps_gen.o
 .text.ZPS_vGetGpContext
                0x0000000000081c42        0x9 e:/NXP/Sensor/LightSensor/Build/zps_gen.o
                0x0000000000081c42                ZPS_vGetGpContext
 .text.ZPS_vDefaultKeyInit
                0x0000000000081c4b        0xf e:/NXP/Sensor/LightSensor/Build/zps_gen.o
                0x0000000000081c4b                ZPS_vDefaultKeyInit
 .text.ZPS_vGetOptionalFeatures
                0x0000000000081c5a        0x3 e:/NXP/Sensor/LightSensor/Build/zps_gen.o
                0x0000000000081c5a                ZPS_vGetOptionalFeatures
 *fill*         0x0000000000081c5d        0x3 00
 .text          0x0000000000081c60     0x1fe0 C:\Users\ADMINI~1\AppData\Local\Temp\cc5Fnurc.ltrans0.ltrans.o
                0x0000000000081c60                vAppMain
 .text          0x0000000000083c40     0x1250 C:\Users\ADMINI~1\AppData\Local\Temp\cc5Fnurc.ltrans1.ltrans.o
                0x0000000000083c40                vZCL_EventHandler
 .text          0x0000000000084e90     0x115f C:\Users\ADMINI~1\AppData\Local\Temp\cc5Fnurc.ltrans2.ltrans.o
                0x0000000000084e90                zps_vNwkMcpsMgrInit
                0x0000000000084f0d                ZPS_vNwkNibClearTables
                0x0000000000085025                ZPS_u16NwkNibFindNwkAddr
                0x00000000000850cb                u8PDM_CalculateLargestDataRecordStored
                0x00000000000850fc                vMicroIntEnableOnly.constprop.209
                0x0000000000085128                ZPS_eTsvStart
                0x00000000000851a4                zps_vNwkDiscUpdateNT.part.1.146748
                0x00000000000851f7                zps_eAplZdoBdrmRequestSend
                0x000000000008526f                zps_eNwkHandleSceNwkUpdate
                0x0000000000085293                vProcessTimedList.141012
                0x00000000000852d9                vNwkBttTimerExpiry.146240
                0x000000000008535e                zps_eNwkBtrMatch
                0x00000000000853eb                zps_vNwkJoinStStartResponseTimer
                0x0000000000085425                vSetChannelAndPower
                0x00000000000855c5                PDM_vEnterCriticalSection
                0x00000000000855f4                ZQ_bQueueReceive
                0x0000000000085669                ZQ_bQueueSend
                0x00000000000856e6                APP_cbTimerButtonScan
                0x00000000000857f9                vPostVsMcpsDcfmInd.88960
                0x0000000000085841                vPostMlmeDcfmInd.88946
                0x0000000000085909                zps_vAplAfPostTimerEvent
                0x0000000000085949                ZPS_u8GrabMutexLock.constprop.158
                0x0000000000085984                ZPS_u8ReleaseMutexLock.constprop.185
                0x00000000000859a9                pvZCL_HeapAlloc.part.0.52198.constprop.208
                0x00000000000859e2                vAHI_WakeTimerStart.part.1.156206.constprop.194
                0x0000000000085a23                bAHI_SiMasterSetCmdReg.constprop.188
                0x0000000000085a64                NFC_I2C_bWait.154351
                0x0000000000085a97                NTAG_u8Tx.154033
                0x0000000000085af3                iAHI_WriteDataIntoEEPROMsegment.constprop.177
                0x0000000000085b41                vACI_OptimisedCcmStar.constprop.175
                0x0000000000085d2c                NTAG_NWK_u32ProcessTlv.154278
                0x0000000000085f57                AESSW_vHMAC_MMO.constprop.166
 .text.unlikely
                0x0000000000085fef       0xc8 C:\Users\ADMINI~1\AppData\Local\Temp\cc5Fnurc.ltrans2.ltrans.o
                0x0000000000086004                vAHI_MemoryHold.155650
 .text          0x00000000000860b7     0x15d1 C:\Users\ADMINI~1\AppData\Local\Temp\cc5Fnurc.ltrans3.ltrans.o
                0x00000000000860b7                zps_eSceGenlIllegal
                0x00000000000860be                zps_eSmeGenlIllegal
                0x00000000000860c5                DBG_vUartFailedAssert
                0x00000000000860c9                zps_bAplZdoBindRequestServer
                0x00000000000861f0                psGetVsMcpsBuf.88957
                0x00000000000861f9                psGetMlmeBuf.88943
                0x0000000000086202                psGetMcpsBuf.88950
                0x000000000008620b                zps_vExpireRequestKeyReq.80359
                0x0000000000086285                psGetNlmeBuf.71153
                0x000000000008628e                psGetNldeBuf.71174
                0x0000000000086297                psGetApsmeBuf.71160
                0x000000000008629d                psGetApsdeBuf.71167
                0x00000000000862a3                vLoopbackTimerCallback
                0x00000000000862d2                ZPS_bNwkSecHaveNetworkKey
                0x0000000000086306                ZPS_u64NwkNibGetMappedIeeeAddr
                0x0000000000086328                ZPS_vNwkSecResetDevice
                0x000000000008636d                ZPS_bNwkNibNtActvMatch
                0x0000000000086425                bCheckNwkAddr
                0x0000000000086473                zps_eAplTrustCenterFindDevice
                0x00000000000864b7                ZPS_vSetExtendedStatus
                0x00000000000864c9                eAllocateNPDU.67993
                0x000000000008652c                PDUM_eNPduClone
                0x0000000000086578                PDUM_hAPduAllocateAPduInstance
                0x00000000000865d2                hZCL_AllocateAPduInstance
                0x000000000008660e                zps_eAplZdoSendZdpResponse
                0x0000000000086657                bSendResponse.104976
                0x000000000008669a                zps_psApsApsAllocateDcfmRecord
                0x0000000000086708                zps_u8CalcLinkCost
                0x0000000000086744                ZPS_u8NwkNibNtDiscMatch
                0x0000000000086828                zps_u64NwkLibFromPayload
                0x0000000000086867                zps_vNwkLibU64ToPayload
                0x0000000000086894                zps_eNwkDcfmIndPost
                0x00000000000868b7                zps_psNwkDcfmIndGetBuf
                0x00000000000868d9                eNldeDataDcfm.143148
                0x0000000000086909                zps_vSendNwkStatusInd
                0x0000000000086939                DBG_vInit
                0x000000000008697b                psSLISTsearch
                0x00000000000869bb                psSLISTremove
                0x0000000000086a39                psSLISTgetNext
                0x0000000000086a5d                u8PDM_CalculateFileSystemCapacity
                0x0000000000086a7b                bPDM_ImageBitmapRepairCheck
                0x0000000000086aa3                u8PDM_ReadSequenceNumber
                0x0000000000086ac6                boSegmentNumberDeleteSearchMatch.136320
                0x0000000000086ae1                u32PDM_ReadFileSystemHeaderWearCount
                0x0000000000086af7                boSearchForWearCountSubstitute.136634
                0x0000000000086b1d                boSearchForWearCountInsertPoint.135899
                0x0000000000086b3b                vPDM_WriteFileSystemHeaderWearCount
                0x0000000000086b4d                u8PDM_CalculateSegmentsRequired.part.0.135057
                0x0000000000086b7b                vPDM_ReadBitmapHeader.134834
                0x0000000000086b9a                RND_u32GetRand256
                0x0000000000086bb7                zps_vDefaultNwkLayer
                0x0000000000086d56                RND_u32GetRand
                0x0000000000086d7d                u16CalculateFailedTxCount.106190
                0x0000000000086da7                vZdoIeeeAddrServerSendExtendResponse.part.0.92786
                0x0000000000086e08                vZdoNwkAddrServerSendExtendResponse.part.0.91573
                0x0000000000086e69                zps_bAplZdoServerHandleConfirmAcks
                0x0000000000086eb3                zps_bPerformLeaveActionDecider
                0x0000000000086ecb                vHandleUpdateDeviceIndication.80390
                0x0000000000086ef5                bDuplicateCheck.75374
                0x0000000000087002                bIsBindTableMatch.75063
                0x0000000000087053                eRemoveEntryInBindingTable.75091
                0x00000000000870d2                zps_vAplApsFillAndPostApsAck
                0x000000000008713c                zps_u8AplApsFreeMsgHandle
                0x00000000000871a6                bCheckProfile.70836
                0x00000000000871e4                ZPS_bIsGroupPresent
                0x000000000008721c                PDUM_u16APduInstanceWriteStrNBO
                0x000000000008739b                pdum_u16ReadNBO
                0x00000000000874fc                PDUM_eNPduReadHeaderNBO
                0x000000000008754f                PDUM_u16APduInstanceReadNBO
                0x0000000000087599                PDUM_eNPduPrependHeaderNBO
                0x00000000000875f4                zps_vInitAPSMECmdHdr
                0x000000000008762b                PDUM_eNPduAppendDataNBO
 .text          0x0000000000087688     0x1234 C:\Users\ADMINI~1\AppData\Local\Temp\cc5Fnurc.ltrans4.ltrans.o
                0x0000000000087693                eBasicTxCompleteHandler
                0x0000000000087698                vTxRxTimeout.160260
                0x00000000000876f8                vMacMlmeCallBackHandler.157134
                0x000000000008770d                vMacMcpsCallBackHandler.157138
                0x000000000008771e                DBG_iUartGetChar
                0x0000000000087811                zps_eNwkHandleSmeOrphanInd
                0x0000000000087818                eSmeASFlBeaconInd.147976
                0x000000000008783a                eSmeUDNTScanDcfm.147424
                0x00000000000878c1                zps_eNwkHandleSmePollDcfm
                0x00000000000878eb                eSmeGenlScanDcfm.147968
                0x0000000000087949                eSmeEdScScanDcfm.147964
                0x0000000000087af0                eSmeAcScBeaconInd.147984
                0x0000000000087bf8                eSmeUDNTBeaconInd.147960
                0x0000000000087c1b                vAHI_SpiReadConfiguration.constprop.165
                0x0000000000087c4c                vAHI_SiMasterConfigure.constprop.147
                0x0000000000087c80                vMiniMac_MLME_SetReq_PanId
                0x0000000000087cbd                vMiniMac_MLME_SetReq_ShortAddr
                0x0000000000087ccb                ZTIMER_eOpen.constprop.91
                0x0000000000087d0a                vAHI_StartRandomNumberGenerator.constprop.51
                0x0000000000087d21                Delay.155551.constprop.28
                0x0000000000087dc0                psSearchForFrameToSend
                0x0000000000087e0e                eMiniMac_FrameInProgress
                0x0000000000087e39                vRemoveFromTxQueue
                0x0000000000087e75                vAddToTxQueue
                0x0000000000087eab                ZPS_eTsvStop
                0x0000000000087ee2                zps_vAplApsStopPollTimer.part.2.73534
                0x0000000000087f69                eEdTimeoutRequestDataDcfm.139935
                0x0000000000087f8a                ZPS_eTsvOpen
                0x0000000000087fa4                zps_vNwkBttMgrInit
                0x0000000000087fd2                u8GetHeaderSize
                0x0000000000087ffa                vMiniMac_MLME_SetReq_MinBe
                0x000000000008801f                pvHeap_Alloc
                0x0000000000088022                vMicroIntRestoreState
                0x000000000008802e                PDM_vExitCriticalSection
                0x0000000000088051                vAHI_TickTimerConfigure
                0x000000000008806c                bAHI_SiMasterPollTransferInProgress
                0x0000000000088079                bAHI_WriteEEPROMfixSegmentData
                0x00000000000880d7                bAHI_InitialiseEEPROM
                0x000000000008811f                vAHI_ReadDataFromEEPROMregister
                0x000000000008814c                vAHI_WriteDataIntoEEPROMregister
                0x000000000008817c                iPDM_WriteSegmentHeaderDataIntoEEPROMsegment
                0x00000000000881ab                u8AHI_WakeTimerFiredStatus
                0x00000000000881bf                vAHI_WakeTimerStop.part.3.156218
                0x00000000000881df                vAHI_UartReset.part.4.155972
                0x0000000000088217                bAHI_RndNumPoll
                0x0000000000088239                vAHI_OptimiseWaitStates
                0x0000000000088285                bAHI_GetClkSource
                0x0000000000088292                vAHI_SwReset
                0x00000000000882c2                u32AHI_DioWakeStatus
                0x00000000000882d3                vAHI_DioWakeEnable
                0x00000000000882f3                vAHI_DioSetOutput
                0x0000000000088307                vAHI_DioSetDirection
                0x000000000008831b                vEcbEncodeStripe.155427
                0x0000000000088372                bACI_WriteKey
                0x0000000000088380                AESSW_vMMOBlockUpdate
                0x00000000000883ef                AESSW_vMMOFinalUpdate
                0x00000000000884b1                zps_pvAesGetKeyFromInstallCode
                0x0000000000088537                zps_vAplSecSetInitialSecurityState.constprop.120
                0x0000000000088601                MAC_u64GetExtAddr
                0x000000000008861c                ZPS_u64NwkNibFindExtAddr
                0x00000000000886c7                NTAG_vRegCbEvent
                0x00000000000886e2                zps_vSendJoinInd
                0x0000000000088753                zps_psNwkSlistRemoveFromHead
                0x000000000008876a                zps_psNwkSlistRemove
                0x00000000000887a2                zps_bNwkMcpsMgrRemoveDescrFromLists
                0x00000000000887e0                zps_vNwkSlistAddToTail
                0x00000000000887fa                zps_vNwkMcpsMgrFreeReqDescr
                0x0000000000088824                zps_vNwkRemoveConflictedBroadcast
                0x0000000000088879                zps_vNwkMcpsMgrTidyBtrReqDescr
 .text.unlikely
                0x00000000000888bc       0x60 C:\Users\ADMINI~1\AppData\Local\Temp\cc5Fnurc.ltrans4.ltrans.o
                0x00000000000888bc                NTAG_NWK_u32FromBe.154272
                0x00000000000888dd                NTAG_NWK_u64FromBe.154269
 *fill*         0x000000000008891c        0x0 00
 .text          0x000000000008891c      0xd84 C:\Users\ADMINI~1\AppData\Local\Temp\cc5Fnurc.ltrans5.ltrans.o
                0x000000000008891c                DBG_vUartFlush
                0x0000000000088949                DBG_vUartPutch
                0x0000000000088af7                ZPS_bSecDecrypt
                0x0000000000088c09                vDLISTaddToHead
                0x0000000000088c32                vDLISTaddToTail
                0x0000000000088c55                psDLISTremove
                0x0000000000088cb7                eZCL_SearchForAttributeEntry
                0x0000000000088d70                iPDM_SearchForBufferIdInList
                0x0000000000088da5                iPDM_SearchForBufferIdInFileSystem
                0x0000000000088db8                iPDM_GetLengthOfDataInBufferWithIdFromFileSystem
                0x0000000000088e14                iPDM_SearchForSpecificSegmentInList
                0x0000000000088e46                NTAG_vTick.constprop.19
                0x00000000000891fc                vPDM_WriteFileSystemRecordAndSegmentDataIntoEEPROMsegment
                0x000000000008923f                iPDM_ReadUserDataFromEEPROMsegment
                0x00000000000892c1                iPDM_ReadUserDataFromFileSystemRecord
                0x00000000000892eb                iPDM_ReadUserDataFromSegmentWithId
                0x0000000000089320                PDM_eReadDataFromRecord.part.0.135171
                0x00000000000893a7                vLoadAplRecord.80439
                0x00000000000893db                iPDM_ReCalculateWearCountAndChecksumAndWriteFileSystemHeader
                0x0000000000089425                vPDM_SetEEPROMandFileSystemValidState
                0x000000000008944c                vRadioToOff
                0x0000000000089469                iPDM_FilterDuplicateAppendedSegmentsOnList.136970
                0x00000000000894bf                PWRM_vWakeInterruptCallback
                0x000000000008950b                vEnableReceive.160265
                0x0000000000089563                vStartReceive
                0x000000000008957e                u16ZCL_APduInstanceWriteNBO
                0x0000000000089628                u16ZCL_WriteCommandHeader
 .text          0x00000000000896a0     0x100c C:\Users\ADMINI~1\AppData\Local\Temp\cc5Fnurc.ltrans6.ltrans.o
                0x00000000000896a0                u16ZCL_APduInstanceReadNBO
                0x0000000000089785                u16ZCL_ReadCommandHeader.part.0.44145
                0x00000000000897fc                u16ZCL_APduInstanceWriteStringNBO.part.0.41270
                0x00000000000898d8                u16ZCL_APduInstanceReadStringNBO.part.3.41311
                0x00000000000899b1                eZCL_GetAttributeTypeSizeFromBuffer
                0x0000000000089a28                u16ZCL_GetTxPayloadSize
                0x0000000000089a68                zps_u8AplApsConstructAndPostLoopBackDataInd.73645
                0x0000000000089ba1                u8PostUnicastMsgToNHLE.73653
                0x0000000000089bda                zps_psAllocateAndFormatMacHdr
                0x0000000000089d18                zps_psNwkInitCmdFrame
                0x0000000000089e01                iPDM_ReadSegmentHeaderDataFromEEPROMsegment
                0x0000000000089e5a                u8ZdoBindUnbindServerUnpackApdu
                0x0000000000089ea9                vScheduleSleep.isra.0.4658
                0x0000000000089fcd                NTAG_vStateSet.154037
                0x000000000008a23e                NTAG_NWK_vCbEvent.154259
                0x000000000008a4b5                NTAG_vStateRx.154041
 .text          0x000000000008a6ac      0xdfb C:\Users\ADMINI~1\AppData\Local\Temp\cc5Fnurc.ltrans7.ltrans.o
                0x000000000008a6ac                eOrphanNotificationSent.159965
                0x000000000008a6f5                DBG_vUartInitHardware
                0x000000000008a832                vMiniMac_ReturnTxBufferCallback
                0x000000000008a85b                vPostTxActions.160351
                0x000000000008a898                vMiniMac_McpsCallback
                0x000000000008aa24                eMcpsTxCompleteHandler.159310
                0x000000000008aa52                ZPS_bSecEncrypt
                0x000000000008ac03                eZCLAddReport
                0x000000000008aeb7                boPDM_IsBitmapSaturated.134870
                0x000000000008af00                zps_bAplZdoMatchDescServer.part.0.94018
                0x000000000008b23b                bSMBusWait.156970
                0x000000000008b272                bSMBusWrite
                0x000000000008b2ec                bTSL2550_Init
                0x000000000008b319                bPCA9634_WriteRegister
                0x000000000008b334                bRGB_LED_SetLevel.constprop.186
                0x000000000008b37e                vStartBlinkTimer
                0x000000000008b39d                bRGB_LED_Off
                0x000000000008b3d2                vAPP_cbBlinkLED
                0x000000000008b415                vStopBlinkTimer
                0x000000000008b42c                vEventStopFindAndBind
                0x000000000008b44b                vHandleFailedToJoin
                0x000000000008b46b                bPCA9634_Init
 *fill*         0x000000000008b4a7        0x1 00
 .text          0x000000000008b4a8      0xef8 C:\Users\ADMINI~1\AppData\Local\Temp\cc5Fnurc.ltrans8.ltrans.o
                0x000000000008b4a8                vPostNldeDcfmInd.71177
 .text          0x000000000008c3a0      0xf10 C:\Users\ADMINI~1\AppData\Local\Temp\cc5Fnurc.ltrans9.ltrans.o
                0x000000000008c3a0                vMcpsMgrExpiry.140940
                0x000000000008c3c9                vMiniMac_MlmeCallback
                0x000000000008c6b6                vPostFailedAssocDcfm.159192
                0x000000000008c6d4                vAssocReqTimeout1.159184
                0x000000000008c830                ePollReqSent.159499
                0x000000000008c9b8                vScanBeaconReceived
                0x000000000008ca02                vRunningRxCallback
                0x000000000008ccd6                vPostDcfm.159984
                0x000000000008cd45                vScanNextChannel.159990
                0x000000000008cee9                ZPS_vNwkSaveAllRecords
                0x000000000008cf1d                zps_vSaveAllZpsRecords
                0x000000000008cf3f                APP_vFactoryResetRecords
                0x000000000008cf6c                vHandleZdoLeaveRequest.2949
                0x000000000008cfb1                vHandleNetworkJoinEndDevice
                0x000000000008cfe9                ZPS_pvNwkCtor.part.0.138930
                0x000000000008d1a9                zps_eAplApsmeCmdMgrSendCommand
                0x000000000008d286                zps_vAplApsmeCmdMgrRetryTimeout.75055
 .text          0x000000000008d2b0      0xd6b C:\Users\ADMINI~1\AppData\Local\Temp\cc5Fnurc.ltrans10.ltrans.o
                0x000000000008d2b0                PDM_eSaveRecordData
                0x000000000008d58c                ZPS_vNwkSaveRecord
                0x000000000008d5b8                zps_vDefaultStack
                0x000000000008d78d                zps_eNwkHandleSceNwkEdTimeoutRsp
                0x000000000008d7ef                ZPS_vRemoveEntryFromAddressMap
                0x000000000008d838                ZPS_vNwkNibSetNwkAddr
                0x000000000008d856                zps_eNwkHandleSceRejnResponse
                0x000000000008d8b3                ZPS_vNwkNibSetExtPanId
                0x000000000008d905                vFinish.150957
                0x000000000008d94d                ZPS_vNwkNibSetKeySeqNum
                0x000000000008d961                ZPS_vNwkNibSetUpdateId
                0x000000000008d9aa                ZPS_vNwkNibSetPanId
                0x000000000008d9c8                vHandleNwkRemoteUpdateAfterBcast.139906
                0x000000000008da38                ZPS_vNwkNibSetCapabilityInfo
                0x000000000008da65                ZPS_vNwkSaveNt
                0x000000000008db75                ZPS_vNtSetUsedStatus
                0x000000000008dc5c                zps_vJoinInitNtParent
                0x000000000008dd12                zps_vCheckActvNtForDuplicate
                0x000000000008dd69                eSmeOrphScanDcfm.150967
                0x000000000008dde1                zps_eNwkHandleSmeCommStatusInd
                0x000000000008df21                eUnsolicitedRejoinRspDataDcfm.139910
                0x000000000008df4c                eRejoinRspDataDcfm.149788
 *fill*         0x000000000008e01b        0x1 00
 .text          0x000000000008e01c      0xf8c C:\Users\ADMINI~1\AppData\Local\Temp\cc5Fnurc.ltrans11.ltrans.o
                0x000000000008e0a4                vSendMlmeCommStatusFromTxFrame
                0x000000000008e0fa                SOC_MAC_vHandleMlmeVsReqRsp.constprop.134
                0x000000000008e827                ZPS_vNwkHandleNlmeReqRsp
                0x000000000008e8a1                zps_vAplAfPostEvent
                0x000000000008ea60                zps_eAplZdoNlmeleaveWrapper
                0x000000000008eade                zps_eAplZdoLeaveNetwork.constprop.111
                0x000000000008eb03                vNsLeaveNwk.65410
                0x000000000008eb13                APP_cbNtagTimer
                0x000000000008ed70                vChangeChannelTimerExpiry.106182
                0x000000000008edd0                eLeaveReset.151931
                0x000000000008ee3b                eLeaveDataDcfmLocalLeave.151936
                0x000000000008eea7                vHandleEdTimeoutReqExpiry.139902
                0x000000000008ef4e                zps_vNwkHandleCmeSyncReq
 .text          0x000000000008efa8      0xb82 C:\Users\ADMINI~1\AppData\Local\Temp\cc5Fnurc.ltrans12.ltrans.o
                0x000000000008efa8                eBeaconReqSent.159969
                0x000000000008f080                vPostMcpsDcfmInd.88953
                0x000000000008f1da                vfExtendedStatusCallBack.1958
                0x000000000008f1e5                pwrm_PreSleep.1963
                0x000000000008f28b                pwrm_Wakeup.1969
                0x000000000008f3a0                APP_cbTimerLightSensorSample
                0x000000000008f3af                vPDM_AddFileSystemElementToListInAscendingWearCountOrder
                0x000000000008f4a6                eCLD_GroupsSetIdentifying
                0x000000000008f4e8                vCLD_IdentifyTimerClickCallback.11631
                0x000000000008f570                PWRM_vManagePower
                0x000000000008f6e6                zps_vSendJoinDcfm
                0x000000000008f72d                vGiveUp.150518
                0x000000000008f765                bHasTimerFired.58080
                0x000000000008f7cf                u16ZCL_WriteAttributeValueIntoBuffer
                0x000000000008f855                psGetTxFrameBuffer
                0x000000000008f8a8                psGetAndBuildCoordRealignment
                0x000000000008f900                eBuildAndSend.159973
                0x000000000008f975                zps_vInitBeaconPayload
                0x000000000008f9e9                vLoadNwkRecord.141852
                0x000000000008fa27                eZCL_SetReceiveEventAddressStructure.part.0.51984
                0x000000000008fa94                APP_vNtagStart.constprop.143
 *fill*         0x000000000008fb2a        0x2 00
 .text          0x000000000008fb2c      0xbb8 C:\Users\ADMINI~1\AppData\Local\Temp\cc5Fnurc.ltrans13.ltrans.o
                0x000000000008fb2c                vMiniMac_InterruptHandler
                0x000000000008feaf                eAssocRespSent.159198
                0x000000000008fece                ZPS_vNwkNibSetChannel
                0x000000000008ffb8                zps_vProcessLocalAddrConflict.part.1.139915
                0x00000000000900a1                zps_vNwkHandleCmeNwkJoinReq
                0x0000000000090369                zps_vNwkHandleCmeNwkActvJoinReq
                0x00000000000904b7                vHandleRejoinExpiry.150514
                0x0000000000090559                eSmeAsocAssocDcfm.151127
                0x00000000000905dd                eSmeRjPCPollDcfm.151123
                0x000000000009061e                eSceRjRsRejoinRsp.151091
 .text          0x00000000000906e4      0xd82 C:\Users\ADMINI~1\AppData\Local\Temp\cc5Fnurc.ltrans14.ltrans.o
                0x00000000000906e4                zps_eNwkHandleSmeAssocInd
                0x00000000000909f5                vTransformKey.isra.0.76717
                0x0000000000090a56                zps_psFindKeyDescr
                0x0000000000090b3a                vSdeHandleMcpsDataInd.141067.constprop.94
                0x0000000000091400                ZPS_vNwkNibCheckAndUpdateAddresses
 .text          0x0000000000091466      0xfbf C:\Users\ADMINI~1\AppData\Local\Temp\cc5Fnurc.ltrans15.ltrans.o
                0x00000000000915a5                vMiniMac_NextTransaction
                0x000000000009160f                dbg_vPrintfImplNoneVerbose
                0x0000000000091a96                vAPP_LightSensorSample
                0x0000000000091b67                APP_bNodeIsInRunningState
                0x0000000000091b8f                APP_cbNtagEvent
                0x0000000000091e1d                BDB_vSetKeys
                0x0000000000091e77                DBG_vDumpStack
                0x0000000000091eb9                vShowException
                0x0000000000091f42                vMiniMac_Init
                0x00000000000922b5                eTransmit
                0x0000000000092392                vMiniMac_TxComplete
 *fill*         0x0000000000092425        0x3 00
 .text          0x0000000000092428      0xd88 C:\Users\ADMINI~1\AppData\Local\Temp\cc5Fnurc.ltrans16.ltrans.o
                0x0000000000092428                zps_eAplSecEncryptPacket
                0x0000000000092527                zps_eAplSendApsmeCmdFrame
                0x0000000000092698                vNsTclkSendReqKey.65408
                0x000000000009273c                vHandleTransportKeyFrame.76521
                0x0000000000092a74                vPostNlmeDcfmInd.71156
 .text          0x00000000000931b0      0xbe2 C:\Users\ADMINI~1\AppData\Local\Temp\cc5Fnurc.ltrans17.ltrans.o
                0x0000000000093519                ZPS_vAplHandleApsdeReqRsp
                0x000000000009394d                zps_eAplZdpApsdeReqInternal
                0x00000000000939bc                eSendDeviceAnnounce.108891
                0x0000000000093ac6                zps_eAplZdpRequestApsdeReq
                0x0000000000093b3b                vNsSendPermitJoin.65400
                0x0000000000093bb9                vFbSendSimpleDescReq.66506
                0x0000000000093c34                zps_eAplZdoStartRouter.part.14.80554
                0x0000000000093d2f                zps_eAplZdpBindResponse
                0x0000000000093d50                zps_eZdpUnbindResponse
                0x0000000000093d71                zps_eZdpMgmtLeaveResponse
 .text          0x0000000000093d92      0xf19 C:\Users\ADMINI~1\AppData\Local\Temp\cc5Fnurc.ltrans18.ltrans.o
                0x0000000000093e3c                vIncrementFrameCounterInPdm.isra.0.142305
                0x0000000000094018                zps_vByteCopy
                0x0000000000094047                zps_bAreCredPresent
                0x00000000000941d0                vPDM_DeleteAllSegmentsWithIdFromFileSystemList.constprop.14
                0x0000000000094212                vManagePowerOnCountInit
                0x0000000000094265                vAPP_cbTimerPowerOnCount
                0x00000000000942bb                zps_vAplSaveRecord
                0x000000000009438c                zps_eAplApsmeBindReqRsp
                0x0000000000094466                zps_eAplAibSetApsChannelMask
                0x0000000000094479                zps_bNwkFindAddIeeeAddr
                0x00000000000945ab                zps_eAplZdoAddReplaceLinkKey_W
                0x000000000009466a                ZPS_bNwkNibAddrMapAddEntry
                0x0000000000094816                zps_eAplZdoBind
                0x00000000000948ad                zps_sNwkNibNtCheckJoin
                0x0000000000094b04                zps_vNwkHandleCmeDirectJoinReq
                0x0000000000094b7e                eCheckAddrConflict.isra.5.140143
                0x0000000000094c14                vAplSecRemoveLinkKey.80488
 *fill*         0x0000000000094cab        0x1 00
 .text          0x0000000000094cac      0xde0 C:\Users\ADMINI~1\AppData\Local\Temp\cc5Fnurc.ltrans19.ltrans.o
                0x0000000000094d5b                vZdoBdrmSendNextTimedRequest
                0x0000000000094feb                zps_eZdpNwkAddrResponse
                0x00000000000950ce                zps_eZdpIeeeAddrResponse
                0x00000000000951b1                zps_eZdpMgmtNwkUpdateNotifyResponse
                0x0000000000095263                zps_eZdpNodeDescResponse
                0x000000000009530b                zps_eZdpPowerDescResponse
                0x00000000000953a8                zps_eZdpSimpleDescResponse
                0x00000000000954b5                zps_eZdpActiveEpResponse
                0x000000000009554b                zps_eZdpMatchDescResponse
                0x00000000000955e1                zps_eZdpSystemServerDiscoveryResponse
                0x0000000000095650                zps_eAplZdpMgmtLqiResponse
                0x0000000000095760                eZCL_TransmitDataRequest
 .text          0x0000000000095a8c      0xcfc C:\Users\ADMINI~1\AppData\Local\Temp\cc5Fnurc.ltrans20.ltrans.o
                0x0000000000095a8c                vReportTimerClickCallback
                0x0000000000095edd                eZCL_SendDefaultResponse
                0x0000000000095fdc                vZCL_HandleAttributesWriteRequest
                0x0000000000096464                eZCL_CustomCommandReceive
                0x00000000000965f2                eCLD_BasicCommandHandler
                0x0000000000096661                eCLD_GroupsCommandHandler
 .text          0x0000000000096788      0xef3 C:\Users\ADMINI~1\AppData\Local\Temp\cc5Fnurc.ltrans21.ltrans.o
                0x0000000000096788                vStartScanTimerExpiry.106186
                0x00000000000967c4                zps_vAplApsPollTimer
                0x0000000000096823                vAplSecAuthPollTimerExpiry.80367
                0x000000000009687b                vAplSecAuthTimerExpiry.80363
                0x0000000000096b72                vPostApsdeDcfmInd.71170
                0x0000000000096d63                zps_sNwkLibSubmitScan
                0x0000000000096d9c                zps_eNwkHandleSmeBeaconNotifyInd
                0x0000000000096e53                zps_vReAttemptScanTimerHandleExpiry
                0x0000000000096eab                zps_vNwkHandleCmeNwkDiscReq
                0x0000000000096f25                zps_vNwkHandleCmeEdScanReq
                0x0000000000096f64                vCheckSleepingSendPoll.part.1.151069
                0x0000000000096fce                zps_eNwkSendJoinResponse
                0x0000000000097163                zps_vProcessChildAddrConflict
                0x0000000000097226                zps_eProcessAddrConflict
                0x00000000000973d3                eRejoinNetwork.80426
                0x000000000009749a                zps_eAplZdoRejoinNetwork
                0x000000000009750f                eStartRouter.80457
                0x00000000000975f7                zps_eAplZdoPoll
                0x000000000009765d                APP_cbTimerPoll
 *fill*         0x000000000009767b        0x1 00
 .text          0x000000000009767c      0xd54 C:\Users\ADMINI~1\AppData\Local\Temp\cc5Fnurc.ltrans22.ltrans.o
                0x00000000000976bf                vPostApsmeDcfmInd.71163
                0x0000000000097ceb                eZLO_RegisterLightSensorEndPoint.constprop.65
                0x0000000000098243                APP_ZCL_cbEndpointCallback.4176
 .text          0x00000000000983d0      0xe99 C:\Users\ADMINI~1\AppData\Local\Temp\cc5Fnurc.ltrans23.ltrans.o
                0x00000000000983d0                vProcessListsForSubmission.141074
                0x000000000009876e                zps_vNwkMcpsMgrPost
                0x0000000000098792                zps_psSendFrm.constprop.173
                0x0000000000098975                ZPS_vNwkHandleNldeReqRsp
                0x0000000000098c00                zps_vNwkHandleCmeLeaveReq
                0x0000000000098c68                zps_eNwkHandleSceLeave
                0x0000000000098dd8                zps_psSendNetworkStatusCmd
                0x0000000000098e50                zps_eDefaultDataDcfm
                0x0000000000098fd4                vSendNetworkReport.139898
                0x00000000000990ae                zps_psNwkSendRejoinReqCmd
                0x0000000000099110                zps_eNwkHandleSdeActvDcfmData
                0x00000000000991f7                vMcpsMgrTimeoutExpiry
 .text          0x0000000000099269      0xf0b C:\Users\ADMINI~1\AppData\Local\Temp\cc5Fnurc.ltrans24.ltrans.o
                0x0000000000099269                APP_ZCL_cbGeneralCallback.4179
                0x000000000009926c                pdum_u16WriteNBO
                0x000000000009937f                PDUM_u16SizeNBO
                0x00000000000993dd                PDUM_u16APduInstanceWriteNBO
                0x0000000000099447                PDUM_thAPduInstanceGetApdu
                0x0000000000099462                PDUM_eAPduFreeAPduInstance
                0x00000000000994c8                PDUM_eAPduInstanceSetPayloadSize
                0x00000000000994f0                PDUM_eNPduWriteDataFromBuffer
                0x000000000009954a                PDUM_eNPduWriteDataToBuffer
                0x00000000000995a8                PDUM_eNPduWriteFromBuffer
                0x00000000000995d1                PDUM_eNPduDescend
                0x00000000000995f7                PDUM_eNPduAscend
                0x000000000009961d                PDUM_eNPduClaimData
                0x000000000009968a                PDUM_eNPduClaimHeader
                0x00000000000996ad                PDUM_eNPduFree
                0x000000000009970b                PDUM_eNPduInitDescending
                0x0000000000099726                ZTIMER_eGetState
                0x0000000000099737                u8NumberOfTimersTaskTimers.4652
                0x0000000000099788                ZTIMER_eStop
                0x00000000000997d1                BDB_vFbExitAsInitiator
                0x00000000000997f4                ZTIMER_eStart
                0x0000000000099849                vWakeCallBack.4648
                0x0000000000099868                vStartPollTimer
                0x0000000000099878                eZCL_SearchForClusterEntry
                0x00000000000998dc                eZCL_BuildTransmitAddressStructure
                0x0000000000099949                eZCL_SearchForEPentry
                0x000000000009997a                eZCL_SearchForEPentryAndCheckManufacturerId
                0x00000000000999b8                vZCL_PassEventToUser
                0x00000000000999e5                eZCL_DoesAttributeHaveReportableChange
                0x0000000000099a02                eZCL_GetAttributeReportableEntry
                0x0000000000099aba                vZCL_AlignNumericAttributeValueTo64.57534
                0x0000000000099bc9                bZCL_CheckAttributeDirectionFlagMatch
                0x0000000000099bed                eZCL_GetAttributeTypeSize
                0x0000000000099c0c                vZCL_MarkAttributeInvalid
                0x0000000000099cdb                u8ZCL_GetAttributeAllignToFourBytesBoundary
                0x0000000000099cf0                pvZCL_GetAttributePointer
                0x0000000000099d66                eZCL_StoreChangeAttributeValue
                0x0000000000099e05                u16ZCL_GetStringStructureSize
                0x0000000000099e42                u16ZCL_GetStringAttributeTypeSizeFromBuffer
                0x0000000000099eb3                u16ZCL_GetStringSizeAndBufferFromStructure
                0x0000000000099f42                eZCL_GetAttributeTypeSizeFromStructure
                0x0000000000099fbb                vZCL_InitializeClusterInstance
                0x0000000000099fd0                vAPP_ZCL_DeviceSpecific_Init
                0x000000000009a06f                APP_vSetUpHardware
 .text          0x000000000009a174      0xdc2 C:\Users\ADMINI~1\AppData\Local\Temp\cc5Fnurc.ltrans25.ltrans.o
                0x000000000009a174                zps_vAplZdoPowerDescServerInit
                0x000000000009a17d                zps_bAplZdoSimpleDescServer
                0x000000000009a3fc                zps_vAplZdoSimpleDescServerInit
                0x000000000009a405                zps_bAplZdoNodeDescServer
                0x000000000009a5a1                zps_vAplZdoNodeDescServerInit
                0x000000000009a5aa                zps_bAplZdoMatchDescServer
                0x000000000009a5f6                zps_vAplZdoMatchDescServerInit
                0x000000000009a5ff                zps_bAplZdoIeeeAddrServer
                0x000000000009a78b                zps_vAplZdoIeeeAddrServerInit
                0x000000000009a794                zps_bAplZdoNwkAddrServer
                0x000000000009a94b                zps_vAplZdoNwkAddrServerInit
                0x000000000009a954                zps_isrMAC
                0x000000000009a96e                zps_bAplZdoDefaultServer
                0x000000000009abe9                zps_vAplZdoDefaultServerInit
                0x000000000009abf2                zps_vHandleApsdeDataFragIndNotSupported
                0x000000000009ac99                pdum_vAPduInit
                0x000000000009aced                pdum_vNPduInit
                0x000000000009ad2d                AppWarmStart
                0x000000000009ad47                AppColdStart
                0x000000000009add6                vUnclaimedInterrupt
                0x000000000009adeb                vBusErrorHandler
                0x000000000009adfa                vAlignmentErrorHandler
                0x000000000009ae09                vIllegalInstructionHandler
                0x000000000009ae18                vTrapHandler
                0x000000000009ae27                vGenericHandler
                0x000000000009ae36                vUnclaimedException
                0x000000000009ae45                vStackOverflowHandler
                0x000000000009ae54                ISR_vTickTimer
                0x000000000009ae8c                APP_vGenCallback
                0x000000000009aecd                vISR_SystemController
 .text          0x000000000009af36      0xcf9 C:\Users\ADMINI~1\AppData\Local\Temp\cc5Fnurc.ltrans26.ltrans.o
                0x000000000009af36                zps_bAplZdoMgmtNWKUpdateServer
                0x000000000009b27e                zps_vAplZdoMgmtNWKUpdateServerInit
                0x000000000009b287                zps_bAplZdoMgmtLeaveServer
                0x000000000009b41d                zps_vAplZdoMgmtLeaveServerInit
                0x000000000009b426                zps_bAplZdoMgmtLqiServer
                0x000000000009b6ac                zps_vAplZdoMgmtLqiServerInit
                0x000000000009b6b5                zps_bAplZdoSystemServerDiscoveryServer
                0x000000000009b772                zps_vAplZdoSystemServerDiscoveryServerInit
                0x000000000009b77b                zps_bAplZdoDeviceAnnceServer
                0x000000000009b9c0                zps_vAplZdoDeviceAnnceServerInit
                0x000000000009b9c3                zps_bAplZdoActiveEpServer
                0x000000000009bad9                zps_vAplZdoActiveEpServerInit
                0x000000000009bae2                zps_bAplZdoPowerDescServer
 .text          0x000000000009bc2f      0xa97 C:\Users\ADMINI~1\AppData\Local\Temp\cc5Fnurc.ltrans27.ltrans.o
                0x000000000009bc2f                vPDM_MoveAllDataFromListToList.constprop.204
                0x000000000009bc6c                vPDM_MoveAllDataWithBufferIdFromListToList
                0x000000000009bcee                vPDM_MoveAllDataWithBufferIdAndStateFromListToList
                0x000000000009bd9b                iPDM_WriteSegmentHeaderAndData
                0x000000000009bfa4                iPDM_SegmentCopyAndAppendData.constprop.202
                0x000000000009bffe                vPDM_MoveFileRecordFromListToList
                0x000000000009c10a                iPDM_VerifyDataSequenceWithBufferId
                0x000000000009c1aa                vPDM_MoveRecordToDeAllocList
                0x000000000009c1ca                vPDM_DeleteAppendedSequence
                0x000000000009c26c                PDM_eFullSegmentSave.136437
                0x000000000009c3cf                iPDM_ReconstructReplacedDataTable
                0x000000000009c576                iPDM_ReplaceChangedSegmentInSequence
                0x000000000009c665                vPDM_ImageBitmapRepair.135820
 .text          0x000000000009c6c6      0xd36 C:\Users\ADMINI~1\AppData\Local\Temp\cc5Fnurc.ltrans28.ltrans.o
                0x000000000009c6c6                BDB_vFbTimerCb
                0x000000000009c77d                vNsDiscoverNwk.65412
                0x000000000009c92b                BDB_eNsStartNwkSteering
                0x000000000009c9d6                BDB_vRejoinCycle
                0x000000000009cc70                vNsTryNwkJoin.isra.0.65414
                0x000000000009cdfd                vNsAfterNwkJoin.65402
                0x000000000009cefd                BDB_vNsTimerCb
                0x000000000009cfbb                vFbBindCluster.67366
 *fill*         0x000000000009d3fc        0x0 00
 .text          0x000000000009d3fc      0xa44 C:\Users\ADMINI~1\AppData\Local\Temp\cc5Fnurc.ltrans29.ltrans.o
                0x000000000009d3fc                eCLD_IdentifyCommandHandler
                0x000000000009d5e8                BDB_vRejoinTimerCb
                0x000000000009d646                bdb_taskBDB
                0x000000000009dd2c                BDB_vStart
 .text          0x000000000009de40      0x7ad C:\Users\ADMINI~1\AppData\Local\Temp\cc5Fnurc.ltrans30.ltrans.o
                0x000000000009de40                zps_bAplZdoMgmtBindServer
                0x000000000009e064                zps_vAplZdoMgmtBindServerInit
                0x000000000009e06d                zps_bAplZdoZdoClient
                0x000000000009e20b                zps_vAplZdoZdoClientInit
                0x000000000009e217                zps_vAplZdoBindRequestServerInit
                0x000000000009e278                zps_bAplZdoBindUnbindServer
                0x000000000009e5e4                zps_vAplZdoBindUnbindServerInit
 *fill*         0x000000000009e5ed        0x3 00
 .text          0x000000000009e5f0      0x798 C:\Users\ADMINI~1\AppData\Local\Temp\cc5Fnurc.ltrans31.ltrans.o
                0x000000000009e5f0                APP_cbTimerZclTick
                0x000000000009e630                eZCL_CustomCommandSend.constprop.142
                0x000000000009e8eb                APP_vBdbCallback
                0x000000000009ebc9                eFbSendIdentifyQuery.66498
                0x000000000009ecac                vAppHandleAppEvent
 .text          0x000000000009ed88       0x25 e:/nxp/bstudio_nxp/sdk/tools/ba-elf-ba2-r36379/bin/../lib/gcc/ba-elf/4.7.4/../../../../ba-elf/lib/mcpu_jn51xx_sizeopt\libc.a(lib_a-memcmp.o)
                0x000000000009ed88                memcmp
 .text          0x000000000009edad       0x19 e:/nxp/bstudio_nxp/sdk/tools/ba-elf-ba2-r36379/bin/../lib/gcc/ba-elf/4.7.4/../../../../ba-elf/lib/mcpu_jn51xx_sizeopt\libc.a(lib_a-memcpy.o)
 .text          0x000000000009edc6       0x12 e:/nxp/bstudio_nxp/sdk/tools/ba-elf-ba2-r36379/bin/../lib/gcc/ba-elf/4.7.4/../../../../ba-elf/lib/mcpu_jn51xx_sizeopt\libc.a(lib_a-memset.o)
                0x000000000009edc6                memset
 .text          0x000000000009edd8       0x25 e:/nxp/bstudio_nxp/sdk/tools/ba-elf-ba2-r36379/bin/../lib/gcc/ba-elf/4.7.4/../../../../ba-elf/lib/mcpu_jn51xx_sizeopt\libc.a(lib_a-strcmp.o)
                0x000000000009edd8                strcmp
 *fill*         0x000000000009edfd        0x3 00
 .text          0x000000000009ee00      0x204 e:/nxp/bstudio_nxp/sdk/tools/ba-elf-ba2-r36379/bin/../lib/gcc/ba-elf/4.7.4/mcpu_jn51xx_sizeopt\libgcc.a(__udivsi3.o)
                0x000000000009ee00                __udivsi3
 .text          0x000000000009f004       0x30 e:/nxp/bstudio_nxp/sdk/tools/ba-elf-ba2-r36379/bin/../lib/gcc/ba-elf/4.7.4/mcpu_jn51xx_sizeopt\libgcc.a(__divsi3.o)
                0x000000000009f004                __divsi3
 .text          0x000000000009f034      0x1b0 e:/nxp/bstudio_nxp/sdk/tools/ba-elf-ba2-r36379/bin/../lib/gcc/ba-elf/4.7.4/mcpu_jn51xx_sizeopt\libgcc.a(__umodsi3.o)
                0x000000000009f034                __umodsi3
 .text          0x000000000009f1e4       0x24 e:/nxp/bstudio_nxp/sdk/tools/ba-elf-ba2-r36379/bin/../lib/gcc/ba-elf/4.7.4/mcpu_jn51xx_sizeopt\libgcc.a(__modsi3.o)
                0x000000000009f1e4                __modsi3
 .text          0x000000000009f208       0x52 e:/nxp/bstudio_nxp/sdk/tools/ba-elf-ba2-r36379/bin/../lib/gcc/ba-elf/4.7.4/mcpu_jn51xx_sizeopt\libgcc.a(_muldi3.o)
                0x000000000009f208                __muldi3
 .text          0x000000000009f25a      0x350 e:/nxp/bstudio_nxp/sdk/tools/ba-elf-ba2-r36379/bin/../lib/gcc/ba-elf/4.7.4/mcpu_jn51xx_sizeopt\libgcc.a(_udivdi3.o)
                0x000000000009f25a                __udivdi3
 *fill*         0x000000000009f5aa        0x2 00
 .text          0x000000000009f5ac       0xd0 e:/NXP/Sensor/LightSensor/Build/portasm.o
                0x000000000009f5ac                OSMIUM_HwVectTable
                0x000000000009f5e8                vExternalException
 .text          0x000000000009f67c       0x48 e:/NXP/bstudio_nxp/sdk/JN-SW-4170/Components/Library\libPWRM_JN516x.a(pwrm_setjmp_JN516x.o)
                0x000000000009f67c                setjmp
                0x000000000009f6a0                PWRM_longjmp
 .text          0x000000000009f6c4        0x0 e:/NXP/bstudio_nxp/sdk/JN-SW-4170/Components/Library\libZPSAPL_JN516x.a(zps_apl_version_lc.o)
                0x000000000009f6c4                ZPS_APL_Version_3v0
 .text          0x000000000009f6c4        0x0 e:/NXP/bstudio_nxp/sdk/JN-SW-4170/Components/Library\libZPSNWK_ZED_JN516x.a(zps_nwk_version_lc.o)
                0x000000000009f6c4                ZPS_NWK_Version_3v0
 .text          0x000000000009f6c4       0x27 e:/NXP/bstudio_nxp/sdk/JN-SW-4170/Components/Library\libHardwareApi_JN5169.a(AHI_Interrupt.o)
                0x000000000009f6c4                vAHI_InterruptSetPriority
                0x000000000009f6e2                vAHI_InterruptSetActivePriorityLevel
 .text.vMicroSyscall
                0x000000000009f6eb       0x17 e:/NXP/bstudio_nxp/sdk/JN-SW-4170/Components/Library\libMicroSpecific_JN516x.a(MicroSyscall_ba.o)
                0x000000000009f6eb                vMicroSyscall
                0x000000000009f702                _flash_end = ABSOLUTE (.)

.rela.dyn       0x000000000009f704        0x0
 .rela.text     0x0000000000000000        0x0 e:/NXP/Sensor/LightSensor/Build/irq_JN516x.o
 .rela.text.PDUM_vInit
                0x0000000000000000        0x0 e:/NXP/Sensor/LightSensor/Build/irq_JN516x.o
 .rela.text.vZdoServersInit
                0x0000000000000000        0x0 e:/NXP/Sensor/LightSensor/Build/irq_JN516x.o
 .rela.text.ZPS_vDefaultKeyInit
                0x0000000000000000        0x0 e:/NXP/Sensor/LightSensor/Build/irq_JN516x.o
 .rela.data.s_sApl
                0x0000000000000000        0x0 e:/NXP/Sensor/LightSensor/Build/irq_JN516x.o
 .rela.rodata.s_asAplZdoServers
                0x0000000000000000        0x0 e:/NXP/Sensor/LightSensor/Build/irq_JN516x.o
 .rela.rodata   0x0000000000000000        0x0 e:/NXP/Sensor/LightSensor/Build/irq_JN516x.o
 .rela.data     0x0000000000000000        0x0 e:/NXP/Sensor/LightSensor/Build/irq_JN516x.o
                0x000000000400004c                . = ORIGIN (ram)

.data           0x000000000400004c      0x544 load address 0x000000000009f704
                0x000000000400004c                _ram_data_start = ABSOLUTE (.)
 *(.data*)
 .data.s_asapduZCLInstances
                0x000000000400004c       0xb4 e:/NXP/Sensor/LightSensor/Build/pdum_gen.o
                0x000000000400004c                s_asapduZCLInstances
 .data.s_asapduZDPInstances
                0x0000000004000100       0xc0 e:/NXP/Sensor/LightSensor/Build/pdum_gen.o
                0x0000000004000100                s_asapduZDPInstances
 .data.s_asAPduPool
                0x00000000040001c0       0x18 e:/NXP/Sensor/LightSensor/Build/pdum_apdu.o
                0x00000000040001c0                pdum_apduZDP
                0x00000000040001c0                s_asAPduPool
                0x00000000040001cc                pdum_apduZCL
 .data.zps_g_pvApl
                0x00000000040001d8        0x4 e:/NXP/Sensor/LightSensor/Build/zps_gen.o
                0x00000000040001d8                zps_g_pvApl
 .data.u8ZpsConfigStackProfileId
                0x00000000040001dc        0x1 e:/NXP/Sensor/LightSensor/Build/zps_gen.o
                0x00000000040001dc                u8ZpsConfigStackProfileId
 .data.au8EpMapPresent
                0x00000000040001dd        0x1 e:/NXP/Sensor/LightSensor/Build/zps_gen.o
                0x00000000040001dd                au8EpMapPresent
 .data.u8MaxZpsConfigEp
                0x00000000040001de        0x1 e:/NXP/Sensor/LightSensor/Build/zps_gen.o
                0x00000000040001de                u8MaxZpsConfigEp
 *fill*         0x00000000040001df        0x1 00
 .data.s_keyPairTableStorage
                0x00000000040001e0       0x48 e:/NXP/Sensor/LightSensor/Build/zps_gen.o
 .data.s_sApl   0x0000000004000228      0x150 e:/NXP/Sensor/LightSensor/Build/zps_gen.o
 .data.s_sAplAib
                0x0000000004000378       0x38 e:/NXP/Sensor/LightSensor/Build/zps_gen.o
 .data.s_sNodeDescriptor
                0x00000000040003b0       0x10 e:/NXP/Sensor/LightSensor/Build/zps_gen.o
 .data.s_asSimpleDescConts
                0x00000000040003c0       0x40 e:/NXP/Sensor/LightSensor/Build/zps_gen.o
 .data.s_sApsDuplicateTable
                0x0000000004000400       0x10 e:/NXP/Sensor/LightSensor/Build/zps_gen.o
 .data.s_sApsmeCmdContainer_1
                0x0000000004000410       0x38 e:/NXP/Sensor/LightSensor/Build/zps_gen.o
 .data.s_bindingTables
                0x0000000004000448        0x8 e:/NXP/Sensor/LightSensor/Build/zps_gen.o
 .data.s_keyPairTable
                0x0000000004000450        0x8 e:/NXP/Sensor/LightSensor/Build/zps_gen.o
 .data.s_au8Endpoint1InputClusterDiscFlags
                0x0000000004000458        0x1 e:/NXP/Sensor/LightSensor/Build/zps_gen.o
 .data.s_au8Endpoint1OutputClusterDiscFlags
                0x0000000004000459        0x1 e:/NXP/Sensor/LightSensor/Build/zps_gen.o
 *fill*         0x000000000400045a        0x2 00
 .data.s_sApsmeCmdContainer_2
                0x000000000400045c       0x38 e:/NXP/Sensor/LightSensor/Build/zps_gen.o
 *fill*         0x0000000004000494        0x4 00
 .data.s_bindingTable
                0x0000000004000498       0x10 e:/NXP/Sensor/LightSensor/Build/zps_gen.o
 .data.s_sApsmeCmdContainer_3
                0x00000000040004a8       0x38 e:/NXP/Sensor/LightSensor/Build/zps_gen.o
 .data          0x00000000040004e0       0x3c C:\Users\ADMINI~1\AppData\Local\Temp\cc5Fnurc.ltrans0.ltrans.o
                0x00000000040004e0                u8AhiBaudRate.137156
                0x00000000040004e4                u32PreviousDioState.4335
                0x00000000040004e8                u8MiniMacConfig_MaxConcurrentAssocResponses
 .data          0x000000000400051c        0x2 C:\Users\ADMINI~1\AppData\Local\Temp\cc5Fnurc.ltrans2.ltrans.o
 *fill*         0x000000000400051e        0x2 00
 .data          0x0000000004000520        0x4 C:\Users\ADMINI~1\AppData\Local\Temp\cc5Fnurc.ltrans4.ltrans.o
                0x0000000004000520                u32HeapStart
 .data          0x0000000004000524       0x10 C:\Users\ADMINI~1\AppData\Local\Temp\cc5Fnurc.ltrans5.ltrans.o
                0x0000000004000524                u32AddrSram.154148
                0x0000000004000528                u32AddrSession.154147
                0x000000000400052c                u32AddrConfig.154146
 .data          0x0000000004000534        0x4 C:\Users\ADMINI~1\AppData\Local\Temp\cc5Fnurc.ltrans6.ltrans.o
                0x0000000004000534                bCanLoopback.73876
 .data          0x0000000004000538        0x2 C:\Users\ADMINI~1\AppData\Local\Temp\cc5Fnurc.ltrans7.ltrans.o
 .data          0x000000000400053a        0x4 C:\Users\ADMINI~1\AppData\Local\Temp\cc5Fnurc.ltrans12.ltrans.o
 .data          0x000000000400053e        0x2 C:\Users\ADMINI~1\AppData\Local\Temp\cc5Fnurc.ltrans15.ltrans.o
 .data          0x0000000004000540       0x40 C:\Users\ADMINI~1\AppData\Local\Temp\cc5Fnurc.ltrans22.ltrans.o
 .data          0x0000000004000580       0x10 C:\Users\ADMINI~1\AppData\Local\Temp\cc5Fnurc.ltrans25.ltrans.o
 *(.data.*)
                0x0000000004000590                . = ALIGN (0x4)
                0x0000000004000590                _ram_data_end = ABSOLUTE (.)

.bss            0x0000000004000590     0x3ebc load address 0x000000000009fc48
                0x0000000004000590                _bss_start = ABSOLUTE (.)
 *(.bss*)
 .bss.s_asNPduPool
                0x0000000004000590      0xc00 e:/NXP/Sensor/LightSensor/Build/pdum_gen.o
 .bss.s_au8apduZCLInstance0Storage
                0x0000000004001190       0x64 e:/NXP/Sensor/LightSensor/Build/pdum_gen.o
 .bss.s_au8apduZCLInstance1Storage
                0x00000000040011f4       0x64 e:/NXP/Sensor/LightSensor/Build/pdum_gen.o
 .bss.s_au8apduZCLInstance2Storage
                0x0000000004001258       0x64 e:/NXP/Sensor/LightSensor/Build/pdum_gen.o
 .bss.s_au8apduZCLInstance3Storage
                0x00000000040012bc       0x64 e:/NXP/Sensor/LightSensor/Build/pdum_gen.o
 .bss.s_au8apduZCLInstance4Storage
                0x0000000004001320       0x64 e:/NXP/Sensor/LightSensor/Build/pdum_gen.o
 .bss.s_au8apduZCLInstance5Storage
                0x0000000004001384       0x64 e:/NXP/Sensor/LightSensor/Build/pdum_gen.o
 .bss.s_au8apduZCLInstance6Storage
                0x00000000040013e8       0x64 e:/NXP/Sensor/LightSensor/Build/pdum_gen.o
 .bss.s_au8apduZCLInstance7Storage
                0x000000000400144c       0x64 e:/NXP/Sensor/LightSensor/Build/pdum_gen.o
 .bss.s_au8apduZCLInstance8Storage
                0x00000000040014b0       0x64 e:/NXP/Sensor/LightSensor/Build/pdum_gen.o
 .bss.s_au8apduZCLInstance9Storage
                0x0000000004001514       0x64 e:/NXP/Sensor/LightSensor/Build/pdum_gen.o
 .bss.s_au8apduZCLInstance10Storage
                0x0000000004001578       0x64 e:/NXP/Sensor/LightSensor/Build/pdum_gen.o
 .bss.s_au8apduZCLInstance11Storage
                0x00000000040015dc       0x64 e:/NXP/Sensor/LightSensor/Build/pdum_gen.o
 .bss.s_au8apduZCLInstance12Storage
                0x0000000004001640       0x64 e:/NXP/Sensor/LightSensor/Build/pdum_gen.o
 .bss.s_au8apduZCLInstance13Storage
                0x00000000040016a4       0x64 e:/NXP/Sensor/LightSensor/Build/pdum_gen.o
 .bss.s_au8apduZCLInstance14Storage
                0x0000000004001708       0x64 e:/NXP/Sensor/LightSensor/Build/pdum_gen.o
 .bss.s_au8apduZDPInstance0Storage
                0x000000000400176c       0x64 e:/NXP/Sensor/LightSensor/Build/pdum_gen.o
 .bss.s_au8apduZDPInstance1Storage
                0x00000000040017d0       0x64 e:/NXP/Sensor/LightSensor/Build/pdum_gen.o
 .bss.s_au8apduZDPInstance2Storage
                0x0000000004001834       0x64 e:/NXP/Sensor/LightSensor/Build/pdum_gen.o
 .bss.s_au8apduZDPInstance3Storage
                0x0000000004001898       0x64 e:/NXP/Sensor/LightSensor/Build/pdum_gen.o
 .bss.s_au8apduZDPInstance4Storage
                0x00000000040018fc       0x64 e:/NXP/Sensor/LightSensor/Build/pdum_gen.o
 .bss.s_au8apduZDPInstance5Storage
                0x0000000004001960       0x64 e:/NXP/Sensor/LightSensor/Build/pdum_gen.o
 .bss.s_au8apduZDPInstance6Storage
                0x00000000040019c4       0x64 e:/NXP/Sensor/LightSensor/Build/pdum_gen.o
 .bss.s_au8apduZDPInstance7Storage
                0x0000000004001a28       0x64 e:/NXP/Sensor/LightSensor/Build/pdum_gen.o
 .bss.s_au8apduZDPInstance8Storage
                0x0000000004001a8c       0x64 e:/NXP/Sensor/LightSensor/Build/pdum_gen.o
 .bss.s_au8apduZDPInstance9Storage
                0x0000000004001af0       0x64 e:/NXP/Sensor/LightSensor/Build/pdum_gen.o
 .bss.s_au8apduZDPInstance10Storage
                0x0000000004001b54       0x64 e:/NXP/Sensor/LightSensor/Build/pdum_gen.o
 .bss.s_au8apduZDPInstance11Storage
                0x0000000004001bb8       0x64 e:/NXP/Sensor/LightSensor/Build/pdum_gen.o
 .bss.s_au8apduZDPInstance12Storage
                0x0000000004001c1c       0x64 e:/NXP/Sensor/LightSensor/Build/pdum_gen.o
 .bss.s_au8apduZDPInstance13Storage
                0x0000000004001c80       0x64 e:/NXP/Sensor/LightSensor/Build/pdum_gen.o
 .bss.s_au8apduZDPInstance14Storage
                0x0000000004001ce4       0x64 e:/NXP/Sensor/LightSensor/Build/pdum_gen.o
 .bss.s_au8apduZDPInstance15Storage
                0x0000000004001d48       0x64 e:/NXP/Sensor/LightSensor/Build/pdum_gen.o
 .bss.s_groupPdmTable
                0x0000000004001dac        0x8 e:/NXP/Sensor/LightSensor/Build/zps_gen.o
                0x0000000004001dac                s_groupPdmTable
 .bss.g_psGreenPowerContext
                0x0000000004001db4        0x4 e:/NXP/Sensor/LightSensor/Build/zps_gen.o
                0x0000000004001db4                g_psGreenPowerContext
 .bss.g_pbZpsMutex
                0x0000000004001db8        0x1 e:/NXP/Sensor/LightSensor/Build/zps_gen.o
                0x0000000004001db8                g_pbZpsMutex
 *fill*         0x0000000004001db9        0x3 00
 .bss.s_sDefaultServerContext
                0x0000000004001dbc        0x8 e:/NXP/Sensor/LightSensor/Build/zps_gen.o
 .bss.s_sZdoClientContext
                0x0000000004001dc4        0x8 e:/NXP/Sensor/LightSensor/Build/zps_gen.o
 .bss.s_sDeviceAnnceServerContext
                0x0000000004001dcc        0x0 e:/NXP/Sensor/LightSensor/Build/zps_gen.o
 .bss.s_sActiveEpServerContext
                0x0000000004001dcc        0x8 e:/NXP/Sensor/LightSensor/Build/zps_gen.o
 .bss.s_sNwkAddrServerContext
                0x0000000004001dd4        0x8 e:/NXP/Sensor/LightSensor/Build/zps_gen.o
 .bss.s_sIeeeAddrServerContext
                0x0000000004001ddc        0x8 e:/NXP/Sensor/LightSensor/Build/zps_gen.o
 .bss.s_sSystemServerDiscoveryServerContext
                0x0000000004001de4        0x8 e:/NXP/Sensor/LightSensor/Build/zps_gen.o
 .bss.s_sNodeDescServerContext
                0x0000000004001dec        0x8 e:/NXP/Sensor/LightSensor/Build/zps_gen.o
 .bss.s_sPowerDescServerContext
                0x0000000004001df4        0x8 e:/NXP/Sensor/LightSensor/Build/zps_gen.o
 .bss.s_sMatchDescServerContext
                0x0000000004001dfc        0x8 e:/NXP/Sensor/LightSensor/Build/zps_gen.o
 .bss.s_sSimpleDescServerContext
                0x0000000004001e04        0x8 e:/NXP/Sensor/LightSensor/Build/zps_gen.o
 .bss.s_sMgmtLqiServerContext
                0x0000000004001e0c        0x8 e:/NXP/Sensor/LightSensor/Build/zps_gen.o
 .bss.s_sMgmtLeaveServerContext
                0x0000000004001e14       0x28 e:/NXP/Sensor/LightSensor/Build/zps_gen.o
 .bss.s_sMgmtNWKUpdateServerContext
                0x0000000004001e3c       0x40 e:/NXP/Sensor/LightSensor/Build/zps_gen.o
 .bss.s_sBindUnbindServerContext
                0x0000000004001e7c       0x30 e:/NXP/Sensor/LightSensor/Build/zps_gen.o
 .bss.s_sBindRequestServerContext
                0x0000000004001eac       0x40 e:/NXP/Sensor/LightSensor/Build/zps_gen.o
 .bss.s_sBindRequestServerAcksDcfmContext
                0x0000000004001eec       0x28 e:/NXP/Sensor/LightSensor/Build/zps_gen.o
 .bss.s_sMgmtBindServerContext
                0x0000000004001f14        0x8 e:/NXP/Sensor/LightSensor/Build/zps_gen.o
 .bss.s_sNwkContext
                0x0000000004001f1c      0x590 e:/NXP/Sensor/LightSensor/Build/zps_gen.o
 *fill*         0x00000000040024ac        0x4 00
 .bss.s_asRequestKeyRequests
                0x00000000040024b0       0x40 e:/NXP/Sensor/LightSensor/Build/zps_gen.o
 .bss.s_asApsSyncMsgPool
                0x00000000040024f0      0x140 e:/NXP/Sensor/LightSensor/Build/zps_gen.o
 .bss.s_asApsDcfmRecordPool
                0x0000000004002630       0x40 e:/NXP/Sensor/LightSensor/Build/zps_gen.o
 .bss.s_asNwkNtDisc
                0x0000000004002670      0x180 e:/NXP/Sensor/LightSensor/Build/zps_gen.o
 .bss.s_asNwkNtActv
                0x00000000040027f0       0xa0 e:/NXP/Sensor/LightSensor/Build/zps_gen.o
 .bss.s_asNwkRtDisc
                0x0000000004002890       0x28 e:/NXP/Sensor/LightSensor/Build/zps_gen.o
 .bss.s_asNwkRt
                0x00000000040028b8        0xc e:/NXP/Sensor/LightSensor/Build/zps_gen.o
 .bss.s_asNwkBtt
                0x00000000040028c4       0x10 e:/NXP/Sensor/LightSensor/Build/zps_gen.o
 .bss.s_asNwkRct
                0x00000000040028d4       0x40 e:/NXP/Sensor/LightSensor/Build/zps_gen.o
 *fill*         0x0000000004002914        0xc 00
 .bss.s_asNwkSecMatSet
                0x0000000004002920       0x40 e:/NXP/Sensor/LightSensor/Build/zps_gen.o
 .bss.s_au16NwkAddrMapNwk
                0x0000000004002960       0x28 e:/NXP/Sensor/LightSensor/Build/zps_gen.o
 .bss.s_au16NwkAddrMapLookup
                0x0000000004002988       0x28 e:/NXP/Sensor/LightSensor/Build/zps_gen.o
 .bss.s_asNwkInFCSet
                0x00000000040029b0       0x28 e:/NXP/Sensor/LightSensor/Build/zps_gen.o
 .bss.s_au64NwkAddrMapExt
                0x00000000040029d8      0x140 e:/NXP/Sensor/LightSensor/Build/zps_gen.o
 .bss.s_au32ZedTimeoutCount
                0x0000000004002b18       0x28 e:/NXP/Sensor/LightSensor/Build/zps_gen.o
 .bss.s_au8KeepAliveFlags
                0x0000000004002b40        0xa e:/NXP/Sensor/LightSensor/Build/zps_gen.o
 *fill*         0x0000000004002b4a        0x2 00
 .bss.au32IncomingFrameCounter
                0x0000000004002b4c        0xc e:/NXP/Sensor/LightSensor/Build/zps_gen.o
 .bss.s_au8Endpoint0InputClusterDiscFlags
                0x0000000004002b58        0xb e:/NXP/Sensor/LightSensor/Build/zps_gen.o
 .bss.s_au8Endpoint0OutputClusterDiscFlags
                0x0000000004002b63        0xb e:/NXP/Sensor/LightSensor/Build/zps_gen.o
 .bss.s_au16ApsDuplicateTableAddrs
                0x0000000004002b6e        0x6 e:/NXP/Sensor/LightSensor/Build/zps_gen.o
 .bss.s_au32ApsDuplicateTableHash
                0x0000000004002b74        0xc e:/NXP/Sensor/LightSensor/Build/zps_gen.o
 .bss.s_au8ApsDuplicateTableSeqCnts