Archive member included because of file (symbol)

e:/NXP/bstudio_nxp/sdk/JN-SW-4170/Components/Library\libZPSMAC_Mini_JN516x.a(zps_mac_shim.o)
                              e:/NXP/Sensor/WL_DoorLock/Build/zcl_readAttributesRequestHandle.o (symbol from plugin) (ZPS_u16MacPibGetCoordShortAddress)
e:/NXP/bstudio_nxp/sdk/JN-SW-4170/Components/Library\libZPSMAC_Mini_JN516x.a(zps_miniMac.o)
                              zps_mac_shim.o (symbol from plugin) (ZPS_eMiniMacSetTxBuffers)
e:/NXP/bstudio_nxp/sdk/JN-SW-4170/Components/Library\libPWRM_JN516x.a(pwrm.o)
                              e:/NXP/Sensor/WL_DoorLock/Build/app_start_sensor.o (symbol from plugin) (PWRM_vInit)
e:/NXP/bstudio_nxp/sdk/JN-SW-4170/Components/Library\libPWRM_JN516x.a(pwrm_setjmp_JN516x.o)
                              pwrm.o (symbol from plugin) (setjmp)
e:/NXP/bstudio_nxp/sdk/JN-SW-4170/Components/Library\libPWRM_JN516x.a(pwrm_cold_start.o)
                              (AppColdStart)
e:/NXP/bstudio_nxp/sdk/JN-SW-4170/Components/Library\libPWRM_JN516x.a(pwrm_warm_start.o)
                              (AppWarmStart)
e:/NXP/bstudio_nxp/sdk/JN-SW-4170/Components/Library\libAES_SW_JN516x.a(aes_sw_mmo.o)
                              e:/NXP/Sensor/WL_DoorLock/Build/OTA.o (symbol from plugin) (AESSW_vMMOBlockUpdate)
e:/NXP/bstudio_nxp/sdk/JN-SW-4170/Components/Library\libPDUM_JN516x.a(pdum_nwk.o)
                              zps_miniMac.o (symbol from plugin) (PDUM_eNPduAllocate)
e:/NXP/bstudio_nxp/sdk/JN-SW-4170/Components/Library\libPDUM_JN516x.a(pdum_apl.o)
                              e:/NXP/Sensor/WL_DoorLock/Build/app_ota_client.o (symbol from plugin) (PDUM_u16APduInstanceReadNBO)
e:/NXP/bstudio_nxp/sdk/JN-SW-4170/Components/Library\libPDUM_JN516x.a(pdum.o)
                              pdum_nwk.o (symbol from plugin) (PDUM_u16SizeNBO)
e:/NXP/bstudio_nxp/sdk/JN-SW-4170/Components/Library\libZPSAPL_JN516x.a(zps_apl_version_lc.o)
                              e:/NXP/Sensor/WL_DoorLock/Build/zps_gen.o (ZPS_APL_Version_3v0)
e:/NXP/bstudio_nxp/sdk/JN-SW-4170/Components/Library\libZPSAPL_JN516x.a(zps_apl_af.o)
                              e:/NXP/Sensor/WL_DoorLock/Build/app_zlo_sensor_node.o (symbol from plugin) (ZPS_eAplAfInit)
e:/NXP/bstudio_nxp/sdk/JN-SW-4170/Components/Library\libZPSAPL_JN516x.a(zps_apl_af_apsde.o)
                              e:/NXP/Sensor/WL_DoorLock/Build/zps_gen.o (zps_vHandleApsdeDataFragIndNotSupported)
e:/NXP/bstudio_nxp/sdk/JN-SW-4170/Components/Library\libZPSAPL_JN516x.a(zps_apl_task.o)
                              zps_apl_af_apsde.o (symbol from plugin) (zps_vAplAfPostEvent)
e:/NXP/bstudio_nxp/sdk/JN-SW-4170/Components/Library\libZPSAPL_JN516x.a(zps_apl_apsde.o)
                              zps_apl_task.o (symbol from plugin) (ZPS_vAplRegisterApsdeDcfmIndCallbacks)
e:/NXP/bstudio_nxp/sdk/JN-SW-4170/Components/Library\libZPSAPL_JN516x.a(zps_apl_apsme.o)
                              zps_apl_task.o (symbol from plugin) (ZPS_vAplRegisterApsmeDcfmIndCallbacks)
e:/NXP/bstudio_nxp/sdk/JN-SW-4170/Components/Library\libZPSAPL_JN516x.a(zps_apl_aps_nlde.o)
                              zps_apl_task.o (symbol from plugin) (zps_vAplApsHandleNldeDcfmInd)
e:/NXP/bstudio_nxp/sdk/JN-SW-4170/Components/Library\libZPSAPL_JN516x.a(zps_apl_sec.o)
                              zps_apl_apsme.o (symbol from plugin) (zps_vGenerateHashForVerifiedKey)
e:/NXP/bstudio_nxp/sdk/JN-SW-4170/Components/Library\libZPSAPL_JN516x.a(zps_apl_aib.o)
                              e:/NXP/Sensor/WL_DoorLock/Build/app_zcl_sensor_task.o (symbol from plugin) (zps_psAplAibGetAib)
e:/NXP/bstudio_nxp/sdk/JN-SW-4170/Components/Library\libZPSAPL_JN516x.a(zps_apl_zdo_nwkmanager.o)
                              zps_apl_apsme.o (symbol from plugin) (zps_vAplSaveRecord)
e:/NXP/bstudio_nxp/sdk/JN-SW-4170/Components/Library\libZPSAPL_JN516x.a(zps_apl_zdo_handle_zdp_event.o)
                              zps_apl_task.o (symbol from plugin) (zps_bAplZdoHandleZdpEvent)
e:/NXP/bstudio_nxp/sdk/JN-SW-4170/Components/Library\libZPSAPL_JN516x.a(zps_apl_zdo_trust_center.o)
                              zps_apl_aps_nlde.o (symbol from plugin) (zps_eAplTrustCenterFindDevice)
e:/NXP/bstudio_nxp/sdk/JN-SW-4170/Components/Library\libZPSAPL_JN516x.a(zps_apl_zdo_common.o)
                              zps_apl_zdo_nwkmanager.o (symbol from plugin) (zps_eAplZdoNlmeleaveWrapper)
e:/NXP/bstudio_nxp/sdk/JN-SW-4170/Components/Library\libZPSAPL_JN516x.a(zps_apl_zdo_group.o)
                              e:/NXP/Sensor/WL_DoorLock/Build/GroupsTableManager.o (symbol from plugin) (zps_eAplZdoGroupEndpointAdd)
e:/NXP/bstudio_nxp/sdk/JN-SW-4170/Components/Library\libZPSAPL_JN516x.a(zps_apl_zdo_default_server.o)
                              e:/NXP/Sensor/WL_DoorLock/Build/zps_gen.o (zps_vAplZdoDefaultServerInit)
e:/NXP/bstudio_nxp/sdk/JN-SW-4170/Components/Library\libZPSAPL_JN516x.a(zps_apl_zdo_bind_manager.o)
[...]
Memory Configuration

Name             Origin             Length             Attributes
flash            0x0000000000080000 0x0000000000080000
ram              0x000000000400004c 0x0000000000007fb4
*default*        0x0000000000000000 0xffffffffffffffff

Linker script and memory map

                0x0000000000001770                __stack_size = 0x1770
                0x00000000000007d0                __minimum_heap_size = 0x7d0
START GROUP
LOAD e:/NXP/Sensor/WL_DoorLock/Build/irq_JN516x.o
LOAD e:/NXP/Sensor/WL_DoorLock/Build/pdum_gen.o
LOAD e:/NXP/Sensor/WL_DoorLock/Build/pdum_apdu.o
LOAD e:/NXP/Sensor/WL_DoorLock/Build/zps_gen.o
LOAD e:/NXP/Sensor/WL_DoorLock/Build/app_pdm.o
LOAD C:\Users\ADMINI~1\AppData\Local\Temp\ccuL4uDM.ltrans0.ltrans.o
LOAD C:\Users\ADMINI~1\AppData\Local\Temp\ccuL4uDM.ltrans1.ltrans.o
LOAD C:\Users\ADMINI~1\AppData\Local\Temp\ccuL4uDM.ltrans2.ltrans.o
LOAD C:\Users\ADMINI~1\AppData\Local\Temp\ccuL4uDM.ltrans3.ltrans.o
LOAD C:\Users\ADMINI~1\AppData\Local\Temp\ccuL4uDM.ltrans4.ltrans.o
LOAD C:\Users\ADMINI~1\AppData\Local\Temp\ccuL4uDM.ltrans5.ltrans.o
LOAD C:\Users\ADMINI~1\AppData\Local\Temp\ccuL4uDM.ltrans6.ltrans.o
LOAD C:\Users\ADMINI~1\AppData\Local\Temp\ccuL4uDM.ltrans7.ltrans.o
LOAD C:\Users\ADMINI~1\AppData\Local\Temp\ccuL4uDM.ltrans8.ltrans.o
LOAD C:\Users\ADMINI~1\AppData\Local\Temp\ccuL4uDM.ltrans9.ltrans.o
LOAD C:\Users\ADMINI~1\AppData\Local\Temp\ccuL4uDM.ltrans10.ltrans.o
LOAD C:\Users\ADMINI~1\AppData\Local\Temp\ccuL4uDM.ltrans11.ltrans.o
LOAD C:\Users\ADMINI~1\AppData\Local\Temp\ccuL4uDM.ltrans12.ltrans.o
LOAD C:\Users\ADMINI~1\AppData\Local\Temp\ccuL4uDM.ltrans13.ltrans.o
LOAD C:\Users\ADMINI~1\AppData\Local\Temp\ccuL4uDM.ltrans14.ltrans.o
LOAD C:\Users\ADMINI~1\AppData\Local\Temp\ccuL4uDM.ltrans15.ltrans.o
LOAD C:\Users\ADMINI~1\AppData\Local\Temp\ccuL4uDM.ltrans16.ltrans.o
LOAD C:\Users\ADMINI~1\AppData\Local\Temp\ccuL4uDM.ltrans17.ltrans.o
LOAD C:\Users\ADMINI~1\AppData\Local\Temp\ccuL4uDM.ltrans18.ltrans.o
LOAD C:\Users\ADMINI~1\AppData\Local\Temp\ccuL4uDM.ltrans19.ltrans.o
LOAD C:\Users\ADMINI~1\AppData\Local\Temp\ccuL4uDM.ltrans20.ltrans.o
LOAD C:\Users\ADMINI~1\AppData\Local\Temp\ccuL4uDM.ltrans21.ltrans.o
LOAD C:\Users\ADMINI~1\AppData\Local\Temp\ccuL4uDM.ltrans22.ltrans.o
LOAD C:\Users\ADMINI~1\AppData\Local\Temp\ccuL4uDM.ltrans23.ltrans.o
LOAD C:\Users\ADMINI~1\AppData\Local\Temp\ccuL4uDM.ltrans24.ltrans.o
LOAD C:\Users\ADMINI~1\AppData\Local\Temp\ccuL4uDM.ltrans25.ltrans.o
LOAD C:\Users\ADMINI~1\AppData\Local\Temp\ccuL4uDM.ltrans26.ltrans.o
LOAD C:\Users\ADMINI~1\AppData\Local\Temp\ccuL4uDM.ltrans27.ltrans.o
LOAD C:\Users\ADMINI~1\AppData\Local\Temp\ccuL4uDM.ltrans28.ltrans.o
LOAD C:\Users\ADMINI~1\AppData\Local\Temp\ccuL4uDM.ltrans29.ltrans.o
LOAD C:\Users\ADMINI~1\AppData\Local\Temp\ccuL4uDM.ltrans30.ltrans.o
LOAD C:\Users\ADMINI~1\AppData\Local\Temp\ccuL4uDM.ltrans31.ltrans.o
LOAD e:/nxp/bstudio_nxp/sdk/tools/ba-elf-ba2-r36379/bin/../lib/gcc/ba-elf/4.7.4/../../../../ba-elf/lib/mcpu_jn51xx_sizeopt\libc.a
LOAD e:/nxp/bstudio_nxp/sdk/tools/ba-elf-ba2-r36379/bin/../lib/gcc/ba-elf/4.7.4/mcpu_jn51xx_sizeopt\libgcc.a
LOAD e:/nxp/bstudio_nxp/sdk/tools/ba-elf-ba2-r36379/bin/../lib/gcc/ba-elf/4.7.4/../../../../ba-elf/lib/mcpu_jn51xx_sizeopt\libc.a
LOAD e:/NXP/Sensor/WL_DoorLock/Build/app_main.o
LOAD e:/NXP/Sensor/WL_DoorLock/Build/app_reporting.o
LOAD e:/NXP/Sensor/WL_DoorLock/Build/app_start_sensor.o
LOAD e:/NXP/Sensor/WL_DoorLock/Build/App_WL_DoorLock.o
LOAD e:/NXP/Sensor/WL_DoorLock/Build/app_zlo_sensor_node.o
LOAD e:/NXP/Sensor/WL_DoorLock/Build/app_zcl_sensor_task.o
LOAD e:/NXP/Sensor/WL_DoorLock/Build/app_occupancy_buttons.o
LOAD e:/NXP/Sensor/WL_DoorLock/Build/app_SampleDoorLock_Uart.o
LOAD e:/NXP/Sensor/WL_DoorLock/Build/app_ota_client.o
LOAD e:/NXP/Sensor/WL_DoorLock/Build/app_occupancy_sensor_state_machine.o
LOAD e:/NXP/Sensor/WL_DoorLock/Build/app_sleep_handler.o
LOAD e:/NXP/Sensor/WL_DoorLock/Build/app_nwk_event_handler.o
LOAD e:/NXP/Sensor/WL_DoorLock/Build/app_event_handler.o
LOAD e:/NXP/Sensor/WL_DoorLock/Build/app_PIR_OpenCollector_events.o
LOAD e:/NXP/Sensor/WL_DoorLock/Build/app_zcl_tick_handler.o
LOAD e:/NXP/Sensor/WL_DoorLock/Build/app_blink_led.o
LOAD e:/NXP/Sensor/WL_DoorLock/Build/Alarms.o
LOAD e:/NXP/Sensor/WL_DoorLock/Build/AlarmsClientCommands.o
LOAD e:/NXP/Sensor/WL_DoorLock/Build/AlarmsCommandHandler.o
LOAD e:/NXP/Sensor/WL_DoorLock/Build/AlarmsServerCommands.o
LOAD e:/NXP/Sensor/WL_DoorLock/Build/AlarmsTableManager.o
LOAD e:/NXP/Sensor/WL_DoorLock/Build/AnalogInputBasic.o
LOAD e:/NXP/Sensor/WL_DoorLock/Build/AnalogOutputBasic.o
LOAD e:/NXP/Sensor/WL_DoorLock/Build/Basic.o
LOAD e:/NXP/Sensor/WL_DoorLock/Build/BasicClientCommands.o
LOAD e:/NXP/Sensor/WL_DoorLock/Build/BasicCommandHandler.o
LOAD e:/NXP/Sensor/WL_DoorLock/Build/BinaryInputBasic.o
LOAD e:/NXP/Sensor/WL_DoorLock/Build/BinaryOutputBasic.o
LOAD e:/NXP/Sensor/WL_DoorLock/Build/DeviceTemperatureConfiguration.o
LOAD e:/NXP/Sensor/WL_DoorLock/Build/Diagnostics.o
LOAD e:/NXP/Sensor/WL_DoorLock/Build/Groups.o
LOAD e:/NXP/Sensor/WL_DoorLock/Build/GroupsClientCommands.o
LOAD e:/NXP/Sensor/WL_DoorLock/Build/GroupsCommandHandler.o
LOAD e:/NXP/Sensor/WL_DoorLock/Build/GroupsServerCommands.o
LOAD e:/NXP/Sensor/WL_DoorLock/Build/GroupsTableManager.o
LOAD e:/NXP/Sensor/WL_DoorLock/Build/Identify.o
LOAD e:/NXP/Sensor/WL_DoorLock/Build/IdentifyClientCommands.o
LOAD e:/NXP/Sensor/WL_DoorLock/Build/IdentifyCommandHandler.o
LOAD e:/NXP/Sensor/WL_DoorLock/Build/IdentifyServerCommands.o
LOAD e:/NXP/Sensor/WL_DoorLock/Build/LevelControl.o
LOAD e:/NXP/Sensor/WL_DoorLock/Build/LevelControlClientCommands.o
LOAD e:/NXP/Sensor/WL_DoorLock/Build/LevelControlCommandHandler.o
LOAD e:/NXP/Sensor/WL_DoorLock/Build/MultistateInputBasic.o
LOAD e:/NXP/Sensor/WL_DoorLock/Build/MultistateOutputBasic.o
LOAD e:/NXP/Sensor/WL_DoorLock/Build/OOSC.o
LOAD e:/NXP/Sensor/WL_DoorLock/Build/OnOff.o
LOAD e:/NXP/Sensor/WL_DoorLock/Build/OnOffCommandHandler.o
LOAD e:/NXP/Sensor/WL_DoorLock/Build/OnOffCommands.o
LOAD e:/NXP/Sensor/WL_DoorLock/Build/PollControl.o
LOAD e:/NXP/Sensor/WL_DoorLock/Build/PollControlClientCommands.o
LOAD e:/NXP/Sensor/WL_DoorLock/Build/PollControlCommandHandler.o
LOAD e:/NXP/Sensor/WL_DoorLock/Build/PollControlServerCommands.o
LOAD e:/NXP/Sensor/WL_DoorLock/Build/PowerConfiguration.o
LOAD e:/NXP/Sensor/WL_DoorLock/Build/PowerProfile.o
LOAD e:/NXP/Sensor/WL_DoorLock/Build/PowerProfileClientCommands.o
LOAD e:/NXP/Sensor/WL_DoorLock/Build/PowerProfileCommandHandler.o
LOAD e:/NXP/Sensor/WL_DoorLock/Build/PowerProfileServerCommands.o
LOAD e:/NXP/Sensor/WL_DoorLock/Build/Scenes.o
LOAD e:/NXP/Sensor/WL_DoorLock/Build/ScenesClientCommands.o
LOAD e:/NXP/Sensor/WL_DoorLock/Build/ScenesClusterManagement.o
LOAD e:/NXP/Sensor/WL_DoorLock/Build/ScenesCommandHandler.o
LOAD e:/NXP/Sensor/WL_DoorLock/Build/ScenesServerCommands.o
LOAD e:/NXP/Sensor/WL_DoorLock/Build/ScenesTableManager.o
LOAD e:/NXP/Sensor/WL_DoorLock/Build/TC.o
LOAD e:/NXP/Sensor/WL_DoorLock/Build/Time.o
LOAD e:/NXP/Sensor/WL_DoorLock/Build/base_device.o
LOAD e:/NXP/Sensor/WL_DoorLock/Build/mains_power_outlet.o
LOAD e:/NXP/Sensor/WL_DoorLock/Build/on_off_output.o
LOAD e:/NXP/Sensor/WL_DoorLock/Build/remote_control.o
LOAD e:/NXP/Sensor/WL_DoorLock/Build/simple_sensor.o
LOAD e:/NXP/Sensor/WL_DoorLock/Build/ElectricalMeasurement.o
LOAD e:/NXP/Sensor/WL_DoorLock/Build/FlowMeasurement.o
LOAD e:/NXP/Sensor/WL_DoorLock/Build/IlluminanceLevelSensing.o
LOAD e:/NXP/Sensor/WL_DoorLock/Build/IlluminanceMeasurement.o
LOAD e:/NXP/Sensor/WL_DoorLock/Build/OccupancySensing.o
LOAD e:/NXP/Sensor/WL_DoorLock/Build/PressureMeasurement.o
LOAD e:/NXP/Sensor/WL_DoorLock/Build/RelativeHumidityMeasurement.o
LOAD e:/NXP/Sensor/WL_DoorLock/Build/TemperatureMeasurement.o
LOAD e:/NXP/Sensor/WL_DoorLock/Build/BallastConfiguration.o
LOAD e:/NXP/Sensor/WL_DoorLock/Build/ColourControl.o
LOAD e:/NXP/Sensor/WL_DoorLock/Build/ColourControlClientCommands.o
LOAD e:/NXP/Sensor/WL_DoorLock/Build/ColourControlCommandHandler.o
LOAD e:/NXP/Sensor/WL_DoorLock/Build/ColourControlConversions.o
LOAD e:/NXP/Sensor/WL_DoorLock/Build/colour_controller.o
LOAD e:/NXP/Sensor/WL_DoorLock/Build/colour_dimmable_light.o
LOAD e:/NXP/Sensor/WL_DoorLock/Build/colour_dimmer_switch.o
LOAD e:/NXP/Sensor/WL_DoorLock/Build/colour_scene_controller.o
LOAD e:/NXP/Sensor/WL_DoorLock/Build/colour_temperature_light.o
LOAD e:/NXP/Sensor/WL_DoorLock/Build/commission_endpoint.o
LOAD e:/NXP/Sensor/WL_DoorLock/Build/control_bridge.o
LOAD e:/NXP/Sensor/WL_DoorLock/Build/dimmable_ballast.o
LOAD e:/NXP/Sensor/WL_DoorLock/Build/dimmable_light.o
LOAD e:/NXP/Sensor/WL_DoorLock/Build/dimmable_plug.o
LOAD e:/NXP/Sensor/WL_DoorLock/Build/dimmer_switch.o
LOAD e:/NXP/Sensor/WL_DoorLock/Build/extended_colour_light.o
LOAD e:/NXP/Sensor/WL_DoorLock/Build/light_level_sensor.o
LOAD e:/NXP/Sensor/WL_DoorLock/Build/light_sensor.o
LOAD e:/NXP/Sensor/WL_DoorLock/Build/non_colour_controller.o
LOAD e:/NXP/Sensor/WL_DoorLock/Build/non_colour_scene_controller.o
LOAD e:/NXP/Sensor/WL_DoorLock/Build/occupancy_sensor.o
LOAD e:/NXP/Sensor/WL_DoorLock/Build/on_off_ballast.o
LOAD e:/NXP/Sensor/WL_DoorLock/Build/on_off_light.o
LOAD e:/NXP/Sensor/WL_DoorLock/Build/on_off_light_switch.o
LOAD e:/NXP/Sensor/WL_DoorLock/Build/on_off_plug.o
LOAD e:/NXP/Sensor/WL_DoorLock/Build/on_off_sensor.o
LOAD e:/NXP/Sensor/WL_DoorLock/Build/DoorLock.o
LOAD e:/NXP/Sensor/WL_DoorLock/Build/DoorLockCommandHandler.o
LOAD e:/NXP/Sensor/WL_DoorLock/Build/DoorLockCommands.o
LOAD e:/NXP/Sensor/WL_DoorLock/Build/door_lock.o
LOAD e:/NXP/Sensor/WL_DoorLock/Build/door_lock_controller.o
LOAD e:/NXP/Sensor/WL_DoorLock/Build/IASACE.o
LOAD e:/NXP/Sensor/WL_DoorLock/Build/IASACEClientCommands.o
LOAD e:/NXP/Sensor/WL_DoorLock/Build/IASACECommandHandler.o
LOAD e:/NXP/Sensor/WL_DoorLock/Build/IASACEServerCommands.o
LOAD e:/NXP/Sensor/WL_DoorLock/Build/IASWD.o
LOAD e:/NXP/Sensor/WL_DoorLock/Build/IASWDCommandHandler.o
LOAD e:/NXP/Sensor/WL_DoorLock/Build/IASWDCommands.o
LOAD e:/NXP/Sensor/WL_DoorLock/Build/IASZone.o
LOAD e:/NXP/Sensor/WL_DoorLock/Build/IASZoneCommandHandler.o
LOAD e:/NXP/Sensor/WL_DoorLock/Build/IASZoneCommands.o
LOAD e:/NXP/Sensor/WL_DoorLock/Build/ancillary_control_equipment.o
LOAD e:/NXP/Sensor/WL_DoorLock/Build/control_and_indicating_equipment.o
LOAD e:/NXP/Sensor/WL_DoorLock/Build/warning_device.o
LOAD e:/NXP/Sensor/WL_DoorLock/Build/zone.o
LOAD e:/NXP/Sensor/WL_DoorLock/Build/OTA.o
LOAD e:/NXP/Sensor/WL_DoorLock/Build/OTA_ClientUpgradeManager.o
LOAD e:/NXP/Sensor/WL_DoorLock/Build/OTA_CustomCommandHandler.o
LOAD e:/NXP/Sensor/WL_DoorLock/Build/OTA_CustomReceiveCommands.o
LOAD e:/NXP/Sensor/WL_DoorLock/Build/OTA_ServerUpgradeManager.o
LOAD e:/NXP/Sensor/WL_DoorLock/Build/OTA_client.o
LOAD e:/NXP/Sensor/WL_DoorLock/Build/OTA_common.o
LOAD e:/NXP/Sensor/WL_DoorLock/Build/OTA_server.o
LOAD e:/NXP/Sensor/WL_DoorLock/Build/Commissioning.o
LOAD e:/NXP/Sensor/WL_DoorLock/Build/CommissioningClientCommands.o
LOAD e:/NXP/Sensor/WL_DoorLock/Build/CommissioningCmdHandler.o
LOAD e:/NXP/Sensor/WL_DoorLock/Build/CommissioningServerCommands.o
LOAD e:/NXP/Sensor/WL_DoorLock/Build/zll_CommissionCmdHandler.o
LOAD e:/NXP/Sensor/WL_DoorLock/Build/zll_UtilityCmdHandler.o
LOAD e:/NXP/Sensor/WL_DoorLock/Build/zll_commission.o
LOAD e:/NXP/Sensor/WL_DoorLock/Build/zll_utility.o
LOAD e:/NXP/Sensor/WL_DoorLock/Build/dlist.o
LOAD e:/NXP/Sensor/WL_DoorLock/Build/zcl.o
LOAD e:/NXP/Sensor/WL_DoorLock/Build/zcl_CustomCommandReceive.o
LOAD e:/NXP/Sensor/WL_DoorLock/Build/zcl_CustomCommandSend.o
LOAD e:/NXP/Sensor/WL_DoorLock/Build/zcl_PDUbufferReadWrite.o
LOAD e:/NXP/Sensor/WL_DoorLock/Build/zcl_PDUbufferReadWriteString.o
LOAD e:/NXP/Sensor/WL_DoorLock/Build/zcl_WriteAttributesRequestHandle.o
LOAD e:/NXP/Sensor/WL_DoorLock/Build/zcl_WriteAttributesRequestSend.o
LOAD e:/NXP/Sensor/WL_DoorLock/Build/zcl_WriteAttributesResponseHandle.o
LOAD e:/NXP/Sensor/WL_DoorLock/Build/zcl_attribute.o
LOAD e:/NXP/Sensor/WL_DoorLock/Build/zcl_buffer.o
LOAD e:/NXP/Sensor/WL_DoorLock/Build/zcl_clusterCommand.o
LOAD e:/NXP/Sensor/WL_DoorLock/Build/zcl_command.o
LOAD e:/NXP/Sensor/WL_DoorLock/Build/zcl_common.o
LOAD e:/NXP/Sensor/WL_DoorLock/Build/zcl_configureReportingCommandHandle.o
LOAD e:/NXP/Sensor/WL_DoorLock/Build/zcl_configureReportingCommandSend.o
LOAD e:/NXP/Sensor/WL_DoorLock/Build/zcl_configureReportingResponseHandle.o
LOAD e:/NXP/Sensor/WL_DoorLock/Build/zcl_defaultResponse.o
LOAD e:/NXP/Sensor/WL_DoorLock/Build/zcl_discoverAttributesExtendedRequestHandle.o
LOAD e:/NXP/Sensor/WL_DoorLock/Build/zcl_discoverAttributesExtendedRequestSend.o
LOAD e:/NXP/Sensor/WL_DoorLock/Build/zcl_discoverAttributesExtendedResponseHandle.o
LOAD e:/NXP/Sensor/WL_DoorLock/Build/zcl_discoverAttributesRequestHandle.o
LOAD e:/NXP/Sensor/WL_DoorLock/Build/zcl_discoverAttributesRequestSend.o
LOAD e:/NXP/Sensor/WL_DoorLock/Build/zcl_discoverAttributesResponseHandle.o
LOAD e:/NXP/Sensor/WL_DoorLock/Build/zcl_discoverCommandsRequestHandle.o
LOAD e:/NXP/Sensor/WL_DoorLock/Build/zcl_discoverCommandsRequestSend.o
LOAD e:/NXP/Sensor/WL_DoorLock/Build/zcl_discoverCommandsResponseHandle.o
LOAD e:/NXP/Sensor/WL_DoorLock/Build/zcl_event.o
LOAD e:/NXP/Sensor/WL_DoorLock/Build/zcl_heap.o
LOAD e:/NXP/Sensor/WL_DoorLock/Build/zcl_library_options.o
LOAD e:/NXP/Sensor/WL_DoorLock/Build/zcl_readAttributesRequestHandle.o
LOAD e:/NXP/Sensor/WL_DoorLock/Build/zcl_readAttributesRequestSend.o
LOAD e:/NXP/Sensor/WL_DoorLock/Build/zcl_readAttributesResponseHandle.o
LOAD e:/NXP/Sensor/WL_DoorLock/Build/zcl_readReportingConfigurationCommandHandle.o
LOAD e:/NXP/Sensor/WL_DoorLock/Build/zcl_readReportingConfigurationCommandSend.o
LOAD e:/NXP/Sensor/WL_DoorLock/Build/zcl_readReportingConfigurationResponseHandle.o
LOAD e:/NXP/Sensor/WL_DoorLock/Build/zcl_reportManager.o
LOAD e:/NXP/Sensor/WL_DoorLock/Build/zcl_reportMaths.o
LOAD e:/NXP/Sensor/WL_DoorLock/Build/zcl_reportScheduler.o
LOAD e:/NXP/Sensor/WL_DoorLock/Build/zcl_reportStringHandling.o
LOAD e:/NXP/Sensor/WL_DoorLock/Build/zcl_reportStructure.o
LOAD e:/NXP/Sensor/WL_DoorLock/Build/zcl_search.o
LOAD e:/NXP/Sensor/WL_DoorLock/Build/zcl_timer.o
LOAD e:/NXP/Sensor/WL_DoorLock/Build/zcl_transmit.o
LOAD e:/NXP/Sensor/WL_DoorLock/Build/bdb_fr.o
LOAD e:/NXP/Sensor/WL_DoorLock/Build/bdb_link_keys.o
LOAD e:/NXP/Sensor/WL_DoorLock/Build/bdb_start.o
LOAD e:/NXP/Sensor/WL_DoorLock/Build/bdb_state_machine.o
LOAD e:/NXP/Sensor/WL_DoorLock/Build/ZQueue.o
LOAD e:/NXP/Sensor/WL_DoorLock/Build/ZTimer.o
LOAD e:/NXP/Sensor/WL_DoorLock/Build/appZdpExtraction.o
LOAD e:/NXP/Sensor/WL_DoorLock/Build/appZpsBeaconHandler.o
LOAD e:/NXP/Sensor/WL_DoorLock/Build/appZpsExtendedDebug.o
LOAD e:/NXP/Sensor/WL_DoorLock/Build/port.o
LOAD e:/NXP/Sensor/WL_DoorLock/Build/portasm.o
LOAD e:/NXP/Sensor/WL_DoorLock/Build/bdb_ns.o
LOAD e:/NXP/Sensor/WL_DoorLock/Build/bdb_tl_end_device_initiator_target.o
LOAD e:/NXP/Sensor/WL_DoorLock/Build/bdb_tl_common.o
LOAD e:/NXP/Sensor/WL_DoorLock/Build/ecb_decrypt.o
LOAD e:/NXP/Sensor/WL_DoorLock/Build/bdb_fb_common.o
LOAD e:/NXP/Sensor/WL_DoorLock/Build/bdb_fb_initiator.o
LOAD e:/NXP/bstudio_nxp/sdk/JN-SW-4170/Components/Library\libZPSMAC_Mini_JN516x.a
LOAD e:/NXP/bstudio_nxp/sdk/JN-SW-4170/Components/Library\libPWRM_JN516x.a
LOAD e:/NXP/bstudio_nxp/sdk/JN-SW-4170/Components/Library\libZPSTSV_JN516x.a
LOAD e:/NXP/bstudio_nxp/sdk/JN-SW-4170/Components/Library\libAES_SW_JN516x.a
LOAD e:/NXP/bstudio_nxp/sdk/JN-SW-4170/Components/Library\libPDUM_JN516x.a
LOAD e:/NXP/bstudio_nxp/sdk/JN-SW-4170/Components/Library\libZPSAPL_JN516x.a
LOAD e:/NXP/bstudio_nxp/sdk/JN-SW-4170/Components/Library\libRandom_JN516x.a
LOAD e:/NXP/bstudio_nxp/sdk/JN-SW-4170/Components/Library\libPDM_EEPROM_NO_RTOS_JN516x.a
LOAD e:/NXP/bstudio_nxp/sdk/JN-SW-4170/Components/Library\libDBG_JN516x.a
LOAD e:/NXP/bstudio_nxp/sdk/JN-SW-4170/Components/Library\libZPSZLL_ZED_JN516x.a
LOAD e:/NXP/bstudio_nxp/sdk/JN-SW-4170/Components/Library\libZPSNWK_ZED_JN516x.a
LOAD e:/NXP/bstudio_nxp/sdk/JN-SW-4170/Components/Library\libMiniMac_JN5169.a
LOAD e:/NXP/bstudio_nxp/sdk/JN-SW-4170/Components/Library\libMiniMacShim_JN516x.a
LOAD e:/NXP/bstudio_nxp/sdk/JN-SW-4170/Components/Library\libMMAC_JN5169.a
LOAD e:/NXP/bstudio_nxp/sdk/JN-SW-4170/Components/Library\libJPT_JN5169.a
LOAD e:/NXP/bstudio_nxp/sdk/JN-SW-4170/Components/Library\libAes_JN516x.a
LOAD e:/NXP/bstudio_nxp/sdk/JN-SW-4170/Components/Library\libHardwareApi_JN5169.a
LOAD e:/NXP/bstudio_nxp/sdk/JN-SW-4170/Components/Library\libMicroSpecific_JN516x.a
LOAD e:/NXP/bstudio_nxp/sdk/JN-SW-4170/Components/Library\libBoot_JN516x.a
LOAD e:/NXP/bstudio_nxp/sdk/JN-SW-4170/Platform/DK4/Library\libBoardLib_JN516x.a
LOAD e:/nxp/bstudio_nxp/sdk/tools/ba-elf-ba2-r36379/bin/../lib/gcc/ba-elf/4.7.4/../../../../ba-elf/lib/mcpu_jn51xx_sizeopt\libm.a
END GROUP
LOAD e:/nxp/bstudio_nxp/sdk/tools/ba-elf-ba2-r36379/bin/../lib/gcc/ba-elf/4.7.4/../../../../ba-elf/lib/mcpu_jn51xx_sizeopt\libc.a
LOAD e:/nxp/bstudio_nxp/sdk/tools/ba-elf-ba2-r36379/bin/../lib/gcc/ba-elf/4.7.4/mcpu_jn51xx_sizeopt\libgcc.a
LOAD e:/nxp/bstudio_nxp/sdk/tools/ba-elf-ba2-r36379/bin/../lib/gcc/ba-elf/4.7.4/../../../../ba-elf/lib/mcpu_jn51xx_sizeopt\libc.a
                0x0000000000080038                exception_vsr_table = 0x80038
                0x0000000004000000                pSPIflashFncTable = 0x4000000
                0x0000000000000044                restore_state = 0x44
                0x000000000000004a                bZSPIWaitWIPClear = 0x4a
                0x0000000000000050                u16ZSPIflashRDID = 0x50
                0x0000000000000056                u8SelectFlashChipType = 0x56
                0x000000000000005c                memcpy = 0x5c
                0x0000000000000066                vBootFlashProg = 0x66
                [0x00000000000007d0]                __minimum_heap_size = DEFINED (__minimum_heap_size)?__minimum_heap_size:0xd16
                [0x0000000000001770]                __stack_size = DEFINED (__stack_size)?__stack_size:0x800
                0x0000000000000000                _SwConfig = (DEFINED (g_bSWConf_Debug) | (DEFINED (g_bSWConf_AltDebugPort) << 0x1))

.version        0x000000000007fffc        0x4
                0x000000000007fffc        0x4 LONG 0xf03000b

.bir            0x0000000000080000       0x10
                0x0000000000080000                _flash_start = ABSOLUTE (.)
                0x0000000000080000                _flash_beg = ABSOLUTE (.)
                0x0000000000080000        0x4 LONG 0x12345678
                0x0000000000080004        0x4 LONG 0x11223344
                0x0000000000080008        0x4 LONG 0x55667788
                0x000000000008000c        0x1 BYTE 0x8
                0x000000000008000d        0x1 BYTE 0x1
                0x000000000008000e        0x2 SHORT 0x0

.flashheader    0x0000000000080010       0x28
                0x0000000000080010        0x4 LONG 0x0
                0x0000000000080014        0x4 LONG 0x0
                0x0000000000080018        0x4 LONG 0x0
                0x000000000008001c        0x2 SHORT 0x0
                0x000000000008001e        0x2 SHORT 0x0 ABSOLUTE (_SwConfig)
                0x0000000000080020                _enc_start = ABSOLUTE (.)
                0x0000000000080020        0x4 LONG 0x23120 ABSOLUTE (_image_len)
                0x0000000000080024        0x4 LONG 0xa2b50 ABSOLUTE (_flash_data_start)
                0x0000000000080028        0x2 SHORT 0x13 ((ABSOLUTE (_ram_data_start) / 0x4) & 0xffff)
                0x000000000008002a        0x2 SHORT 0x174 ((ABSOLUTE (_ram_data_len) / 0x4) & 0xffff)
                0x000000000008002c        0x2 SHORT 0x187 ((ABSOLUTE (_bss_start) / 0x4) & 0xffff)
                0x000000000008002e        0x2 SHORT 0x112c ((ABSOLUTE (_bss_len) / 0x4) & 0xffff)
                0x0000000000080030        0x4 LONG 0xa0f3c ABSOLUTE (AppWarmStart)
                0x0000000000080034        0x4 LONG 0x80f5c ABSOLUTE (AppColdStart)
                0x0000000000000000                _enc_offset = (_enc_start & 0xf)

.ro_mac_address
                0x0000000000080040       0x10
                0x0000000000080040                _FlsMACAddress = ABSOLUTE (.)
 *(.ro_mac_address)
 .ro_mac_address
                0x0000000000080040        0x8 C:\Users\ADMINI~1\AppData\Local\Temp\ccuL4uDM.ltrans17.ltrans.o
                0x0000000000080050                . = ALIGN (0x10)
 *fill*         0x0000000000080048        0x8 00

.ro_ota_header  0x0000000000080050       0x50
                0x0000000000080050                _FlsOtaHeader = ABSOLUTE (.)
 *(.ro_ota_header)
 .ro_ota_header
                0x0000000000080050       0x45 C:\Users\ADMINI~1\AppData\Local\Temp\ccuL4uDM.ltrans17.ltrans.o
                0x0000000000080050                au8OtaHeader
                0x00000000000800a0                . = ALIGN (0x10)
 *fill*         0x0000000000080095        0xb 00

.ro_se_lnkKey   0x00000000000800a0       0x10
                0x00000000000800a0                _FlsLinkKey = ABSOLUTE (.)
 *(.ro_se_lnkKey)
 .ro_se_lnkKey  0x00000000000800a0       0x10 C:\Users\ADMINI~1\AppData\Local\Temp\ccuL4uDM.ltrans27.ltrans.o
                0x00000000000800b0                . = ALIGN (0x10)

.rodata         0x00000000000800b0      0xcfc
 *(.rodata*)
 .rodata.g_u32NwkFcSaveCountBitShift
                0x00000000000800b0        0x4 e:/NXP/Sensor/WL_DoorLock/Build/zps_gen.o
                0x00000000000800b0                g_u32NwkFcSaveCountBitShift
 .rodata.g_u32ApsFcSaveCountBitShift
                0x00000000000800b4        0x4 e:/NXP/Sensor/WL_DoorLock/Build/zps_gen.o
                0x00000000000800b4                g_u32ApsFcSaveCountBitShift
 .rodata.s_sNwkTblSize
                0x00000000000800b8       0x10 e:/NXP/Sensor/WL_DoorLock/Build/zps_gen.o
 .rodata.s_sNwkTbl
                0x00000000000800c8       0x3c e:/NXP/Sensor/WL_DoorLock/Build/zps_gen.o
 .rodata.s_asAplZdoServers
                0x0000000000080104       0x90 e:/NXP/Sensor/WL_DoorLock/Build/zps_gen.o
 .rodata.s_sNodePowerDescriptor
                0x0000000000080194        0x4 e:/NXP/Sensor/WL_DoorLock/Build/zps_gen.o
 .rodata.s_sNibInitialValues
                0x0000000000080198       0x1c e:/NXP/Sensor/WL_DoorLock/Build/zps_gen.o
 .rodata.s_au16Endpoint0InputClusterList
                0x00000000000801b4       0xa6 e:/NXP/Sensor/WL_DoorLock/Build/zps_gen.o
 .rodata.s_au16Endpoint0OutputClusterList
                0x000000000008025a       0xa6 e:/NXP/Sensor/WL_DoorLock/Build/zps_gen.o
 .rodata.s_ahEndpoint0InputClusterAPdus
                0x0000000000080300      0x14c e:/NXP/Sensor/WL_DoorLock/Build/zps_gen.o
 .rodata.s_au16Endpoint1InputClusterList
                0x000000000008044c       0x10 e:/NXP/Sensor/WL_DoorLock/Build/zps_gen.o
 .rodata.s_au16Endpoint1OutputClusterList
                0x000000000008045c        0xc e:/NXP/Sensor/WL_DoorLock/Build/zps_gen.o
 .rodata.s_ahEndpoint1InputClusterAPdus
                0x0000000000080468       0x20 e:/NXP/Sensor/WL_DoorLock/Build/zps_gen.o
 .rodata.str1.1
                0x0000000000080488        0x5 C:\Users\ADMINI~1\AppData\Local\Temp\ccuL4uDM.ltrans0.ltrans.o
                                         0x13 (size before relaxing)
 *fill*         0x000000000008048d        0x3 00
 .rodata        0x0000000000080490      0x164 C:\Users\ADMINI~1\AppData\Local\Temp\ccuL4uDM.ltrans0.ltrans.o
                0x0000000000080490                zps_pacNwkFrmStdByteFmt
                0x0000000000080494                zps_pacNwkFrmStdLongFmt
                0x0000000000080498                zps_pacNwkFrmStdHalfFmt
 .rodata.str1.1
                0x00000000000805f4        0x5 C:\Users\ADMINI~1\AppData\Local\Temp\ccuL4uDM.ltrans1.ltrans.o
                                          0x8 (size before relaxing)
 *fill*         0x00000000000805f9        0x3 00
 .rodata        0x00000000000805fc       0x88 C:\Users\ADMINI~1\AppData\Local\Temp\ccuL4uDM.ltrans1.ltrans.o
                0x00000000000805fc                au8FlashWaitStatesHSRCO.198950
                0x0000000000080604                au8FlashWaitStates32MXO.198949
 .rodata        0x0000000000080684       0x20 C:\Users\ADMINI~1\AppData\Local\Temp\ccuL4uDM.ltrans2.ltrans.o
 .rodata.str1.1
                0x0000000000000000        0x3 C:\Users\ADMINI~1\AppData\Local\Temp\ccuL4uDM.ltrans2.ltrans.o
 .rodata.str1.1
                0x0000000000000000        0x5 C:\Users\ADMINI~1\AppData\Local\Temp\ccuL4uDM.ltrans3.ltrans.o
                                          0x8 (size before relaxing)
 .rodata        0x00000000000806a4        0x6 C:\Users\ADMINI~1\AppData\Local\Temp\ccuL4uDM.ltrans3.ltrans.o
 .rodata        0x00000000000806aa        0x6 C:\Users\ADMINI~1\AppData\Local\Temp\ccuL4uDM.ltrans4.ltrans.o
 .rodata.str1.1
                0x00000000000806b0        0x3 C:\Users\ADMINI~1\AppData\Local\Temp\ccuL4uDM.ltrans4.ltrans.o
                                          0x7 (size before relaxing)
 .rodata.str1.1
                0x0000000000000000        0x3 C:\Users\ADMINI~1\AppData\Local\Temp\ccuL4uDM.ltrans5.ltrans.o
                                          0xb (size before relaxing)
 .rodata.str1.1
                0x0000000000000000        0x3 C:\Users\ADMINI~1\AppData\Local\Temp\ccuL4uDM.ltrans6.ltrans.o
 *fill*         0x00000000000806b3        0x1 00
 .rodata        0x00000000000806b4       0x20 C:\Users\ADMINI~1\AppData\Local\Temp\ccuL4uDM.ltrans7.ltrans.o
                0x00000000000806b4                au32NwkPdmRecordOffsets
 .rodata.str1.1
                0x00000000000806d4        0x4 C:\Users\ADMINI~1\AppData\Local\Temp\ccuL4uDM.ltrans8.ltrans.o
                                         0x13 (size before relaxing)
 .rodata        0x00000000000806d8       0x30 C:\Users\ADMINI~1\AppData\Local\Temp\ccuL4uDM.ltrans8.ltrans.o
                0x00000000000806d8                zps_pacNwkFrmStdHdrFmt
                0x00000000000806dc                CSWTCH.35.199112.199112
 .rodata.str1.1
                0x0000000000000000        0x4 C:\Users\ADMINI~1\AppData\Local\Temp\ccuL4uDM.ltrans9.ltrans.o
 .rodata        0x0000000000080708       0x2c C:\Users\ADMINI~1\AppData\Local\Temp\ccuL4uDM.ltrans9.ltrans.o
                0x0000000000080708                s_aprActvStHandleCme.187880
                0x0000000000080720                s_aprIdleStHandleCme.190998
                0x0000000000080730                u32ScanAttemptDelayTime
 .rodata.str1.1
                0x0000000000080734        0xa C:\Users\ADMINI~1\AppData\Local\Temp\ccuL4uDM.ltrans10.ltrans.o
 *fill*         0x000000000008073e        0x2 00
 .rodata        0x0000000000080740       0x3c C:\Users\ADMINI~1\AppData\Local\Temp\ccuL4uDM.ltrans10.ltrans.o
                0x0000000000080740                au32EndDeviceTimeoutConstants
 .rodata        0x000000000008077c       0x4c C:\Users\ADMINI~1\AppData\Local\Temp\ccuL4uDM.ltrans11.ltrans.o
                0x000000000008077c                pfnCallbackMcps
 .rodata.str1.1
                0x00000000000807c8        0x5 C:\Users\ADMINI~1\AppData\Local\Temp\ccuL4uDM.ltrans12.ltrans.o
                                          0xe (size before relaxing)
 .rodata.str1.1
                0x00000000000807cd       0x25 C:\Users\ADMINI~1\AppData\Local\Temp\ccuL4uDM.ltrans13.ltrans.o
 *fill*         0x00000000000807f2        0x2 00
 .rodata        0x00000000000807f4      0x114 C:\Users\ADMINI~1\AppData\Local\Temp\ccuL4uDM.ltrans13.ltrans.o
                0x00000000000807f4                gu32ZCLVersion
                0x00000000000807f8                ZPS_g_u32MacVersion
                0x00000000000807fc                PDUM_g_u32Version
                0x0000000000080800                ZPS_g_u32TsvVersion
 .rodata.str1.1
                0x0000000000000000       0x25 C:\Users\ADMINI~1\AppData\Local\Temp\ccuL4uDM.ltrans14.ltrans.o
                                          0x6 (size before relaxing)
 .rodata        0x0000000000080908        0x4 C:\Users\ADMINI~1\AppData\Local\Temp\ccuL4uDM.ltrans14.ltrans.o
 .rodata        0x000000000008090c       0x2c C:\Users\ADMINI~1\AppData\Local\Temp\ccuL4uDM.ltrans15.ltrans.o
 .rodata.str1.1
                0x0000000000080938       0x97 C:\Users\ADMINI~1\AppData\Local\Temp\ccuL4uDM.ltrans15.ltrans.o
 .rodata.str1.1
                0x00000000000809cf       0xc1 C:\Users\ADMINI~1\AppData\Local\Temp\ccuL4uDM.ltrans16.ltrans.o
 .rodata        0x0000000000080a90       0x48 C:\Users\ADMINI~1\AppData\Local\Temp\ccuL4uDM.ltrans17.ltrans.o
                0x0000000000080a90                u8MyEndpoint
 .rodata.str1.1
                0x0000000000080ad8       0x32 C:\Users\ADMINI~1\AppData\Local\Temp\ccuL4uDM.ltrans18.ltrans.o
                                         0x38 (size before relaxing)
 .rodata.str1.1
                0x0000000000080b0a        0x5 C:\Users\ADMINI~1\AppData\Local\Temp\ccuL4uDM.ltrans19.ltrans.o
 .rodata.str1.1
                0x0000000000080b0f        0xa C:\Users\ADMINI~1\AppData\Local\Temp\ccuL4uDM.ltrans20.ltrans.o
                                         0x14 (size before relaxing)
 .rodata.str1.1
                0x0000000000080b19        0xa C:\Users\ADMINI~1\AppData\Local\Temp\ccuL4uDM.ltrans21.ltrans.o
                                         0x24 (size before relaxing)
 .rodata.str1.1
                0x0000000000080b23       0x2a C:\Users\ADMINI~1\AppData\Local\Temp\ccuL4uDM.ltrans22.ltrans.o
                                         0x2c (size before relaxing)
 .rodata.str1.1
                0x0000000000000000       0x2a C:\Users\ADMINI~1\AppData\Local\Temp\ccuL4uDM.ltrans23.ltrans.o
                                          0x6 (size before relaxing)
 .rodata.str1.1
                0x0000000000080b4d       0x14 C:\Users\ADMINI~1\AppData\Local\Temp\ccuL4uDM.ltrans24.ltrans.o
                                         0x25 (size before relaxing)
 .rodata.str1.1
                0x0000000000080b61       0x21 C:\Users\ADMINI~1\AppData\Local\Temp\ccuL4uDM.ltrans25.ltrans.o
                                         0x55 (size before relaxing)
 *fill*         0x0000000000080b82        0x2 00
 .rodata        0x0000000000080b84      0x140 C:\Users\ADMINI~1\AppData\Local\Temp\ccuL4uDM.ltrans27.ltrans.o
 .rodata.str1.1
                0x0000000000080cc4       0x1b C:\Users\ADMINI~1\AppData\Local\Temp\ccuL4uDM.ltrans28.ltrans.o
                                         0x33 (size before relaxing)
 .rodata.str1.1
                0x0000000000080cdf       0x12 C:\Users\ADMINI~1\AppData\Local\Temp\ccuL4uDM.ltrans29.ltrans.o
                                         0x28 (size before relaxing)
 .rodata.str1.1
                0x0000000000000000        0x4 C:\Users\ADMINI~1\AppData\Local\Temp\ccuL4uDM.ltrans30.ltrans.o
 .rodata.str1.1
                0x0000000000080cf1       0xb1 C:\Users\ADMINI~1\AppData\Local\Temp\ccuL4uDM.ltrans31.ltrans.o
 *fill*         0x0000000000080da2        0x2 00
 .rodata        0x0000000000080da4        0x8 C:\Users\ADMINI~1\AppData\Local\Temp\ccuL4uDM.ltrans31.ltrans.o
                0x0000000000080da4                au32UartAddrOffset

.text           0x0000000000080dac    0x21da2
 *(.text*)
 .text          0x0000000000080dac       0x50 e:/NXP/Sensor/WL_DoorLock/Build/irq_JN516x.o
                0x0000000000080dac                PIC_ChannelPriorities
                0x0000000000080dbc                PIC_SwVectTable
 .text.PDUM_vInit
                0x0000000000080dfc       0x1f e:/NXP/Sensor/WL_DoorLock/Build/pdum_gen.o
                0x0000000000080dfc                PDUM_vInit
 .text.zps_vGetZpsMutex
                0x0000000000080e1b        0x9 e:/NXP/Sensor/WL_DoorLock/Build/zps_gen.o
                0x0000000000080e1b                zps_vGetZpsMutex
 .text.vZdoServersInit
                0x0000000000080e24      0x11a e:/NXP/Sensor/WL_DoorLock/Build/zps_gen.o
 .text.ZPS_vGetGpContext
                0x0000000000080f3e        0x9 e:/NXP/Sensor/WL_DoorLock/Build/zps_gen.o
                0x0000000000080f3e                ZPS_vGetGpContext
 .text.ZPS_vDefaultKeyInit
                0x0000000000080f47        0xf e:/NXP/Sensor/WL_DoorLock/Build/zps_gen.o
                0x0000000000080f47                ZPS_vDefaultKeyInit
 .text.ZPS_vGetOptionalFeatures
                0x0000000000080f56        0x3 e:/NXP/Sensor/WL_DoorLock/Build/zps_gen.o
                0x0000000000080f56                ZPS_vGetOptionalFeatures
 *fill*         0x0000000000080f59        0x3 00
 .text          0x0000000000080f5c     0x1cac C:\Users\ADMINI~1\AppData\Local\Temp\ccuL4uDM.ltrans0.ltrans.o
                0x0000000000080f5c                AppColdStart
 .text          0x0000000000082c08     0x1a60 C:\Users\ADMINI~1\AppData\Local\Temp\ccuL4uDM.ltrans1.ltrans.o
                0x0000000000082c08                boIdValueSearchMatch.175710
                0x0000000000082ccd                u16PDM_CalculateRecordChecksum
                0x0000000000082d78                u8ZdoBindUnbindServerUnpackApdu
                0x0000000000082dc7                ZPS_eTsvOpen
                0x0000000000082de1                zps_vNwkMcpsMgrInit
                0x0000000000082e5e                ZPS_u16NwkNibFindNwkAddr
                0x0000000000082f04                zps_vSendJoinDcfm
                0x0000000000082f4a                vGiveUp.192206
                0x0000000000082f82                u8PDM_CalculateLargestDataRecordStored
                0x0000000000082fb3                psCLD_AlarmsGetEarliestEntry.17321
                0x0000000000082fea                vAHI_DioSetPullup.constprop.232
                0x0000000000082ffe                vAHI_Sleep
                0x00000000000830a2                vAHI_WakeTimerStart.part.1.199432.constprop.231
                0x00000000000830e3                vUART_TxCharCRC.9114.constprop.223
                0x00000000000831bc                App_SampleDoorLockCommandHandle
                0x000000000008323b                APP_SerialSendJoinIndication
                0x0000000000083301                App_SerialSendNetworkIndication
                0x00000000000833b8                vMicroIntEnableOnly.constprop.222
                0x00000000000833e4                PDM_vEnterCriticalSection
                0x0000000000083412                vACI_OptimisedCcmStar.constprop.211
                0x00000000000835fd                bACI_ECBencodeBuffer.part.0.198529.constprop.200
                0x000000000008365d                vAHI_SpiReadConfiguration.constprop.196
                0x000000000008368e                vConfigureSpi
                0x00000000000836ce                vAHI_SpiRestoreConfiguration.constprop.193
                0x000000000008370f                bAHI_FullFlashRead
                0x0000000000083752                vOtaFlashRead
                0x0000000000083754                bAHI_FlashInit.constprop.192
                0x00000000000838cc                vOtaFlashInitHw
                0x00000000000838ce                vMiniMac_MLME_SetReq_PanId
                0x000000000008390b                vMiniMac_MLME_SetReq_ShortAddr
                0x0000000000083919                pvZCL_HeapAlloc.part.0.86306.constprop.145
                0x0000000000083952                ZTIMER_eOpen.constprop.113
                0x0000000000083991                vStartTimer.part.0.198967.constprop.90
                0x00000000000839b5                vAHI_TimerEnable.part.1.198979.constprop.85
                0x00000000000839fe                ZPS_eTsvStop
                0x0000000000083a35                zps_vAplApsStopPollTimer.part.2.112167
                0x0000000000083abc                eEdTimeoutRequestDataDcfm.181623
                0x0000000000083add                zps_vNwkBttMgrInit
                0x0000000000083b0b                ZPS_vNwkNibClearTables
                0x0000000000083c23                pvHeap_Alloc
                0x0000000000083c26                vMicroIntRestoreState
                0x0000000000083c32                vSetChannelAndPower
                0x0000000000083dd2                vMiniMac_PLME_SetReq_Power
                0x0000000000083de6                vMiniMac_PLME_SetReq_Channel
                0x0000000000083dee                ZPS_eTsvStart
                0x0000000000083e6a                zps_vNwkDiscUpdateNT.part.1.188436
                0x0000000000083ebd                zps_eAplZdoBdrmRequestSend
                0x0000000000083f35                zps_eNwkHandleSceNwkUpdate
                0x0000000000083f59                vProcessTimedList.182700
                0x0000000000084024                zps_eNwkBtrMatch
                0x00000000000840b1                zps_vNwkJoinStStartResponseTimer
                0x00000000000840eb                ZQ_bQueueReceive
                0x0000000000084160                ZQ_bQueueSend
                0x00000000000841dd                vPostVsMcpsDcfmInd.127593
                0x0000000000084225                vPostMlmeDcfmInd.127579
                0x00000000000842ed                zps_vAplAfPostTimerEvent
                0x000000000008432d                Hal_Key_Poll.8573
                0x0000000000084390                App_ReadDioStatusFromWakeup
                0x00000000000843a1                ZPS_u8GrabMutexLock.constprop.191
                0x00000000000843dc                ZPS_u8ReleaseMutexLock.constprop.221
                0x0000000000084401                PDM_vExitCriticalSection
                0x0000000000084424                vAHI_TickTimerConfigure
                0x000000000008443f                bAHI_WriteEEPROMfixSegmentData
                0x000000000008449d                bAHI_InitialiseEEPROM
                0x00000000000844e5                vAHI_ReadDataFromEEPROMregister
                0x0000000000084512                vAHI_WriteDataIntoEEPROMregister
                0x0000000000084542                iAHI_WriteDataIntoEEPROMsegment.constprop.213
                0x0000000000084590                iPDM_WriteSegmentHeaderDataIntoEEPROMsegment
                0x00000000000845bf                u32RaiseDigitalVoltage
                0x00000000000845df                u8AHI_WakeTimerFiredStatus
                0x00000000000845f3                vAHI_WakeTimerStop.part.3.199444
                0x0000000000084613                vAHI_WakeTimerEnable.part.0.199428
 .text.unlikely
                0x0000000000084668       0xc8 C:\Users\ADMINI~1\AppData\Local\Temp\ccuL4uDM.ltrans1.ltrans.o
 .text          0x0000000000084730     0x1e99 C:\Users\ADMINI~1\AppData\Local\Temp\ccuL4uDM.ltrans2.ltrans.o
                0x0000000000084730                vTimerCallback.198759
                0x000000000008473b                eBasicTxCompleteHandler
                0x0000000000084740                vTxRxTimeout.197214
                0x00000000000847a0                zps_eNwkHandleSmeOrphanInd
                0x00000000000847a7                eSmeASFlBeaconInd.189664
                0x00000000000847c9                eSmeUDNTScanDcfm.189112
                0x00000000000847e5                zps_eSceGenlIllegal
                0x00000000000847ec                zps_eSmeGenlIllegal
                0x00000000000847f3                DBG_vUartFailedAssert
                0x00000000000847f7                zps_bAplZdoBindRequestServer
                0x000000000008491e                psGetVsMcpsBuf.127590
                0x0000000000084927                psGetMlmeBuf.127576
                0x0000000000084930                psGetMcpsBuf.127583
                0x0000000000084939                zps_vExpireRequestKeyReq.118992
                0x00000000000849b3                psGetNlmeBuf.109786
                0x00000000000849bc                psGetNldeBuf.109807
                0x00000000000849c5                psGetApsmeBuf.109793
                0x00000000000849cb                psGetApsdeBuf.109800
                0x00000000000849d1                vLoopbackTimerCallback
                0x0000000000084a00                vAHI_UartReset.part.4.199198
                0x0000000000084a38                vAHI_UartDisable.part.8.199331
                0x0000000000084aa4                vAHI_UartSetBaudDivisor.part.1.199178
                0x0000000000084ae3                vAHI_OptimiseWaitStates
                0x0000000000084b2f                bAHI_GetClkSource
                0x0000000000084b3c                vStartXtal32kExternalRc.198773
                0x0000000000084b4d                vAHI_SwReset
                0x0000000000084b7d                u32AHI_DioWakeStatus
                0x0000000000084b8e                vAHI_DioWakeEnable
                0x0000000000084bae                vAHI_DioSetOutput
                0x0000000000084bca                APP_cbTimerSerialDioSet
                0x0000000000084be0                APP_ButtonsStopWakeUp
                0x0000000000084be8                App_StopSerialPrepareEnterSleep
                0x0000000000084c1b                APP_vSetLED.part.0.15063
                0x0000000000084c21                vAHI_DioSetDirection
                0x0000000000084c35                bIssueACIcommand
                0x0000000000084ccb                vACI_CmdWaitBusy
                0x0000000000084cd8                vEcbEncodeStripe.198565
                0x0000000000084d2f                MAC_u64GetExtAddr
                0x0000000000084d4a                psSearchForFrameToSend
                0x0000000000084d98                eMiniMac_FrameInProgress
                0x0000000000084dc3                vRemoveFromTxQueue
                0x0000000000084dff                vAddToTxQueue
                0x0000000000084e35                u8GetHeaderSize
                0x0000000000084e5d                vMiniMac_PLME_SetReq_CcaMode
                0x0000000000084e71                vMiniMac_MLME_SetReq_MinBe
                0x0000000000084e96                zps_psNwkSlistRemoveFromHead
                0x0000000000084ead                zps_psNwkSlistRemove
                0x0000000000084ee5                zps_bNwkMcpsMgrRemoveDescrFromLists
                0x0000000000084f23                zps_vNwkSlistAddToTail
                0x0000000000084f3d                zps_vNwkMcpsMgrFreeReqDescr
                0x0000000000084f67                zps_vNwkRemoveConflictedBroadcast
                0x0000000000084fbc                zps_vNwkMcpsMgrTidyBtrReqDescr
                0x0000000000084fff                ZPS_bNwkSecHaveNetworkKey
                0x0000000000085033                ZPS_u64NwkNibGetMappedIeeeAddr
                0x0000000000085055                ZPS_vNwkSecResetDevice
                0x000000000008509a                ZPS_bNwkNibNtActvMatch
                0x0000000000085152                ZPS_u64NwkNibFindExtAddr
                0x00000000000851fd                bCheckNwkAddr
                0x000000000008524b                zps_eAplTrustCenterFindDevice
                0x000000000008528f                ZPS_vSetExtendedStatus
                0x00000000000852a1                eAllocateNPDU.106626
                0x0000000000085304                PDUM_eNPduClone
                0x0000000000085350                PDUM_hAPduAllocateAPduInstance
                0x00000000000853aa                hZCL_AllocateAPduInstance
                0x00000000000853e6                zps_eAplZdoSendZdpResponse
                0x000000000008542f                bSendResponse.143609
                0x0000000000085472                zps_psApsApsAllocateDcfmRecord
                0x00000000000854e0                zps_u8CalcLinkCost
                0x000000000008551c                ZPS_u8NwkNibNtDiscMatch
                0x0000000000085600                zps_u64NwkLibFromPayload
                0x000000000008579d                eSmeAcScBeaconInd.189672
                0x00000000000858a5                eSmeUDNTBeaconInd.189648
                0x00000000000858c8                zps_vNwkLibU64ToPayload
                0x00000000000858f5                zps_eNwkDcfmIndPost
                0x0000000000085918                zps_psNwkDcfmIndGetBuf
                0x000000000008593a                zps_eNwkHandleSmePollDcfm
                0x0000000000085964                zps_vSendJoinInd
                0x00000000000859d4                eSmeEdScScanDcfm.189652
                0x0000000000085a1d                eSmeGenlScanDcfm.189656
                0x0000000000085a7b                eNldeDataDcfm.184836
                0x0000000000085aab                zps_vSendNwkStatusInd
                0x0000000000085adb                DBG_vInit
                0x0000000000085b1d                psSLISTsearch
                0x0000000000085b5d                psSLISTremove
                0x0000000000085bdb                psSLISTgetNext
                0x0000000000085bff                u8PDM_CalculateFileSystemCapacity
                0x0000000000085c1d                bPDM_ImageBitmapRepairCheck
                0x0000000000085c45                u8PDM_ReadSequenceNumber
                0x0000000000085c68                boSegmentNumberDeleteSearchMatch.176127
                0x0000000000085c83                u32PDM_ReadFileSystemHeaderWearCount
                0x0000000000085c99                boSearchForWearCountSubstitute.176441
                0x0000000000085cbf                boSearchForWearCountInsertPoint.175706
                0x0000000000085cdd                vPDM_WriteFileSystemHeaderWearCount
                0x0000000000085cef                u8PDM_CalculateSegmentsRequired.part.0.174864
                0x0000000000085d1d                vPDM_ReadBitmapHeader.174641
                0x0000000000085d3c                RND_u32GetRand256
                0x0000000000085d59                zps_vDefaultNwkLayer
                0x0000000000085ef8                RND_u32GetRand
                0x0000000000085f1f                u16CalculateFailedTxCount.144823
                0x0000000000085f49                vZdoIeeeAddrServerSendExtendResponse.part.0.131419
                0x0000000000085faa                vZdoNwkAddrServerSendExtendResponse.part.0.130206
                0x000000000008600b                zps_bAplZdoServerHandleConfirmAcks
                0x0000000000086055                zps_bPerformLeaveActionDecider
                0x000000000008606d                vHandleUpdateDeviceIndication.119023
                0x0000000000086097                bDuplicateCheck.114007
                0x00000000000861a4                zps_vInitAPSMECmdHdr
                0x00000000000861dd                bIsBindTableMatch.113696
                0x000000000008622e                eRemoveEntryInBindingTable.113724
                0x00000000000862ad                zps_vAplApsFillAndPostApsAck
                0x0000000000086317                zps_u8AplApsFreeMsgHandle
                0x0000000000086381                bCheckProfile.109469
                0x00000000000863bf                ZPS_bIsGroupPresent
                0x00000000000863f7                PDUM_u16APduInstanceWriteStrNBO
                0x0000000000086576                PDUM_eNPduReadHeaderNBO
 .text          0x00000000000865c9     0x1421 C:\Users\ADMINI~1\AppData\Local\Temp\ccuL4uDM.ltrans3.ltrans.o
                0x00000000000865c9                DBG_vUartFlush
                0x00000000000865f6                DBG_vUartPutch
                0x0000000000086664                vPostMcpsDcfmInd.127586
                0x00000000000867be                iPDM_SearchForBufferIdInList
                0x00000000000867f3                iPDM_SearchForBufferIdInFileSystem
                0x0000000000086806                iPDM_SearchForSpecificSegmentInList
                0x0000000000086838                iPDM_ReadUserDataFromEEPROMsegment
                0x00000000000868ba                iPDM_ReCalculateWearCountAndChecksumAndWriteFileSystemHeader
                0x0000000000086904                vPDM_SetEEPROMandFileSystemValidState
                0x000000000008692b                iPDM_ReadUserDataFromFileSystemRecord
                0x0000000000086955                iPDM_ReadUserDataFromSegmentWithId
                0x000000000008698a                PDM_eReadDataFromRecord.part.0.174978
                0x0000000000086a11                PDM_eReadDataFromRecord
                0x0000000000086a31                vPDM_WriteFileSystemRecordAndSegmentDataIntoEEPROMsegment
                0x0000000000086a74                u8NumberOfTimersTaskTimers.11071
                0x0000000000086aae                vRadioToOff
                0x0000000000086acb                iPDM_FilterDuplicateAppendedSegmentsOnList.176777
                0x0000000000086b21                App_SerialSendTimeSynchronizer
                0x0000000000086d16                HAL_UART_Write.part.1.9144.constprop.225
                0x0000000000086d75                APP_SerialSendAcknowlegement
                0x0000000000086e32                eOtaFindCluster.constprop.154
                0x0000000000086e7a                vOtaTimerClickCallback
                0x0000000000086ecc                eOtaClientReqSeqNoUpdate
                0x0000000000086ee9                zps_psAllocateAndFormatMacHdr
                0x0000000000087027                zps_psNwkInitCmdFrame
                0x0000000000087110                iPDM_ReadSegmentHeaderDataFromEEPROMsegment
                0x0000000000087169                PWRM_vWakeInterruptCallback
                0x00000000000871b5                PWRM_vManagePower
                0x000000000008732b                u32AHI_WakeTimerCalibrate
                0x0000000000087357                vStartWakeTimer
                0x0000000000087376                vEnableReceive.197219
                0x00000000000873ce                vStartReceive
                0x00000000000873e9                vScheduleSleep.isra.0.11079
                0x000000000008750d                u16ZCL_GetTxPayloadSize
                0x000000000008754d                u16ZCL_APduInstanceWriteNBO
                0x00000000000875d9                u16ZCL_WriteCommandHeader
                0x0000000000087651                u16ZCL_APduInstanceReadNBO
                0x0000000000087736                u16ZCL_ReadCommandHeader.part.0.78250
                0x00000000000877ad                u16ZCL_APduInstanceWriteStringNBO.part.0.74929
                0x000000000008789e                u16ZCL_APduInstanceReadStringNBO
                0x0000000000087973                eZCL_GetAttributeTypeSizeFromBuffer
 *fill*         0x00000000000879ea        0x2 00
 .text          0x00000000000879ec     0x1424 C:\Users\ADMINI~1\AppData\Local\Temp\ccuL4uDM.ltrans4.ltrans.o
                0x00000000000879ec                DBG_iUartGetChar
                0x0000000000087a3c                vOtaFlashErase
                0x0000000000087b0e                APP_cbTimerWriteSerial
                0x0000000000087c83                APP_cbTimerButtonScan
                0x0000000000087cbb                eOrphanNotificationSent.196919
                0x0000000000087d04                DBG_vUartInitHardware
                0x0000000000087dd6                vMiniMac_ReturnTxBufferCallback
                0x0000000000087dff                vPostTxActions.197305
                0x0000000000087e3c                vMiniMac_McpsCallback
                0x0000000000087fc8                eMcpsTxCompleteHandler.196264
                0x0000000000087ff6                eCLD_GroupsSetIdentifying
                0x0000000000088038                ZPS_bSecDecrypt
                0x0000000000088145                bStartXtal32k.198783
                0x000000000008824d                boPDM_IsBitmapSaturated.174677
                0x0000000000088296                zps_bAplZdoMatchDescServer.part.0.132651
                0x00000000000885d1                APP_UARTInitialise
                0x00000000000886e7                vDLISTaddToHead
                0x0000000000088710                vDLISTaddToTail
                0x0000000000088733                psDLISTremove
                0x0000000000088795                eZCLAddReport
                0x0000000000088a49                eZCL_TimerRegister.part.1.94849.constprop.70
                0x0000000000088a8a                eCLD_IdentifyRegisterTimeServer.part.0.22447
                0x0000000000088aaa                eZCL_SearchForAttributeEntry
                0x0000000000088b63                eZCL_SetLocalAttributeValue.constprop.155
                0x0000000000088c0f                eOTA_RestoreClientData
                0x0000000000088c96                vOtaClientUpgMgrMapStates
                0x0000000000088d13                eOTA_SetServerAddress
                0x0000000000088d4e                iPDM_GetLengthOfDataInBufferWithIdFromFileSystem
                0x0000000000088daa                vLoadAplRecord.119072
                0x0000000000088dd8                vLoadNwkRecord.183540
 .text          0x0000000000088e10     0x10c7 C:\Users\ADMINI~1\AppData\Local\Temp\ccuL4uDM.ltrans5.ltrans.o
                0x0000000000088e10                vCLD_IdentifyTimerClickCallback.22440
                0x0000000000088e98                eBeaconReqSent.196923
                0x0000000000088f0f                App_cbTimerRemoteOperationPermit
                0x0000000000088f29                vPDM_AddFileSystemElementToListInAscendingWearCountOrder
                0x0000000000089020                vPDM_MoveAllDataFromListToList.constprop.206
                0x000000000008905d                vPDM_MoveAllDataToDeAllocList.constprop.205
                0x0000000000089085                iPDM_WriteSegmentHeaderAndData
                0x000000000008928e                iPDM_SegmentCopyAndAppendData.constprop.204
                0x00000000000892e8                vPDM_MoveFileRecordFromListToList
                0x000000000008930b                vPDM_MoveRecordToDeAllocList
                0x000000000008932b                iPDM_ReconstructReplacedDataTable
                0x00000000000894d2                zps_u8AplApsConstructAndPostLoopBackDataInd.112278
                0x000000000008960b                u8PostUnicastMsgToNHLE.112286
                0x0000000000089644                AESSW_vMMOFinalUpdate
                0x0000000000089706                AESSW_vHMAC_MMO.constprop.197
                0x000000000008979e                zps_pvAesGetKeyFromInstallCode
                0x00000000000898ee                BDB_vSetKeys
                0x000000000008992e                ZPS_bSecEncrypt
                0x0000000000089ae9                bHasTimerFired.92876
                0x0000000000089b53                u16ZCL_WriteAttributeValueIntoBuffer
                0x0000000000089bd9                ZllCommissonCommandScanSend
 .text.unlikely
                0x0000000000089ed7       0x4c C:\Users\ADMINI~1\AppData\Local\Temp\ccuL4uDM.ltrans5.ltrans.o
                0x0000000000089ed7                vOTA_EncodeString
 .text          0x0000000000089f23     0x1466 C:\Users\ADMINI~1\AppData\Local\Temp\ccuL4uDM.ltrans6.ltrans.o
                0x0000000000089fcd                pwrm_PreSleep.4170
                0x000000000008a08e                vIncrementFrameCounterInPdm.isra.0.183993
                0x000000000008a26a                vProcessListsForSubmission.182762
                0x000000000008a53b                zps_vNwkMcpsMgrPost
                0x000000000008a55f                vSendNetworkReport.181586
                0x000000000008a639                zps_psNwkSendRejoinReqCmd
                0x000000000008a69b                zps_u8NwkHandleRejoinReq
                0x000000000008a767                zps_vProcessLocalAddrConflict.part.1.181603
                0x000000000008a7a1                vContinueRejoin.191472
                0x000000000008a850                zps_eNwkHandleSdeActvDcfmData
                0x000000000008a937                vMcpsMgrTimeoutExpiry
                0x000000000008a9a9                zps_eAplApsmeBindReqRsp
                0x000000000008aa83                zps_vByteCopy
                0x000000000008aab2                vPDM_DeleteAllSegmentsWithIdFromFileSystemList.constprop.8
                0x000000000008aaf4                vRestetOTADiscovery.9789
                0x000000000008ab20                vOTAResetPersist
                0x000000000008ab44                zps_eAplAibSetApsChannelMask
                0x000000000008ab57                zps_bNwkFindAddIeeeAddr
                0x000000000008ac89                zps_eAplZdoAddReplaceLinkKey_W
                0x000000000008ad48                ZPS_bNwkNibAddrMapAddEntry
                0x000000000008aef4                zps_eAplZdoBind
                0x000000000008af8b                zps_sNwkNibNtCheckJoin
                0x000000000008b1e2                zps_vNwkHandleCmeDirectJoinReq
                0x000000000008b25c                eCheckAddrConflict.isra.5.181831
                0x000000000008b2f2                vAplSecRemoveLinkKey.119121
 .text          0x000000000008b389     0x124e C:\Users\ADMINI~1\AppData\Local\Temp\ccuL4uDM.ltrans7.ltrans.o
                0x000000000008b560                vPDM_MoveAllDataWithBufferIdFromListToList
                0x000000000008b5e2                vPDM_DeleteAppendedSequence
                0x000000000008b7e7                PDM_eSaveRecordData
                0x000000000008bac3                zps_vAplSaveRecord
                0x000000000008bb94                ZPS_vNwkSaveRecord
                0x000000000008bbc0                zps_eNwkHandleSceNwkEdTimeoutRsp
                0x000000000008bc22                ZPS_vRemoveEntryFromAddressMap
                0x000000000008bc6b                ZPS_vNwkNibSetNwkAddr
                0x000000000008bc88                zps_eNwkHandleSceRejnResponse
                0x000000000008bce5                ZPS_vNwkNibSetExtPanId
                0x000000000008bd37                vFinish.192645
                0x000000000008bd7f                ZPS_vNwkNibSetUpdateId
                0x000000000008bdc8                ZPS_vNwkNibSetPanId
                0x000000000008bde6                vHandleNwkRemoteUpdateAfterBcast.181594
                0x000000000008be55                ZPS_vNwkNibSetCapabilityInfo
                0x000000000008be82                ZPS_vNwkNibSetChannel
                0x000000000008be9a                ZPS_vNwkSaveNt
                0x000000000008bfaa                ZPS_vNtSetUsedStatus
                0x000000000008c092                zps_vJoinInitNtParent
                0x000000000008c148                zps_vCheckActvNtForDuplicate
                0x000000000008c19f                eSmeOrphScanDcfm.192655
                0x000000000008c217                zps_eNwkHandleSmeCommStatusInd
                0x000000000008c357                eUnsolicitedRejoinRspDataDcfm.181598
                0x000000000008c382                eRejoinRspDataDcfm.191476
                0x000000000008c451                vPDM_MoveAllDataWithBufferIdAndStateFromListToList
                0x000000000008c4d6                iPDM_VerifyDataSequenceWithBufferId
                0x000000000008c576                vPDM_ImageBitmapRepair.175627
 *fill*         0x000000000008c5d7        0x1 00
 .text          0x000000000008c5d8     0x1544 C:\Users\ADMINI~1\AppData\Local\Temp\ccuL4uDM.ltrans8.ltrans.o
                0x000000000008c5d8                vISR_Timer0.8571
                0x000000000008c719                vMcpsMgrExpiry.182628
                0x000000000008c7bd                zps_vNwkHandleCmeLeaveReq
                0x000000000008c825                zps_eNwkHandleSceLeave
                0x000000000008c995                vMiniMac_MlmeCallback
                0x000000000008cc82                bBeaconNotify.196931
                0x000000000008cdbf                vPostDcfm.196938
                0x000000000008ce28                vScanNextChannel.196944
                0x000000000008cfc7                ZPS_vNwkSaveAllRecords
                0x000000000008cffb                zps_vSaveAllZpsRecords
                0x000000000008d01d                APP_vFactoryResetRecords
                0x000000000008d238                vHandleZdoLeaveRequest.6667
                0x000000000008d26c                ZPS_pvNwkCtor.part.0.180618
                0x000000000008d426                zps_psSendFrm.constprop.209
                0x000000000008d609                ZPS_vNwkHandleNldeReqRsp
                0x000000000008d818                zps_eAplApsmeCmdMgrSendCommand
                0x000000000008d8f5                zps_vAplApsmeCmdMgrRetryTimeout.113688
                0x000000000008d91e                zps_psSendNetworkStatusCmd
                0x000000000008d996                zps_eDefaultDataDcfm
 .text          0x000000000008db1c     0x1404 C:\Users\ADMINI~1\AppData\Local\Temp\ccuL4uDM.ltrans9.ltrans.o
                0x000000000008db55                zps_eNwkHandleSmeBeaconNotifyInd
                0x000000000008dc0c                zps_vReAttemptScanTimerHandleExpiry
                0x000000000008dc64                zps_vNwkHandleCmeNwkDiscReq
                0x000000000008dcde                zps_vNwkHandleCmeEdScanReq
                0x000000000008dd87                zps_vNwkHandleCmeNwkJoinReq
                0x000000000008e051                zps_vNwkHandleCmeNwkActvJoinReq
                0x000000000008e19f                vHandleRejoinExpiry.192202
                0x000000000008e1fe                zps_eRejoinDataDcfm
                0x000000000008e242                eSmeAsocAssocDcfm.192815
                0x000000000008e2c6                eSmeRjPCPollDcfm.192811
                0x000000000008e307                eSceRjRsRejoinRsp.192779
                0x000000000008e3cb                vStartScanTimerExpiry.144819
                0x000000000008e407                zps_vAplApsPollTimer
                0x000000000008e466                vAplSecAuthPollTimerExpiry.119000
                0x000000000008e4be                vAplSecAuthTimerExpiry.118996
                0x000000000008e54c                vPostApsdeDcfmInd.109803
                0x000000000008e73d                zps_eNwkSendJoinResponse
                0x000000000008e995                zps_eProcessAddrConflict
                0x000000000008eb42                ZPS_vNwkNibCheckAndUpdateAddresses
                0x000000000008eba8                zps_eNwkHandleSceNwkStatus
                0x000000000008ecc4                eRejoinNetwork.119059
                0x000000000008ed8b                eStartRouter.119090
                0x000000000008ee73                zps_eAplZdoPoll
                0x000000000008eed9                APP_cbTimerPoll
 .text          0x000000000008ef20     0x11d4 C:\Users\ADMINI~1\AppData\Local\Temp\ccuL4uDM.ltrans10.ltrans.o
                0x000000000008ef20                zps_eNwkHandleSmeAssocInd
                0x000000000008f115                vMiniMac_InterruptHandler
                0x000000000008f498                eAssocRespSent.196152
                0x000000000008f4b7                vTransformKey.isra.0.115350
                0x000000000008f518                zps_bGetFlashCredential
                0x000000000008f51d                zps_psFindKeyDescr
                0x000000000008f601                zps_eAplSecEncryptPacket
                0x000000000008f700                zps_eAplSendApsmeCmdFrame
                0x000000000008f9b9                vPostNlmeDcfmInd.109789
 .text          0x00000000000900f4     0x1490 C:\Users\ADMINI~1\AppData\Local\Temp\ccuL4uDM.ltrans11.ltrans.o
                0x0000000000090341                vSendMlmeCommStatusFromTxFrame
                0x0000000000090397                SOC_MAC_vHandleMlmeVsReqRsp.constprop.167
                0x0000000000090ab7                ZPS_vNwkHandleNlmeReqRsp
                0x0000000000090b31                zps_vAplAfPostEvent
                0x0000000000090cf0                vPostToEndpoint.part.1.109518
                0x0000000000090f59                zps_eAplZdoNlmeleaveWrapper
                0x0000000000090fd7                App_cbTimerLeaveAndFactoryNew
                0x0000000000091003                vNsLeaveNwk.101075
                0x0000000000091031                vChangeChannelTimerExpiry.144815
                0x0000000000091091                eLeaveReset.193619
                0x00000000000910fc                eLeaveDataDcfmLocalLeave.193624
                0x0000000000091168                vHandleEdTimeoutReqExpiry.181590
                0x000000000009120f                zps_vNwkHandleCmeSyncReq
                0x0000000000091266                vScanBeaconReceived
                0x00000000000912b1                vRunningRxCallback
 .text          0x0000000000091584     0x1188 C:\Users\ADMINI~1\AppData\Local\Temp\ccuL4uDM.ltrans12.ltrans.o
                0x0000000000091633                vZdoBdrmSendNextTimedRequest
                0x00000000000918c3                zps_eZdpIeeeAddrResponse
                0x00000000000919a6                eZCL_TransmitDataRequest
                0x0000000000091cd1                eZCL_SendDefaultResponse
                0x0000000000091dd0                eZCL_CustomCommandReceive
                0x0000000000091f3e                eCLD_GroupsCommandHandler
                0x0000000000092059                eCLD_DoorLockCommandHandler
                0x00000000000920dc                vZCL_HandleAttributesReadResponse
                0x00000000000922b8                vReportTimerClickCallback
 .text          0x000000000009270c     0x1443 C:\Users\ADMINI~1\AppData\Local\Temp\ccuL4uDM.ltrans13.ltrans.o
                0x000000000009281f                vMacMlmeCallBackHandler.104944
                0x0000000000092834                vMacMcpsCallBackHandler.104948
                0x0000000000092845                eCLD_DoorLockSceneEventHandler.57730
                0x000000000009286a                App_cbTimerWakeUpTimeOut
                0x0000000000092873                APP_ZCL_cbGeneralCallback.8437
                0x0000000000092876                vfExtendedStatusCallBack.4163
                0x0000000000092879                bCLD_AlarmsSearchForAlarm.17317
                0x00000000000928b1                APP_cbTimerSerialTimeout
                0x00000000000928d5                pdum_u16ReadNBO
                0x0000000000092a36                PDUM_u16SizeNBO
                0x0000000000092a94                PDUM_u16APduInstanceReadNBO
                0x0000000000092adf                PDUM_u16APduInstanceWriteNBO
                0x0000000000092b49                PDUM_thAPduInstanceGetApdu
                0x0000000000092b64                PDUM_eAPduFreeAPduInstance
                0x0000000000092bca                PDUM_eAPduInstanceSetPayloadSize
                0x0000000000092bf2                PDUM_eNPduWriteDataFromBuffer
                0x0000000000092c4c                PDUM_eNPduWriteDataToBuffer
                0x0000000000092caa                PDUM_eNPduWriteFromBuffer
                0x0000000000092cd3                PDUM_eNPduDescend
                0x0000000000092cf9                PDUM_eNPduAscend
                0x0000000000092d1f                PDUM_eNPduClaimData
                0x0000000000092d8c                PDUM_eNPduAppendDataNBO
                0x0000000000092de9                PDUM_eNPduClaimHeader
                0x0000000000092e0c                PDUM_eNPduPrependHeaderNBO
                0x0000000000092e67                PDUM_eNPduFree
                0x0000000000092ec5                PDUM_eNPduInitDescending
                0x0000000000092ee0                ZTIMER_eStop
                0x0000000000092f29                BDB_vFbExitAsInitiator
                0x0000000000092f4c                vStopPollTimerTask
                0x0000000000092f60                ZTIMER_eStart
                0x0000000000092fb5                vStartPollTimer
                0x0000000000092fc5                eZCL_SearchForClusterEntry
                0x0000000000093029                eZCL_BuildTransmitAddressStructure
                0x0000000000093096                eZCL_SearchForEPentry
                0x00000000000930c7                eZCL_SearchForEPentryAndCheckManufacturerId
                0x0000000000093105                vZCL_PassEventToUser
                0x0000000000093132                eZCL_DoesAttributeHaveReportableChange
                0x000000000009314f                eZCL_GetAttributeReportableEntry
                0x0000000000093207                vZCL_AlignNumericAttributeValueTo64.92330
                0x0000000000093316                vZCL_SetDefaultReporting
                0x0000000000093348                eZCL_BuildClientTransmitAddressStructure
                0x0000000000093379                u8GetTransactionSequenceNumber
                0x000000000009338b                bZCL_CheckAttributeDirectionFlagMatch
                0x00000000000933af                eZCL_GetAttributeTypeSize
                0x00000000000933ce                vZCL_MarkAttributeInvalid
                0x000000000009349d                u8ZCL_GetAttributeAllignToFourBytesBoundary
                0x00000000000934b2                pvZCL_GetAttributePointer
                0x0000000000093528                eZCL_StoreChangeAttributeValue
                0x00000000000935c7                vReverseMemcpy.part.2.73477
                0x00000000000935fc                vReverseMemcpy
                0x0000000000093614                sOtaGetHeader
                0x0000000000093722                u16ZCL_GetStringStructureSize
                0x000000000009375f                u16ZCL_GetStringAttributeTypeSizeFromBuffer
                0x00000000000937d0                u16ZCL_GetStringSizeAndBufferFromStructure
                0x000000000009385f                eZCL_GetAttributeTypeSizeFromStructure
                0x00000000000938d8                vZCL_InitializeClusterInstance
                0x00000000000938ed                vOtaFlashLockWrite
                0x0000000000093933                vOtaFlashLockRead
                0x0000000000093979                eOtaSetEventTypeAndGiveCallBack
                0x0000000000093994                vAppSerialCacheArea_Init
                0x00000000000939bd                vAPP_ZCL_DeviceSpecific_Init
                0x0000000000093a4a                APP_vSetUpHardware
 .text.unlikely
                0x0000000000093b4f       0x36 C:\Users\ADMINI~1\AppData\Local\Temp\ccuL4uDM.ltrans13.ltrans.o
                0x0000000000093b4f                eOTA_retOtaUseKey
 *fill*         0x0000000000093b85        0x3 00
 .text          0x0000000000093b88     0x1284 C:\Users\ADMINI~1\AppData\Local\Temp\ccuL4uDM.ltrans14.ltrans.o
                0x0000000000093ffe                eCLD_ZllCommissionCommandHandler
                0x0000000000094256                eCLD_IASWDCommandHandler
                0x0000000000094380                eOtaCommandHandler
                0x0000000000094927                eCLD_BasicCommandHandler
                0x0000000000094996                vZCL_HandleAttributesWriteRequest
 .text          0x0000000000094e0c     0x1231 C:\Users\ADMINI~1\AppData\Local\Temp\ccuL4uDM.ltrans15.ltrans.o
                0x0000000000094ef8                vOtaUpgManClientStateCountDown.67322
                0x000000000009502d                vOtaFlashWrite
                0x0000000000095139                vMiniMac_NextTransaction
                0x00000000000951a3                psGetTxFrameBuffer
                0x00000000000951f6                psGetAndBuildCoordRealignment
                0x000000000009524e                zps_vInitBeaconPayload
                0x00000000000952c2                eZCL_SetReceiveEventAddressStructure
                0x0000000000095341                dbg_vPrintfImplNoneVerbose
                0x00000000000957c8                DBG_vDumpStack
                0x000000000009580a                vShowException
                0x0000000000095893                vMiniMac_Init
                0x0000000000095c06                pwrm_Wakeup.4166
                0x0000000000095cd9                eTransmit
                0x0000000000095db6                SOC_MAC_vHandleMcpsVsReqRsp.constprop.216
                0x0000000000095f34                eBuildAndSend.196927
                0x0000000000095fa9                vMiniMac_TxComplete
 *fill*         0x000000000009603d        0x3 00
 .text          0x0000000000096040     0x11a4 C:\Users\ADMINI~1\AppData\Local\Temp\ccuL4uDM.ltrans16.ltrans.o
                0x0000000000096040                vZCL_EventHandler
 .text          0x00000000000971e4      0xdaa C:\Users\ADMINI~1\AppData\Local\Temp\ccuL4uDM.ltrans17.ltrans.o
                0x00000000000971e4                APP_vInitialiseNode
 *fill*         0x0000000000097f8e        0x2 00
 .text          0x0000000000097f90     0x1064 C:\Users\ADMINI~1\AppData\Local\Temp\ccuL4uDM.ltrans18.ltrans.o
                0x0000000000097fd2                eCLD_AlarmsCommandHandler
                0x000000000009826f                APP_vBdbCallback
                0x0000000000098656                vNsDiscoverNwk.101077
                0x00000000000987fd                vNsAfterNwkJoin.101067
                0x00000000000988eb                BDB_vNsTimerCb
                0x0000000000098959                vFbBindCluster.104761
                0x0000000000098d9a                BDB_vFbTimerCb
                0x0000000000098e51                App_SendOperationEventNotification
                0x0000000000098f00                App_SampleDoorLockSendAlarmCmd
 .text          0x0000000000098ff4     0x10e8 C:\Users\ADMINI~1\AppData\Local\Temp\ccuL4uDM.ltrans19.ltrans.o
                0x00000000000991b9                APP_cbTimerOTAStart
                0x00000000000994ac                eCLD_IdentifyCommandHandler
                0x0000000000099672                BDB_vRejoinTimerCb
                0x0000000000099696                APP_cbStartNWKJoin
                0x00000000000996fe                eOTA_ClientUpgradeEndRequest
                0x00000000000997aa                vOtaAbortDownload.67359
                0x0000000000099821                vOtaHandleTimedBlockRequest.67353
                0x00000000000998be                vOtaUpgManClientStateIdle.67301
 .text          0x000000000009a0dc      0xf81 C:\Users\ADMINI~1\AppData\Local\Temp\ccuL4uDM.ltrans20.ltrans.o
                0x000000000009a0dc                zps_bAplZdoMgmtNWKUpdateServer
                0x000000000009a424                zps_vAplZdoMgmtNWKUpdateServerInit
                0x000000000009a42d                zps_bAplZdoMgmtLeaveServer
                0x000000000009a5c3                zps_vAplZdoMgmtLeaveServerInit
                0x000000000009a5cc                zps_bAplZdoMgmtLqiServer
                0x000000000009a852                zps_vAplZdoMgmtLqiServerInit
                0x000000000009a85b                zps_bAplZdoSystemServerDiscoveryServer
                0x000000000009a918                zps_vAplZdoSystemServerDiscoveryServerInit
                0x000000000009a921                zps_bAplZdoDeviceAnnceServer
                0x000000000009ab66                zps_vAplZdoDeviceAnnceServerInit
                0x000000000009ab69                zps_bAplZdoActiveEpServer
                0x000000000009ac7f                zps_vAplZdoActiveEpServerInit
                0x000000000009ac88                zps_bAplZdoPowerDescServer
                0x000000000009add5                zps_vAplZdoPowerDescServerInit
                0x000000000009adde                zps_bAplZdoSimpleDescServer
 *fill*         0x000000000009b05d        0x3 00
 .text          0x000000000009b060      0xef8 C:\Users\ADMINI~1\AppData\Local\Temp\ccuL4uDM.ltrans21.ltrans.o
                0x000000000009b060                vPostNldeDcfmInd.109810
 .text          0x000000000009bf58      0xcb0 C:\Users\ADMINI~1\AppData\Local\Temp\ccuL4uDM.ltrans22.ltrans.o
                0x000000000009c0fc                BDB_eNsStartNwkSteering
                0x000000000009c192                BDB_vRejoinCycle.constprop.136
                0x000000000009c410                BDB_vStart
                0x000000000009c5ae                bdb_taskBDB
 .text          0x000000000009cc08      0xbd8 C:\Users\ADMINI~1\AppData\Local\Temp\ccuL4uDM.ltrans23.ltrans.o
                0x000000000009cc08                vPostApsmeDcfmInd.109796
                0x000000000009d691                App_cbTimerProcessSerialEvent
                0x000000000009d752                vApp_EventHandleSerialCache
 .text          0x000000000009d7e0      0xafb C:\Users\ADMINI~1\AppData\Local\Temp\ccuL4uDM.ltrans24.ltrans.o
                0x000000000009db49                vApsmeResendTimeOutHandler
                0x000000000009db78                ZPS_vAplHandleApsdeReqRsp
                0x000000000009dfac                zps_eAplZdpApsdeReqInternal
                0x000000000009e01b                zps_eAplZdpGenStatusOnlyResponse
                0x000000000009e076                vNsTclkSendReqKey.101073
                0x000000000009e11a                vHandleTransportKeyFrame.115154
 .text          0x000000000009e2db      0xb55 C:\Users\ADMINI~1\AppData\Local\Temp\ccuL4uDM.ltrans25.ltrans.o
                0x000000000009e2db                zps_eZdpNodeDescResponse
                0x000000000009e383                zps_eZdpSimpleDescResponse
                0x000000000009e490                zps_eZdpPowerDescResponse
                0x000000000009e52d                zps_eZdpActiveEpResponse
                0x000000000009e5c3                zps_eZdpMatchDescResponse
                0x000000000009e659                zps_eZdpSystemServerDiscoveryResponse
                0x000000000009e6c8                zps_eAplZdpMgmtLqiResponse
                0x000000000009e7d8                zps_eZdpMgmtNwkUpdateNotifyResponse
                0x000000000009e88a                zps_eZdpNwkAddrResponse
                0x000000000009e96d                zps_eAplZdpBindResponse
                0x000000000009e98e                zps_eZdpUnbindResponse
                0x000000000009e9af                zps_eZdpMgmtLeaveResponse
                0x000000000009e9d0                eSendDeviceAnnounce.147524
                0x000000000009eada                zps_eAplZdpRequestApsdeReq
                0x000000000009eb4f                vNsSendPermitJoin.101065
                0x000000000009ebc2                vFbSendSimpleDescReq.103901
                0x000000000009ec3d                zps_eAplZdpIeeeAddrRequest.constprop.27
                0x000000000009ecaf                BDB_vZclEventHandler
 .text          0x000000000009ee30      0xae0 C:\Users\ADMINI~1\AppData\Local\Temp\ccuL4uDM.ltrans26.ltrans.o
                0x000000000009ee30                vOtaUpgManClientStateWaitForRunCommand.67318
                0x000000000009ef3d                vOtaUpgManClientStateDownloadComplete.67314
                0x000000000009f0f7                vOtaUpgManClientStateDownloadInProgress.67310
 .text          0x000000000009f910      0xcfa C:\Users\ADMINI~1\AppData\Local\Temp\ccuL4uDM.ltrans27.ltrans.o
                0x000000000009f910                eZLO_RegisterOccupancySensorEndPoint.constprop.51
                0x00000000000a020a                APP_ZCL_cbEndpointCallback.8434
 .text          0x00000000000a060a      0x94c C:\Users\ADMINI~1\AppData\Local\Temp\ccuL4uDM.ltrans28.ltrans.o
                0x00000000000a060a                zps_vAplZdoSimpleDescServerInit
                0x00000000000a0613                zps_bAplZdoNodeDescServer
                0x00000000000a07af                zps_vAplZdoNodeDescServerInit
                0x00000000000a07b8                zps_bAplZdoMatchDescServer
                0x00000000000a0804                zps_vAplZdoMatchDescServerInit
                0x00000000000a080d                zps_bAplZdoIeeeAddrServer
                0x00000000000a0999                zps_vAplZdoIeeeAddrServerInit
                0x00000000000a09a2                zps_bAplZdoNwkAddrServer
                0x00000000000a0b59                zps_vAplZdoNwkAddrServerInit
                0x00000000000a0b62                zps_isrMAC
                0x00000000000a0b7c                zps_bAplZdoDefaultServer
                0x00000000000a0df7                zps_vAplZdoDefaultServerInit
                0x00000000000a0e00                zps_vHandleApsdeDataFragIndNotSupported
                0x00000000000a0ea8                pdum_vAPduInit
                0x00000000000a0efc                pdum_vNPduInit
                0x00000000000a0f3c                AppWarmStart
 .text          0x00000000000a0f56      0x7ad C:\Users\ADMINI~1\AppData\Local\Temp\ccuL4uDM.ltrans29.ltrans.o
                0x00000000000a0f56                zps_bAplZdoMgmtBindServer
                0x00000000000a117a                zps_vAplZdoMgmtBindServerInit
                0x00000000000a1183                zps_bAplZdoZdoClient
                0x00000000000a1321                zps_vAplZdoZdoClientInit
                0x00000000000a132d                zps_vAplZdoBindRequestServerInit
                0x00000000000a138e                zps_bAplZdoBindUnbindServer
                0x00000000000a16fa                zps_vAplZdoBindUnbindServerInit
 .text          0x00000000000a1703      0x736 C:\Users\ADMINI~1\AppData\Local\Temp\ccuL4uDM.ltrans30.ltrans.o
                0x00000000000a1882                APP_cbTimerZclTick
                0x00000000000a18c5                eZCL_CustomCommandSend.constprop.187
                0x00000000000a1b77                vSendReportPowerConfig
                0x00000000000a1b9b                vHandleNewJoinEvent
                0x00000000000a1bdd                vDioEventHandler.12113
                0x00000000000a1cf8                eZCL_ReportAttribute.constprop.177
                0x00000000000a1e14                App_SendReportDoorLockState
 *fill*         0x00000000000a1e39        0x3 00
 .text          0x00000000000a1e3c      0x3c0 C:\Users\ADMINI~1\AppData\Local\Temp\ccuL4uDM.ltrans31.ltrans.o
                0x00000000000a1e3c                vUnclaimedInterrupt
                0x00000000000a1e51                vBusErrorHandler
                0x00000000000a1e60                vAlignmentErrorHandler
                0x00000000000a1e6f                vIllegalInstructionHandler
                0x00000000000a1e7e                vTrapHandler
                0x00000000000a1e8d                vGenericHandler
                0x00000000000a1e9c                vUnclaimedException
                0x00000000000a1eab                vStackOverflowHandler
                0x00000000000a1eba                ISR_vTickTimer
                0x00000000000a1ef2                APP_vGenCallback
                0x00000000000a1f10                vUART_HandleUartInterrupt
                0x00000000000a2187                vISR_SystemController
 .text          0x00000000000a21fc       0x25 e:/nxp/bstudio_nxp/sdk/tools/ba-elf-ba2-r36379/bin/../lib/gcc/ba-elf/4.7.4/../../../../ba-elf/lib/mcpu_jn51xx_sizeopt\libc.a(lib_a-memcmp.o)
                0x00000000000a21fc                memcmp
 .text          0x00000000000a2221       0x19 e:/nxp/bstudio_nxp/sdk/tools/ba-elf-ba2-r36379/bin/../lib/gcc/ba-elf/4.7.4/../../../../ba-elf/lib/mcpu_jn51xx_sizeopt\libc.a(lib_a-memcpy.o)
 .text          0x00000000000a223a       0x12 e:/nxp/bstudio_nxp/sdk/tools/ba-elf-ba2-r36379/bin/../lib/gcc/ba-elf/4.7.4/../../../../ba-elf/lib/mcpu_jn51xx_sizeopt\libc.a(lib_a-memset.o)
                0x00000000000a223a                memset
 .text          0x00000000000a224c      0x204 e:/nxp/bstudio_nxp/sdk/tools/ba-elf-ba2-r36379/bin/../lib/gcc/ba-elf/4.7.4/mcpu_jn51xx_sizeopt\libgcc.a(__udivsi3.o)
                0x00000000000a224c                __udivsi3
 .text          0x00000000000a2450       0x30 e:/nxp/bstudio_nxp/sdk/tools/ba-elf-ba2-r36379/bin/../lib/gcc/ba-elf/4.7.4/mcpu_jn51xx_sizeopt\libgcc.a(__divsi3.o)
                0x00000000000a2450                __divsi3
 .text          0x00000000000a2480      0x1b0 e:/nxp/bstudio_nxp/sdk/tools/ba-elf-ba2-r36379/bin/../lib/gcc/ba-elf/4.7.4/mcpu_jn51xx_sizeopt\libgcc.a(__umodsi3.o)
                0x00000000000a2480                __umodsi3
 .text          0x00000000000a2630       0x24 e:/nxp/bstudio_nxp/sdk/tools/ba-elf-ba2-r36379/bin/../lib/gcc/ba-elf/4.7.4/mcpu_jn51xx_sizeopt\libgcc.a(__modsi3.o)
                0x00000000000a2630                __modsi3
 .text          0x00000000000a2654       0x52 e:/nxp/bstudio_nxp/sdk/tools/ba-elf-ba2-r36379/bin/../lib/gcc/ba-elf/4.7.4/mcpu_jn51xx_sizeopt\libgcc.a(_muldi3.o)
                0x00000000000a2654                __muldi3
 .text          0x00000000000a26a6      0x350 e:/nxp/bstudio_nxp/sdk/tools/ba-elf-ba2-r36379/bin/../lib/gcc/ba-elf/4.7.4/mcpu_jn51xx_sizeopt\libgcc.a(_udivdi3.o)
                0x00000000000a26a6                __udivdi3
 *fill*         0x00000000000a29f6        0x2 00
 .text          0x00000000000a29f8       0xd0 e:/NXP/Sensor/WL_DoorLock/Build/portasm.o
                0x00000000000a29f8                OSMIUM_HwVectTable
                0x00000000000a2a34                vExternalException
 .text          0x00000000000a2ac8       0x48 e:/NXP/bstudio_nxp/sdk/JN-SW-4170/Components/Library\libPWRM_JN516x.a(pwrm_setjmp_JN516x.o)
                0x00000000000a2ac8                setjmp
                0x00000000000a2aec                PWRM_longjmp
 .text          0x00000000000a2b10        0x0 e:/NXP/bstudio_nxp/sdk/JN-SW-4170/Components/Library\libZPSAPL_JN516x.a(zps_apl_version_lc.o)
                0x00000000000a2b10                ZPS_APL_Version_3v0
 .text          0x00000000000a2b10        0x0 e:/NXP/bstudio_nxp/sdk/JN-SW-4170/Components/Library\libZPSNWK_ZED_JN516x.a(zps_nwk_version_lc.o)
                0x00000000000a2b10                ZPS_NWK_Version_3v0
 .text          0x00000000000a2b10       0x27 e:/NXP/bstudio_nxp/sdk/JN-SW-4170/Components/Library\libHardwareApi_JN5169.a(AHI_Interrupt.o)
                0x00000000000a2b10                vAHI_InterruptSetPriority
                0x00000000000a2b2e                vAHI_InterruptSetActivePriorityLevel
 .text.vMicroSyscall
                0x00000000000a2b37       0x17 e:/NXP/bstudio_nxp/sdk/JN-SW-4170/Components/Library\libMicroSpecific_JN516x.a(MicroSyscall_ba.o)
                0x00000000000a2b37                vMicroSyscall
                0x00000000000a2b4e                _flash_end = ABSOLUTE (.)

.rela.dyn       0x00000000000a2b50        0x0
 .rela.text     0x0000000000000000        0x0 e:/NXP/Sensor/WL_DoorLock/Build/irq_JN516x.o
 .rela.text.PDUM_vInit
                0x0000000000000000        0x0 e:/NXP/Sensor/WL_DoorLock/Build/irq_JN516x.o
 .rela.text.vZdoServersInit
                0x0000000000000000        0x0 e:/NXP/Sensor/WL_DoorLock/Build/irq_JN516x.o
 .rela.text.ZPS_vDefaultKeyInit
                0x0000000000000000        0x0 e:/NXP/Sensor/WL_DoorLock/Build/irq_JN516x.o
 .rela.data.s_sApl
                0x0000000000000000        0x0 e:/NXP/Sensor/WL_DoorLock/Build/irq_JN516x.o
 .rela.rodata.s_asAplZdoServers
                0x0000000000000000        0x0 e:/NXP/Sensor/WL_DoorLock/Build/irq_JN516x.o
 .rela.data     0x0000000000000000        0x0 e:/NXP/Sensor/WL_DoorLock/Build/irq_JN516x.o
 .rela.rodata   0x0000000000000000        0x0 e:/NXP/Sensor/WL_DoorLock/Build/irq_JN516x.o
                0x000000000400004c                . = ORIGIN (ram)

.data           0x000000000400004c      0x5d0 load address 0x00000000000a2b50
                0x000000000400004c                _ram_data_start = ABSOLUTE (.)
 *(.data*)
 .data.s_asapduZCLInstances
                0x000000000400004c       0xb4 e:/NXP/Sensor/WL_DoorLock/Build/pdum_gen.o
                0x000000000400004c                s_asapduZCLInstances
 .data.s_asapduZDPInstances
                0x0000000004000100       0xc0 e:/NXP/Sensor/WL_DoorLock/Build/pdum_gen.o
                0x0000000004000100                s_asapduZDPInstances
 .data.s_asAPduPool
                0x00000000040001c0       0x18 e:/NXP/Sensor/WL_DoorLock/Build/pdum_apdu.o
                0x00000000040001c0                pdum_apduZDP
                0x00000000040001c0                s_asAPduPool
                0x00000000040001cc                pdum_apduZCL
 .data.zps_g_pvApl
                0x00000000040001d8        0x4 e:/NXP/Sensor/WL_DoorLock/Build/zps_gen.o
                0x00000000040001d8                zps_g_pvApl
 .data.u8ZpsConfigStackProfileId
                0x00000000040001dc        0x1 e:/NXP/Sensor/WL_DoorLock/Build/zps_gen.o
                0x00000000040001dc                u8ZpsConfigStackProfileId
 .data.au8EpMapPresent
                0x00000000040001dd        0x1 e:/NXP/Sensor/WL_DoorLock/Build/zps_gen.o
                0x00000000040001dd                au8EpMapPresent
 .data.u8MaxZpsConfigEp
                0x00000000040001de        0x1 e:/NXP/Sensor/WL_DoorLock/Build/zps_gen.o
                0x00000000040001de                u8MaxZpsConfigEp
 *fill*         0x00000000040001df        0x1 00
 .data.s_keyPairTableStorage
                0x00000000040001e0       0x48 e:/NXP/Sensor/WL_DoorLock/Build/zps_gen.o
 .data.s_sApl   0x0000000004000228      0x150 e:/NXP/Sensor/WL_DoorLock/Build/zps_gen.o
 .data.s_sAplAib
                0x0000000004000378       0x38 e:/NXP/Sensor/WL_DoorLock/Build/zps_gen.o
 .data.s_sNodeDescriptor
                0x00000000040003b0       0x10 e:/NXP/Sensor/WL_DoorLock/Build/zps_gen.o
 .data.s_asSimpleDescConts
                0x00000000040003c0       0x40 e:/NXP/Sensor/WL_DoorLock/Build/zps_gen.o
 .data.s_sApsDuplicateTable
                0x0000000004000400       0x10 e:/NXP/Sensor/WL_DoorLock/Build/zps_gen.o
 .data.s_sApsmeCmdContainer_1
                0x0000000004000410       0x38 e:/NXP/Sensor/WL_DoorLock/Build/zps_gen.o
 .data.s_bindingTables
                0x0000000004000448        0x8 e:/NXP/Sensor/WL_DoorLock/Build/zps_gen.o
 .data.s_keyPairTable
                0x0000000004000450        0x8 e:/NXP/Sensor/WL_DoorLock/Build/zps_gen.o
 .data.s_au8Endpoint1InputClusterDiscFlags
                0x0000000004000458        0x1 e:/NXP/Sensor/WL_DoorLock/Build/zps_gen.o
 .data.s_au8Endpoint1OutputClusterDiscFlags
                0x0000000004000459        0x1 e:/NXP/Sensor/WL_DoorLock/Build/zps_gen.o
 *fill*         0x000000000400045a        0x2 00
 .data.s_sApsmeCmdContainer_2
                0x000000000400045c       0x38 e:/NXP/Sensor/WL_DoorLock/Build/zps_gen.o
 *fill*         0x0000000004000494        0x4 00
 .data.s_bindingTable
                0x0000000004000498       0x10 e:/NXP/Sensor/WL_DoorLock/Build/zps_gen.o
 .data.s_sApsmeCmdContainer_3
                0x00000000040004a8       0x38 e:/NXP/Sensor/WL_DoorLock/Build/zps_gen.o
 .data          0x00000000040004e0       0x18 C:\Users\ADMINI~1\AppData\Local\Temp\ccuL4uDM.ltrans0.ltrans.o
                0x00000000040004e0                u8AhiBaudRate.176963
 .data          0x00000000040004f8        0x4 C:\Users\ADMINI~1\AppData\Local\Temp\ccuL4uDM.ltrans1.ltrans.o
                0x00000000040004f8                u32HeapStart
 .data          0x00000000040004fc        0x4 C:\Users\ADMINI~1\AppData\Local\Temp\ccuL4uDM.ltrans3.ltrans.o
 .data          0x0000000004000500        0x8 C:\Users\ADMINI~1\AppData\Local\Temp\ccuL4uDM.ltrans4.ltrans.o
                0x0000000004000500                u32CmdCountID.9234
 .data          0x0000000004000508        0x4 C:\Users\ADMINI~1\AppData\Local\Temp\ccuL4uDM.ltrans5.ltrans.o
                0x0000000004000508                bCanLoopback.112509
 .data          0x000000000400050c        0x6 C:\Users\ADMINI~1\AppData\Local\Temp\ccuL4uDM.ltrans8.ltrans.o
 .data          0x0000000004000512        0x2 C:\Users\ADMINI~1\AppData\Local\Temp\ccuL4uDM.ltrans15.ltrans.o
 .data          0x0000000004000514       0x40 C:\Users\ADMINI~1\AppData\Local\Temp\ccuL4uDM.ltrans17.ltrans.o
                0x0000000004000514                u32PreviousDioState.8630
                0x0000000004000518                u8MiniMacConfig_MaxConcurrentAssocResponses
                0x000000000400051c                u32OTAQueryTimeinSec.10306
                0x0000000004000520                u8OTAStartMachine
 .data          0x0000000004000554        0x4 C:\Users\ADMINI~1\AppData\Local\Temp\ccuL4uDM.ltrans18.ltrans.o
                0x0000000004000554                bReadWriteAttrFlg
 .data          0x0000000004000558        0x1 C:\Users\ADMINI~1\AppData\Local\Temp\ccuL4uDM.ltrans23.ltrans.o
 *fill*         0x0000000004000559        0x3 00
 .data          0x000000000400055c       0xbc C:\Users\ADMINI~1\AppData\Local\Temp\ccuL4uDM.ltrans27.ltrans.o
 .data          0x0000000004000618        0x1 C:\Users\ADMINI~1\AppData\Local\Temp\ccuL4uDM.ltrans31.ltrans.o
 *(.data.*)
                0x000000000400061c                . = ALIGN (0x4)
 *fill*         0x0000000004000619        0x3 00
                0x000000000400061c                _ram_data_end = ABSOLUTE (.)

.bss            0x000000000400061c     0x44b0 load address 0x00000000000a3120
                0x000000000400061c                _bss_start = ABSOLUTE (.)
 *(.bss*)
 .bss.s_asNPduPool
                0x000000000400061c      0xc00 e:/NXP/Sensor/WL_DoorLock/Build/pdum_gen.o
 .bss.s_au8apduZCLInstance0Storage
                0x000000000400121c       0x64 e:/NXP/Sensor/WL_DoorLock/Build/pdum_gen.o
 .bss.s_au8apduZCLInstance1Storage
                0x0000000004001280       0x64 e:/NXP/Sensor/WL_DoorLock/Build/pdum_gen.o
 .bss.s_au8apduZCLInstance2Storage
                0x00000000040012e4       0x64 e:/NXP/Sensor/WL_DoorLock/Build/pdum_gen.o
 .bss.s_au8apduZCLInstance3Storage
                0x0000000004001348       0x64 e:/NXP/Sensor/WL_DoorLock/Build/pdum_gen.o
 .bss.s_au8apduZCLInstance4Storage
                0x00000000040013ac       0x64 e:/NXP/Sensor/WL_DoorLock/Build/pdum_gen.o
 .bss.s_au8apduZCLInstance5Storage
                0x0000000004001410       0x64 e:/NXP/Sensor/WL_DoorLock/Build/pdum_gen.o
 .bss.s_au8apduZCLInstance6Storage
                0x0000000004001474       0x64 e:/NXP/Sensor/WL_DoorLock/Build/pdum_gen.o
 .bss.s_au8apduZCLInstance7Storage
                0x00000000040014d8       0x64 e:/NXP/Sensor/WL_DoorLock/Build/pdum_gen.o
 .bss.s_au8apduZCLInstance8Storage
                0x000000000400153c       0x64 e:/NXP/Sensor/WL_DoorLock/Build/pdum_gen.o
 .bss.s_au8apduZCLInstance9Storage
                0x00000000040015a0       0x64 e:/NXP/Sensor/WL_DoorLock/Build/pdum_gen.o
 .bss.s_au8apduZCLInstance10Storage
                0x0000000004001604       0x64 e:/NXP/Sensor/WL_DoorLock/Build/pdum_gen.o
 .bss.s_au8apduZCLInstance11Storage
                0x0000000004001668       0x64 e:/NXP/Sensor/WL_DoorLock/Build/pdum_gen.o